
[1m[46m RUN [49m[22m [36mv4.0.16 [39m[90mC:/Users/Admin/Desktop/Talina/Servio.AI[39m

node.exe : [90mstderr[2m | tests/components/FindProvidersPage.smoke.test.tsx[2m > 
[22m[2mFindProvidersPage smoke[2m > [22m[2mrenderiza e permite buscar com IA
No linha:1 caractere:1
+ & "C:\Program Files\nodejs/node.exe" "C:\Program Files\nodejs/node_mo ...
+ ~~~~~~~~~~~~~~~~~~~~~~~~~~~~~~~~~~~~~~~~~~~~~~~~~~~~~~~~~~~~~~~~~~~~~
    + CategoryInfo          : NotSpecified: ([90mstderr[2m...e buscar com IA:String) [], 
    RemoteException
    + FullyQualifiedErrorId : NativeCommandError
 
[22m[39mThe above error occurred in the <FindProvidersPage> component:

    at FindProvidersPage 
(C:/Users/Admin/Desktop/Talina/Servio.AI/components/FindProvidersPage.tsx:9:3)

Consider adding an error boundary to your tree to customize error handling behavior.
Visit https://reactjs.org/link/error-boundaries to learn more about error boundaries.

[90mstderr[2m | tests/hooks/useAIRecommendations.test.ts[2m > 
[22m[2museAIRecommendations Hook[2m > [22m[2mshould handle fetch error
[22m[39mError fetching AI recommendations: Error: Network error
    at 
C:/Users/Admin/Desktop/Talina/Servio.AI/tests/hooks/useAIRecommendations.test.ts:67:49
    at [90mfile:///C:/Users/Admin/Desktop/Talina/Servio.AI/[39mnode_modules/[4m@vitest/r
unner[24m/dist/index.js:145:11
    at [90mfile:///C:/Users/Admin/Desktop/Talina/Servio.AI/[39mnode_modules/[4m@vitest/r
unner[24m/dist/index.js:915:26
    at [90mfile:///C:/Users/Admin/Desktop/Talina/Servio.AI/[39mnode_modules/[4m@vitest/r
unner[24m/dist/index.js:1243:20
    at new Promise (<anonymous>)
    at runWithTimeout [90m(file:///C:/Users/Admin/Desktop/Talina/Servio.AI/[39mnode_modul
es/[4m@vitest/runner[24m/dist/index.js:1209:10[90m)[39m
    at [90mfile:///C:/Users/Admin/Desktop/Talina/Servio.AI/[39mnode_modules/[4m@vitest/r
unner[24m/dist/index.js:1653:37
    at Traces.$ [90m(file:///C:/Users/Admin/Desktop/Talina/Servio.AI/[39mnode_modules/[4
mvitest[24m/dist/chunks/traces.U4xDYhzZ.js:115:27[90m)[39m
    at trace [90m(file:///C:/Users/Admin/Desktop/Talina/Servio.AI/[39mnode_modules/[4mvi
test[24m/dist/chunks/test.B8ej_ZHS.js:239:21[90m)[39m
    at runTest [90m(file:///C:/Users/Admin/Desktop/Talina/Servio.AI/[39mnode_modules/[4m
@vitest/runner[24m/dist/index.js:1653:12[90m)[39m

[90mstderr[2m | tests/hooks/useAIRecommendations.test.ts[2m > 
[22m[2museAIRecommendations Hook[2m > [22m[2mshould handle 404 response
[22m[39mError fetching AI recommendations: Error: Failed to fetch recommendations: Not 
Found
    at C:/Users/Admin/Desktop/Talina/Servio.AI/src/hooks/useAIRecommendations.ts:81:15

 [31mΓ¥»[39m tests/components/FindProvidersPage.smoke.test.tsx [2m([22m[2m1 test[22m[2m | [22m[31m1 failed[39m[2m)[22m[32m 90[2mms[22m[39m
[31m     [31m├ù[31m renderiza e permite buscar com IA[39m[32m 86[2mms[22m[39m
[90mstderr[2m | tests/hooks/useAIRecommendations.test.ts[2m > 
[22m[2museAIRecommendations Hook[2m > [22m[2mshould allow manual refetch
[22m[39mWarning: An update to TestComponent inside a test was not wrapped in act(...).

When testing, code that causes React state updates should be wrapped into act(...):

act(() => {
  /* fire events that update state */
});
/* assert on the output */

This ensures that you're testing the behavior the user would see in the browser. Learn 
more at https://reactjs.org/link/wrap-tests-with-act
    at TestComponent (C:\Users\Admin\Desktop\Talina\Servio.AI\node_modules\@testing-library
\react\dist\pure.js:328:5)
Warning: An update to TestComponent inside a test was not wrapped in act(...).

When testing, code that causes React state updates should be wrapped into act(...):

act(() => {
  /* fire events that update state */
});
/* assert on the output */

This ensures that you're testing the behavior the user would see in the browser. Learn 
more at https://reactjs.org/link/wrap-tests-with-act
    at TestComponent (C:\Users\Admin\Desktop\Talina\Servio.AI\node_modules\@testing-library
\react\dist\pure.js:328:5)

[90mstderr[2m | tests/CheckoutFlow.test.tsx[2m > [22m[2mCheckoutFlow[2m > 
[22m[2mStep 1 - Cart Review[2m > [22m[2mdeve renderizar o carrinho com items
[22m[39mΓÜá∩╕Å React Router Future Flag Warning: React Router will begin wrapping state 
updates in `React.startTransition` in v7. You can use the `v7_startTransition` future flag 
to opt-in early. For more information, see 
https://reactrouter.com/v6/upgrading/future#v7_starttransition.
ΓÜá∩╕Å React Router Future Flag Warning: Relative route resolution within Splat routes is 
changing in v7. You can use the `v7_relativeSplatPath` future flag to opt-in early. For 
more information, see https://reactrouter.com/v6/upgrading/future#v7_relativesplatpath.

 [32mΓ£ô[39m tests/hooks/useAIRecommendations.test.ts [2m([22m[2m13 tests[22m[2m)[22m[33m 692[2mms[22m[39m
[90mstderr[2m | tests/ClientDashboard.scheduleAndChat.test.tsx
[22m[39mΓòÉΓòÉΓòÉΓòÉΓòÉΓòÉΓòÉΓòÉΓòÉΓòÉΓòÉΓòÉΓòÉΓòÉΓòÉΓòÉΓòÉΓòÉΓòÉΓòÉΓòÉΓòÉΓòÉΓòÉΓòÉΓòÉΓòÉ
ΓòÉΓòÉΓòÉΓòÉΓòÉΓòÉΓòÉΓòÉΓòÉΓòÉΓòÉΓòÉΓòÉΓòÉΓòÉΓòÉΓòÉΓòÉΓòÉΓòÉΓòÉΓòÉΓòÉΓòÉΓòÉΓòÉΓòÉΓòÉ
≡ƒöº API SERVICE INICIADO - VERS├âO 2026-01-09
ΓòÉΓòÉΓòÉΓòÉΓòÉΓòÉΓòÉΓòÉΓòÉΓòÉΓòÉΓòÉΓòÉΓòÉΓòÉΓòÉΓòÉΓòÉΓòÉΓòÉΓòÉΓòÉΓòÉΓòÉΓòÉΓòÉΓòÉΓòÉΓòÉΓòÉΓ
òÉΓòÉΓòÉΓòÉΓòÉΓòÉΓòÉΓòÉΓòÉΓòÉΓòÉΓòÉΓòÉΓòÉΓòÉΓòÉΓòÉΓòÉΓòÉΓòÉΓòÉΓòÉΓòÉΓòÉΓòÉ
≡ƒôï STAGING_MODE: true
≡ƒôï Project ID: servioai-staging
≡ƒôï Backend URL: https://us-central1-servioai-staging.cloudfunctions.net
≡ƒôï Use Mock: false
ΓòÉΓòÉΓòÉΓòÉΓòÉΓòÉΓòÉΓòÉΓòÉΓòÉΓòÉΓòÉΓòÉΓòÉΓòÉΓòÉΓòÉΓòÉΓòÉΓòÉΓòÉΓòÉΓòÉΓòÉΓòÉΓòÉΓòÉΓòÉΓòÉΓòÉΓ
òÉΓòÉΓòÉΓòÉΓòÉΓòÉΓòÉΓòÉΓòÉΓòÉΓòÉΓòÉΓòÉΓòÉΓòÉΓòÉΓòÉΓòÉΓòÉΓòÉΓòÉΓòÉΓòÉΓòÉΓòÉ
Γ£à STAGING MODE ATIVO - Backend DESABILITADO!
Γ£à Todas as opera├º├╡es de usu├írio usam Firestore direto!

[90mstderr[2m | tests/ClientDashboard.test.tsx
[22m[39mΓòÉΓòÉΓòÉΓòÉΓòÉΓòÉΓòÉΓòÉΓòÉΓòÉΓòÉΓòÉΓòÉΓòÉΓòÉΓòÉΓòÉΓòÉΓòÉΓòÉΓòÉΓòÉΓòÉΓòÉΓòÉΓòÉΓòÉ
ΓòÉΓòÉΓòÉΓòÉΓòÉΓòÉΓòÉΓòÉΓòÉΓòÉΓòÉΓòÉΓòÉΓòÉΓòÉΓòÉΓòÉΓòÉΓòÉΓòÉΓòÉΓòÉΓòÉΓòÉΓòÉΓòÉΓòÉΓòÉ
≡ƒöº API SERVICE INICIADO - VERS├âO 2026-01-09
ΓòÉΓòÉΓòÉΓòÉΓòÉΓòÉΓòÉΓòÉΓòÉΓòÉΓòÉΓòÉΓòÉΓòÉΓòÉΓòÉΓòÉΓòÉΓòÉΓòÉΓòÉΓòÉΓòÉΓòÉΓòÉΓòÉΓòÉΓòÉΓòÉΓòÉΓ
òÉΓòÉΓòÉΓòÉΓòÉΓòÉΓòÉΓòÉΓòÉΓòÉΓòÉΓòÉΓòÉΓòÉΓòÉΓòÉΓòÉΓòÉΓòÉΓòÉΓòÉΓòÉΓòÉΓòÉΓòÉ
≡ƒôï STAGING_MODE: true
≡ƒôï Project ID: servioai-staging
≡ƒôï Backend URL: https://us-central1-servioai-staging.cloudfunctions.net
≡ƒôï Use Mock: false
ΓòÉΓòÉΓòÉΓòÉΓòÉΓòÉΓòÉΓòÉΓòÉΓòÉΓòÉΓòÉΓòÉΓòÉΓòÉΓòÉΓòÉΓòÉΓòÉΓòÉΓòÉΓòÉΓòÉΓòÉΓòÉΓòÉΓòÉΓòÉΓòÉΓòÉΓ
òÉΓòÉΓòÉΓòÉΓòÉΓòÉΓòÉΓòÉΓòÉΓòÉΓòÉΓòÉΓòÉΓòÉΓòÉΓòÉΓòÉΓòÉΓòÉΓòÉΓòÉΓòÉΓòÉΓòÉΓòÉ
Γ£à STAGING MODE ATIVO - Backend DESABILITADO!
Γ£à Todas as opera├º├╡es de usu├írio usam Firestore direto!

[90mstderr[2m | tests/App.test.tsx[2m > [22m[2mApp Component[2m > [22m[2mshould 
render the App component
[22m[39mΓÜá∩╕Å React Router Future Flag Warning: React Router will begin wrapping state 
updates in `React.startTransition` in v7. You can use the `v7_startTransition` future flag 
to opt-in early. For more information, see 
https://reactrouter.com/v6/upgrading/future#v7_starttransition.
ΓÜá∩╕Å React Router Future Flag Warning: Relative route resolution within Splat routes is 
changing in v7. You can use the `v7_relativeSplatPath` future flag to opt-in early. For 
more information, see https://reactrouter.com/v6/upgrading/future#v7_relativesplatpath.

[90mstdout[2m | tests/import_debug.test.ts[2m > [22m[2mImport Debug[2m > [22m[2mshould import ReferralLinkGenerator
[22m[39mXXX DEBUG: firebaseConfig loading
XXX DEBUG: import.meta.env.MODE: test

[90mstderr[2m | tests/import_debug.test.ts[2m > [22m[2mImport Debug[2m > 
[22m[2mshould import ReferralLinkGenerator
[22m[39m[firebase] Usando mocks porque a configura├º├úo est├í ausente ou desativada.

[90mstdout[2m | tests/import_debug.test.ts[2m > [22m[2mImport Debug[2m > [22m[2mshould import ReferralLinkGenerator
[22m[39mReferralLinkGenerator imported

[90mstdout[2m | tests/week3/ProspectorDashboard.expansion.test.tsx
[22m[39mXXX DEBUG: firebaseConfig loading
XXX DEBUG: import.meta.env.MODE: test

[90mstderr[2m | tests/week3/ProspectorDashboard.expansion.test.tsx
[22m[39m[firebase] Usando mocks porque a configura├º├úo est├í ausente ou desativada.

[90mstdout[2m | tests/ChatModal.test.tsx
[22m[39mXXX DEBUG: firebaseConfig loading
XXX DEBUG: import.meta.env.MODE: test

[90mstdout[2m | tests/import_debug.test.ts[2m > [22m[2mImport Debug[2m > [22m[2mshould import NotificationSettings
[22m[39mNotificationSettings imported

[90mstderr[2m | tests/ChatModal.test.tsx
[22m[39m[firebase] Usando mocks porque a configura├º├úo est├í ausente ou desativada.

[90mstdout[2m | tests/import_debug.test.ts[2m > [22m[2mImport Debug[2m > [22m[2mshould import ProspectorMaterials
[22m[39mProspectorMaterials imported

[90mstderr[2m | tests/App.test.tsx[2m > [22m[2mApp Component[2m > [22m[2mshould 
handle successful authentication
[22m[39m[APP] handleAuthSuccess iniciado para: test@example.com tipo: cliente
[APP] Buscando usu├írio no Firestore...

[90mstderr[2m | tests/App.test.tsx[2m > [22m[2mApp Component[2m > [22m[2mshould 
handle successful authentication
[22m[39m[APP] Resultado fetchUserById: Usu├írio n├úo existe
[APP] Criando novo usu├írio...
[APP] Payload do novo usu├írio: {
  email: [32m'test@example.com'[39m,
  name: [32m'test'[39m,
  type: [32m'cliente'[39m,
  bio: [32m''[39m,
  location: [32m'S├úo Paulo, SP'[39m,
  status: [32m'ativo'[39m,
  verificationStatus: [90mundefined[39m
}

[90mstderr[2m | tests/App.test.tsx[2m > [22m[2mApp Component[2m > [22m[2mshould 
handle successful authentication
[22m[39m[APP] Usu├írio criado com sucesso: {
  email: [32m'test@example.com'[39m,
  name: [32m'Test User'[39m,
  type: [32m'cliente'[39m,
  status: [32m'ativo'[39m
}
[APP] Definindo currentUser: test@example.com
[APP] Login conclu├¡do com sucesso!

[90mstdout[2m | tests/import_debug.test.ts[2m > [22m[2mImport Debug[2m > [22m[2mshould import QuickActionsBar
[22m[39mQuickActionsBar imported

[90mstderr[2m | tests/App.test.tsx[2m > [22m[2mApp Component[2m > [22m[2mshould 
parse URL parameters for profile view
[22m[39mThe above error occurred in the <Routes> component:

    at Routes (C:\Users\Admin\Desktop\Talina\Servio.AI\node_modules\react-router\dist\umd\r
eact-router.development.js:1273:7)
    at Suspense
    at div
    at default (C:/Users/Admin/Desktop/Talina/Servio.AI/tests/App.test.tsx:98:15)
    at div
    at main
    at div
    at Router (C:\Users\Admin\Desktop\Talina\Servio.AI\node_modules\react-router\dist\umd\r
eact-router.development.js:1207:17)
    at BrowserRouter (C:\Users\Admin\Desktop\Talina\Servio.AI\node_modules\react-router-dom
\dist\umd\react-router-dom.development.js:695:7)
    at div
    at ToastProvider (C:/Users/Admin/Desktop/Talina/Servio.AI/tests/App.test.tsx:105:21)
    at App (C:/Users/Admin/Desktop/Talina/Servio.AI/App.tsx:70:75)

Consider adding an error boundary to your tree to customize error handling behavior.
Visit https://reactjs.org/link/error-boundaries to learn more about error boundaries.

 [32mΓ£ô[39m tests/import_debug.test.ts [2m([22m[2m4 tests[22m[2m)[22m[33m 1220[2mms[22m[39m
     [33m[2mΓ£ô[22m[39m should import ReferralLinkGenerator [33m 1133[2mms[22m[39m
[90mstderr[2m | tests/App.test.tsx[2m > [22m[2mApp Component[2m > [22m[2mshould 
parse URL parameters for service landing
[22m[39mThe above error occurred in the <Routes> component:

    at Routes (C:\Users\Admin\Desktop\Talina\Servio.AI\node_modules\react-router\dist\umd\r
eact-router.development.js:1273:7)
    at Suspense
    at div
    at default (C:/Users/Admin/Desktop/Talina/Servio.AI/tests/App.test.tsx:98:15)
    at div
    at main
    at div
    at Router (C:\Users\Admin\Desktop\Talina\Servio.AI\node_modules\react-router\dist\umd\r
eact-router.development.js:1207:17)
    at BrowserRouter (C:\Users\Admin\Desktop\Talina\Servio.AI\node_modules\react-router-dom
\dist\umd\react-router-dom.development.js:695:7)
    at div
    at ToastProvider (C:/Users/Admin/Desktop/Talina/Servio.AI/tests/App.test.tsx:105:21)
    at App (C:/Users/Admin/Desktop/Talina/Servio.AI/App.tsx:70:75)

Consider adding an error boundary to your tree to customize error handling behavior.
Visit https://reactjs.org/link/error-boundaries to learn more about error boundaries.

[90mstderr[2m | tests/App.test.tsx[2m > [22m[2mApp Component[2m > [22m[2mshould 
handle chunk loading errors gracefully
[22m[39mThe above error occurred in the <Routes> component:

    at Routes (C:\Users\Admin\Desktop\Talina\Servio.AI\node_modules\react-router\dist\umd\r
eact-router.development.js:1273:7)
    at Suspense
    at div
    at default (C:/Users/Admin/Desktop/Talina/Servio.AI/tests/App.test.tsx:98:15)
    at div
    at main
    at div
    at Router (C:\Users\Admin\Desktop\Talina\Servio.AI\node_modules\react-router\dist\umd\r
eact-router.development.js:1207:17)
    at BrowserRouter (C:\Users\Admin\Desktop\Talina\Servio.AI\node_modules\react-router-dom
\dist\umd\react-router-dom.development.js:695:7)
    at div
    at ToastProvider (C:/Users/Admin/Desktop/Talina/Servio.AI/tests/App.test.tsx:105:21)
    at App (C:/Users/Admin/Desktop/Talina/Servio.AI/App.tsx:70:75)

Consider adding an error boundary to your tree to customize error handling behavior.
Visit https://reactjs.org/link/error-boundaries to learn more about error boundaries.

[90mstderr[2m | tests/App.test.tsx[2m > [22m[2mApp Component[2m > [22m[2mshould 
handle error events from chunk loading
[22m[39mThe above error occurred in the <Routes> component:

    at Routes (C:\Users\Admin\Desktop\Talina\Servio.AI\node_modules\react-router\dist\umd\r
eact-router.development.js:1273:7)
    at Suspense
    at div
    at default (C:/Users/Admin/Desktop/Talina/Servio.AI/tests/App.test.tsx:98:15)
    at div
    at main
    at div
    at Router (C:\Users\Admin\Desktop\Talina\Servio.AI\node_modules\react-router\dist\umd\r
eact-router.development.js:1207:17)
    at BrowserRouter (C:\Users\Admin\Desktop\Talina\Servio.AI\node_modules\react-router-dom
\dist\umd\react-router-dom.development.js:695:7)
    at div
    at ToastProvider (C:/Users/Admin/Desktop/Talina/Servio.AI/tests/App.test.tsx:105:21)
    at App (C:/Users/Admin/Desktop/Talina/Servio.AI/App.tsx:70:75)

Consider adding an error boundary to your tree to customize error handling behavior.
Visit https://reactjs.org/link/error-boundaries to learn more about error boundaries.

[90mstderr[2m | tests/App.test.tsx[2m > [22m[2mApp Component[2m > [22m[2mshould 
prevent multiple reloads for chunk errors
[22m[39mThe above error occurred in the <Routes> component:

    at Routes (C:\Users\Admin\Desktop\Talina\Servio.AI\node_modules\react-router\dist\umd\r
eact-router.development.js:1273:7)
    at Suspense
    at div
    at default (C:/Users/Admin/Desktop/Talina/Servio.AI/tests/App.test.tsx:98:15)
    at div
    at main
    at div
    at Router (C:\Users\Admin\Desktop\Talina\Servio.AI\node_modules\react-router\dist\umd\r
eact-router.development.js:1207:17)
    at BrowserRouter (C:\Users\Admin\Desktop\Talina\Servio.AI\node_modules\react-router-dom
\dist\umd\react-router-dom.development.js:695:7)
    at div
    at ToastProvider (C:/Users/Admin/Desktop/Talina/Servio.AI/tests/App.test.tsx:105:21)
    at App (C:/Users/Admin/Desktop/Talina/Servio.AI/App.tsx:70:75)

Consider adding an error boundary to your tree to customize error handling behavior.
Visit https://reactjs.org/link/error-boundaries to learn more about error boundaries.

[90mstderr[2m | tests/App.test.tsx[2m > [22m[2mApp Component[2m > [22m[2mshould 
clean up error listeners on unmount
[22m[39mThe above error occurred in the <Routes> component:

    at Routes (C:\Users\Admin\Desktop\Talina\Servio.AI\node_modules\react-router\dist\umd\r
eact-router.development.js:1273:7)
    at Suspense
    at div
    at default (C:/Users/Admin/Desktop/Talina/Servio.AI/tests/App.test.tsx:98:15)
    at div
    at main
    at div
    at Router (C:\Users\Admin\Desktop\Talina\Servio.AI\node_modules\react-router\dist\umd\r
eact-router.development.js:1207:17)
    at BrowserRouter (C:\Users\Admin\Desktop\Talina\Servio.AI\node_modules\react-router-dom
\dist\umd\react-router-dom.development.js:695:7)
    at div
    at ToastProvider (C:/Users/Admin/Desktop/Talina/Servio.AI/tests/App.test.tsx:105:21)
    at App (C:/Users/Admin/Desktop/Talina/Servio.AI/App.tsx:70:75)

Consider adding an error boundary to your tree to customize error handling behavior.
Visit https://reactjs.org/link/error-boundaries to learn more about error boundaries.

[90mstderr[2m | tests/App.test.tsx[2m > [22m[2mApp Component[2m > [22m[2mshould 
fetch all users and jobs for find-providers view
[22m[39mThe above error occurred in the <Routes> component:

    at Routes (C:\Users\Admin\Desktop\Talina\Servio.AI\node_modules\react-router\dist\umd\r
eact-router.development.js:1273:7)
    at Suspense
    at div
    at default (C:/Users/Admin/Desktop/Talina/Servio.AI/tests/App.test.tsx:98:15)
    at div
    at main
    at div
    at Router (C:\Users\Admin\Desktop\Talina\Servio.AI\node_modules\react-router\dist\umd\r
eact-router.development.js:1207:17)
    at BrowserRouter (C:\Users\Admin\Desktop\Talina\Servio.AI\node_modules\react-router-dom
\dist\umd\react-router-dom.development.js:695:7)
    at div
    at ToastProvider (C:/Users/Admin/Desktop/Talina/Servio.AI/tests/App.test.tsx:105:21)
    at App (C:/Users/Admin/Desktop/Talina/Servio.AI/App.tsx:70:75)

Consider adding an error boundary to your tree to customize error handling behavior.
Visit https://reactjs.org/link/error-boundaries to learn more about error boundaries.

[90mstderr[2m | tests/App.test.tsx[2m > [22m[2mApp Component[2m > [22m[2mshould 
handle view navigation
[22m[39mThe above error occurred in the <Routes> component:

    at Routes (C:\Users\Admin\Desktop\Talina\Servio.AI\node_modules\react-router\dist\umd\r
eact-router.development.js:1273:7)
    at Suspense
    at div
    at default (C:/Users/Admin/Desktop/Talina/Servio.AI/tests/App.test.tsx:98:15)
    at div
    at main
    at div
    at Router (C:\Users\Admin\Desktop\Talina\Servio.AI\node_modules\react-router\dist\umd\r
eact-router.development.js:1207:17)
    at BrowserRouter (C:\Users\Admin\Desktop\Talina\Servio.AI\node_modules\react-router-dom
\dist\umd\react-router-dom.development.js:695:7)
    at div
    at ToastProvider (C:/Users/Admin/Desktop/Talina/Servio.AI/tests/App.test.tsx:105:21)
    at App (C:/Users/Admin/Desktop/Talina/Servio.AI/App.tsx:70:75)

Consider adding an error boundary to your tree to customize error handling behavior.
Visit https://reactjs.org/link/error-boundaries to learn more about error boundaries.

[90mstderr[2m | tests/App.test.tsx[2m > [22m[2mApp Component[2m > [22m[2mshould 
render Header with proper props
[22m[39mThe above error occurred in the <Routes> component:

    at Routes (C:\Users\Admin\Desktop\Talina\Servio.AI\node_modules\react-router\dist\umd\r
eact-router.development.js:1273:7)
    at Suspense
    at div
    at default (C:/Users/Admin/Desktop/Talina/Servio.AI/tests/App.test.tsx:98:15)
    at div
    at main
    at div
    at Router (C:\Users\Admin\Desktop\Talina\Servio.AI\node_modules\react-router\dist\umd\r
eact-router.development.js:1207:17)
    at BrowserRouter (C:\Users\Admin\Desktop\Talina\Servio.AI\node_modules\react-router-dom
\dist\umd\react-router-dom.development.js:695:7)
    at div
    at ToastProvider (C:/Users/Admin/Desktop/Talina/Servio.AI/tests/App.test.tsx:105:21)
    at App (C:/Users/Admin/Desktop/Talina/Servio.AI/App.tsx:70:75)

Consider adding an error boundary to your tree to customize error handling behavior.
Visit https://reactjs.org/link/error-boundaries to learn more about error boundaries.

[90mstderr[2m | tests/App.test.tsx[2m > [22m[2mApp Component[2m > [22m[2mshould 
initialize with no current user
[22m[39mThe above error occurred in the <Routes> component:

    at Routes (C:\Users\Admin\Desktop\Talina\Servio.AI\node_modules\react-router\dist\umd\r
eact-router.development.js:1273:7)
    at Suspense
    at div
    at default (C:/Users/Admin/Desktop/Talina/Servio.AI/tests/App.test.tsx:98:15)
    at div
    at main
    at div
    at Router (C:\Users\Admin\Desktop\Talina\Servio.AI\node_modules\react-router\dist\umd\r
eact-router.development.js:1207:17)
    at BrowserRouter (C:\Users\Admin\Desktop\Talina\Servio.AI\node_modules\react-router-dom
\dist\umd\react-router-dom.development.js:695:7)
    at div
    at ToastProvider (C:/Users/Admin/Desktop/Talina/Servio.AI/tests/App.test.tsx:105:21)
    at App (C:/Users/Admin/Desktop/Talina/Servio.AI/App.tsx:70:75)

Consider adding an error boundary to your tree to customize error handling behavior.
Visit https://reactjs.org/link/error-boundaries to learn more about error boundaries.

[90mstderr[2m | tests/App.test.tsx[2m > [22m[2mApp Component[2m > [22m[2mshould 
maintain maintained items state
[22m[39mThe above error occurred in the <Routes> component:

    at Routes (C:\Users\Admin\Desktop\Talina\Servio.AI\node_modules\react-router\dist\umd\r
eact-router.development.js:1273:7)
    at Suspense
    at div
    at default (C:/Users/Admin/Desktop/Talina/Servio.AI/tests/App.test.tsx:98:15)
    at div
    at main
    at div
    at Router (C:\Users\Admin\Desktop\Talina\Servio.AI\node_modules\react-router\dist\umd\r
eact-router.development.js:1207:17)
    at BrowserRouter (C:\Users\Admin\Desktop\Talina\Servio.AI\node_modules\react-router-dom
\dist\umd\react-router-dom.development.js:695:7)
    at div
    at ToastProvider (C:/Users/Admin/Desktop/Talina/Servio.AI/tests/App.test.tsx:105:21)
    at App (C:/Users/Admin/Desktop/Talina/Servio.AI/App.tsx:70:75)

Consider adding an error boundary to your tree to customize error handling behavior.
Visit https://reactjs.org/link/error-boundaries to learn more about error boundaries.

[90mstderr[2m | tests/App.test.tsx[2m > [22m[2mApp Component[2m > [22m[2mshould 
maintain all notifications state
[22m[39mThe above error occurred in the <Routes> component:

    at Routes (C:\Users\Admin\Desktop\Talina\Servio.AI\node_modules\react-router\dist\umd\r
eact-router.development.js:1273:7)
    at Suspense
    at div
    at default (C:/Users/Admin/Desktop/Talina/Servio.AI/tests/App.test.tsx:98:15)
    at div
    at main
    at div
    at Router (C:\Users\Admin\Desktop\Talina\Servio.AI\node_modules\react-router\dist\umd\r
eact-router.development.js:1207:17)
    at BrowserRouter (C:\Users\Admin\Desktop\Talina\Servio.AI\node_modules\react-router-dom
\dist\umd\react-router-dom.development.js:695:7)
    at div
    at ToastProvider (C:/Users/Admin/Desktop/Talina/Servio.AI/tests/App.test.tsx:105:21)
    at App (C:/Users/Admin/Desktop/Talina/Servio.AI/App.tsx:70:75)

Consider adding an error boundary to your tree to customize error handling behavior.
Visit https://reactjs.org/link/error-boundaries to learn more about error boundaries.

[90mstderr[2m | tests/App.test.tsx[2m > [22m[2mApp Component[2m > [22m[2mshould 
manage job data to create state
[22m[39mThe above error occurred in the <Routes> component:

    at Routes (C:\Users\Admin\Desktop\Talina\Servio.AI\node_modules\react-router\dist\umd\r
eact-router.development.js:1273:7)
    at Suspense
    at div
    at default (C:/Users/Admin/Desktop/Talina/Servio.AI/tests/App.test.tsx:98:15)
    at div
    at main
    at div
    at Router (C:\Users\Admin\Desktop\Talina\Servio.AI\node_modules\react-router\dist\umd\r
eact-router.development.js:1207:17)
    at BrowserRouter (C:\Users\Admin\Desktop\Talina\Servio.AI\node_modules\react-router-dom
\dist\umd\react-router-dom.development.js:695:7)
    at div
    at ToastProvider (C:/Users/Admin/Desktop/Talina/Servio.AI/tests/App.test.tsx:105:21)
    at App (C:/Users/Admin/Desktop/Talina/Servio.AI/App.tsx:70:75)

Consider adding an error boundary to your tree to customize error handling behavior.
Visit https://reactjs.org/link/error-boundaries to learn more about error boundaries.

[90mstderr[2m | tests/App.test.tsx[2m > [22m[2mApp Component[2m > [22m[2mshould 
manage contact provider after login state
[22m[39mThe above error occurred in the <Routes> component:

    at Routes (C:\Users\Admin\Desktop\Talina\Servio.AI\node_modules\react-router\dist\umd\r
eact-router.development.js:1273:7)
    at Suspense
    at div
    at default (C:/Users/Admin/Desktop/Talina/Servio.AI/tests/App.test.tsx:98:15)
    at div
    at main
    at div
    at Router (C:\Users\Admin\Desktop\Talina\Servio.AI\node_modules\react-router\dist\umd\r
eact-router.development.js:1207:17)
    at BrowserRouter (C:\Users\Admin\Desktop\Talina\Servio.AI\node_modules\react-router-dom
\dist\umd\react-router-dom.development.js:695:7)
    at div
    at ToastProvider (C:/Users/Admin/Desktop/Talina/Servio.AI/tests/App.test.tsx:105:21)
    at App (C:/Users/Admin/Desktop/Talina/Servio.AI/App.tsx:70:75)

Consider adding an error boundary to your tree to customize error handling behavior.
Visit https://reactjs.org/link/error-boundaries to learn more about error boundaries.

[90mstderr[2m | tests/App.test.tsx[2m > [22m[2mApp Component[2m > [22m[2mshould 
cleanup on component unmount
[22m[39mThe above error occurred in the <Routes> component:

    at Routes (C:\Users\Admin\Desktop\Talina\Servio.AI\node_modules\react-router\dist\umd\r
eact-router.development.js:1273:7)
    at Suspense
    at div
    at default (C:/Users/Admin/Desktop/Talina/Servio.AI/tests/App.test.tsx:98:15)
    at div
    at main
    at div
    at Router (C:\Users\Admin\Desktop\Talina\Servio.AI\node_modules\react-router\dist\umd\r
eact-router.development.js:1207:17)
    at BrowserRouter (C:\Users\Admin\Desktop\Talina\Servio.AI\node_modules\react-router-dom
\dist\umd\react-router-dom.development.js:695:7)
    at div
    at ToastProvider (C:/Users/Admin/Desktop/Talina/Servio.AI/tests/App.test.tsx:105:21)
    at App (C:/Users/Admin/Desktop/Talina/Servio.AI/App.tsx:70:75)

Consider adding an error boundary to your tree to customize error handling behavior.
Visit https://reactjs.org/link/error-boundaries to learn more about error boundaries.

 [32mΓ£ô[39m tests/DisputeModal.unit.test.tsx [2m([22m[2m10 tests[22m[2m)[22m[33m 647[2mms[22m[39m
 [31mΓ¥»[39m tests/App.test.tsx [2m([22m[2m22 tests[22m[2m | [22m[31m15 failed[39m[2m)[22m[33m 311[2mms[22m[39m
     [32mΓ£ô[39m should render the App component[32m 68[2mms[22m[39m
     [32mΓ£ô[39m should render home view by default[32m 9[2mms[22m[39m
     [32mΓ£ô[39m should display loading fallback when suspense is loading[32m 8[2mms[22m[39m
     [32mΓ£ô[39m should have proper ToastProvider wrapping[32m 7[2mms[22m[39m
     [32mΓ£ô[39m should show auth modal when login is clicked[32m 25[2mms[22m[39m
     [32mΓ£ô[39m should close auth modal when close button is clicked[32m 42[2mms[22m[39m
     [32mΓ£ô[39m should handle successful authentication[32m 30[2mms[22m[39m
[31m     [31m├ù[31m should parse URL parameters for profile view[39m[32m 19[2mms[22m[39m
[31m     [31m├ù[31m should parse URL parameters for service landing[39m[32m 7[2mms[22m[39m
[31m     [31m├ù[31m should handle chunk loading errors gracefully[39m[32m 7[2mms[22m[39m
[31m     [31m├ù[31m should handle error events from chunk loading[39m[32m 6[2mms[22m[39m
[31m     [31m├ù[31m should prevent multiple reloads for chunk errors[39m[32m 7[2mms[22m[39m
[31m     [31m├ù[31m should clean up error listeners on unmount[39m[32m 9[2mms[22m[39m
[31m     [31m├ù[31m should fetch all users and jobs for find-providers view[39m[32m 11[2mms[22m[39m
[31m     [31m├ù[31m should handle view navigation[39m[32m 6[2mms[22m[39m
[31m     [31m├ù[31m should render Header with proper props[39m[32m 6[2mms[22m[39m
[31m     [31m├ù[31m should initialize with no current user[39m[32m 6[2mms[22m[39m
[31m     [31m├ù[31m should maintain maintained items state[39m[32m 6[2mms[22m[39m
[31m     [31m├ù[31m should maintain all notifications state[39m[32m 6[2mms[22m[39m
[31m     [31m├ù[31m should manage job data to create state[39m[32m 6[2mms[22m[39m
[31m     [31m├ù[31m should manage contact provider after login state[39m[32m 8[2mms[22m[39m
[31m     [31m├ù[31m should cleanup on component unmount[39m[32m 6[2mms[22m[39m
[90mstderr[2m | tests/week3/ProspectorDashboard.expansion.test.tsx[2m > 
[22m[2mProspectorDashboard - Expansion Test Suite[2m > [22m[2mRendering and Basic 
Functionality[2m > [22m[2mshould render dashboard with prospector ID
[22m[39mΓÜá∩╕Å React Router Future Flag Warning: React Router will begin wrapping state 
updates in `React.startTransition` in v7. You can use the `v7_startTransition` future flag 
to opt-in early. For more information, see 
https://reactrouter.com/v6/upgrading/future#v7_starttransition.
ΓÜá∩╕Å React Router Future Flag Warning: Relative route resolution within Splat routes is 
changing in v7. You can use the `v7_relativeSplatPath` future flag to opt-in early. For 
more information, see https://reactrouter.com/v6/upgrading/future#v7_relativesplatpath.

 [32mΓ£ô[39m tests/services/geminiService.comprehensive.test.ts [2m([22m[2m15 tests[22m[2m)[22m[33m 1572[2mms[22m[39m
       [33m[2mΓ£ô[22m[39m should use fallback heuristic when the first API call fails [33m 307[2mms[22m[39m
       [33m[2mΓ£ô[22m[39m should use fallback and infer 'pintura' category [33m 307[2mms[22m[39m
       [33m[2mΓ£ô[22m[39m should use fallback and infer 'diagnostico' service type [33m 307[2mms[22m[39m
       [33m[2mΓ£ô[22m[39m should return an empty array on API failure [33m 308[2mms[22m[39m
       [33m[2mΓ£ô[22m[39m should throw an error on API failure [33m 312[2mms[22m[39m
[90mstdout[2m | tests/ClientDashboard.scheduleAndChat.test.tsx
[22m[39mXXX DEBUG: firebaseConfig loading
XXX DEBUG: import.meta.env.MODE: test

[90mstderr[2m | tests/week3/ProspectorDashboard.expansion.test.tsx[2m > 
[22m[2mProspectorDashboard - Expansion Test Suite[2m > [22m[2mRendering and Basic 
Functionality[2m > [22m[2mshould render dashboard with prospector ID
[22m[39mWarning: A suspended resource finished loading inside a test, but the event was 
not wrapped in act(...).

When testing, code that resolves suspended data should be wrapped into act(...):

act(() => {
  /* finish loading suspended data */
});
/* assert on the output */

This ensures that you're testing the behavior the user would see in the browser. Learn 
more at https://reactjs.org/link/wrap-tests-with-act

[90mstderr[2m | tests/ClientDashboard.scheduleAndChat.test.tsx
[22m[39m[firebase] Usando mocks porque a configura├º├úo est├í ausente ou desativada.

 [32mΓ£ô[39m tests/components/HeroSection.comprehensive.test.tsx [2m([22m[2m30 tests[22m[2m)[22m[33m 951[2mms[22m[39m
[90mstdout[2m | tests/ClientDashboard.test.tsx
[22m[39mXXX DEBUG: firebaseConfig loading
XXX DEBUG: import.meta.env.MODE: test

[90mstderr[2m | tests/ClientDashboard.test.tsx
[22m[39m[firebase] Usando mocks porque a configura├º├úo est├í ausente ou desativada.

AggregateError: 
    at internalConnectMultiple (node:net:1134:18)
    at afterConnectMultiple (node:net:1715:7) {
  code: 'ECONNREFUSED',
  [errors]: [
    Error: connect ECONNREFUSED ::1:5173
        at createConnectionError (node:net:1678:14)
        at afterConnectMultiple (node:net:1708:16) {
      errno: -4078,
      code: 'ECONNREFUSED',
      syscall: 'connect',
      address: '::1',
      port: 5173
    },
    Error: connect ECONNREFUSED 127.0.0.1:5173
        at createConnectionError (node:net:1678:14)
        at afterConnectMultiple (node:net:1708:16) {
      errno: -4078,
      code: 'ECONNREFUSED',
      syscall: 'connect',
      address: '127.0.0.1',
      port: 5173
    }
  ]
}
AggregateError: 
    at internalConnectMultiple (node:net:1134:18)
    at afterConnectMultiple (node:net:1715:7) {
  code: 'ECONNREFUSED',
  [errors]: [
    Error: connect ECONNREFUSED ::1:5173
        at createConnectionError (node:net:1678:14)
        at afterConnectMultiple (node:net:1708:16) {
      errno: -4078,
      code: 'ECONNREFUSED',
      syscall: 'connect',
      address: '::1',
      port: 5173
    },
    Error: connect ECONNREFUSED 127.0.0.1:5173
        at createConnectionError (node:net:1678:14)
        at afterConnectMultiple (node:net:1708:16) {
      errno: -4078,
      code: 'ECONNREFUSED',
      syscall: 'connect',
      address: '127.0.0.1',
      port: 5173
    }
  ]
}
[90mstderr[2m | tests/CheckoutFlow.test.tsx[2m > [22m[2mCheckoutFlow[2m > 
[22m[2mProgress Bar[2m > [22m[2mdeve renderizar barra de progresso com todos os steps
[22m[39mWarning: An update to CheckoutFlow inside a test was not wrapped in act(...).

When testing, code that causes React state updates should be wrapped into act(...):

act(() => {
  /* fire events that update state */
});
/* assert on the output */

This ensures that you're testing the behavior the user would see in the browser. Learn 
more at https://reactjs.org/link/wrap-tests-with-act
    at CheckoutFlow 
(C:/Users/Admin/Desktop/Talina/Servio.AI/src/components/CheckoutFlow.tsx:10:25)
    at Router (C:\Users\Admin\Desktop\Talina\Servio.AI\node_modules\react-router\dist\umd\r
eact-router.development.js:1207:17)
    at BrowserRouter (C:\Users\Admin\Desktop\Talina\Servio.AI\node_modules\react-router-dom
\dist\umd\react-router-dom.development.js:695:7)
Warning: An update to CheckoutFlow inside a test was not wrapped in act(...).

When testing, code that causes React state updates should be wrapped into act(...):

act(() => {
  /* fire events that update state */
});
/* assert on the output */

This ensures that you're testing the behavior the user would see in the browser. Learn 
more at https://reactjs.org/link/wrap-tests-with-act
    at CheckoutFlow 
(C:/Users/Admin/Desktop/Talina/Servio.AI/src/components/CheckoutFlow.tsx:10:25)
    at Router (C:\Users\Admin\Desktop\Talina\Servio.AI\node_modules\react-router\dist\umd\r
eact-router.development.js:1207:17)
    at BrowserRouter (C:\Users\Admin\Desktop\Talina\Servio.AI\node_modules\react-router-dom
\dist\umd\react-router-dom.development.js:695:7)

[90mstderr[2m | tests/CheckoutFlow.test.tsx[2m > [22m[2mCheckoutFlow[2m > 
[22m[2mProgress Bar[2m > [22m[2mdeve destacar step atual
[22m[39mWarning: An update to CheckoutFlow inside a test was not wrapped in act(...).

When testing, code that causes React state updates should be wrapped into act(...):

act(() => {
  /* fire events that update state */
});
/* assert on the output */

This ensures that you're testing the behavior the user would see in the browser. Learn 
more at https://reactjs.org/link/wrap-tests-with-act
    at CheckoutFlow 
(C:/Users/Admin/Desktop/Talina/Servio.AI/src/components/CheckoutFlow.tsx:10:25)
    at Router (C:\Users\Admin\Desktop\Talina\Servio.AI\node_modules\react-router\dist\umd\r
eact-router.development.js:1207:17)
    at BrowserRouter (C:\Users\Admin\Desktop\Talina\Servio.AI\node_modules\react-router-dom
\dist\umd\react-router-dom.development.js:695:7)
Warning: An update to CheckoutFlow inside a test was not wrapped in act(...).

When testing, code that causes React state updates should be wrapped into act(...):

act(() => {
  /* fire events that update state */
});
/* assert on the output */

This ensures that you're testing the behavior the user would see in the browser. Learn 
more at https://reactjs.org/link/wrap-tests-with-act
    at CheckoutFlow 
(C:/Users/Admin/Desktop/Talina/Servio.AI/src/components/CheckoutFlow.tsx:10:25)
    at Router (C:\Users\Admin\Desktop\Talina\Servio.AI\node_modules\react-router\dist\umd\r
eact-router.development.js:1207:17)
    at BrowserRouter (C:\Users\Admin\Desktop\Talina\Servio.AI\node_modules\react-router-dom
\dist\umd\react-router-dom.development.js:695:7)

[90mstderr[2m | tests/ClientDashboard.scheduleAndChat.test.tsx[2m > 
[22m[2mClientDashboard ΓÇô chat & agendamento (integra├º├úo leve)[2m > 
[22m[2mconfirma agendamento a partir de uma proposta recebida no chat
[22m[39m≡ƒöº [API v3] Tentando: 
https://us-central1-servioai-staging.cloudfunctions.net/messages?chatId=job-1

 [32mΓ£ô[39m tests/ChatModal.test.tsx [2m([22m[2m7 tests[22m[2m)[22m[33m 996[2mms[22m[39m
     [33m[2mΓ£ô[22m[39m envia mensagem de texto e limpa input [33m 333[2mms[22m[39m
 [32mΓ£ô[39m tests/CheckoutFlow.test.tsx [2m([22m[2m26 tests[22m[2m)[22m[33m 1596[2mms[22m[39m
 [31mΓ¥»[39m tests/ProposalModal.test.tsx [2m([22m[2m9 tests[22m[2m | [22m[31m3 failed[39m[2m)[22m[33m 1638[2mms[22m[39m
     [32mΓ£ô[39m renderiza modal com informa├º├╡es do job[32m 48[2mms[22m[39m
     [32mΓ£ô[39m fecha modal ao clicar no X[32m 59[2mms[22m[39m
[31m     [31m├ù[31m permite enviar proposta com pre├ºo e mensagem[39m[32m 270[2mms[22m[39m
[31m     [31m├ù[31m exibe erro quando pre├ºo ├⌐ inv├ílido[39m[33m 1067[2mms[22m[39m
     [32mΓ£ô[39m desabilita campo de pre├ºo quando serviceType ├⌐ tabelado[32m 17[2mms[22m[39m
     [32mΓ£ô[39m gera mensagem com IA quando bot├úo ├⌐ clicado[32m 56[2mms[22m[39m
     [32mΓ£ô[39m exibe erro quando IA falha ao gerar mensagem[32m 33[2mms[22m[39m
[31m     [31m├ù[31m permite submeter proposta sem mensagem[39m[32m 74[2mms[22m[39m
     [32mΓ£ô[39m exibe dica de seguran├ºa[32m 12[2mms[22m[39m
OPTIONS https://us-central1-servioai-staging.cloudfunctions.net/messages?chatId=job-1 404 
(Not Found)
Cross-Origin Request Blocked: The Same Origin Policy disallows reading the remote resource 
at "https://us-central1-servioai-staging.cloudfunctions.net/messages?chatId=job-1".
[90mstderr[2m | tests/ClientDashboard.scheduleAndChat.test.tsx[2m > 
[22m[2mClientDashboard ΓÇô chat & agendamento (integra├º├úo leve)[2m > [22m[2mmostra 
aviso ao tentar salvar perfil sem campos obrigat├│rios
[22m[39m≡ƒÜ¿ [API v2] ERRO detectado em /messages?chatId=job-1 - ACIONANDO FALLBACK! 
DOMException [NetworkError]: Cross-Origin Request Blocked: The Same Origin Policy 
disallows reading the remote resource at 
"https://us-central1-servioai-staging.cloudfunctions.net/messages?chatId=job-1".
    at Fetch.send [90m(file:///C:/Users/Admin/Desktop/Talina/Servio.AI/[39mnode_modules/
[4mhappy-dom[24m/lib/fetch/Fetch.js:185:23[90m)[39m
[90m    at processTicksAndRejections (node:internal/process/task_queues:103:5)[39m
    at GlobalWindow.fetch [90m(file:///C:/Users/Admin/Desktop/Talina/Servio.AI/[39mnode_m
odules/[4mhappy-dom[24m/lib/window/BrowserWindow.js:1424:16[90m)[39m
    at apiCall (C:/Users/Admin/Desktop/Talina/Servio.AI/services/api.ts:129:22)
    at Module.fetchMessages 
(C:/Users/Admin/Desktop/Talina/Servio.AI/services/api.ts:977:12)
    at loadMessages 
(C:/Users/Admin/Desktop/Talina/Servio.AI/components/ClientDashboard.tsx:165:28)
[api] Backend unavailable for /messages?chatId=job-1, triggering fallback DOMException 
[NetworkError]: Cross-Origin Request Blocked: The Same Origin Policy disallows reading the 
remote resource at 
"https://us-central1-servioai-staging.cloudfunctions.net/messages?chatId=job-1".
    at Fetch.send [90m(file:///C:/Users/Admin/Desktop/Talina/Servio.AI/[39mnode_modules/
[4mhappy-dom[24m/lib/fetch/Fetch.js:185:23[90m)[39m
[90m    at processTicksAndRejections (node:internal/process/task_queues:103:5)[39m
    at GlobalWindow.fetch [90m(file:///C:/Users/Admin/Desktop/Talina/Servio.AI/[39mnode_m
odules/[4mhappy-dom[24m/lib/window/BrowserWindow.js:1424:16[90m)[39m
    at apiCall (C:/Users/Admin/Desktop/Talina/Servio.AI/services/api.ts:129:22)
    at Module.fetchMessages 
(C:/Users/Admin/Desktop/Talina/Servio.AI/services/api.ts:977:12)
    at loadMessages 
(C:/Users/Admin/Desktop/Talina/Servio.AI/components/ClientDashboard.tsx:165:28)

[90mstderr[2m | tests/ClientDashboard.scheduleAndChat.test.tsx[2m > 
[22m[2mClientDashboard ΓÇô chat & agendamento (integra├º├úo leve)[2m > [22m[2mmostra 
aviso ao tentar salvar perfil sem campos obrigat├│rios
[22m[39mFailed to fetch messages, using mock data

[90mstderr[2m | tests/ClientDashboard.scheduleAndChat.test.tsx[2m > 
[22m[2mClientDashboard ΓÇô chat & agendamento (integra├º├úo leve)[2m > [22m[2mexibe 
toast de erro ao falhar envio de mensagem
[22m[39m≡ƒöº [API v3] Tentando: 
https://us-central1-servioai-staging.cloudfunctions.net/messages?chatId=job-1

 [32mΓ£ô[39m tests/ClientDashboard.scheduleAndChat.test.tsx [2m([22m[2m3 tests[22m[2m)[22m[33m 1079[2mms[22m[39m
     [33m[2mΓ£ô[22m[39m confirma agendamento a partir de uma proposta recebida no chat [33m 513[2mms[22m[39m
DOMException [AbortError]: The operation was aborted.
    at Fetch.onAsyncTaskManagerAbort (file:///C:/Users/Admin/Desktop/Talina/Servio.AI/node_
modules/happy-dom/lib/fetch/Fetch.js:546:23)
    at Object.<anonymous> (file:///C:/Users/Admin/Desktop/Talina/Servio.AI/node_modules/hap
py-dom/lib/fetch/Fetch.js:416:101)
    at AsyncTaskManager.abortAll (file:///C:/Users/Admin/Desktop/Talina/Servio.AI/node_modu
les/happy-dom/lib/async-task-manager/AsyncTaskManager.js:292:30)
    at AsyncTaskManager.abort (file:///C:/Users/Admin/Desktop/Talina/Servio.AI/node_modules
/happy-dom/lib/async-task-manager/AsyncTaskManager.js:52:21)
    at DetachedBrowserFrame.abort (file:///C:/Users/Admin/Desktop/Talina/Servio.AI/node_mod
ules/happy-dom/lib/browser/detached-browser/DetachedBrowserFrame.js:112:58)
    at DetachedWindowAPI.abort (file:///C:/Users/Admin/Desktop/Talina/Servio.AI/node_module
s/happy-dom/lib/window/DetachedWindowAPI.js:51:35)
    at teardownWindow (file:///C:/Users/Admin/Desktop/Talina/Servio.AI/node_modules/vitest/
dist/chunks/index.BspFP3mn.js:331:22)
    at Object.teardown (file:///C:/Users/Admin/Desktop/Talina/Servio.AI/node_modules/vitest
/dist/chunks/index.BspFP3mn.js:392:10)
    at file:///C:/Users/Admin/Desktop/Talina/Servio.AI/node_modules/vitest/dist/chunks/base
.Bin-9uYm.js:130:65
    at Traces.$ (file:///C:/Users/Admin/Desktop/Talina/Servio.AI/node_modules/vitest/dist/c
hunks/traces.U4xDYhzZ.js:115:27)
[90mstderr[2m | apiCall (C:\Users\Admin\Desktop\Talina\Servio.AI\services\api.ts:149:13)
[22m[39m≡ƒÜ¿ [API v2] ERRO detectado em /messages?chatId=job-1 - ACIONANDO FALLBACK! 
DOMException [NetworkError]: Failed to execute "fetch()" on "Window" with URL 
"https://us-central1-servioai-staging.cloudfunctions.net/messages?chatId=job-1": The 
operation was aborted.
    at Fetch.onError [90m(file:///C:/Users/Admin/Desktop/Talina/Servio.AI/[39mnode_module
s/[4mhappy-dom[24m/lib/fetch/Fetch.js:540:21[90m)[39m
[90m    at ClientRequest.emit (node:events:508:28)[39m
[90m    at emitErrorEvent (node:_http_client:108:11)[39m
[90m    at TLSSocket.socketErrorListener (node:_http_client:575:5)[39m
[90m    at TLSSocket.emit (node:events:508:28)[39m
[90m    at emitErrorNT (node:internal/streams/destroy:170:8)[39m
[90m    at emitErrorCloseNT (node:internal/streams/destroy:129:3)[39m
[90m    at processTicksAndRejections (node:internal/process/task_queues:89:21)[39m

[90mstderr[2m | apiCall (C:\Users\Admin\Desktop\Talina\Servio.AI\services\api.ts:160:13)
[22m[39m[api] Backend unavailable for /messages?chatId=job-1, triggering fallback 
DOMException [NetworkError]: Failed to execute "fetch()" on "Window" with URL 
"https://us-central1-servioai-staging.cloudfunctions.net/messages?chatId=job-1": The 
operation was aborted.
    at Fetch.onError [90m(file:///C:/Users/Admin/Desktop/Talina/Servio.AI/[39mnode_module
s/[4mhappy-dom[24m/lib/fetch/Fetch.js:540:21[90m)[39m
[90m    at ClientRequest.emit (node:events:508:28)[39m
[90m    at emitErrorEvent (node:_http_client:108:11)[39m
[90m    at TLSSocket.socketErrorListener (node:_http_client:575:5)[39m
[90m    at TLSSocket.emit (node:events:508:28)[39m
[90m    at emitErrorNT (node:internal/streams/destroy:170:8)[39m
[90m    at emitErrorCloseNT (node:internal/streams/destroy:129:3)[39m
[90m    at processTicksAndRejections (node:internal/process/task_queues:89:21)[39m

[90mstderr[2m | Module.fetchMessages 
(C:\Users\Admin\Desktop\Talina\Servio.AI\services\api.ts:979:13)
[22m[39mFailed to fetch messages, using mock data

 [32mΓ£ô[39m tests/ClientDashboard.test.tsx [2m([22m[2m7 tests[22m[2m)[22m[33m 1059[2mms[22m[39m
[90mstderr[2m | tests/components/AdminFraudAlerts.test.tsx
[22m[39mΓòÉΓòÉΓòÉΓòÉΓòÉΓòÉΓòÉΓòÉΓòÉΓòÉΓòÉΓòÉΓòÉΓòÉΓòÉΓòÉΓòÉΓòÉΓòÉΓòÉΓòÉΓòÉΓòÉΓòÉΓòÉΓòÉΓòÉ
ΓòÉΓòÉΓòÉΓòÉΓòÉΓòÉΓòÉΓòÉΓòÉΓòÉΓòÉΓòÉΓòÉΓòÉΓòÉΓòÉΓòÉΓòÉΓòÉΓòÉΓòÉΓòÉΓòÉΓòÉΓòÉΓòÉΓòÉΓòÉ
≡ƒöº API SERVICE INICIADO - VERS├âO 2026-01-09
ΓòÉΓòÉΓòÉΓòÉΓòÉΓòÉΓòÉΓòÉΓòÉΓòÉΓòÉΓòÉΓòÉΓòÉΓòÉΓòÉΓòÉΓòÉΓòÉΓòÉΓòÉΓòÉΓòÉΓòÉΓòÉΓòÉΓòÉΓòÉΓòÉΓòÉΓ
òÉΓòÉΓòÉΓòÉΓòÉΓòÉΓòÉΓòÉΓòÉΓòÉΓòÉΓòÉΓòÉΓòÉΓòÉΓòÉΓòÉΓòÉΓòÉΓòÉΓòÉΓòÉΓòÉΓòÉΓòÉ
≡ƒôï STAGING_MODE: true
≡ƒôï Project ID: servioai-staging
≡ƒôï Backend URL: https://us-central1-servioai-staging.cloudfunctions.net
≡ƒôï Use Mock: false
ΓòÉΓòÉΓòÉΓòÉΓòÉΓòÉΓòÉΓòÉΓòÉΓòÉΓòÉΓòÉΓòÉΓòÉΓòÉΓòÉΓòÉΓòÉΓòÉΓòÉΓòÉΓòÉΓòÉΓòÉΓòÉΓòÉΓòÉΓòÉΓòÉΓòÉΓ
òÉΓòÉΓòÉΓòÉΓòÉΓòÉΓòÉΓòÉΓòÉΓòÉΓòÉΓòÉΓòÉΓòÉΓòÉΓòÉΓòÉΓòÉΓòÉΓòÉΓòÉΓòÉΓòÉΓòÉΓòÉ
Γ£à STAGING MODE ATIVO - Backend DESABILITADO!
Γ£à Todas as opera├º├╡es de usu├írio usam Firestore direto!

 [32mΓ£ô[39m tests/components/AdminFraudAlerts.test.tsx [2m([22m[2m15 tests[22m[2m)[22m[33m 597[2mms[22m[39m
[90mstderr[2m | tests/api.coverage.bump.test.ts
[22m[39mΓòÉΓòÉΓòÉΓòÉΓòÉΓòÉΓòÉΓòÉΓòÉΓòÉΓòÉΓòÉΓòÉΓòÉΓòÉΓòÉΓòÉΓòÉΓòÉΓòÉΓòÉΓòÉΓòÉΓòÉΓòÉΓòÉΓòÉ
ΓòÉΓòÉΓòÉΓòÉΓòÉΓòÉΓòÉΓòÉΓòÉΓòÉΓòÉΓòÉΓòÉΓòÉΓòÉΓòÉΓòÉΓòÉΓòÉΓòÉΓòÉΓòÉΓòÉΓòÉΓòÉΓòÉΓòÉΓòÉ
≡ƒöº API SERVICE INICIADO - VERS├âO 2026-01-09
ΓòÉΓòÉΓòÉΓòÉΓòÉΓòÉΓòÉΓòÉΓòÉΓòÉΓòÉΓòÉΓòÉΓòÉΓòÉΓòÉΓòÉΓòÉΓòÉΓòÉΓòÉΓòÉΓòÉΓòÉΓòÉΓòÉΓòÉΓòÉΓòÉΓòÉΓ
òÉΓòÉΓòÉΓòÉΓòÉΓòÉΓòÉΓòÉΓòÉΓòÉΓòÉΓòÉΓòÉΓòÉΓòÉΓòÉΓòÉΓòÉΓòÉΓòÉΓòÉΓòÉΓòÉΓòÉΓòÉ
≡ƒôï STAGING_MODE: true
≡ƒôï Project ID: servioai-staging
≡ƒôï Backend URL: https://us-central1-servioai-staging.cloudfunctions.net
≡ƒôï Use Mock: false
ΓòÉΓòÉΓòÉΓòÉΓòÉΓòÉΓòÉΓòÉΓòÉΓòÉΓòÉΓòÉΓòÉΓòÉΓòÉΓòÉΓòÉΓòÉΓòÉΓòÉΓòÉΓòÉΓòÉΓòÉΓòÉΓòÉΓòÉΓòÉΓòÉΓòÉΓ
òÉΓòÉΓòÉΓòÉΓòÉΓòÉΓòÉΓòÉΓòÉΓòÉΓòÉΓòÉΓòÉΓòÉΓòÉΓòÉΓòÉΓòÉΓòÉΓòÉΓòÉΓòÉΓòÉΓòÉΓòÉ
Γ£à STAGING MODE ATIVO - Backend DESABILITADO!
Γ£à Todas as opera├º├╡es de usu├írio usam Firestore direto!

[90mstderr[2m | tests/api.coverage.bump.test.ts[2m > [22m[2mAPI Service ΓÇô cobertura 
adicional pontual[2m > [22m[2mfetchProposals: sucesso e fallback para MOCK_PROPOSALS 
quando falha
[22m[39m≡ƒöº [API v3] Tentando: 
https://us-central1-servioai-staging.cloudfunctions.net/proposals

[90mstderr[2m | tests/week3/ProviderDashboard.expansion.test.tsx[2m > 
[22m[2mProviderDashboard - Expansion Test Suite[2m > [22m[2mRendering and Basic 
Functionality[2m > [22m[2mshould render provider dashboard
[22m[39mΓÜá∩╕Å React Router Future Flag Warning: React Router will begin wrapping state 
updates in `React.startTransition` in v7. You can use the `v7_startTransition` future flag 
to opt-in early. For more information, see 
https://reactrouter.com/v6/upgrading/future#v7_starttransition.
ΓÜá∩╕Å React Router Future Flag Warning: Relative route resolution within Splat routes is 
changing in v7. You can use the `v7_relativeSplatPath` future flag to opt-in early. For 
more information, see https://reactrouter.com/v6/upgrading/future#v7_relativesplatpath.

[90mstdout[2m | tests/api.coverage.bump.test.ts[2m > [22m[2mAPI Service ΓÇô cobertura adicional pontual[2m > [22m[2mfetchProposals: sucesso e fallback para MOCK_PROPOSALS quando falha
[22m[39mXXX DEBUG: firebaseConfig loading
XXX DEBUG: import.meta.env.MODE: test

[90mstderr[2m | tests/api.coverage.bump.test.ts[2m > [22m[2mAPI Service ΓÇô cobertura 
adicional pontual[2m > [22m[2mfetchProposals: sucesso e fallback para MOCK_PROPOSALS 
quando falha
[22m[39m[firebase] Usando mocks porque a configura├º├úo est├í ausente ou desativada.

[90mstderr[2m | tests/api.coverage.bump.test.ts[2m > [22m[2mAPI Service ΓÇô cobertura 
adicional pontual[2m > [22m[2mfetchProposals: sucesso e fallback para MOCK_PROPOSALS 
quando falha
[22m[39m≡ƒöº [API v3] Tentando: 
https://us-central1-servioai-staging.cloudfunctions.net/proposals

[90mstderr[2m | tests/api.coverage.bump.test.ts[2m > [22m[2mAPI Service ΓÇô cobertura 
adicional pontual[2m > [22m[2mfetchProposals: sucesso e fallback para MOCK_PROPOSALS 
quando falha
[22m[39m≡ƒÜ¿ [API v2] ERRO detectado em /proposals - ACIONANDO FALLBACK! Error: down
    at C:/Users/Admin/Desktop/Talina/Servio.AI/tests/api.coverage.bump.test.ts:26:53
[90m    at processTicksAndRejections (node:internal/process/task_queues:103:5)[39m
    at [90mfile:///C:/Users/Admin/Desktop/Talina/Servio.AI/[39mnode_modules/[4m@vitest/r
unner[24m/dist/index.js:915:20
[api] Backend unavailable for /proposals, triggering fallback Error: down
    at C:/Users/Admin/Desktop/Talina/Servio.AI/tests/api.coverage.bump.test.ts:26:53
[90m    at processTicksAndRejections (node:internal/process/task_queues:103:5)[39m
    at [90mfile:///C:/Users/Admin/Desktop/Talina/Servio.AI/[39mnode_modules/[4m@vitest/r
unner[24m/dist/index.js:915:20

[90mstderr[2m | tests/api.coverage.bump.test.ts[2m > [22m[2mAPI Service ΓÇô cobertura 
adicional pontual[2m > [22m[2mfetchProposals: sucesso e fallback para MOCK_PROPOSALS 
quando falha
[22m[39mFailed to fetch proposals, using mock data

[90mstderr[2m | tests/api.coverage.bump.test.ts[2m > [22m[2mAPI Service ΓÇô cobertura 
adicional pontual[2m > [22m[2mfetchDisputes: fallback para [] quando backend falha
[22m[39m≡ƒöº [API v3] Tentando: 
https://us-central1-servioai-staging.cloudfunctions.net/disputes

[90mstderr[2m | tests/api.coverage.bump.test.ts[2m > [22m[2mAPI Service ΓÇô cobertura 
adicional pontual[2m > [22m[2mfetchDisputes: fallback para [] quando backend falha
[22m[39m≡ƒÜ¿ [API v2] ERRO detectado em /disputes - ACIONANDO FALLBACK! Error: offline
    at C:/Users/Admin/Desktop/Talina/Servio.AI/tests/api.coverage.bump.test.ts:33:53
    at [90mfile:///C:/Users/Admin/Desktop/Talina/Servio.AI/[39mnode_modules/[4m@vitest/r
unner[24m/dist/index.js:145:11
    at [90mfile:///C:/Users/Admin/Desktop/Talina/Servio.AI/[39mnode_modules/[4m@vitest/r
unner[24m/dist/index.js:915:26
    at [90mfile:///C:/Users/Admin/Desktop/Talina/Servio.AI/[39mnode_modules/[4m@vitest/r
unner[24m/dist/index.js:1243:20
    at new Promise (<anonymous>)
    at runWithTimeout [90m(file:///C:/Users/Admin/Desktop/Talina/Servio.AI/[39mnode_modul
es/[4m@vitest/runner[24m/dist/index.js:1209:10[90m)[39m
    at [90mfile:///C:/Users/Admin/Desktop/Talina/Servio.AI/[39mnode_modules/[4m@vitest/r
unner[24m/dist/index.js:1653:37
    at Traces.$ [90m(file:///C:/Users/Admin/Desktop/Talina/Servio.AI/[39mnode_modules/[4
mvitest[24m/dist/chunks/traces.U4xDYhzZ.js:115:27[90m)[39m
    at trace [90m(file:///C:/Users/Admin/Desktop/Talina/Servio.AI/[39mnode_modules/[4mvi
test[24m/dist/chunks/test.B8ej_ZHS.js:239:21[90m)[39m
    at runTest [90m(file:///C:/Users/Admin/Desktop/Talina/Servio.AI/[39mnode_modules/[4m
@vitest/runner[24m/dist/index.js:1653:12[90m)[39m
[api] Backend unavailable for /disputes, triggering fallback Error: offline
    at C:/Users/Admin/Desktop/Talina/Servio.AI/tests/api.coverage.bump.test.ts:33:53
    at [90mfile:///C:/Users/Admin/Desktop/Talina/Servio.AI/[39mnode_modules/[4m@vitest/r
unner[24m/dist/index.js:145:11
    at [90mfile:///C:/Users/Admin/Desktop/Talina/Servio.AI/[39mnode_modules/[4m@vitest/r
unner[24m/dist/index.js:915:26
    at [90mfile:///C:/Users/Admin/Desktop/Talina/Servio.AI/[39mnode_modules/[4m@vitest/r
unner[24m/dist/index.js:1243:20
    at new Promise (<anonymous>)
    at runWithTimeout [90m(file:///C:/Users/Admin/Desktop/Talina/Servio.AI/[39mnode_modul
es/[4m@vitest/runner[24m/dist/index.js:1209:10[90m)[39m
    at [90mfile:///C:/Users/Admin/Desktop/Talina/Servio.AI/[39mnode_modules/[4m@vitest/r
unner[24m/dist/index.js:1653:37
    at Traces.$ [90m(file:///C:/Users/Admin/Desktop/Talina/Servio.AI/[39mnode_modules/[4
mvitest[24m/dist/chunks/traces.U4xDYhzZ.js:115:27[90m)[39m
    at trace [90m(file:///C:/Users/Admin/Desktop/Talina/Servio.AI/[39mnode_modules/[4mvi
test[24m/dist/chunks/test.B8ej_ZHS.js:239:21[90m)[39m
    at runTest [90m(file:///C:/Users/Admin/Desktop/Talina/Servio.AI/[39mnode_modules/[4m
@vitest/runner[24m/dist/index.js:1653:12[90m)[39m

[90mstderr[2m | tests/api.coverage.bump.test.ts[2m > [22m[2mAPI Service ΓÇô cobertura 
adicional pontual[2m > [22m[2mfetchDisputes: fallback para [] quando backend falha
[22m[39mFailed to fetch disputes from backend, using mock data

[90mstderr[2m | tests/api.coverage.bump.test.ts[2m > [22m[2mAPI Service ΓÇô cobertura 
adicional pontual[2m > [22m[2mfetchJobById: sucesso e fallback quando backend falha
[22m[39m≡ƒöº [API v3] Tentando: 
https://us-central1-servioai-staging.cloudfunctions.net/jobs/job-3

[90mstderr[2m | tests/api.coverage.bump.test.ts[2m > [22m[2mAPI Service ΓÇô cobertura 
adicional pontual[2m > [22m[2mfetchJobById: sucesso e fallback quando backend falha
[22m[39m≡ƒöº [API v3] Tentando: 
https://us-central1-servioai-staging.cloudfunctions.net/jobs/job-3

[90mstderr[2m | tests/api.coverage.bump.test.ts[2m > [22m[2mAPI Service ΓÇô cobertura 
adicional pontual[2m > [22m[2mfetchJobById: sucesso e fallback quando backend falha
[22m[39m≡ƒÜ¿ [API v2] ERRO detectado em /jobs/job-3 - ACIONANDO FALLBACK! Error: timeout
    at C:/Users/Admin/Desktop/Talina/Servio.AI/tests/api.coverage.bump.test.ts:48:53
[90m    at processTicksAndRejections (node:internal/process/task_queues:103:5)[39m
    at [90mfile:///C:/Users/Admin/Desktop/Talina/Servio.AI/[39mnode_modules/[4m@vitest/r
unner[24m/dist/index.js:915:20
[api] Backend unavailable for /jobs/job-3, triggering fallback Error: timeout
    at C:/Users/Admin/Desktop/Talina/Servio.AI/tests/api.coverage.bump.test.ts:48:53
[90m    at processTicksAndRejections (node:internal/process/task_queues:103:5)[39m
    at [90mfile:///C:/Users/Admin/Desktop/Talina/Servio.AI/[39mnode_modules/[4m@vitest/r
unner[24m/dist/index.js:915:20

[90mstderr[2m | tests/api.coverage.bump.test.ts[2m > [22m[2mAPI Service ΓÇô cobertura 
adicional pontual[2m > [22m[2mfetchJobById: sucesso e fallback quando backend falha
[22m[39mFailed to fetch job job-3, using mock data

 [32mΓ£ô[39m tests/api.coverage.bump.test.ts [2m([22m[2m3 tests[22m[2m)[22m[33m 441[2mms[22m[39m
     [33m[2mΓ£ô[22m[39m fetchProposals: sucesso e fallback para MOCK_PROPOSALS quando falha [33m 424[2mms[22m[39m
[90mstderr[2m | tests/geminiService.more.test.ts[2m > [22m[2mgeminiService ΓÇô 
resilience and URL resolution[2m > [22m[2mgetMatchingProviders falls back to [] on 
persistent failure
[22m[39m[match-providers] Fallback to empty list due to backend error: Error: first fail
    at fetchFromBackend 
(C:/Users/Admin/Desktop/Talina/Servio.AI/services/geminiService.ts:146:13)
    at Module.getMatchingProviders 
(C:/Users/Admin/Desktop/Talina/Servio.AI/services/geminiService.ts:219:12)
    at C:/Users/Admin/Desktop/Talina/Servio.AI/tests/geminiService.more.test.ts:35:17
    at [90mfile:///C:/Users/Admin/Desktop/Talina/Servio.AI/[39mnode_modules/[4m@vitest/r
unner[24m/dist/index.js:915:20

 [32mΓ£ô[39m tests/geminiService.more.test.ts [2m([22m[2m3 tests[22m[2m)[22m[33m 639[2mms[22m[39m
     [33m[2mΓ£ô[22m[39m generateJobFAQ retries once after network error and succeeds [33m 316[2mms[22m[39m
     [33m[2mΓ£ô[22m[39m getMatchingProviders falls back to [] on persistent failure [33m 316[2mms[22m[39m
 [32mΓ£ô[39m tests/ReviewModal.test.tsx [2m([22m[2m10 tests[22m[2m)[22m[33m 632[2mms[22m[39m
[90mstderr[2m | tests/api.more.test.ts
[22m[39mΓòÉΓòÉΓòÉΓòÉΓòÉΓòÉΓòÉΓòÉΓòÉΓòÉΓòÉΓòÉΓòÉΓòÉΓòÉΓòÉΓòÉΓòÉΓòÉΓòÉΓòÉΓòÉΓòÉΓòÉΓòÉΓòÉΓòÉ
ΓòÉΓòÉΓòÉΓòÉΓòÉΓòÉΓòÉΓòÉΓòÉΓòÉΓòÉΓòÉΓòÉΓòÉΓòÉΓòÉΓòÉΓòÉΓòÉΓòÉΓòÉΓòÉΓòÉΓòÉΓòÉΓòÉΓòÉΓòÉ
≡ƒöº API SERVICE INICIADO - VERS├âO 2026-01-09
ΓòÉΓòÉΓòÉΓòÉΓòÉΓòÉΓòÉΓòÉΓòÉΓòÉΓòÉΓòÉΓòÉΓòÉΓòÉΓòÉΓòÉΓòÉΓòÉΓòÉΓòÉΓòÉΓòÉΓòÉΓòÉΓòÉΓòÉΓòÉΓòÉΓòÉΓ
òÉΓòÉΓòÉΓòÉΓòÉΓòÉΓòÉΓòÉΓòÉΓòÉΓòÉΓòÉΓòÉΓòÉΓòÉΓòÉΓòÉΓòÉΓòÉΓòÉΓòÉΓòÉΓòÉΓòÉΓòÉ
≡ƒôï STAGING_MODE: true
≡ƒôï Project ID: servioai-staging
≡ƒôï Backend URL: https://us-central1-servioai-staging.cloudfunctions.net
≡ƒôï Use Mock: false
ΓòÉΓòÉΓòÉΓòÉΓòÉΓòÉΓòÉΓòÉΓòÉΓòÉΓòÉΓòÉΓòÉΓòÉΓòÉΓòÉΓòÉΓòÉΓòÉΓòÉΓòÉΓòÉΓòÉΓòÉΓòÉΓòÉΓòÉΓòÉΓòÉΓòÉΓ
òÉΓòÉΓòÉΓòÉΓòÉΓòÉΓòÉΓòÉΓòÉΓòÉΓòÉΓòÉΓòÉΓòÉΓòÉΓòÉΓòÉΓòÉΓòÉΓòÉΓòÉΓòÉΓòÉΓòÉΓòÉ
Γ£à STAGING MODE ATIVO - Backend DESABILITADO!
Γ£à Todas as opera├º├╡es de usu├írio usam Firestore direto!

[90mstderr[2m | tests/api.more.test.ts[2m > [22m[2mAPI Service ΓÇô additional 
coverage[2m > [22m[2mfetchOpenJobs[2m > [22m[2mcombina resultados de jobs ativos e 
em leil├úo do backend
[22m[39m≡ƒöº [API v3] Tentando: 
https://us-central1-servioai-staging.cloudfunctions.net/jobs?status=ativo

[90mstderr[2m | tests/api.matchProviders.test.ts
[22m[39mΓòÉΓòÉΓòÉΓòÉΓòÉΓòÉΓòÉΓòÉΓòÉΓòÉΓòÉΓòÉΓòÉΓòÉΓòÉΓòÉΓòÉΓòÉΓòÉΓòÉΓòÉΓòÉΓòÉΓòÉΓòÉΓòÉΓòÉ
ΓòÉΓòÉΓòÉΓòÉΓòÉΓòÉΓòÉΓòÉΓòÉΓòÉΓòÉΓòÉΓòÉΓòÉΓòÉΓòÉΓòÉΓòÉΓòÉΓòÉΓòÉΓòÉΓòÉΓòÉΓòÉΓòÉΓòÉΓòÉ
≡ƒöº API SERVICE INICIADO - VERS├âO 2026-01-09
ΓòÉΓòÉΓòÉΓòÉΓòÉΓòÉΓòÉΓòÉΓòÉΓòÉΓòÉΓòÉΓòÉΓòÉΓòÉΓòÉΓòÉΓòÉΓòÉΓòÉΓòÉΓòÉΓòÉΓòÉΓòÉΓòÉΓòÉΓòÉΓòÉΓòÉΓ
òÉΓòÉΓòÉΓòÉΓòÉΓòÉΓòÉΓòÉΓòÉΓòÉΓòÉΓòÉΓòÉΓòÉΓòÉΓòÉΓòÉΓòÉΓòÉΓòÉΓòÉΓòÉΓòÉΓòÉΓòÉ
≡ƒôï STAGING_MODE: true
≡ƒôï Project ID: servioai-staging
≡ƒôï Backend URL: https://us-central1-servioai-staging.cloudfunctions.net
≡ƒôï Use Mock: false
ΓòÉΓòÉΓòÉΓòÉΓòÉΓòÉΓòÉΓòÉΓòÉΓòÉΓòÉΓòÉΓòÉΓòÉΓòÉΓòÉΓòÉΓòÉΓòÉΓòÉΓòÉΓòÉΓòÉΓòÉΓòÉΓòÉΓòÉΓòÉΓòÉΓòÉΓ
òÉΓòÉΓòÉΓòÉΓòÉΓòÉΓòÉΓòÉΓòÉΓòÉΓòÉΓòÉΓòÉΓòÉΓòÉΓòÉΓòÉΓòÉΓòÉΓòÉΓòÉΓòÉΓòÉΓòÉΓòÉ
Γ£à STAGING MODE ATIVO - Backend DESABILITADO!
Γ£à Todas as opera├º├╡es de usu├írio usam Firestore direto!

[90mstderr[2m | tests/api.edgecases.test.ts
[22m[39mΓòÉΓòÉΓòÉΓòÉΓòÉΓòÉΓòÉΓòÉΓòÉΓòÉΓòÉΓòÉΓòÉΓòÉΓòÉΓòÉΓòÉΓòÉΓòÉΓòÉΓòÉΓòÉΓòÉΓòÉΓòÉΓòÉΓòÉ
ΓòÉΓòÉΓòÉΓòÉΓòÉΓòÉΓòÉΓòÉΓòÉΓòÉΓòÉΓòÉΓòÉΓòÉΓòÉΓòÉΓòÉΓòÉΓòÉΓòÉΓòÉΓòÉΓòÉΓòÉΓòÉΓòÉΓòÉΓòÉ
≡ƒöº API SERVICE INICIADO - VERS├âO 2026-01-09
ΓòÉΓòÉΓòÉΓòÉΓòÉΓòÉΓòÉΓòÉΓòÉΓòÉΓòÉΓòÉΓòÉΓòÉΓòÉΓòÉΓòÉΓòÉΓòÉΓòÉΓòÉΓòÉΓòÉΓòÉΓòÉΓòÉΓòÉΓòÉΓòÉΓòÉΓ
òÉΓòÉΓòÉΓòÉΓòÉΓòÉΓòÉΓòÉΓòÉΓòÉΓòÉΓòÉΓòÉΓòÉΓòÉΓòÉΓòÉΓòÉΓòÉΓòÉΓòÉΓòÉΓòÉΓòÉΓòÉ
≡ƒôï STAGING_MODE: true
≡ƒôï Project ID: servioai-staging
≡ƒôï Backend URL: https://us-central1-servioai-staging.cloudfunctions.net
≡ƒôï Use Mock: false
ΓòÉΓòÉΓòÉΓòÉΓòÉΓòÉΓòÉΓòÉΓòÉΓòÉΓòÉΓòÉΓòÉΓòÉΓòÉΓòÉΓòÉΓòÉΓòÉΓòÉΓòÉΓòÉΓòÉΓòÉΓòÉΓòÉΓòÉΓòÉΓòÉΓòÉΓ
òÉΓòÉΓòÉΓòÉΓòÉΓòÉΓòÉΓòÉΓòÉΓòÉΓòÉΓòÉΓòÉΓòÉΓòÉΓòÉΓòÉΓòÉΓòÉΓòÉΓòÉΓòÉΓòÉΓòÉΓòÉ
Γ£à STAGING MODE ATIVO - Backend DESABILITADO!
Γ£à Todas as opera├º├╡es de usu├írio usam Firestore direto!

[90mstderr[2m | tests/api.matchProviders.test.ts[2m > [22m[2mmatchProvidersForJob[2m 
> [22m[2mretorna resultado do backend quando sucesso
[22m[39m≡ƒöº [API v3] Tentando: 
https://us-central1-servioai-staging.cloudfunctions.net/api/match-providers

[90mstderr[2m | tests/api.edgecases.test.ts[2m > [22m[2mAPI Service - Edge Cases[2m 
> [22m[2mError handling[2m > [22m[2mdeve lidar com erros de rede corretamente
[22m[39m≡ƒöº [API v3] Tentando: 
https://us-central1-servioai-staging.cloudfunctions.net/users

 [32mΓ£ô[39m tests/AIJobRequestWizard.test.tsx [2m([22m[2m13 tests[22m[2m)[22m[33m 559[2mms[22m[39m
 [32mΓ£ô[39m tests/components/ResultsModal_AccessPage.comprehensive.test.tsx [2m([22m[2m40 tests[22m[2m)[22m[33m 881[2mms[22m[39m
 [32mΓ£ô[39m tests/week3/ProviderDashboard.expansion.test.tsx [2m([22m[2m68 tests[22m[2m)[22m[33m 744[2mms[22m[39m
[90mstdout[2m | tests/api.more.test.ts[2m > [22m[2mAPI Service ΓÇô additional coverage[2m > [22m[2mfetchOpenJobs[2m > [22m[2mcombina resultados de jobs ativos e em leil├úo do backend
[22m[39mXXX DEBUG: firebaseConfig loading
XXX DEBUG: import.meta.env.MODE: test

[90mstderr[2m | tests/api.more.test.ts[2m > [22m[2mAPI Service ΓÇô additional 
coverage[2m > [22m[2mfetchOpenJobs[2m > [22m[2mcombina resultados de jobs ativos e 
em leil├úo do backend
[22m[39m[firebase] Usando mocks porque a configura├º├úo est├í ausente ou desativada.

[90mstderr[2m | tests/api.more.test.ts[2m > [22m[2mAPI Service ΓÇô additional 
coverage[2m > [22m[2mfetchOpenJobs[2m > [22m[2mcombina resultados de jobs ativos e 
em leil├úo do backend
[22m[39m≡ƒöº [API v3] Tentando: 
https://us-central1-servioai-staging.cloudfunctions.net/jobs?status=em_leilao

[90mstderr[2m | tests/api.more.test.ts[2m > [22m[2mAPI Service ΓÇô additional 
coverage[2m > [22m[2mfetchOpenJobs[2m > [22m[2mfaz fallback para MOCK_JOBS quando o 
backend falha
[22m[39m≡ƒöº [API v3] Tentando: 
https://us-central1-servioai-staging.cloudfunctions.net/jobs?status=ativo

[90mstderr[2m | tests/api.more.test.ts[2m > [22m[2mAPI Service ΓÇô additional 
coverage[2m > [22m[2mfetchOpenJobs[2m > [22m[2mfaz fallback para MOCK_JOBS quando o 
backend falha
[22m[39m≡ƒÜ¿ [API v2] ERRO detectado em /jobs?status=ativo - ACIONANDO FALLBACK! Error: 
Network down
    at C:/Users/Admin/Desktop/Talina/Servio.AI/tests/api.more.test.ts:39:55
    at [90mfile:///C:/Users/Admin/Desktop/Talina/Servio.AI/[39mnode_modules/[4m@vitest/r
unner[24m/dist/index.js:145:11
    at [90mfile:///C:/Users/Admin/Desktop/Talina/Servio.AI/[39mnode_modules/[4m@vitest/r
unner[24m/dist/index.js:915:26
    at [90mfile:///C:/Users/Admin/Desktop/Talina/Servio.AI/[39mnode_modules/[4m@vitest/r
unner[24m/dist/index.js:1243:20
    at new Promise (<anonymous>)
    at runWithTimeout [90m(file:///C:/Users/Admin/Desktop/Talina/Servio.AI/[39mnode_modul
es/[4m@vitest/runner[24m/dist/index.js:1209:10[90m)[39m
    at [90mfile:///C:/Users/Admin/Desktop/Talina/Servio.AI/[39mnode_modules/[4m@vitest/r
unner[24m/dist/index.js:1653:37
    at Traces.$ [90m(file:///C:/Users/Admin/Desktop/Talina/Servio.AI/[39mnode_modules/[4
mvitest[24m/dist/chunks/traces.U4xDYhzZ.js:115:27[90m)[39m
    at trace [90m(file:///C:/Users/Admin/Desktop/Talina/Servio.AI/[39mnode_modules/[4mvi
test[24m/dist/chunks/test.B8ej_ZHS.js:239:21[90m)[39m
    at runTest [90m(file:///C:/Users/Admin/Desktop/Talina/Servio.AI/[39mnode_modules/[4m
@vitest/runner[24m/dist/index.js:1653:12[90m)[39m
[api] Backend unavailable for /jobs?status=ativo, triggering fallback Error: Network down
    at C:/Users/Admin/Desktop/Talina/Servio.AI/tests/api.more.test.ts:39:55
    at [90mfile:///C:/Users/Admin/Desktop/Talina/Servio.AI/[39mnode_modules/[4m@vitest/r
unner[24m/dist/index.js:145:11
    at [90mfile:///C:/Users/Admin/Desktop/Talina/Servio.AI/[39mnode_modules/[4m@vitest/r
unner[24m/dist/index.js:915:26
    at [90mfile:///C:/Users/Admin/Desktop/Talina/Servio.AI/[39mnode_modules/[4m@vitest/r
unner[24m/dist/index.js:1243:20
    at new Promise (<anonymous>)
    at runWithTimeout [90m(file:///C:/Users/Admin/Desktop/Talina/Servio.AI/[39mnode_modul
es/[4m@vitest/runner[24m/dist/index.js:1209:10[90m)[39m
    at [90mfile:///C:/Users/Admin/Desktop/Talina/Servio.AI/[39mnode_modules/[4m@vitest/r
unner[24m/dist/index.js:1653:37
    at Traces.$ [90m(file:///C:/Users/Admin/Desktop/Talina/Servio.AI/[39mnode_modules/[4
mvitest[24m/dist/chunks/traces.U4xDYhzZ.js:115:27[90m)[39m
    at trace [90m(file:///C:/Users/Admin/Desktop/Talina/Servio.AI/[39mnode_modules/[4mvi
test[24m/dist/chunks/test.B8ej_ZHS.js:239:21[90m)[39m
    at runTest [90m(file:///C:/Users/Admin/Desktop/Talina/Servio.AI/[39mnode_modules/[4m
@vitest/runner[24m/dist/index.js:1653:12[90m)[39m

[90mstderr[2m | tests/api.more.test.ts[2m > [22m[2mAPI Service ΓÇô additional 
coverage[2m > [22m[2mfetchOpenJobs[2m > [22m[2mfaz fallback para MOCK_JOBS quando o 
backend falha
[22m[39mFailed to fetch open jobs from backend, using mock data

[90mstderr[2m | tests/api.more.test.ts[2m > [22m[2mAPI Service ΓÇô additional 
coverage[2m > [22m[2mMaintained Items[2m > [22m[2mbusca itens mantidos para um 
cliente (sucesso)
[22m[39m≡ƒöº [API v3] Tentando: https://us-central1-servioai-staging.cloudfunctions.net/m
aintained-items?clientId=cliente@servio.ai

[90mstderr[2m | tests/api.more.test.ts[2m > [22m[2mAPI Service ΓÇô additional 
coverage[2m > [22m[2mMaintained Items[2m > [22m[2mfaz fallback para itens do mock 
quando o backend falha
[22m[39m≡ƒöº [API v3] Tentando: https://us-central1-servioai-staging.cloudfunctions.net/m
aintained-items?clientId=cliente@servio.ai

[90mstderr[2m | tests/api.more.test.ts[2m > [22m[2mAPI Service ΓÇô additional 
coverage[2m > [22m[2mMaintained Items[2m > [22m[2mfaz fallback para itens do mock 
quando o backend falha
[22m[39m≡ƒÜ¿ [API v2] ERRO detectado em /maintained-items?clientId=cliente@servio.ai - 
ACIONANDO FALLBACK! Error: timeout
    at C:/Users/Admin/Desktop/Talina/Servio.AI/tests/api.more.test.ts:65:55
    at [90mfile:///C:/Users/Admin/Desktop/Talina/Servio.AI/[39mnode_modules/[4m@vitest/r
unner[24m/dist/index.js:145:11
    at [90mfile:///C:/Users/Admin/Desktop/Talina/Servio.AI/[39mnode_modules/[4m@vitest/r
unner[24m/dist/index.js:915:26
    at [90mfile:///C:/Users/Admin/Desktop/Talina/Servio.AI/[39mnode_modules/[4m@vitest/r
unner[24m/dist/index.js:1243:20
    at new Promise (<anonymous>)
    at runWithTimeout [90m(file:///C:/Users/Admin/Desktop/Talina/Servio.AI/[39mnode_modul
es/[4m@vitest/runner[24m/dist/index.js:1209:10[90m)[39m
    at [90mfile:///C:/Users/Admin/Desktop/Talina/Servio.AI/[39mnode_modules/[4m@vitest/r
unner[24m/dist/index.js:1653:37
    at Traces.$ [90m(file:///C:/Users/Admin/Desktop/Talina/Servio.AI/[39mnode_modules/[4
mvitest[24m/dist/chunks/traces.U4xDYhzZ.js:115:27[90m)[39m
    at trace [90m(file:///C:/Users/Admin/Desktop/Talina/Servio.AI/[39mnode_modules/[4mvi
test[24m/dist/chunks/test.B8ej_ZHS.js:239:21[90m)[39m
    at runTest [90m(file:///C:/Users/Admin/Desktop/Talina/Servio.AI/[39mnode_modules/[4m
@vitest/runner[24m/dist/index.js:1653:12[90m)[39m
[api] Backend unavailable for /maintained-items?clientId=cliente@servio.ai, triggering 
fallback Error: timeout
    at C:/Users/Admin/Desktop/Talina/Servio.AI/tests/api.more.test.ts:65:55
    at [90mfile:///C:/Users/Admin/Desktop/Talina/Servio.AI/[39mnode_modules/[4m@vitest/r
unner[24m/dist/index.js:145:11
    at [90mfile:///C:/Users/Admin/Desktop/Talina/Servio.AI/[39mnode_modules/[4m@vitest/r
unner[24m/dist/index.js:915:26
    at [90mfile:///C:/Users/Admin/Desktop/Talina/Servio.AI/[39mnode_modules/[4m@vitest/r
unner[24m/dist/index.js:1243:20
    at new Promise (<anonymous>)
    at runWithTimeout [90m(file:///C:/Users/Admin/Desktop/Talina/Servio.AI/[39mnode_modul
es/[4m@vitest/runner[24m/dist/index.js:1209:10[90m)[39m
    at [90mfile:///C:/Users/Admin/Desktop/Talina/Servio.AI/[39mnode_modules/[4m@vitest/r
unner[24m/dist/index.js:1653:37
    at Traces.$ [90m(file:///C:/Users/Admin/Desktop/Talina/Servio.AI/[39mnode_modules/[4
mvitest[24m/dist/chunks/traces.U4xDYhzZ.js:115:27[90m)[39m
    at trace [90m(file:///C:/Users/Admin/Desktop/Talina/Servio.AI/[39mnode_modules/[4mvi
test[24m/dist/chunks/test.B8ej_ZHS.js:239:21[90m)[39m
    at runTest [90m(file:///C:/Users/Admin/Desktop/Talina/Servio.AI/[39mnode_modules/[4m
@vitest/runner[24m/dist/index.js:1653:12[90m)[39m

[90mstderr[2m | tests/api.more.test.ts[2m > [22m[2mAPI Service ΓÇô additional 
coverage[2m > [22m[2mMaintained Items[2m > [22m[2mfaz fallback para itens do mock 
quando o backend falha
[22m[39mFailed to fetch maintained items, using mock data

[90mstderr[2m | tests/api.more.test.ts[2m > [22m[2mAPI Service ΓÇô additional 
coverage[2m > [22m[2mMaintained Items[2m > [22m[2mcria novo item mantido (sucesso)
[22m[39m≡ƒöº [API v3] Tentando: 
https://us-central1-servioai-staging.cloudfunctions.net/maintained-items

[90mstderr[2m | tests/api.more.test.ts[2m > [22m[2mAPI Service ΓÇô additional 
coverage[2m > [22m[2mBids[2m > [22m[2mlista bids (sucesso)
[22m[39m≡ƒöº [API v3] Tentando: 
https://us-central1-servioai-staging.cloudfunctions.net/bids

[90mstderr[2m | tests/api.more.test.ts[2m > [22m[2mAPI Service ΓÇô additional 
coverage[2m > [22m[2mBids[2m > [22m[2mfaz fallback para MOCK_BIDS quando falha
[22m[39m≡ƒöº [API v3] Tentando: 
https://us-central1-servioai-staging.cloudfunctions.net/bids

[90mstderr[2m | tests/api.more.test.ts[2m > [22m[2mAPI Service ΓÇô additional 
coverage[2m > [22m[2mBids[2m > [22m[2mfaz fallback para MOCK_BIDS quando falha
[22m[39m≡ƒÜ¿ [API v2] ERRO detectado em /bids - ACIONANDO FALLBACK! Error: offline
    at C:/Users/Admin/Desktop/Talina/Servio.AI/tests/api.more.test.ts:116:55
    at [90mfile:///C:/Users/Admin/Desktop/Talina/Servio.AI/[39mnode_modules/[4m@vitest/r
unner[24m/dist/index.js:145:11
    at [90mfile:///C:/Users/Admin/Desktop/Talina/Servio.AI/[39mnode_modules/[4m@vitest/r
unner[24m/dist/index.js:915:26
    at [90mfile:///C:/Users/Admin/Desktop/Talina/Servio.AI/[39mnode_modules/[4m@vitest/r
unner[24m/dist/index.js:1243:20
    at new Promise (<anonymous>)
    at runWithTimeout [90m(file:///C:/Users/Admin/Desktop/Talina/Servio.AI/[39mnode_modul
es/[4m@vitest/runner[24m/dist/index.js:1209:10[90m)[39m
    at [90mfile:///C:/Users/Admin/Desktop/Talina/Servio.AI/[39mnode_modules/[4m@vitest/r
unner[24m/dist/index.js:1653:37
    at Traces.$ [90m(file:///C:/Users/Admin/Desktop/Talina/Servio.AI/[39mnode_modules/[4
mvitest[24m/dist/chunks/traces.U4xDYhzZ.js:115:27[90m)[39m
    at trace [90m(file:///C:/Users/Admin/Desktop/Talina/Servio.AI/[39mnode_modules/[4mvi
test[24m/dist/chunks/test.B8ej_ZHS.js:239:21[90m)[39m
    at runTest [90m(file:///C:/Users/Admin/Desktop/Talina/Servio.AI/[39mnode_modules/[4m
@vitest/runner[24m/dist/index.js:1653:12[90m)[39m
[api] Backend unavailable for /bids, triggering fallback Error: offline
    at C:/Users/Admin/Desktop/Talina/Servio.AI/tests/api.more.test.ts:116:55
    at [90mfile:///C:/Users/Admin/Desktop/Talina/Servio.AI/[39mnode_modules/[4m@vitest/r
unner[24m/dist/index.js:145:11
    at [90mfile:///C:/Users/Admin/Desktop/Talina/Servio.AI/[39mnode_modules/[4m@vitest/r
unner[24m/dist/index.js:915:26
    at [90mfile:///C:/Users/Admin/Desktop/Talina/Servio.AI/[39mnode_modules/[4m@vitest/r
unner[24m/dist/index.js:1243:20
    at new Promise (<anonymous>)
    at runWithTimeout [90m(file:///C:/Users/Admin/Desktop/Talina/Servio.AI/[39mnode_modul
es/[4m@vitest/runner[24m/dist/index.js:1209:10[90m)[39m
    at [90mfile:///C:/Users/Admin/Desktop/Talina/Servio.AI/[39mnode_modules/[4m@vitest/r
unner[24m/dist/index.js:1653:37
    at Traces.$ [90m(file:///C:/Users/Admin/Desktop/Talina/Servio.AI/[39mnode_modules/[4
mvitest[24m/dist/chunks/traces.U4xDYhzZ.js:115:27[90m)[39m
    at trace [90m(file:///C:/Users/Admin/Desktop/Talina/Servio.AI/[39mnode_modules/[4mvi
test[24m/dist/chunks/test.B8ej_ZHS.js:239:21[90m)[39m
    at runTest [90m(file:///C:/Users/Admin/Desktop/Talina/Servio.AI/[39mnode_modules/[4m
@vitest/runner[24m/dist/index.js:1653:12[90m)[39m

[90mstderr[2m | tests/api.more.test.ts[2m > [22m[2mAPI Service ΓÇô additional 
coverage[2m > [22m[2mBids[2m > [22m[2mfaz fallback para MOCK_BIDS quando falha
[22m[39mFailed to fetch bids, using mock data

[90mstderr[2m | tests/api.more.test.ts[2m > [22m[2mAPI Service ΓÇô additional 
coverage[2m > [22m[2mBids[2m > [22m[2mfiltra bids por provider no fallback
[22m[39m≡ƒöº [API v3] Tentando: https://us-central1-servioai-staging.cloudfunctions.net/b
ids?providerId=fernanda.design@email.com

[90mstderr[2m | tests/api.more.test.ts[2m > [22m[2mAPI Service ΓÇô additional 
coverage[2m > [22m[2mBids[2m > [22m[2mfiltra bids por provider no fallback
[22m[39m≡ƒÜ¿ [API v2] ERRO detectado em /bids?providerId=fernanda.design@email.com - 
ACIONANDO FALLBACK! Error: nope
    at C:/Users/Admin/Desktop/Talina/Servio.AI/tests/api.more.test.ts:124:55
    at [90mfile:///C:/Users/Admin/Desktop/Talina/Servio.AI/[39mnode_modules/[4m@vitest/r
unner[24m/dist/index.js:145:11
    at [90mfile:///C:/Users/Admin/Desktop/Talina/Servio.AI/[39mnode_modules/[4m@vitest/r
unner[24m/dist/index.js:915:26
    at [90mfile:///C:/Users/Admin/Desktop/Talina/Servio.AI/[39mnode_modules/[4m@vitest/r
unner[24m/dist/index.js:1243:20
    at new Promise (<anonymous>)
    at runWithTimeout [90m(file:///C:/Users/Admin/Desktop/Talina/Servio.AI/[39mnode_modul
es/[4m@vitest/runner[24m/dist/index.js:1209:10[90m)[39m
    at [90mfile:///C:/Users/Admin/Desktop/Talina/Servio.AI/[39mnode_modules/[4m@vitest/r
unner[24m/dist/index.js:1653:37
    at Traces.$ [90m(file:///C:/Users/Admin/Desktop/Talina/Servio.AI/[39mnode_modules/[4
mvitest[24m/dist/chunks/traces.U4xDYhzZ.js:115:27[90m)[39m
    at trace [90m(file:///C:/Users/Admin/Desktop/Talina/Servio.AI/[39mnode_modules/[4mvi
test[24m/dist/chunks/test.B8ej_ZHS.js:239:21[90m)[39m
    at runTest [90m(file:///C:/Users/Admin/Desktop/Talina/Servio.AI/[39mnode_modules/[4m
@vitest/runner[24m/dist/index.js:1653:12[90m)[39m
[api] Backend unavailable for /bids?providerId=fernanda.design@email.com, triggering 
fallback Error: nope
    at C:/Users/Admin/Desktop/Talina/Servio.AI/tests/api.more.test.ts:124:55
    at [90mfile:///C:/Users/Admin/Desktop/Talina/Servio.AI/[39mnode_modules/[4m@vitest/r
unner[24m/dist/index.js:145:11
    at [90mfile:///C:/Users/Admin/Desktop/Talina/Servio.AI/[39mnode_modules/[4m@vitest/r
unner[24m/dist/index.js:915:26
    at [90mfile:///C:/Users/Admin/Desktop/Talina/Servio.AI/[39mnode_modules/[4m@vitest/r
unner[24m/dist/index.js:1243:20
    at new Promise (<anonymous>)
    at runWithTimeout [90m(file:///C:/Users/Admin/Desktop/Talina/Servio.AI/[39mnode_modul
es/[4m@vitest/runner[24m/dist/index.js:1209:10[90m)[39m
    at [90mfile:///C:/Users/Admin/Desktop/Talina/Servio.AI/[39mnode_modules/[4m@vitest/r
unner[24m/dist/index.js:1653:37
    at Traces.$ [90m(file:///C:/Users/Admin/Desktop/Talina/Servio.AI/[39mnode_modules/[4
mvitest[24m/dist/chunks/traces.U4xDYhzZ.js:115:27[90m)[39m
    at trace [90m(file:///C:/Users/Admin/Desktop/Talina/Servio.AI/[39mnode_modules/[4mvi
test[24m/dist/chunks/test.B8ej_ZHS.js:239:21[90m)[39m
    at runTest [90m(file:///C:/Users/Admin/Desktop/Talina/Servio.AI/[39mnode_modules/[4m
@vitest/runner[24m/dist/index.js:1653:12[90m)[39m

[90mstderr[2m | tests/api.more.test.ts[2m > [22m[2mAPI Service ΓÇô additional 
coverage[2m > [22m[2mBids[2m > [22m[2mfiltra bids por provider no fallback
[22m[39mFailed to fetch bids for provider fernanda.design@email.com from backend, using 
mock data

[90mstderr[2m | tests/api.more.test.ts[2m > [22m[2mAPI Service ΓÇô additional 
coverage[2m > [22m[2mfetchFraudAlerts (alias)[2m > [22m[2mretorna o mesmo resultado 
de fetchSentimentAlerts
[22m[39m≡ƒöº [API v3] Tentando: 
https://us-central1-servioai-staging.cloudfunctions.net/sentiment-alerts
≡ƒöº [API v3] Tentando: 
https://us-central1-servioai-staging.cloudfunctions.net/sentiment-alerts

 [32mΓ£ô[39m tests/api.more.test.ts [2m([22m[2m9 tests[22m[2m)[22m[33m 444[2mms[22m[39m
       [33m[2mΓ£ô[22m[39m combina resultados de jobs ativos e em leil├úo do backend [33m 404[2mms[22m[39m
[90mstdout[2m | tests/api.matchProviders.test.ts[2m > [22m[2mmatchProvidersForJob[2m > [22m[2mretorna resultado do backend quando sucesso
[22m[39mXXX DEBUG: firebaseConfig loading
XXX DEBUG: import.meta.env.MODE: test

[90mstderr[2m | tests/api.matchProviders.test.ts[2m > [22m[2mmatchProvidersForJob[2m 
> [22m[2mretorna resultado do backend quando sucesso
[22m[39m[firebase] Usando mocks porque a configura├º├úo est├í ausente ou desativada.

[90mstdout[2m | tests/api.edgecases.test.ts[2m > [22m[2mAPI Service - Edge Cases[2m > [22m[2mError handling[2m > [22m[2mdeve lidar com erros de rede corretamente
[22m[39mXXX DEBUG: firebaseConfig loading
XXX DEBUG: import.meta.env.MODE: test

[90mstderr[2m | tests/api.edgecases.test.ts[2m > [22m[2mAPI Service - Edge Cases[2m 
> [22m[2mError handling[2m > [22m[2mdeve lidar com erros de rede corretamente
[22m[39m[firebase] Usando mocks porque a configura├º├úo est├í ausente ou desativada.

[90mstderr[2m | tests/api.matchProviders.test.ts[2m > [22m[2mmatchProvidersForJob[2m 
> [22m[2mfaz fallback para matching b├ísico quando backend falha
[22m[39m≡ƒöº [API v3] Tentando: 
https://us-central1-servioai-staging.cloudfunctions.net/api/match-providers

[90mstderr[2m | tests/api.edgecases.test.ts[2m > [22m[2mAPI Service - Edge Cases[2m 
> [22m[2mError handling[2m > [22m[2mdeve lidar com erros de rede corretamente
[22m[39m≡ƒÜ¿ [API v2] ERRO detectado em /users - ACIONANDO FALLBACK! Error: Network 
timeout
    at C:/Users/Admin/Desktop/Talina/Servio.AI/tests/api.edgecases.test.ts:18:39
    at [90mfile:///C:/Users/Admin/Desktop/Talina/Servio.AI/[39mnode_modules/[4m@vitest/r
unner[24m/dist/index.js:145:11
    at [90mfile:///C:/Users/Admin/Desktop/Talina/Servio.AI/[39mnode_modules/[4m@vitest/r
unner[24m/dist/index.js:915:26
    at [90mfile:///C:/Users/Admin/Desktop/Talina/Servio.AI/[39mnode_modules/[4m@vitest/r
unner[24m/dist/index.js:1243:20
    at new Promise (<anonymous>)
    at runWithTimeout [90m(file:///C:/Users/Admin/Desktop/Talina/Servio.AI/[39mnode_modul
es/[4m@vitest/runner[24m/dist/index.js:1209:10[90m)[39m
    at [90mfile:///C:/Users/Admin/Desktop/Talina/Servio.AI/[39mnode_modules/[4m@vitest/r
unner[24m/dist/index.js:1653:37
    at Traces.$ [90m(file:///C:/Users/Admin/Desktop/Talina/Servio.AI/[39mnode_modules/[4
mvitest[24m/dist/chunks/traces.U4xDYhzZ.js:115:27[90m)[39m
    at trace [90m(file:///C:/Users/Admin/Desktop/Talina/Servio.AI/[39mnode_modules/[4mvi
test[24m/dist/chunks/test.B8ej_ZHS.js:239:21[90m)[39m
    at runTest [90m(file:///C:/Users/Admin/Desktop/Talina/Servio.AI/[39mnode_modules/[4m
@vitest/runner[24m/dist/index.js:1653:12[90m)[39m
[api] Backend unavailable for /users, triggering fallback Error: Network timeout
    at C:/Users/Admin/Desktop/Talina/Servio.AI/tests/api.edgecases.test.ts:18:39
    at [90mfile:///C:/Users/Admin/Desktop/Talina/Servio.AI/[39mnode_modules/[4m@vitest/r
unner[24m/dist/index.js:145:11
    at [90mfile:///C:/Users/Admin/Desktop/Talina/Servio.AI/[39mnode_modules/[4m@vitest/r
unner[24m/dist/index.js:915:26
    at [90mfile:///C:/Users/Admin/Desktop/Talina/Servio.AI/[39mnode_modules/[4m@vitest/r
unner[24m/dist/index.js:1243:20
    at new Promise (<anonymous>)
    at runWithTimeout [90m(file:///C:/Users/Admin/Desktop/Talina/Servio.AI/[39mnode_modul
es/[4m@vitest/runner[24m/dist/index.js:1209:10[90m)[39m
    at [90mfile:///C:/Users/Admin/Desktop/Talina/Servio.AI/[39mnode_modules/[4m@vitest/r
unner[24m/dist/index.js:1653:37
    at Traces.$ [90m(file:///C:/Users/Admin/Desktop/Talina/Servio.AI/[39mnode_modules/[4
mvitest[24m/dist/chunks/traces.U4xDYhzZ.js:115:27[90m)[39m
    at trace [90m(file:///C:/Users/Admin/Desktop/Talina/Servio.AI/[39mnode_modules/[4mvi
test[24m/dist/chunks/test.B8ej_ZHS.js:239:21[90m)[39m
    at runTest [90m(file:///C:/Users/Admin/Desktop/Talina/Servio.AI/[39mnode_modules/[4m
@vitest/runner[24m/dist/index.js:1653:12[90m)[39m

[90mstderr[2m | tests/api.edgecases.test.ts[2m > [22m[2mAPI Service - Edge Cases[2m 
> [22m[2mError handling[2m > [22m[2mdeve lidar com erros de rede corretamente
[22m[39mFailed to fetch users from backend, using mock data

[90mstderr[2m | tests/api.matchProviders.test.ts[2m > [22m[2mmatchProvidersForJob[2m 
> [22m[2mfaz fallback para matching b├ísico quando backend falha
[22m[39m≡ƒÜ¿ [API v2] ERRO detectado em /api/match-providers - ACIONANDO FALLBACK! 
Error: Network error
    at C:/Users/Admin/Desktop/Talina/Servio.AI/tests/api.matchProviders.test.ts:34:53
    at [90mfile:///C:/Users/Admin/Desktop/Talina/Servio.AI/[39mnode_modules/[4m@vitest/r
unner[24m/dist/index.js:145:11
    at [90mfile:///C:/Users/Admin/Desktop/Talina/Servio.AI/[39mnode_modules/[4m@vitest/r
unner[24m/dist/index.js:915:26
    at [90mfile:///C:/Users/Admin/Desktop/Talina/Servio.AI/[39mnode_modules/[4m@vitest/r
unner[24m/dist/index.js:1243:20
    at new Promise (<anonymous>)
    at runWithTimeout [90m(file:///C:/Users/Admin/Desktop/Talina/Servio.AI/[39mnode_modul
es/[4m@vitest/runner[24m/dist/index.js:1209:10[90m)[39m
    at [90mfile:///C:/Users/Admin/Desktop/Talina/Servio.AI/[39mnode_modules/[4m@vitest/r
unner[24m/dist/index.js:1653:37
    at Traces.$ [90m(file:///C:/Users/Admin/Desktop/Talina/Servio.AI/[39mnode_modules/[4
mvitest[24m/dist/chunks/traces.U4xDYhzZ.js:115:27[90m)[39m
    at trace [90m(file:///C:/Users/Admin/Desktop/Talina/Servio.AI/[39mnode_modules/[4mvi
test[24m/dist/chunks/test.B8ej_ZHS.js:239:21[90m)[39m
    at runTest [90m(file:///C:/Users/Admin/Desktop/Talina/Servio.AI/[39mnode_modules/[4m
@vitest/runner[24m/dist/index.js:1653:12[90m)[39m
[api] Backend unavailable for /api/match-providers, triggering fallback Error: Network 
error
    at C:/Users/Admin/Desktop/Talina/Servio.AI/tests/api.matchProviders.test.ts:34:53
    at [90mfile:///C:/Users/Admin/Desktop/Talina/Servio.AI/[39mnode_modules/[4m@vitest/r
unner[24m/dist/index.js:145:11
    at [90mfile:///C:/Users/Admin/Desktop/Talina/Servio.AI/[39mnode_modules/[4m@vitest/r
unner[24m/dist/index.js:915:26
    at [90mfile:///C:/Users/Admin/Desktop/Talina/Servio.AI/[39mnode_modules/[4m@vitest/r
unner[24m/dist/index.js:1243:20
    at new Promise (<anonymous>)
    at runWithTimeout [90m(file:///C:/Users/Admin/Desktop/Talina/Servio.AI/[39mnode_modul
es/[4m@vitest/runner[24m/dist/index.js:1209:10[90m)[39m
    at [90mfile:///C:/Users/Admin/Desktop/Talina/Servio.AI/[39mnode_modules/[4m@vitest/r
unner[24m/dist/index.js:1653:37
    at Traces.$ [90m(file:///C:/Users/Admin/Desktop/Talina/Servio.AI/[39mnode_modules/[4
mvitest[24m/dist/chunks/traces.U4xDYhzZ.js:115:27[90m)[39m
    at trace [90m(file:///C:/Users/Admin/Desktop/Talina/Servio.AI/[39mnode_modules/[4mvi
test[24m/dist/chunks/test.B8ej_ZHS.js:239:21[90m)[39m
    at runTest [90m(file:///C:/Users/Admin/Desktop/Talina/Servio.AI/[39mnode_modules/[4m
@vitest/runner[24m/dist/index.js:1653:12[90m)[39m

[90mstderr[2m | tests/api.matchProviders.test.ts[2m > [22m[2mmatchProvidersForJob[2m 
> [22m[2mfaz fallback para matching b├ísico quando backend falha
[22m[39mAI matching failed, using basic local matching
≡ƒöº [API v3] Tentando: https://us-central1-servioai-staging.cloudfunctions.net/users?type=
prestador&verificationStatus=verificado

[90mstderr[2m | tests/api.matchProviders.test.ts[2m > [22m[2mmatchProvidersForJob[2m 
> [22m[2mfaz fallback para matching b├ísico quando backend falha
[22m[39m≡ƒÜ¿ [API v2] ERRO detectado em 
/users?type=prestador&verificationStatus=verificado - ACIONANDO FALLBACK! Error: Network 
error
    at C:/Users/Admin/Desktop/Talina/Servio.AI/tests/api.matchProviders.test.ts:38:53
    at [90mfile:///C:/Users/Admin/Desktop/Talina/Servio.AI/[39mnode_modules/[4m@vitest/r
unner[24m/dist/index.js:145:11
    at [90mfile:///C:/Users/Admin/Desktop/Talina/Servio.AI/[39mnode_modules/[4m@vitest/r
unner[24m/dist/index.js:915:26
    at [90mfile:///C:/Users/Admin/Desktop/Talina/Servio.AI/[39mnode_modules/[4m@vitest/r
unner[24m/dist/index.js:1243:20
    at new Promise (<anonymous>)
    at runWithTimeout [90m(file:///C:/Users/Admin/Desktop/Talina/Servio.AI/[39mnode_modul
es/[4m@vitest/runner[24m/dist/index.js:1209:10[90m)[39m
    at [90mfile:///C:/Users/Admin/Desktop/Talina/Servio.AI/[39mnode_modules/[4m@vitest/r
unner[24m/dist/index.js:1653:37
    at Traces.$ [90m(file:///C:/Users/Admin/Desktop/Talina/Servio.AI/[39mnode_modules/[4
mvitest[24m/dist/chunks/traces.U4xDYhzZ.js:115:27[90m)[39m
    at trace [90m(file:///C:/Users/Admin/Desktop/Talina/Servio.AI/[39mnode_modules/[4mvi
test[24m/dist/chunks/test.B8ej_ZHS.js:239:21[90m)[39m
    at runTest [90m(file:///C:/Users/Admin/Desktop/Talina/Servio.AI/[39mnode_modules/[4m
@vitest/runner[24m/dist/index.js:1653:12[90m)[39m
[api] Backend unavailable for /users?type=prestador&verificationStatus=verificado, 
triggering fallback Error: Network error
    at C:/Users/Admin/Desktop/Talina/Servio.AI/tests/api.matchProviders.test.ts:38:53
    at [90mfile:///C:/Users/Admin/Desktop/Talina/Servio.AI/[39mnode_modules/[4m@vitest/r
unner[24m/dist/index.js:145:11
    at [90mfile:///C:/Users/Admin/Desktop/Talina/Servio.AI/[39mnode_modules/[4m@vitest/r
unner[24m/dist/index.js:915:26
    at [90mfile:///C:/Users/Admin/Desktop/Talina/Servio.AI/[39mnode_modules/[4m@vitest/r
unner[24m/dist/index.js:1243:20
    at new Promise (<anonymous>)
    at runWithTimeout [90m(file:///C:/Users/Admin/Desktop/Talina/Servio.AI/[39mnode_modul
es/[4m@vitest/runner[24m/dist/index.js:1209:10[90m)[39m
    at [90mfile:///C:/Users/Admin/Desktop/Talina/Servio.AI/[39mnode_modules/[4m@vitest/r
unner[24m/dist/index.js:1653:37
    at Traces.$ [90m(file:///C:/Users/Admin/Desktop/Talina/Servio.AI/[39mnode_modules/[4
mvitest[24m/dist/chunks/traces.U4xDYhzZ.js:115:27[90m)[39m
    at trace [90m(file:///C:/Users/Admin/Desktop/Talina/Servio.AI/[39mnode_modules/[4mvi
test[24m/dist/chunks/test.B8ej_ZHS.js:239:21[90m)[39m
    at runTest [90m(file:///C:/Users/Admin/Desktop/Talina/Servio.AI/[39mnode_modules/[4m
@vitest/runner[24m/dist/index.js:1653:12[90m)[39m

[90mstderr[2m | tests/api.matchProviders.test.ts[2m > [22m[2mmatchProvidersForJob[2m 
> [22m[2mfaz fallback para matching b├ísico quando backend falha
[22m[39mFailed to fetch providers from backend, using mock data

[90mstderr[2m | tests/api.edgecases.test.ts[2m > [22m[2mAPI Service - Edge Cases[2m 
> [22m[2mError handling[2m > [22m[2mdeve lidar com resposta 500 do servidor
[22m[39m≡ƒöº [API v3] Tentando: 
https://us-central1-servioai-staging.cloudfunctions.net/users

[90mstderr[2m | tests/api.matchProviders.test.ts[2m > [22m[2mmatchProvidersForJob[2m 
> [22m[2mfiltra providers por dist├óncia quando especificado
[22m[39m≡ƒöº [API v3] Tentando: 
https://us-central1-servioai-staging.cloudfunctions.net/api/match-providers

[90mstderr[2m | tests/api.edgecases.test.ts[2m > [22m[2mAPI Service - Edge Cases[2m 
> [22m[2mError handling[2m > [22m[2mdeve lidar com resposta 500 do servidor
[22m[39m≡ƒÜ¿ [API v2] ERRO detectado em /users - ACIONANDO FALLBACK! Error: Erro interno 
do servidor. Tente mais tarde.
    at makeApiError (C:/Users/Admin/Desktop/Talina/Servio.AI/services/api.ts:88:15)
    at apiCall (C:/Users/Admin/Desktop/Talina/Servio.AI/services/api.ts:142:13)
[90m    at processTicksAndRejections (node:internal/process/task_queues:103:5)[39m
    at Module.fetchAllUsers 
(C:/Users/Admin/Desktop/Talina/Servio.AI/services/api.ts:179:12)
    at C:/Users/Admin/Desktop/Talina/Servio.AI/tests/api.edgecases.test.ts:36:21
    at [90mfile:///C:/Users/Admin/Desktop/Talina/Servio.AI/[39mnode_modules/[4m@vitest/r
unner[24m/dist/index.js:915:20 {
  code: [32m'E_SERVER'[39m,
  status: [33m500[39m,
  details: { error: [32m'Server error'[39m }
}
[api] Backend unavailable for /users, triggering fallback Error: Erro interno do servidor. 
Tente mais tarde.
    at makeApiError (C:/Users/Admin/Desktop/Talina/Servio.AI/services/api.ts:88:15)
    at apiCall (C:/Users/Admin/Desktop/Talina/Servio.AI/services/api.ts:142:13)
[90m    at processTicksAndRejections (node:internal/process/task_queues:103:5)[39m
    at Module.fetchAllUsers 
(C:/Users/Admin/Desktop/Talina/Servio.AI/services/api.ts:179:12)
    at C:/Users/Admin/Desktop/Talina/Servio.AI/tests/api.edgecases.test.ts:36:21
    at [90mfile:///C:/Users/Admin/Desktop/Talina/Servio.AI/[39mnode_modules/[4m@vitest/r
unner[24m/dist/index.js:915:20 {
  code: [32m'E_SERVER'[39m,
  status: [33m500[39m,
  details: { error: [32m'Server error'[39m }
}

[90mstderr[2m | tests/api.edgecases.test.ts[2m > [22m[2mAPI Service - Edge Cases[2m 
> [22m[2mError handling[2m > [22m[2mdeve lidar com resposta 500 do servidor
[22m[39mFailed to fetch users from backend, using mock data

[90mstderr[2m | tests/api.matchProviders.test.ts[2m > [22m[2mmatchProvidersForJob[2m 
> [22m[2mretorna array vazio quando nenhum provider est├í dispon├¡vel
[22m[39m≡ƒöº [API v3] Tentando: 
https://us-central1-servioai-staging.cloudfunctions.net/api/match-providers

[90mstderr[2m | tests/api.edgecases.test.ts[2m > [22m[2mAPI Service - Edge Cases[2m 
> [22m[2mError handling[2m > [22m[2mdeve lidar com resposta 404 n├úo encontrada
[22m[39m≡ƒöº [API v3] Tentando: 
https://us-central1-servioai-staging.cloudfunctions.net/users

[90mstderr[2m | tests/api.matchProviders.test.ts[2m > [22m[2mmatchProvidersForJob[2m 
> [22m[2mordena providers por score decrescente
[22m[39m≡ƒöº [API v3] Tentando: 
https://us-central1-servioai-staging.cloudfunctions.net/api/match-providers

[90mstderr[2m | tests/api.edgecases.test.ts[2m > [22m[2mAPI Service - Edge Cases[2m 
> [22m[2mError handling[2m > [22m[2mdeve lidar com resposta 404 n├úo encontrada
[22m[39m≡ƒÜ¿ [API v2] ERRO detectado em /users - ACIONANDO FALLBACK! Error: Recurso n├úo 
encontrado.
    at makeApiError (C:/Users/Admin/Desktop/Talina/Servio.AI/services/api.ts:88:15)
    at apiCall (C:/Users/Admin/Desktop/Talina/Servio.AI/services/api.ts:142:13)
[90m    at processTicksAndRejections (node:internal/process/task_queues:103:5)[39m
    at Module.fetchAllUsers 
(C:/Users/Admin/Desktop/Talina/Servio.AI/services/api.ts:179:12)
    at C:/Users/Admin/Desktop/Talina/Servio.AI/tests/api.edgecases.test.ts:48:21
    at [90mfile:///C:/Users/Admin/Desktop/Talina/Servio.AI/[39mnode_modules/[4m@vitest/r
unner[24m/dist/index.js:915:20 {
  code: [32m'E_NOT_FOUND'[39m,
  status: [33m404[39m,
  details: { error: [32m'Not found'[39m }
}
[api] Backend unavailable for /users, triggering fallback Error: Recurso n├úo encontrado.
    at makeApiError (C:/Users/Admin/Desktop/Talina/Servio.AI/services/api.ts:88:15)
    at apiCall (C:/Users/Admin/Desktop/Talina/Servio.AI/services/api.ts:142:13)
[90m    at processTicksAndRejections (node:internal/process/task_queues:103:5)[39m
    at Module.fetchAllUsers 
(C:/Users/Admin/Desktop/Talina/Servio.AI/services/api.ts:179:12)
    at C:/Users/Admin/Desktop/Talina/Servio.AI/tests/api.edgecases.test.ts:48:21
    at [90mfile:///C:/Users/Admin/Desktop/Talina/Servio.AI/[39mnode_modules/[4m@vitest/r
unner[24m/dist/index.js:915:20 {
  code: [32m'E_NOT_FOUND'[39m,
  status: [33m404[39m,
  details: { error: [32m'Not found'[39m }
}

[90mstderr[2m | tests/api.edgecases.test.ts[2m > [22m[2mAPI Service - Edge Cases[2m 
> [22m[2mError handling[2m > [22m[2mdeve lidar com resposta 404 n├úo encontrada
[22m[39mFailed to fetch users from backend, using mock data

[90mstderr[2m | tests/api.matchProviders.test.ts[2m > [22m[2mmatchProvidersForJob[2m 
> [22m[2minclui raz├úo do match para cada provider
[22m[39m≡ƒöº [API v3] Tentando: 
https://us-central1-servioai-staging.cloudfunctions.net/api/match-providers

[90mstderr[2m | tests/api.edgecases.test.ts[2m > [22m[2mAPI Service - Edge Cases[2m 
> [22m[2mError handling[2m > [22m[2mdeve lidar com JSON inv├ílido na resposta
[22m[39m≡ƒöº [API v3] Tentando: 
https://us-central1-servioai-staging.cloudfunctions.net/users

[90mstderr[2m | tests/api.edgecases.test.ts[2m > [22m[2mAPI Service - Edge Cases[2m 
> [22m[2mError handling[2m > [22m[2mdeve lidar com JSON inv├ílido na resposta
[22m[39m≡ƒÜ¿ [API v2] ERRO detectado em /users - ACIONANDO FALLBACK! Error: Invalid JSON
    at Object.json 
(C:/Users/Admin/Desktop/Talina/Servio.AI/tests/api.edgecases.test.ts:56:17)
    at apiCall (C:/Users/Admin/Desktop/Talina/Servio.AI/services/api.ts:144:27)
[90m    at processTicksAndRejections (node:internal/process/task_queues:103:5)[39m
    at Module.fetchAllUsers 
(C:/Users/Admin/Desktop/Talina/Servio.AI/services/api.ts:179:12)
    at C:/Users/Admin/Desktop/Talina/Servio.AI/tests/api.edgecases.test.ts:61:21
    at [90mfile:///C:/Users/Admin/Desktop/Talina/Servio.AI/[39mnode_modules/[4m@vitest/r
unner[24m/dist/index.js:915:20
[api] Backend unavailable for /users, triggering fallback Error: Invalid JSON
    at Object.json 
(C:/Users/Admin/Desktop/Talina/Servio.AI/tests/api.edgecases.test.ts:56:17)
    at apiCall (C:/Users/Admin/Desktop/Talina/Servio.AI/services/api.ts:144:27)
[90m    at processTicksAndRejections (node:internal/process/task_queues:103:5)[39m
    at Module.fetchAllUsers 
(C:/Users/Admin/Desktop/Talina/Servio.AI/services/api.ts:179:12)
    at C:/Users/Admin/Desktop/Talina/Servio.AI/tests/api.edgecases.test.ts:61:21
    at [90mfile:///C:/Users/Admin/Desktop/Talina/Servio.AI/[39mnode_modules/[4m@vitest/r
unner[24m/dist/index.js:915:20

[90mstderr[2m | tests/api.edgecases.test.ts[2m > [22m[2mAPI Service - Edge Cases[2m 
> [22m[2mError handling[2m > [22m[2mdeve lidar com JSON inv├ílido na resposta
[22m[39mFailed to fetch users from backend, using mock data

[90mstderr[2m | tests/api.edgecases.test.ts[2m > [22m[2mAPI Service - Edge Cases[2m 
> [22m[2mError handling[2m > [22m[2mdeve lidar com timeout de requisi├º├úo
[22m[39m≡ƒöº [API v3] Tentando: 
https://us-central1-servioai-staging.cloudfunctions.net/users

 [32mΓ£ô[39m tests/api.matchProviders.test.ts [2m([22m[2m6 tests[22m[2m)[22m[33m 456[2mms[22m[39m
     [33m[2mΓ£ô[22m[39m retorna resultado do backend quando sucesso [33m 425[2mms[22m[39m
[90mstderr[2m | tests/api.edgecases.test.ts[2m > [22m[2mAPI Service - Edge Cases[2m 
> [22m[2mError handling[2m > [22m[2mdeve lidar com timeout de requisi├º├úo
[22m[39m≡ƒÜ¿ [API v2] ERRO detectado em /users - ACIONANDO FALLBACK! Error: Request 
timeout
    at Timeout._onTimeout 
(C:/Users/Admin/Desktop/Talina/Servio.AI/tests/api.edgecases.test.ts:69:62)
[90m    at listOnTimeout (node:internal/timers:605:17)[39m
[90m    at processTimers (node:internal/timers:541:7)[39m
[api] Backend unavailable for /users, triggering fallback Error: Request timeout
    at Timeout._onTimeout 
(C:/Users/Admin/Desktop/Talina/Servio.AI/tests/api.edgecases.test.ts:69:62)
[90m    at listOnTimeout (node:internal/timers:605:17)[39m
[90m    at processTimers (node:internal/timers:541:7)[39m

[90mstderr[2m | tests/api.edgecases.test.ts[2m > [22m[2mAPI Service - Edge Cases[2m 
> [22m[2mError handling[2m > [22m[2mdeve lidar com timeout de requisi├º├úo
[22m[39mFailed to fetch users from backend, using mock data

[90mstderr[2m | tests/api.edgecases.test.ts[2m > [22m[2mAPI Service - Edge Cases[2m 
> [22m[2mConcorr├¬ncia[2m > [22m[2mdeve lidar com m├║ltiplas requisi├º├╡es 
simult├óneas
[22m[39m≡ƒöº [API v3] Tentando: 
https://us-central1-servioai-staging.cloudfunctions.net/users
≡ƒöº [API v3] Tentando: https://us-central1-servioai-staging.cloudfunctions.net/users
≡ƒöº [API v3] Tentando: https://us-central1-servioai-staging.cloudfunctions.net/users

[90mstderr[2m | tests/api.edgecases.test.ts[2m > [22m[2mAPI Service - Edge Cases[2m 
> [22m[2mConcorr├¬ncia[2m > [22m[2mdeve manter isolamento entre requisi├º├╡es 
paralelas que falham
[22m[39m≡ƒöº [API v3] Tentando: 
https://us-central1-servioai-staging.cloudfunctions.net/users
≡ƒöº [API v3] Tentando: https://us-central1-servioai-staging.cloudfunctions.net/users
≡ƒöº [API v3] Tentando: https://us-central1-servioai-staging.cloudfunctions.net/users

[90mstderr[2m | tests/api.edgecases.test.ts[2m > [22m[2mAPI Service - Edge Cases[2m 
> [22m[2mConcorr├¬ncia[2m > [22m[2mdeve manter isolamento entre requisi├º├╡es 
paralelas que falham
[22m[39m≡ƒÜ¿ [API v2] ERRO detectado em /users - ACIONANDO FALLBACK! Error: Network error
    at C:/Users/Admin/Desktop/Talina/Servio.AI/tests/api.edgecases.test.ts:101:32
    at [90mfile:///C:/Users/Admin/Desktop/Talina/Servio.AI/[39mnode_modules/[4m@vitest/r
unner[24m/dist/index.js:145:11
    at [90mfile:///C:/Users/Admin/Desktop/Talina/Servio.AI/[39mnode_modules/[4m@vitest/r
unner[24m/dist/index.js:915:26
    at [90mfile:///C:/Users/Admin/Desktop/Talina/Servio.AI/[39mnode_modules/[4m@vitest/r
unner[24m/dist/index.js:1243:20
    at new Promise (<anonymous>)
    at runWithTimeout [90m(file:///C:/Users/Admin/Desktop/Talina/Servio.AI/[39mnode_modul
es/[4m@vitest/runner[24m/dist/index.js:1209:10[90m)[39m
    at [90mfile:///C:/Users/Admin/Desktop/Talina/Servio.AI/[39mnode_modules/[4m@vitest/r
unner[24m/dist/index.js:1653:37
    at Traces.$ [90m(file:///C:/Users/Admin/Desktop/Talina/Servio.AI/[39mnode_modules/[4
mvitest[24m/dist/chunks/traces.U4xDYhzZ.js:115:27[90m)[39m
    at trace [90m(file:///C:/Users/Admin/Desktop/Talina/Servio.AI/[39mnode_modules/[4mvi
test[24m/dist/chunks/test.B8ej_ZHS.js:239:21[90m)[39m
    at runTest [90m(file:///C:/Users/Admin/Desktop/Talina/Servio.AI/[39mnode_modules/[4m
@vitest/runner[24m/dist/index.js:1653:12[90m)[39m
[api] Backend unavailable for /users, triggering fallback Error: Network error
    at C:/Users/Admin/Desktop/Talina/Servio.AI/tests/api.edgecases.test.ts:101:32
    at [90mfile:///C:/Users/Admin/Desktop/Talina/Servio.AI/[39mnode_modules/[4m@vitest/r
unner[24m/dist/index.js:145:11
    at [90mfile:///C:/Users/Admin/Desktop/Talina/Servio.AI/[39mnode_modules/[4m@vitest/r
unner[24m/dist/index.js:915:26
    at [90mfile:///C:/Users/Admin/Desktop/Talina/Servio.AI/[39mnode_modules/[4m@vitest/r
unner[24m/dist/index.js:1243:20
    at new Promise (<anonymous>)
    at runWithTimeout [90m(file:///C:/Users/Admin/Desktop/Talina/Servio.AI/[39mnode_modul
es/[4m@vitest/runner[24m/dist/index.js:1209:10[90m)[39m
    at [90mfile:///C:/Users/Admin/Desktop/Talina/Servio.AI/[39mnode_modules/[4m@vitest/r
unner[24m/dist/index.js:1653:37
    at Traces.$ [90m(file:///C:/Users/Admin/Desktop/Talina/Servio.AI/[39mnode_modules/[4
mvitest[24m/dist/chunks/traces.U4xDYhzZ.js:115:27[90m)[39m
    at trace [90m(file:///C:/Users/Admin/Desktop/Talina/Servio.AI/[39mnode_modules/[4mvi
test[24m/dist/chunks/test.B8ej_ZHS.js:239:21[90m)[39m
    at runTest [90m(file:///C:/Users/Admin/Desktop/Talina/Servio.AI/[39mnode_modules/[4m
@vitest/runner[24m/dist/index.js:1653:12[90m)[39m

[90mstderr[2m | tests/api.edgecases.test.ts[2m > [22m[2mAPI Service - Edge Cases[2m 
> [22m[2mConcorr├¬ncia[2m > [22m[2mdeve manter isolamento entre requisi├º├╡es 
paralelas que falham
[22m[39mFailed to fetch users from backend, using mock data

[90mstderr[2m | tests/api.edgecases.test.ts[2m > [22m[2mAPI Service - Edge Cases[2m 
> [22m[2mRate limiting e retry[2m > [22m[2mdeve lidar com resposta 429 (Too Many 
Requests)
[22m[39m≡ƒöº [API v3] Tentando: 
https://us-central1-servioai-staging.cloudfunctions.net/users

[90mstderr[2m | tests/api.edgecases.test.ts[2m > [22m[2mAPI Service - Edge Cases[2m 
> [22m[2mRate limiting e retry[2m > [22m[2mdeve lidar com resposta 429 (Too Many 
Requests)
[22m[39m≡ƒÜ¿ [API v2] ERRO detectado em /users - ACIONANDO FALLBACK! Error: Erro interno 
do servidor. Tente mais tarde.
    at makeApiError (C:/Users/Admin/Desktop/Talina/Servio.AI/services/api.ts:88:15)
    at apiCall (C:/Users/Admin/Desktop/Talina/Servio.AI/services/api.ts:142:13)
    at Module.fetchAllUsers 
(C:/Users/Admin/Desktop/Talina/Servio.AI/services/api.ts:179:12)
    at C:/Users/Admin/Desktop/Talina/Servio.AI/tests/api.edgecases.test.ts:128:21
    at [90mfile:///C:/Users/Admin/Desktop/Talina/Servio.AI/[39mnode_modules/[4m@vitest/r
unner[24m/dist/index.js:915:20 {
  code: [32m'E_SERVER'[39m,
  status: [33m429[39m,
  details: { error: [32m'Rate limit exceeded'[39m }
}
[api] Backend unavailable for /users, triggering fallback Error: Erro interno do servidor. 
Tente mais tarde.
    at makeApiError (C:/Users/Admin/Desktop/Talina/Servio.AI/services/api.ts:88:15)
    at apiCall (C:/Users/Admin/Desktop/Talina/Servio.AI/services/api.ts:142:13)
    at Module.fetchAllUsers 
(C:/Users/Admin/Desktop/Talina/Servio.AI/services/api.ts:179:12)
    at C:/Users/Admin/Desktop/Talina/Servio.AI/tests/api.edgecases.test.ts:128:21
    at [90mfile:///C:/Users/Admin/Desktop/Talina/Servio.AI/[39mnode_modules/[4m@vitest/r
unner[24m/dist/index.js:915:20 {
  code: [32m'E_SERVER'[39m,
  status: [33m429[39m,
  details: { error: [32m'Rate limit exceeded'[39m }
}

[90mstderr[2m | tests/api.edgecases.test.ts[2m > [22m[2mAPI Service - Edge Cases[2m 
> [22m[2mRate limiting e retry[2m > [22m[2mdeve lidar com resposta 429 (Too Many 
Requests)
[22m[39mFailed to fetch users from backend, using mock data

[90mstderr[2m | tests/api.edgecases.test.ts[2m > [22m[2mAPI Service - Edge Cases[2m 
> [22m[2mRate limiting e retry[2m > [22m[2mdeve lidar com m├║ltiplas falhas 
consecutivas
[22m[39m≡ƒöº [API v3] Tentando: 
https://us-central1-servioai-staging.cloudfunctions.net/users

[90mstderr[2m | tests/api.edgecases.test.ts[2m > [22m[2mAPI Service - Edge Cases[2m 
> [22m[2mRate limiting e retry[2m > [22m[2mdeve lidar com m├║ltiplas falhas 
consecutivas
[22m[39m≡ƒÜ¿ [API v2] ERRO detectado em /users - ACIONANDO FALLBACK! Error: Fail 1
    at C:/Users/Admin/Desktop/Talina/Servio.AI/tests/api.edgecases.test.ts:134:32
    at [90mfile:///C:/Users/Admin/Desktop/Talina/Servio.AI/[39mnode_modules/[4m@vitest/r
unner[24m/dist/index.js:145:11
    at [90mfile:///C:/Users/Admin/Desktop/Talina/Servio.AI/[39mnode_modules/[4m@vitest/r
unner[24m/dist/index.js:915:26
    at [90mfile:///C:/Users/Admin/Desktop/Talina/Servio.AI/[39mnode_modules/[4m@vitest/r
unner[24m/dist/index.js:1243:20
    at new Promise (<anonymous>)
    at runWithTimeout [90m(file:///C:/Users/Admin/Desktop/Talina/Servio.AI/[39mnode_modul
es/[4m@vitest/runner[24m/dist/index.js:1209:10[90m)[39m
    at [90mfile:///C:/Users/Admin/Desktop/Talina/Servio.AI/[39mnode_modules/[4m@vitest/r
unner[24m/dist/index.js:1653:37
    at Traces.$ [90m(file:///C:/Users/Admin/Desktop/Talina/Servio.AI/[39mnode_modules/[4
mvitest[24m/dist/chunks/traces.U4xDYhzZ.js:115:27[90m)[39m
    at trace [90m(file:///C:/Users/Admin/Desktop/Talina/Servio.AI/[39mnode_modules/[4mvi
test[24m/dist/chunks/test.B8ej_ZHS.js:239:21[90m)[39m
    at runTest [90m(file:///C:/Users/Admin/Desktop/Talina/Servio.AI/[39mnode_modules/[4m
@vitest/runner[24m/dist/index.js:1653:12[90m)[39m
[api] Backend unavailable for /users, triggering fallback Error: Fail 1
    at C:/Users/Admin/Desktop/Talina/Servio.AI/tests/api.edgecases.test.ts:134:32
    at [90mfile:///C:/Users/Admin/Desktop/Talina/Servio.AI/[39mnode_modules/[4m@vitest/r
unner[24m/dist/index.js:145:11
    at [90mfile:///C:/Users/Admin/Desktop/Talina/Servio.AI/[39mnode_modules/[4m@vitest/r
unner[24m/dist/index.js:915:26
    at [90mfile:///C:/Users/Admin/Desktop/Talina/Servio.AI/[39mnode_modules/[4m@vitest/r
unner[24m/dist/index.js:1243:20
    at new Promise (<anonymous>)
    at runWithTimeout [90m(file:///C:/Users/Admin/Desktop/Talina/Servio.AI/[39mnode_modul
es/[4m@vitest/runner[24m/dist/index.js:1209:10[90m)[39m
    at [90mfile:///C:/Users/Admin/Desktop/Talina/Servio.AI/[39mnode_modules/[4m@vitest/r
unner[24m/dist/index.js:1653:37
    at Traces.$ [90m(file:///C:/Users/Admin/Desktop/Talina/Servio.AI/[39mnode_modules/[4
mvitest[24m/dist/chunks/traces.U4xDYhzZ.js:115:27[90m)[39m
    at trace [90m(file:///C:/Users/Admin/Desktop/Talina/Servio.AI/[39mnode_modules/[4mvi
test[24m/dist/chunks/test.B8ej_ZHS.js:239:21[90m)[39m
    at runTest [90m(file:///C:/Users/Admin/Desktop/Talina/Servio.AI/[39mnode_modules/[4m
@vitest/runner[24m/dist/index.js:1653:12[90m)[39m

[90mstderr[2m | tests/api.edgecases.test.ts[2m > [22m[2mAPI Service - Edge Cases[2m 
> [22m[2mRate limiting e retry[2m > [22m[2mdeve lidar com m├║ltiplas falhas 
consecutivas
[22m[39mFailed to fetch users from backend, using mock data

[90mstderr[2m | tests/api.edgecases.test.ts[2m > [22m[2mAPI Service - Edge Cases[2m 
> [22m[2mRate limiting e retry[2m > [22m[2mdeve lidar com m├║ltiplas falhas 
consecutivas
[22m[39m≡ƒöº [API v3] Tentando: 
https://us-central1-servioai-staging.cloudfunctions.net/users

[90mstderr[2m | tests/api.edgecases.test.ts[2m > [22m[2mAPI Service - Edge Cases[2m 
> [22m[2mRate limiting e retry[2m > [22m[2mdeve lidar com m├║ltiplas falhas 
consecutivas
[22m[39m≡ƒÜ¿ [API v2] ERRO detectado em /users - ACIONANDO FALLBACK! Error: Fail 2
    at C:/Users/Admin/Desktop/Talina/Servio.AI/tests/api.edgecases.test.ts:135:32
    at [90mfile:///C:/Users/Admin/Desktop/Talina/Servio.AI/[39mnode_modules/[4m@vitest/r
unner[24m/dist/index.js:145:11
    at [90mfile:///C:/Users/Admin/Desktop/Talina/Servio.AI/[39mnode_modules/[4m@vitest/r
unner[24m/dist/index.js:915:26
    at [90mfile:///C:/Users/Admin/Desktop/Talina/Servio.AI/[39mnode_modules/[4m@vitest/r
unner[24m/dist/index.js:1243:20
    at new Promise (<anonymous>)
    at runWithTimeout [90m(file:///C:/Users/Admin/Desktop/Talina/Servio.AI/[39mnode_modul
es/[4m@vitest/runner[24m/dist/index.js:1209:10[90m)[39m
    at [90mfile:///C:/Users/Admin/Desktop/Talina/Servio.AI/[39mnode_modules/[4m@vitest/r
unner[24m/dist/index.js:1653:37
    at Traces.$ [90m(file:///C:/Users/Admin/Desktop/Talina/Servio.AI/[39mnode_modules/[4
mvitest[24m/dist/chunks/traces.U4xDYhzZ.js:115:27[90m)[39m
    at trace [90m(file:///C:/Users/Admin/Desktop/Talina/Servio.AI/[39mnode_modules/[4mvi
test[24m/dist/chunks/test.B8ej_ZHS.js:239:21[90m)[39m
    at runTest [90m(file:///C:/Users/Admin/Desktop/Talina/Servio.AI/[39mnode_modules/[4m
@vitest/runner[24m/dist/index.js:1653:12[90m)[39m
[api] Backend unavailable for /users, triggering fallback Error: Fail 2
    at C:/Users/Admin/Desktop/Talina/Servio.AI/tests/api.edgecases.test.ts:135:32
    at [90mfile:///C:/Users/Admin/Desktop/Talina/Servio.AI/[39mnode_modules/[4m@vitest/r
unner[24m/dist/index.js:145:11
    at [90mfile:///C:/Users/Admin/Desktop/Talina/Servio.AI/[39mnode_modules/[4m@vitest/r
unner[24m/dist/index.js:915:26
    at [90mfile:///C:/Users/Admin/Desktop/Talina/Servio.AI/[39mnode_modules/[4m@vitest/r
unner[24m/dist/index.js:1243:20
    at new Promise (<anonymous>)
    at runWithTimeout [90m(file:///C:/Users/Admin/Desktop/Talina/Servio.AI/[39mnode_modul
es/[4m@vitest/runner[24m/dist/index.js:1209:10[90m)[39m
    at [90mfile:///C:/Users/Admin/Desktop/Talina/Servio.AI/[39mnode_modules/[4m@vitest/r
unner[24m/dist/index.js:1653:37
    at Traces.$ [90m(file:///C:/Users/Admin/Desktop/Talina/Servio.AI/[39mnode_modules/[4
mvitest[24m/dist/chunks/traces.U4xDYhzZ.js:115:27[90m)[39m
    at trace [90m(file:///C:/Users/Admin/Desktop/Talina/Servio.AI/[39mnode_modules/[4mvi
test[24m/dist/chunks/test.B8ej_ZHS.js:239:21[90m)[39m
    at runTest [90m(file:///C:/Users/Admin/Desktop/Talina/Servio.AI/[39mnode_modules/[4m
@vitest/runner[24m/dist/index.js:1653:12[90m)[39m

[90mstderr[2m | tests/api.edgecases.test.ts[2m > [22m[2mAPI Service - Edge Cases[2m 
> [22m[2mRate limiting e retry[2m > [22m[2mdeve lidar com m├║ltiplas falhas 
consecutivas
[22m[39mFailed to fetch users from backend, using mock data

[90mstderr[2m | tests/api.edgecases.test.ts[2m > [22m[2mAPI Service - Edge Cases[2m 
> [22m[2mValida├º├úo de dados[2m > [22m[2mdeve lidar com resposta vazia do servidor
[22m[39m≡ƒöº [API v3] Tentando: 
https://us-central1-servioai-staging.cloudfunctions.net/users

[90mstderr[2m | tests/api.edgecases.test.ts[2m > [22m[2mAPI Service - Edge Cases[2m 
> [22m[2mValida├º├úo de dados[2m > [22m[2mdeve lidar com resposta null
[22m[39m≡ƒöº [API v3] Tentando: 
https://us-central1-servioai-staging.cloudfunctions.net/users

[90mstderr[2m | tests/api.edgecases.test.ts[2m > [22m[2mAPI Service - Edge Cases[2m 
> [22m[2mValida├º├úo de dados[2m > [22m[2mdeve lidar com resposta com estrutura 
inesperada
[22m[39m≡ƒöº [API v3] Tentando: 
https://us-central1-servioai-staging.cloudfunctions.net/users

[90mstderr[2m | tests/api.edgecases.test.ts[2m > [22m[2mAPI Service - Edge Cases[2m 
> [22m[2mHeaders e autentica├º├úo[2m > [22m[2mdeve enviar headers corretos nas 
requisi├º├╡es
[22m[39m≡ƒöº [API v3] Tentando: 
https://us-central1-servioai-staging.cloudfunctions.net/users

[90mstderr[2m | tests/api.edgecases.test.ts[2m > [22m[2mAPI Service - Edge Cases[2m 
> [22m[2mHeaders e autentica├º├úo[2m > [22m[2mdeve lidar com erro de autentica├º├úo 
(401)
[22m[39m≡ƒöº [API v3] Tentando: 
https://us-central1-servioai-staging.cloudfunctions.net/users

[90mstderr[2m | tests/api.edgecases.test.ts[2m > [22m[2mAPI Service - Edge Cases[2m 
> [22m[2mHeaders e autentica├º├úo[2m > [22m[2mdeve lidar com erro de autentica├º├úo 
(401)
[22m[39m≡ƒÜ¿ [API v2] ERRO detectado em /users - ACIONANDO FALLBACK! Error: N├úo 
autorizado. Fa├ºa login novamente.
    at makeApiError (C:/Users/Admin/Desktop/Talina/Servio.AI/services/api.ts:88:15)
    at apiCall (C:/Users/Admin/Desktop/Talina/Servio.AI/services/api.ts:142:13)
    at Module.fetchAllUsers 
(C:/Users/Admin/Desktop/Talina/Servio.AI/services/api.ts:179:12)
    at C:/Users/Admin/Desktop/Talina/Servio.AI/tests/api.edgecases.test.ts:205:21
    at [90mfile:///C:/Users/Admin/Desktop/Talina/Servio.AI/[39mnode_modules/[4m@vitest/r
unner[24m/dist/index.js:915:20 {
  code: [32m'E_AUTH'[39m,
  status: [33m401[39m,
  details: { error: [32m'Authentication required'[39m }
}
[api] Backend unavailable for /users, triggering fallback Error: N├úo autorizado. Fa├ºa 
login novamente.
    at makeApiError (C:/Users/Admin/Desktop/Talina/Servio.AI/services/api.ts:88:15)
    at apiCall (C:/Users/Admin/Desktop/Talina/Servio.AI/services/api.ts:142:13)
    at Module.fetchAllUsers 
(C:/Users/Admin/Desktop/Talina/Servio.AI/services/api.ts:179:12)
    at C:/Users/Admin/Desktop/Talina/Servio.AI/tests/api.edgecases.test.ts:205:21
    at [90mfile:///C:/Users/Admin/Desktop/Talina/Servio.AI/[39mnode_modules/[4m@vitest/r
unner[24m/dist/index.js:915:20 {
  code: [32m'E_AUTH'[39m,
  status: [33m401[39m,
  details: { error: [32m'Authentication required'[39m }
}

[90mstderr[2m | tests/api.edgecases.test.ts[2m > [22m[2mAPI Service - Edge Cases[2m 
> [22m[2mHeaders e autentica├º├úo[2m > [22m[2mdeve lidar com erro de autentica├º├úo 
(401)
[22m[39mFailed to fetch users from backend, using mock data

[90mstderr[2m | tests/api.edgecases.test.ts[2m > [22m[2mAPI Service - Edge Cases[2m 
> [22m[2mHeaders e autentica├º├úo[2m > [22m[2mdeve lidar com erro de permiss├úo (403)
[22m[39m≡ƒöº [API v3] Tentando: 
https://us-central1-servioai-staging.cloudfunctions.net/users

[90mstderr[2m | tests/api.edgecases.test.ts[2m > [22m[2mAPI Service - Edge Cases[2m 
> [22m[2mHeaders e autentica├º├úo[2m > [22m[2mdeve lidar com erro de permiss├úo (403)
[22m[39m≡ƒÜ¿ [API v2] ERRO detectado em /users - ACIONANDO FALLBACK! Error: N├úo 
autorizado. Fa├ºa login novamente.
    at makeApiError (C:/Users/Admin/Desktop/Talina/Servio.AI/services/api.ts:88:15)
    at apiCall (C:/Users/Admin/Desktop/Talina/Servio.AI/services/api.ts:142:13)
    at Module.fetchAllUsers 
(C:/Users/Admin/Desktop/Talina/Servio.AI/services/api.ts:179:12)
    at C:/Users/Admin/Desktop/Talina/Servio.AI/tests/api.edgecases.test.ts:217:21
    at [90mfile:///C:/Users/Admin/Desktop/Talina/Servio.AI/[39mnode_modules/[4m@vitest/r
unner[24m/dist/index.js:915:20 {
  code: [32m'E_AUTH'[39m,
  status: [33m403[39m,
  details: { error: [32m'Insufficient permissions'[39m }
}
[api] Backend unavailable for /users, triggering fallback Error: N├úo autorizado. Fa├ºa 
login novamente.
    at makeApiError (C:/Users/Admin/Desktop/Talina/Servio.AI/services/api.ts:88:15)
    at apiCall (C:/Users/Admin/Desktop/Talina/Servio.AI/services/api.ts:142:13)
    at Module.fetchAllUsers 
(C:/Users/Admin/Desktop/Talina/Servio.AI/services/api.ts:179:12)
    at C:/Users/Admin/Desktop/Talina/Servio.AI/tests/api.edgecases.test.ts:217:21
    at [90mfile:///C:/Users/Admin/Desktop/Talina/Servio.AI/[39mnode_modules/[4m@vitest/r
unner[24m/dist/index.js:915:20 {
  code: [32m'E_AUTH'[39m,
  status: [33m403[39m,
  details: { error: [32m'Insufficient permissions'[39m }
}

[90mstderr[2m | tests/api.edgecases.test.ts[2m > [22m[2mAPI Service - Edge Cases[2m 
> [22m[2mHeaders e autentica├º├úo[2m > [22m[2mdeve lidar com erro de permiss├úo (403)
[22m[39mFailed to fetch users from backend, using mock data

[90mstderr[2m | tests/api.edgecases.test.ts[2m > [22m[2mAPI Service - Edge Cases[2m 
> [22m[2mFallback para mock data[2m > [22m[2mdeve usar mock data quando backend est├í 
indispon├¡vel
[22m[39m≡ƒöº [API v3] Tentando: 
https://us-central1-servioai-staging.cloudfunctions.net/users

[90mstderr[2m | tests/api.edgecases.test.ts[2m > [22m[2mAPI Service - Edge Cases[2m 
> [22m[2mFallback para mock data[2m > [22m[2mdeve usar mock data quando backend est├í 
indispon├¡vel
[22m[39m≡ƒÜ¿ [API v2] ERRO detectado em /users - ACIONANDO FALLBACK! Error: Connection 
refused
    at C:/Users/Admin/Desktop/Talina/Servio.AI/tests/api.edgecases.test.ts:224:39
    at [90mfile:///C:/Users/Admin/Desktop/Talina/Servio.AI/[39mnode_modules/[4m@vitest/r
unner[24m/dist/index.js:145:11
    at [90mfile:///C:/Users/Admin/Desktop/Talina/Servio.AI/[39mnode_modules/[4m@vitest/r
unner[24m/dist/index.js:915:26
    at [90mfile:///C:/Users/Admin/Desktop/Talina/Servio.AI/[39mnode_modules/[4m@vitest/r
unner[24m/dist/index.js:1243:20
    at new Promise (<anonymous>)
    at runWithTimeout [90m(file:///C:/Users/Admin/Desktop/Talina/Servio.AI/[39mnode_modul
es/[4m@vitest/runner[24m/dist/index.js:1209:10[90m)[39m
    at [90mfile:///C:/Users/Admin/Desktop/Talina/Servio.AI/[39mnode_modules/[4m@vitest/r
unner[24m/dist/index.js:1653:37
    at Traces.$ [90m(file:///C:/Users/Admin/Desktop/Talina/Servio.AI/[39mnode_modules/[4
mvitest[24m/dist/chunks/traces.U4xDYhzZ.js:115:27[90m)[39m
    at trace [90m(file:///C:/Users/Admin/Desktop/Talina/Servio.AI/[39mnode_modules/[4mvi
test[24m/dist/chunks/test.B8ej_ZHS.js:239:21[90m)[39m
    at runTest [90m(file:///C:/Users/Admin/Desktop/Talina/Servio.AI/[39mnode_modules/[4m
@vitest/runner[24m/dist/index.js:1653:12[90m)[39m
[api] Backend unavailable for /users, triggering fallback Error: Connection refused
    at C:/Users/Admin/Desktop/Talina/Servio.AI/tests/api.edgecases.test.ts:224:39
    at [90mfile:///C:/Users/Admin/Desktop/Talina/Servio.AI/[39mnode_modules/[4m@vitest/r
unner[24m/dist/index.js:145:11
    at [90mfile:///C:/Users/Admin/Desktop/Talina/Servio.AI/[39mnode_modules/[4m@vitest/r
unner[24m/dist/index.js:915:26
    at [90mfile:///C:/Users/Admin/Desktop/Talina/Servio.AI/[39mnode_modules/[4m@vitest/r
unner[24m/dist/index.js:1243:20
    at new Promise (<anonymous>)
    at runWithTimeout [90m(file:///C:/Users/Admin/Desktop/Talina/Servio.AI/[39mnode_modul
es/[4m@vitest/runner[24m/dist/index.js:1209:10[90m)[39m
    at [90mfile:///C:/Users/Admin/Desktop/Talina/Servio.AI/[39mnode_modules/[4m@vitest/r
unner[24m/dist/index.js:1653:37
    at Traces.$ [90m(file:///C:/Users/Admin/Desktop/Talina/Servio.AI/[39mnode_modules/[4
mvitest[24m/dist/chunks/traces.U4xDYhzZ.js:115:27[90m)[39m
    at trace [90m(file:///C:/Users/Admin/Desktop/Talina/Servio.AI/[39mnode_modules/[4mvi
test[24m/dist/chunks/test.B8ej_ZHS.js:239:21[90m)[39m
    at runTest [90m(file:///C:/Users/Admin/Desktop/Talina/Servio.AI/[39mnode_modules/[4m
@vitest/runner[24m/dist/index.js:1653:12[90m)[39m

[90mstderr[2m | tests/api.edgecases.test.ts[2m > [22m[2mAPI Service - Edge Cases[2m 
> [22m[2mFallback para mock data[2m > [22m[2mdeve usar mock data quando backend est├í 
indispon├¡vel
[22m[39mFailed to fetch users from backend, using mock data

[90mstderr[2m | tests/api.edgecases.test.ts[2m > [22m[2mAPI Service - Edge Cases[2m 
> [22m[2mFallback para mock data[2m > [22m[2mdeve usar mock data quando resposta ├⌐ 
inv├ílida
[22m[39m≡ƒöº [API v3] Tentando: 
https://us-central1-servioai-staging.cloudfunctions.net/users

[90mstderr[2m | tests/api.edgecases.test.ts[2m > [22m[2mAPI Service - Edge Cases[2m 
> [22m[2mFallback para mock data[2m > [22m[2mdeve usar mock data quando resposta ├⌐ 
inv├ílida
[22m[39m≡ƒÜ¿ [API v2] ERRO detectado em /users - ACIONANDO FALLBACK! Error: Erro interno 
do servidor. Tente mais tarde.
    at makeApiError (C:/Users/Admin/Desktop/Talina/Servio.AI/services/api.ts:88:15)
    at apiCall (C:/Users/Admin/Desktop/Talina/Servio.AI/services/api.ts:142:13)
    at Module.fetchAllUsers 
(C:/Users/Admin/Desktop/Talina/Servio.AI/services/api.ts:179:12)
    at C:/Users/Admin/Desktop/Talina/Servio.AI/tests/api.edgecases.test.ts:244:21
    at [90mfile:///C:/Users/Admin/Desktop/Talina/Servio.AI/[39mnode_modules/[4m@vitest/r
unner[24m/dist/index.js:915:20 {
  code: [32m'E_SERVER'[39m,
  status: [33m503[39m,
  details: { message: [32m'Service Unavailable'[39m }
}
[api] Backend unavailable for /users, triggering fallback Error: Erro interno do servidor. 
Tente mais tarde.
    at makeApiError (C:/Users/Admin/Desktop/Talina/Servio.AI/services/api.ts:88:15)
    at apiCall (C:/Users/Admin/Desktop/Talina/Servio.AI/services/api.ts:142:13)
    at Module.fetchAllUsers 
(C:/Users/Admin/Desktop/Talina/Servio.AI/services/api.ts:179:12)
    at C:/Users/Admin/Desktop/Talina/Servio.AI/tests/api.edgecases.test.ts:244:21
    at [90mfile:///C:/Users/Admin/Desktop/Talina/Servio.AI/[39mnode_modules/[4m@vitest/r
unner[24m/dist/index.js:915:20 {
  code: [32m'E_SERVER'[39m,
  status: [33m503[39m,
  details: { message: [32m'Service Unavailable'[39m }
}

[90mstderr[2m | tests/api.edgecases.test.ts[2m > [22m[2mAPI Service - Edge Cases[2m 
> [22m[2mFallback para mock data[2m > [22m[2mdeve usar mock data quando resposta ├⌐ 
inv├ílida
[22m[39mFailed to fetch users from backend, using mock data

 [32mΓ£ô[39m tests/api.edgecases.test.ts [2m([22m[2m17 tests[22m[2m)[22m[33m 604[2mms[22m[39m
       [33m[2mΓ£ô[22m[39m deve lidar com erros de rede corretamente [33m 424[2mms[22m[39m
[90mstderr[2m | tests/api.test.ts
[22m[39mΓòÉΓòÉΓòÉΓòÉΓòÉΓòÉΓòÉΓòÉΓòÉΓòÉΓòÉΓòÉΓòÉΓòÉΓòÉΓòÉΓòÉΓòÉΓòÉΓòÉΓòÉΓòÉΓòÉΓòÉΓòÉΓòÉΓòÉ
ΓòÉΓòÉΓòÉΓòÉΓòÉΓòÉΓòÉΓòÉΓòÉΓòÉΓòÉΓòÉΓòÉΓòÉΓòÉΓòÉΓòÉΓòÉΓòÉΓòÉΓòÉΓòÉΓòÉΓòÉΓòÉΓòÉΓòÉΓòÉ
≡ƒöº API SERVICE INICIADO - VERS├âO 2026-01-09
ΓòÉΓòÉΓòÉΓòÉΓòÉΓòÉΓòÉΓòÉΓòÉΓòÉΓòÉΓòÉΓòÉΓòÉΓòÉΓòÉΓòÉΓòÉΓòÉΓòÉΓòÉΓòÉΓòÉΓòÉΓòÉΓòÉΓòÉΓòÉΓòÉΓòÉΓ
òÉΓòÉΓòÉΓòÉΓòÉΓòÉΓòÉΓòÉΓòÉΓòÉΓòÉΓòÉΓòÉΓòÉΓòÉΓòÉΓòÉΓòÉΓòÉΓòÉΓòÉΓòÉΓòÉΓòÉΓòÉ
≡ƒôï STAGING_MODE: true
≡ƒôï Project ID: servioai-staging
≡ƒôï Backend URL: https://us-central1-servioai-staging.cloudfunctions.net
≡ƒôï Use Mock: false
ΓòÉΓòÉΓòÉΓòÉΓòÉΓòÉΓòÉΓòÉΓòÉΓòÉΓòÉΓòÉΓòÉΓòÉΓòÉΓòÉΓòÉΓòÉΓòÉΓòÉΓòÉΓòÉΓòÉΓòÉΓòÉΓòÉΓòÉΓòÉΓòÉΓòÉΓ
òÉΓòÉΓòÉΓòÉΓòÉΓòÉΓòÉΓòÉΓòÉΓòÉΓòÉΓòÉΓòÉΓòÉΓòÉΓòÉΓòÉΓòÉΓòÉΓòÉΓòÉΓòÉΓòÉΓòÉΓòÉ
Γ£à STAGING MODE ATIVO - Backend DESABILITADO!
Γ£à Todas as opera├º├╡es de usu├írio usam Firestore direto!

[90mstderr[2m | tests/api.test.ts[2m > [22m[2mAPI Service[2m > 
[22m[2mfetchAllUsers[2m > [22m[2mdeve buscar usu├írios do backend com sucesso
[22m[39m≡ƒöº [API v3] Tentando: 
https://us-central1-servioai-staging.cloudfunctions.net/users

[90mstderr[2m | tests/stripe-timeout-retry.test.ts
[22m[39mΓòÉΓòÉΓòÉΓòÉΓòÉΓòÉΓòÉΓòÉΓòÉΓòÉΓòÉΓòÉΓòÉΓòÉΓòÉΓòÉΓòÉΓòÉΓòÉΓòÉΓòÉΓòÉΓòÉΓòÉΓòÉΓòÉΓòÉ
ΓòÉΓòÉΓòÉΓòÉΓòÉΓòÉΓòÉΓòÉΓòÉΓòÉΓòÉΓòÉΓòÉΓòÉΓòÉΓòÉΓòÉΓòÉΓòÉΓòÉΓòÉΓòÉΓòÉΓòÉΓòÉΓòÉΓòÉΓòÉ
≡ƒöº API SERVICE INICIADO - VERS├âO 2026-01-09
ΓòÉΓòÉΓòÉΓòÉΓòÉΓòÉΓòÉΓòÉΓòÉΓòÉΓòÉΓòÉΓòÉΓòÉΓòÉΓòÉΓòÉΓòÉΓòÉΓòÉΓòÉΓòÉΓòÉΓòÉΓòÉΓòÉΓòÉΓòÉΓòÉΓòÉΓ
òÉΓòÉΓòÉΓòÉΓòÉΓòÉΓòÉΓòÉΓòÉΓòÉΓòÉΓòÉΓòÉΓòÉΓòÉΓòÉΓòÉΓòÉΓòÉΓòÉΓòÉΓòÉΓòÉΓòÉΓòÉ
≡ƒôï STAGING_MODE: true
≡ƒôï Project ID: servioai-staging
≡ƒôï Backend URL: https://us-central1-servioai-staging.cloudfunctions.net
≡ƒôï Use Mock: false
ΓòÉΓòÉΓòÉΓòÉΓòÉΓòÉΓòÉΓòÉΓòÉΓòÉΓòÉΓòÉΓòÉΓòÉΓòÉΓòÉΓòÉΓòÉΓòÉΓòÉΓòÉΓòÉΓòÉΓòÉΓòÉΓòÉΓòÉΓòÉΓòÉΓòÉΓ
òÉΓòÉΓòÉΓòÉΓòÉΓòÉΓòÉΓòÉΓòÉΓòÉΓòÉΓòÉΓòÉΓòÉΓòÉΓòÉΓòÉΓòÉΓòÉΓòÉΓòÉΓòÉΓòÉΓòÉΓòÉ
Γ£à STAGING MODE ATIVO - Backend DESABILITADO!
Γ£à Todas as opera├º├╡es de usu├írio usam Firestore direto!

[90mstderr[2m | tests/stripe-timeout-retry.test.ts[2m > [22m[2m[E2E-SMOKE] Stripe 
Timeout + Retry[2m > [22m[2mcreateCheckoutSession: 1┬¬ tentativa E_TIMEOUT ΓåÆ 2┬¬ 
tentativa sucesso
[22m[39m≡ƒöº [API v3] Tentando: 
https://us-central1-servioai-staging.cloudfunctions.net/create-checkout-session

[90mstdout[2m | tests/api.test.ts[2m > [22m[2mAPI Service[2m > [22m[2mfetchAllUsers[2m > [22m[2mdeve buscar usu├írios do backend com sucesso
[22m[39mXXX DEBUG: firebaseConfig loading
XXX DEBUG: import.meta.env.MODE: test

[90mstderr[2m | tests/api.test.ts[2m > [22m[2mAPI Service[2m > 
[22m[2mfetchAllUsers[2m > [22m[2mdeve buscar usu├írios do backend com sucesso
[22m[39m[firebase] Usando mocks porque a configura├º├úo est├í ausente ou desativada.

[90mstderr[2m | tests/api.test.ts[2m > [22m[2mAPI Service[2m > 
[22m[2mfetchAllUsers[2m > [22m[2mdeve retornar mock data quando backend falha
[22m[39m≡ƒöº [API v3] Tentando: 
https://us-central1-servioai-staging.cloudfunctions.net/users

[90mstderr[2m | tests/api.test.ts[2m > [22m[2mAPI Service[2m > 
[22m[2mfetchAllUsers[2m > [22m[2mdeve retornar mock data quando backend falha
[22m[39m≡ƒÜ¿ [API v2] ERRO detectado em /users - ACIONANDO FALLBACK! Error: Network error
    at C:/Users/Admin/Desktop/Talina/Servio.AI/tests/api.test.ts:49:39
    at [90mfile:///C:/Users/Admin/Desktop/Talina/Servio.AI/[39mnode_modules/[4m@vitest/r
unner[24m/dist/index.js:145:11
    at [90mfile:///C:/Users/Admin/Desktop/Talina/Servio.AI/[39mnode_modules/[4m@vitest/r
unner[24m/dist/index.js:915:26
    at [90mfile:///C:/Users/Admin/Desktop/Talina/Servio.AI/[39mnode_modules/[4m@vitest/r
unner[24m/dist/index.js:1243:20
    at new Promise (<anonymous>)
    at runWithTimeout [90m(file:///C:/Users/Admin/Desktop/Talina/Servio.AI/[39mnode_modul
es/[4m@vitest/runner[24m/dist/index.js:1209:10[90m)[39m
    at [90mfile:///C:/Users/Admin/Desktop/Talina/Servio.AI/[39mnode_modules/[4m@vitest/r
unner[24m/dist/index.js:1653:37
    at Traces.$ [90m(file:///C:/Users/Admin/Desktop/Talina/Servio.AI/[39mnode_modules/[4
mvitest[24m/dist/chunks/traces.U4xDYhzZ.js:115:27[90m)[39m
    at trace [90m(file:///C:/Users/Admin/Desktop/Talina/Servio.AI/[39mnode_modules/[4mvi
test[24m/dist/chunks/test.B8ej_ZHS.js:239:21[90m)[39m
    at runTest [90m(file:///C:/Users/Admin/Desktop/Talina/Servio.AI/[39mnode_modules/[4m
@vitest/runner[24m/dist/index.js:1653:12[90m)[39m
[api] Backend unavailable for /users, triggering fallback Error: Network error
    at C:/Users/Admin/Desktop/Talina/Servio.AI/tests/api.test.ts:49:39
    at [90mfile:///C:/Users/Admin/Desktop/Talina/Servio.AI/[39mnode_modules/[4m@vitest/r
unner[24m/dist/index.js:145:11
    at [90mfile:///C:/Users/Admin/Desktop/Talina/Servio.AI/[39mnode_modules/[4m@vitest/r
unner[24m/dist/index.js:915:26
    at [90mfile:///C:/Users/Admin/Desktop/Talina/Servio.AI/[39mnode_modules/[4m@vitest/r
unner[24m/dist/index.js:1243:20
    at new Promise (<anonymous>)
    at runWithTimeout [90m(file:///C:/Users/Admin/Desktop/Talina/Servio.AI/[39mnode_modul
es/[4m@vitest/runner[24m/dist/index.js:1209:10[90m)[39m
    at [90mfile:///C:/Users/Admin/Desktop/Talina/Servio.AI/[39mnode_modules/[4m@vitest/r
unner[24m/dist/index.js:1653:37
    at Traces.$ [90m(file:///C:/Users/Admin/Desktop/Talina/Servio.AI/[39mnode_modules/[4
mvitest[24m/dist/chunks/traces.U4xDYhzZ.js:115:27[90m)[39m
    at trace [90m(file:///C:/Users/Admin/Desktop/Talina/Servio.AI/[39mnode_modules/[4mvi
test[24m/dist/chunks/test.B8ej_ZHS.js:239:21[90m)[39m
    at runTest [90m(file:///C:/Users/Admin/Desktop/Talina/Servio.AI/[39mnode_modules/[4m
@vitest/runner[24m/dist/index.js:1653:12[90m)[39m

[90mstderr[2m | tests/api.test.ts[2m > [22m[2mAPI Service[2m > 
[22m[2mfetchAllUsers[2m > [22m[2mdeve retornar mock data quando backend falha
[22m[39mFailed to fetch users from backend, using mock data

[90mstderr[2m | tests/api.test.ts[2m > [22m[2mAPI Service[2m > 
[22m[2mfetchSentimentAlerts[2m > [22m[2mdeve buscar alertas de sentimento do backend
[22m[39m≡ƒöº [API v3] Tentando: 
https://us-central1-servioai-staging.cloudfunctions.net/sentiment-alerts

[90mstderr[2m | tests/api.test.ts[2m > [22m[2mAPI Service[2m > 
[22m[2mcreateJob[2m > [22m[2mdeve criar job com sucesso
[22m[39m≡ƒöº [API v3] Tentando: 
https://us-central1-servioai-staging.cloudfunctions.net/jobs

[90mstderr[2m | tests/api.test.ts[2m > [22m[2mAPI Service[2m > 
[22m[2mupdateJob[2m > [22m[2mdeve atualizar job com sucesso
[22m[39m≡ƒöº [API v3] Tentando: 
https://us-central1-servioai-staging.cloudfunctions.net/jobs/job123

[90mstderr[2m | tests/api.test.ts[2m > [22m[2mAPI Service[2m > 
[22m[2mfetchDisputes[2m > [22m[2mdeve buscar todas as disputas
[22m[39m≡ƒöº [API v3] Tentando: 
https://us-central1-servioai-staging.cloudfunctions.net/disputes

[90mstderr[2m | tests/api.test.ts[2m > [22m[2mAPI Service[2m > 
[22m[2mcreateProposal[2m > [22m[2mdeve criar proposta com sucesso
[22m[39m≡ƒöº [API v3] Tentando: 
https://us-central1-servioai-staging.cloudfunctions.net/proposals

[90mstdout[2m | tests/stripe-timeout-retry.test.ts[2m > [22m[2m[E2E-SMOKE] Stripe Timeout + Retry[2m > [22m[2mcreateCheckoutSession: 1┬¬ tentativa E_TIMEOUT ΓåÆ 2┬¬ tentativa sucesso
[22m[39mXXX DEBUG: firebaseConfig loading
XXX DEBUG: import.meta.env.MODE: test

[90mstderr[2m | tests/api.test.ts[2m > [22m[2mAPI Service[2m > 
[22m[2mcreateMessage[2m > [22m[2mdeve criar mensagem com sucesso
[22m[39m≡ƒöº [API v3] Tentando: 
https://us-central1-servioai-staging.cloudfunctions.net/messages

[90mstderr[2m | tests/stripe-timeout-retry.test.ts[2m > [22m[2m[E2E-SMOKE] Stripe 
Timeout + Retry[2m > [22m[2mcreateCheckoutSession: 1┬¬ tentativa E_TIMEOUT ΓåÆ 2┬¬ 
tentativa sucesso
[22m[39m[firebase] Usando mocks porque a configura├º├úo est├í ausente ou desativada.

[90mstderr[2m | tests/api.test.ts[2m > [22m[2mAPI Service[2m > [22m[2mError 
handling[2m > [22m[2mdeve usar fallback para mock data em caso de erro de rede
[22m[39m≡ƒöº [API v3] Tentando: 
https://us-central1-servioai-staging.cloudfunctions.net/users

[90mstderr[2m | tests/api.test.ts[2m > [22m[2mAPI Service[2m > [22m[2mError 
handling[2m > [22m[2mdeve usar fallback para mock data em caso de erro de rede
[22m[39m≡ƒÜ¿ [API v2] ERRO detectado em /users - ACIONANDO FALLBACK! Error: Network 
timeout
    at C:/Users/Admin/Desktop/Talina/Servio.AI/tests/api.test.ts:239:39
    at [90mfile:///C:/Users/Admin/Desktop/Talina/Servio.AI/[39mnode_modules/[4m@vitest/r
unner[24m/dist/index.js:145:11
    at [90mfile:///C:/Users/Admin/Desktop/Talina/Servio.AI/[39mnode_modules/[4m@vitest/r
unner[24m/dist/index.js:915:26
    at [90mfile:///C:/Users/Admin/Desktop/Talina/Servio.AI/[39mnode_modules/[4m@vitest/r
unner[24m/dist/index.js:1243:20
    at new Promise (<anonymous>)
    at runWithTimeout [90m(file:///C:/Users/Admin/Desktop/Talina/Servio.AI/[39mnode_modul
es/[4m@vitest/runner[24m/dist/index.js:1209:10[90m)[39m
    at [90mfile:///C:/Users/Admin/Desktop/Talina/Servio.AI/[39mnode_modules/[4m@vitest/r
unner[24m/dist/index.js:1653:37
    at Traces.$ [90m(file:///C:/Users/Admin/Desktop/Talina/Servio.AI/[39mnode_modules/[4
mvitest[24m/dist/chunks/traces.U4xDYhzZ.js:115:27[90m)[39m
    at trace [90m(file:///C:/Users/Admin/Desktop/Talina/Servio.AI/[39mnode_modules/[4mvi
test[24m/dist/chunks/test.B8ej_ZHS.js:239:21[90m)[39m
    at runTest [90m(file:///C:/Users/Admin/Desktop/Talina/Servio.AI/[39mnode_modules/[4m
@vitest/runner[24m/dist/index.js:1653:12[90m)[39m
[api] Backend unavailable for /users, triggering fallback Error: Network timeout
    at C:/Users/Admin/Desktop/Talina/Servio.AI/tests/api.test.ts:239:39
    at [90mfile:///C:/Users/Admin/Desktop/Talina/Servio.AI/[39mnode_modules/[4m@vitest/r
unner[24m/dist/index.js:145:11
    at [90mfile:///C:/Users/Admin/Desktop/Talina/Servio.AI/[39mnode_modules/[4m@vitest/r
unner[24m/dist/index.js:915:26
    at [90mfile:///C:/Users/Admin/Desktop/Talina/Servio.AI/[39mnode_modules/[4m@vitest/r
unner[24m/dist/index.js:1243:20
    at new Promise (<anonymous>)
    at runWithTimeout [90m(file:///C:/Users/Admin/Desktop/Talina/Servio.AI/[39mnode_modul
es/[4m@vitest/runner[24m/dist/index.js:1209:10[90m)[39m
    at [90mfile:///C:/Users/Admin/Desktop/Talina/Servio.AI/[39mnode_modules/[4m@vitest/r
unner[24m/dist/index.js:1653:37
    at Traces.$ [90m(file:///C:/Users/Admin/Desktop/Talina/Servio.AI/[39mnode_modules/[4
mvitest[24m/dist/chunks/traces.U4xDYhzZ.js:115:27[90m)[39m
    at trace [90m(file:///C:/Users/Admin/Desktop/Talina/Servio.AI/[39mnode_modules/[4mvi
test[24m/dist/chunks/test.B8ej_ZHS.js:239:21[90m)[39m
    at runTest [90m(file:///C:/Users/Admin/Desktop/Talina/Servio.AI/[39mnode_modules/[4m
@vitest/runner[24m/dist/index.js:1653:12[90m)[39m

[90mstderr[2m | tests/api.test.ts[2m > [22m[2mAPI Service[2m > [22m[2mError 
handling[2m > [22m[2mdeve usar fallback para mock data em caso de erro de rede
[22m[39mFailed to fetch users from backend, using mock data

[90mstderr[2m | tests/api.test.ts[2m > [22m[2mAPI Service[2m > 
[22m[2mcreateNotification[2m > [22m[2mdeve criar notifica├º├úo com sucesso
[22m[39m≡ƒöº [API v3] Tentando: 
https://us-central1-servioai-staging.cloudfunctions.net/notifications

[90mstderr[2m | tests/api.test.ts[2m > [22m[2mAPI Service[2m > [22m[2mStripe 
Integration[2m > [22m[2mdeve criar conta Stripe Connect
[22m[39m≡ƒöº [API v3] Tentando: 
https://us-central1-servioai-staging.cloudfunctions.net/api/stripe/create-connect-account

[90mstderr[2m | tests/api.test.ts[2m > [22m[2mAPI Service[2m > [22m[2mStripe 
Integration[2m > [22m[2mdeve gerar link de onboarding Stripe
[22m[39m≡ƒöº [API v3] Tentando: 
https://us-central1-servioai-staging.cloudfunctions.net/api/stripe/create-account-link

[90mstderr[2m | tests/api.test.ts[2m > [22m[2mAPI Service[2m > [22m[2mStripe 
Integration[2m > [22m[2mdeve criar sess├úo de checkout
[22m[39m≡ƒöº [API v3] Tentando: 
https://us-central1-servioai-staging.cloudfunctions.net/create-checkout-session

[90mstderr[2m | tests/stripe-timeout-retry.test.ts[2m > [22m[2m[E2E-SMOKE] Stripe 
Timeout + Retry[2m > [22m[2mcreateCheckoutSession: 1┬¬ tentativa E_TIMEOUT ΓåÆ 2┬¬ 
tentativa sucesso
[22m[39m≡ƒÜ¿ [API v2] ERRO detectado em /create-checkout-session - ACIONANDO FALLBACK! 
Error [AbortError]: aborted
    at C:/Users/Admin/Desktop/Talina/Servio.AI/tests/stripe-timeout-retry.test.ts:17:22
    at [90mfile:///C:/Users/Admin/Desktop/Talina/Servio.AI/[39mnode_modules/[4m@vitest/r
unner[24m/dist/index.js:145:11
    at [90mfile:///C:/Users/Admin/Desktop/Talina/Servio.AI/[39mnode_modules/[4m@vitest/r
unner[24m/dist/index.js:915:26
    at [90mfile:///C:/Users/Admin/Desktop/Talina/Servio.AI/[39mnode_modules/[4m@vitest/r
unner[24m/dist/index.js:1243:20
    at new Promise (<anonymous>)
    at runWithTimeout [90m(file:///C:/Users/Admin/Desktop/Talina/Servio.AI/[39mnode_modul
es/[4m@vitest/runner[24m/dist/index.js:1209:10[90m)[39m
    at [90mfile:///C:/Users/Admin/Desktop/Talina/Servio.AI/[39mnode_modules/[4m@vitest/r
unner[24m/dist/index.js:1653:37
    at Traces.$ [90m(file:///C:/Users/Admin/Desktop/Talina/Servio.AI/[39mnode_modules/[4
mvitest[24m/dist/chunks/traces.U4xDYhzZ.js:115:27[90m)[39m
    at trace [90m(file:///C:/Users/Admin/Desktop/Talina/Servio.AI/[39mnode_modules/[4mvi
test[24m/dist/chunks/test.B8ej_ZHS.js:239:21[90m)[39m
    at runTest [90m(file:///C:/Users/Admin/Desktop/Talina/Servio.AI/[39mnode_modules/[4m
@vitest/runner[24m/dist/index.js:1653:12[90m)[39m
[api] Timeout on /create-checkout-session Error: Tempo de resposta excedido. Tente 
novamente.
    at makeApiError (C:/Users/Admin/Desktop/Talina/Servio.AI/services/api.ts:88:15)
    at apiCall (C:/Users/Admin/Desktop/Talina/Servio.AI/services/api.ts:154:22)
[90m    at processTicksAndRejections (node:internal/process/task_queues:103:5)[39m
    at C:/Users/Admin/Desktop/Talina/Servio.AI/tests/stripe-timeout-retry.test.ts:28:5
    at [90mfile:///C:/Users/Admin/Desktop/Talina/Servio.AI/[39mnode_modules/[4m@vitest/r
unner[24m/dist/index.js:915:20 {
  code: [32m'E_TIMEOUT'[39m
}

[90mstderr[2m | tests/api.test.ts[2m > [22m[2mAPI Service[2m > [22m[2mStripe 
Integration[2m > [22m[2mdeve liberar pagamento ap├│s conclus├úo
[22m[39m≡ƒöº [API v3] Tentando: 
https://us-central1-servioai-staging.cloudfunctions.net/jobs/job123/release-payment

[90mstderr[2m | tests/stripe-timeout-retry.test.ts[2m > [22m[2m[E2E-SMOKE] Stripe 
Timeout + Retry[2m > [22m[2mcreateCheckoutSession: 1┬¬ tentativa E_TIMEOUT ΓåÆ 2┬¬ 
tentativa sucesso
[22m[39m≡ƒöº [API v3] Tentando: 
https://us-central1-servioai-staging.cloudfunctions.net/create-checkout-session

[90mstderr[2m | tests/api.test.ts[2m > [22m[2mAPI Service[2m > [22m[2mDispute 
Management[2m > [22m[2mdeve criar disputa
[22m[39m≡ƒöº [API v3] Tentando: 
https://us-central1-servioai-staging.cloudfunctions.net/api/disputes

[90mstderr[2m | tests/api.test.ts[2m > [22m[2mAPI Service[2m > [22m[2mDispute 
Management[2m > [22m[2mdeve resolver disputa com sucesso
[22m[39m≡ƒöº [API v3] Tentando: 
https://us-central1-servioai-staging.cloudfunctions.net/api/disputes/dispute123/resolve

[90mstderr[2m | tests/api.test.ts[2m > [22m[2mAPI Service[2m > [22m[2mDispute 
Management[2m > [22m[2mdeve buscar disputas do backend
[22m[39m≡ƒöº [API v3] Tentando: 
https://us-central1-servioai-staging.cloudfunctions.net/disputes

[90mstderr[2m | tests/api.test.ts[2m > [22m[2mAPI Service[2m > [22m[2mError 
Handling[2m > [22m[2mdeve retornar mock data quando API retorna 404
[22m[39m≡ƒöº [API v3] Tentando: 
https://us-central1-servioai-staging.cloudfunctions.net/users

 [32mΓ£ô[39m tests/stripe-timeout-retry.test.ts [2m([22m[2m1 test[22m[2m)[22m[33m 410[2mms[22m[39m
     [33m[2mΓ£ô[22m[39m createCheckoutSession: 1┬¬ tentativa E_TIMEOUT ΓåÆ 2┬¬ tentativa sucesso [33m 406[2mms[22m[39m
[90mstderr[2m | tests/api.test.ts[2m > [22m[2mAPI Service[2m > [22m[2mError 
Handling[2m > [22m[2mdeve retornar mock data quando API retorna 404
[22m[39m≡ƒÜ¿ [API v2] ERRO detectado em /users - ACIONANDO FALLBACK! TypeError: 
response.json is not a function
    at apiCall (C:/Users/Admin/Desktop/Talina/Servio.AI/services/api.ts:141:38)
[90m    at processTicksAndRejections (node:internal/process/task_queues:103:5)[39m
    at Module.fetchAllUsers 
(C:/Users/Admin/Desktop/Talina/Servio.AI/services/api.ts:179:12)
    at C:/Users/Admin/Desktop/Talina/Servio.AI/tests/api.test.ts:436:21
    at [90mfile:///C:/Users/Admin/Desktop/Talina/Servio.AI/[39mnode_modules/[4m@vitest/r
unner[24m/dist/index.js:915:20
[api] Backend unavailable for /users, triggering fallback TypeError: response.json is not 
a function
    at apiCall (C:/Users/Admin/Desktop/Talina/Servio.AI/services/api.ts:141:38)
[90m    at processTicksAndRejections (node:internal/process/task_queues:103:5)[39m
    at Module.fetchAllUsers 
(C:/Users/Admin/Desktop/Talina/Servio.AI/services/api.ts:179:12)
    at C:/Users/Admin/Desktop/Talina/Servio.AI/tests/api.test.ts:436:21
    at [90mfile:///C:/Users/Admin/Desktop/Talina/Servio.AI/[39mnode_modules/[4m@vitest/r
unner[24m/dist/index.js:915:20

[90mstderr[2m | tests/api.test.ts[2m > [22m[2mAPI Service[2m > [22m[2mError 
Handling[2m > [22m[2mdeve retornar mock data quando API retorna 404
[22m[39mFailed to fetch users from backend, using mock data

[90mstderr[2m | tests/api.test.ts[2m > [22m[2mAPI Service[2m > [22m[2mError 
Handling[2m > [22m[2mdeve lan├ºar erro em opera├º├╡es cr├¡ticas sem fallback
[22m[39m≡ƒöº [API v3] Tentando: 
https://us-central1-servioai-staging.cloudfunctions.net/jobs

[90mstderr[2m | tests/api.test.ts[2m > [22m[2mAPI Service[2m > [22m[2mError 
Handling[2m > [22m[2mdeve lan├ºar erro em opera├º├╡es cr├¡ticas sem fallback
[22m[39m≡ƒÜ¿ [API v2] ERRO detectado em /jobs - ACIONANDO FALLBACK! Error: Network error
    at C:/Users/Admin/Desktop/Talina/Servio.AI/tests/api.test.ts:443:39
    at [90mfile:///C:/Users/Admin/Desktop/Talina/Servio.AI/[39mnode_modules/[4m@vitest/r
unner[24m/dist/index.js:145:11
    at [90mfile:///C:/Users/Admin/Desktop/Talina/Servio.AI/[39mnode_modules/[4m@vitest/r
unner[24m/dist/index.js:915:26
    at [90mfile:///C:/Users/Admin/Desktop/Talina/Servio.AI/[39mnode_modules/[4m@vitest/r
unner[24m/dist/index.js:1243:20
    at new Promise (<anonymous>)
    at runWithTimeout [90m(file:///C:/Users/Admin/Desktop/Talina/Servio.AI/[39mnode_modul
es/[4m@vitest/runner[24m/dist/index.js:1209:10[90m)[39m
    at [90mfile:///C:/Users/Admin/Desktop/Talina/Servio.AI/[39mnode_modules/[4m@vitest/r
unner[24m/dist/index.js:1653:37
    at Traces.$ [90m(file:///C:/Users/Admin/Desktop/Talina/Servio.AI/[39mnode_modules/[4
mvitest[24m/dist/chunks/traces.U4xDYhzZ.js:115:27[90m)[39m
    at trace [90m(file:///C:/Users/Admin/Desktop/Talina/Servio.AI/[39mnode_modules/[4mvi
test[24m/dist/chunks/test.B8ej_ZHS.js:239:21[90m)[39m
    at runTest [90m(file:///C:/Users/Admin/Desktop/Talina/Servio.AI/[39mnode_modules/[4m
@vitest/runner[24m/dist/index.js:1653:12[90m)[39m
[api] Backend unavailable for /jobs, triggering fallback Error: Network error
    at C:/Users/Admin/Desktop/Talina/Servio.AI/tests/api.test.ts:443:39
    at [90mfile:///C:/Users/Admin/Desktop/Talina/Servio.AI/[39mnode_modules/[4m@vitest/r
unner[24m/dist/index.js:145:11
    at [90mfile:///C:/Users/Admin/Desktop/Talina/Servio.AI/[39mnode_modules/[4m@vitest/r
unner[24m/dist/index.js:915:26
    at [90mfile:///C:/Users/Admin/Desktop/Talina/Servio.AI/[39mnode_modules/[4m@vitest/r
unner[24m/dist/index.js:1243:20
    at new Promise (<anonymous>)
    at runWithTimeout [90m(file:///C:/Users/Admin/Desktop/Talina/Servio.AI/[39mnode_modul
es/[4m@vitest/runner[24m/dist/index.js:1209:10[90m)[39m
    at [90mfile:///C:/Users/Admin/Desktop/Talina/Servio.AI/[39mnode_modules/[4m@vitest/r
unner[24m/dist/index.js:1653:37
    at Traces.$ [90m(file:///C:/Users/Admin/Desktop/Talina/Servio.AI/[39mnode_modules/[4
mvitest[24m/dist/chunks/traces.U4xDYhzZ.js:115:27[90m)[39m
    at trace [90m(file:///C:/Users/Admin/Desktop/Talina/Servio.AI/[39mnode_modules/[4mvi
test[24m/dist/chunks/test.B8ej_ZHS.js:239:21[90m)[39m
    at runTest [90m(file:///C:/Users/Admin/Desktop/Talina/Servio.AI/[39mnode_modules/[4m
@vitest/runner[24m/dist/index.js:1653:12[90m)[39m

[90mstderr[2m | tests/api.test.ts[2m > [22m[2mAPI Service[2m > [22m[2mError 
Handling[2m > [22m[2mdeve lan├ºar erro em opera├º├╡es cr├¡ticas sem fallback
[22m[39mFailed to create job: Error: Falha de rede. Verifique sua conex├úo.
    at makeApiError (C:/Users/Admin/Desktop/Talina/Servio.AI/services/api.ts:88:15)
    at apiCall (C:/Users/Admin/Desktop/Talina/Servio.AI/services/api.ts:164:11)
[90m    at processTicksAndRejections (node:internal/process/task_queues:103:5)[39m
    at Module.createJob (C:/Users/Admin/Desktop/Talina/Servio.AI/services/api.ts:858:12)
    at C:/Users/Admin/Desktop/Talina/Servio.AI/tests/api.test.ts:445:7
    at [90mfile:///C:/Users/Admin/Desktop/Talina/Servio.AI/[39mnode_modules/[4m@vitest/r
unner[24m/dist/index.js:915:20 {
  code: [32m'E_NETWORK'[39m
}

 [32mΓ£ô[39m tests/api.test.ts [2m([22m[2m19 tests[22m[2m)[22m[33m 466[2mms[22m[39m
       [33m[2mΓ£ô[22m[39m deve buscar usu├írios do backend com sucesso [33m 390[2mms[22m[39m
[90mstderr[2m | tests/api.errorHandling.test.ts
[22m[39mΓòÉΓòÉΓòÉΓòÉΓòÉΓòÉΓòÉΓòÉΓòÉΓòÉΓòÉΓòÉΓòÉΓòÉΓòÉΓòÉΓòÉΓòÉΓòÉΓòÉΓòÉΓòÉΓòÉΓòÉΓòÉΓòÉΓòÉ
ΓòÉΓòÉΓòÉΓòÉΓòÉΓòÉΓòÉΓòÉΓòÉΓòÉΓòÉΓòÉΓòÉΓòÉΓòÉΓòÉΓòÉΓòÉΓòÉΓòÉΓòÉΓòÉΓòÉΓòÉΓòÉΓòÉΓòÉΓòÉ
≡ƒöº API SERVICE INICIADO - VERS├âO 2026-01-09
ΓòÉΓòÉΓòÉΓòÉΓòÉΓòÉΓòÉΓòÉΓòÉΓòÉΓòÉΓòÉΓòÉΓòÉΓòÉΓòÉΓòÉΓòÉΓòÉΓòÉΓòÉΓòÉΓòÉΓòÉΓòÉΓòÉΓòÉΓòÉΓòÉΓòÉΓ
òÉΓòÉΓòÉΓòÉΓòÉΓòÉΓòÉΓòÉΓòÉΓòÉΓòÉΓòÉΓòÉΓòÉΓòÉΓòÉΓòÉΓòÉΓòÉΓòÉΓòÉΓòÉΓòÉΓòÉΓòÉ
≡ƒôï STAGING_MODE: true
≡ƒôï Project ID: servioai-staging
≡ƒôï Backend URL: https://us-central1-servioai-staging.cloudfunctions.net
≡ƒôï Use Mock: false
ΓòÉΓòÉΓòÉΓòÉΓòÉΓòÉΓòÉΓòÉΓòÉΓòÉΓòÉΓòÉΓòÉΓòÉΓòÉΓòÉΓòÉΓòÉΓòÉΓòÉΓòÉΓòÉΓòÉΓòÉΓòÉΓòÉΓòÉΓòÉΓòÉΓòÉΓ
òÉΓòÉΓòÉΓòÉΓòÉΓòÉΓòÉΓòÉΓòÉΓòÉΓòÉΓòÉΓòÉΓòÉΓòÉΓòÉΓòÉΓòÉΓòÉΓòÉΓòÉΓòÉΓòÉΓòÉΓòÉ
Γ£à STAGING MODE ATIVO - Backend DESABILITADO!
Γ£à Todas as opera├º├╡es de usu├írio usam Firestore direto!

[90mstderr[2m | tests/api.errorHandling.test.ts[2m > [22m[2mapiCall - Error 
Handling[2m > [22m[2mE_TIMEOUT - AbortController[2m > [22m[2mdeve lan├ºar E_TIMEOUT 
quando AbortError ocorre
[22m[39m≡ƒöº [API v3] Tentando: 
https://us-central1-servioai-staging.cloudfunctions.net/api/stripe/create-connect-account

[90mstdout[2m | tests/api.errorHandling.test.ts[2m > [22m[2mapiCall - Error Handling[2m > [22m[2mE_TIMEOUT - AbortController[2m > [22m[2mdeve lan├ºar E_TIMEOUT quando AbortError ocorre
[22m[39mXXX DEBUG: firebaseConfig loading
XXX DEBUG: import.meta.env.MODE: test

[90mstderr[2m | tests/api.errorHandling.test.ts[2m > [22m[2mapiCall - Error 
Handling[2m > [22m[2mE_TIMEOUT - AbortController[2m > [22m[2mdeve lan├ºar E_TIMEOUT 
quando AbortError ocorre
[22m[39m[firebase] Usando mocks porque a configura├º├úo est├í ausente ou desativada.

[90mstderr[2m | tests/api.errorHandling.test.ts[2m > [22m[2mapiCall - Error 
Handling[2m > [22m[2mE_TIMEOUT - AbortController[2m > [22m[2mdeve lan├ºar E_TIMEOUT 
quando AbortError ocorre
[22m[39m≡ƒÜ¿ [API v2] ERRO detectado em /api/stripe/create-connect-account - ACIONANDO 
FALLBACK! Error [AbortError]: The operation was aborted
    at C:/Users/Admin/Desktop/Talina/Servio.AI/tests/api.errorHandling.test.ts:32:26
    at [90mfile:///C:/Users/Admin/Desktop/Talina/Servio.AI/[39mnode_modules/[4m@vitest/r
unner[24m/dist/index.js:145:11
    at [90mfile:///C:/Users/Admin/Desktop/Talina/Servio.AI/[39mnode_modules/[4m@vitest/r
unner[24m/dist/index.js:915:26
    at [90mfile:///C:/Users/Admin/Desktop/Talina/Servio.AI/[39mnode_modules/[4m@vitest/r
unner[24m/dist/index.js:1243:20
    at new Promise (<anonymous>)
    at runWithTimeout [90m(file:///C:/Users/Admin/Desktop/Talina/Servio.AI/[39mnode_modul
es/[4m@vitest/runner[24m/dist/index.js:1209:10[90m)[39m
    at [90mfile:///C:/Users/Admin/Desktop/Talina/Servio.AI/[39mnode_modules/[4m@vitest/r
unner[24m/dist/index.js:1653:37
    at Traces.$ [90m(file:///C:/Users/Admin/Desktop/Talina/Servio.AI/[39mnode_modules/[4
mvitest[24m/dist/chunks/traces.U4xDYhzZ.js:115:27[90m)[39m
    at trace [90m(file:///C:/Users/Admin/Desktop/Talina/Servio.AI/[39mnode_modules/[4mvi
test[24m/dist/chunks/test.B8ej_ZHS.js:239:21[90m)[39m
    at runTest [90m(file:///C:/Users/Admin/Desktop/Talina/Servio.AI/[39mnode_modules/[4m
@vitest/runner[24m/dist/index.js:1653:12[90m)[39m
[api] Timeout on /api/stripe/create-connect-account Error: Tempo de resposta excedido. 
Tente novamente.
    at makeApiError (C:/Users/Admin/Desktop/Talina/Servio.AI/services/api.ts:88:15)
    at apiCall (C:/Users/Admin/Desktop/Talina/Servio.AI/services/api.ts:154:22)
[90m    at processTicksAndRejections (node:internal/process/task_queues:103:5)[39m
    at C:/Users/Admin/Desktop/Talina/Servio.AI/tests/api.errorHandling.test.ts:38:9
    at [90mfile:///C:/Users/Admin/Desktop/Talina/Servio.AI/[39mnode_modules/[4m@vitest/r
unner[24m/dist/index.js:915:20 {
  code: [32m'E_TIMEOUT'[39m
}

[90mstderr[2m | tests/api.errorHandling.test.ts[2m > [22m[2mapiCall - Error 
Handling[2m > [22m[2mE_AUTH - 401/403[2m > [22m[2mdeve lan├ºar E_AUTH para status 401
[22m[39m≡ƒöº [API v3] Tentando: 
https://us-central1-servioai-staging.cloudfunctions.net/api/stripe/create-connect-account

[90mstderr[2m | tests/api.errorHandling.test.ts[2m > [22m[2mapiCall - Error 
Handling[2m > [22m[2mE_AUTH - 401/403[2m > [22m[2mdeve lan├ºar E_AUTH para status 401
[22m[39m≡ƒÜ¿ [API v2] ERRO detectado em /api/stripe/create-connect-account - ACIONANDO 
FALLBACK! Error: N├úo autorizado. Fa├ºa login novamente.
    at makeApiError (C:/Users/Admin/Desktop/Talina/Servio.AI/services/api.ts:88:15)
    at apiCall (C:/Users/Admin/Desktop/Talina/Servio.AI/services/api.ts:142:13)
[90m    at processTicksAndRejections (node:internal/process/task_queues:103:5)[39m
    at C:/Users/Admin/Desktop/Talina/Servio.AI/tests/api.errorHandling.test.ts:57:9
    at [90mfile:///C:/Users/Admin/Desktop/Talina/Servio.AI/[39mnode_modules/[4m@vitest/r
unner[24m/dist/index.js:915:20 {
  code: [32m'E_AUTH'[39m,
  status: [33m401[39m,
  details: { error: [32m'Token inv├ílido'[39m }
}
[api] Backend unavailable for /api/stripe/create-connect-account, triggering fallback 
Error: N├úo autorizado. Fa├ºa login novamente.
    at makeApiError (C:/Users/Admin/Desktop/Talina/Servio.AI/services/api.ts:88:15)
    at apiCall (C:/Users/Admin/Desktop/Talina/Servio.AI/services/api.ts:142:13)
[90m    at processTicksAndRejections (node:internal/process/task_queues:103:5)[39m
    at C:/Users/Admin/Desktop/Talina/Servio.AI/tests/api.errorHandling.test.ts:57:9
    at [90mfile:///C:/Users/Admin/Desktop/Talina/Servio.AI/[39mnode_modules/[4m@vitest/r
unner[24m/dist/index.js:915:20 {
  code: [32m'E_AUTH'[39m,
  status: [33m401[39m,
  details: { error: [32m'Token inv├ílido'[39m }
}

[90mstderr[2m | tests/api.errorHandling.test.ts[2m > [22m[2mapiCall - Error 
Handling[2m > [22m[2mE_AUTH - 401/403[2m > [22m[2mdeve lan├ºar E_AUTH para status 403
[22m[39m≡ƒöº [API v3] Tentando: 
https://us-central1-servioai-staging.cloudfunctions.net/api/stripe/create-account-link

[90mstderr[2m | tests/api.errorHandling.test.ts[2m > [22m[2mapiCall - Error 
Handling[2m > [22m[2mE_AUTH - 401/403[2m > [22m[2mdeve lan├ºar E_AUTH para status 403
[22m[39m≡ƒÜ¿ [API v2] ERRO detectado em /api/stripe/create-account-link - ACIONANDO 
FALLBACK! Error: N├úo autorizado. Fa├ºa login novamente.
    at makeApiError (C:/Users/Admin/Desktop/Talina/Servio.AI/services/api.ts:88:15)
    at apiCall (C:/Users/Admin/Desktop/Talina/Servio.AI/services/api.ts:142:13)
[90m    at processTicksAndRejections (node:internal/process/task_queues:103:5)[39m
    at C:/Users/Admin/Desktop/Talina/Servio.AI/tests/api.errorHandling.test.ts:76:9
    at [90mfile:///C:/Users/Admin/Desktop/Talina/Servio.AI/[39mnode_modules/[4m@vitest/r
unner[24m/dist/index.js:915:20 {
  code: [32m'E_AUTH'[39m,
  status: [33m403[39m,
  details: { error: [32m'Acesso negado'[39m }
}
[api] Backend unavailable for /api/stripe/create-account-link, triggering fallback Error: 
N├úo autorizado. Fa├ºa login novamente.
    at makeApiError (C:/Users/Admin/Desktop/Talina/Servio.AI/services/api.ts:88:15)
    at apiCall (C:/Users/Admin/Desktop/Talina/Servio.AI/services/api.ts:142:13)
[90m    at processTicksAndRejections (node:internal/process/task_queues:103:5)[39m
    at C:/Users/Admin/Desktop/Talina/Servio.AI/tests/api.errorHandling.test.ts:76:9
    at [90mfile:///C:/Users/Admin/Desktop/Talina/Servio.AI/[39mnode_modules/[4m@vitest/r
unner[24m/dist/index.js:915:20 {
  code: [32m'E_AUTH'[39m,
  status: [33m403[39m,
  details: { error: [32m'Acesso negado'[39m }
}

[90mstderr[2m | tests/api.errorHandling.test.ts[2m > [22m[2mapiCall - Error 
Handling[2m > [22m[2mE_NOT_FOUND - 404[2m > [22m[2mdeve lan├ºar E_NOT_FOUND para 
status 404
[22m[39m≡ƒöº [API v3] Tentando: 
https://us-central1-servioai-staging.cloudfunctions.net/jobs/job-123/release-payment

[90mstderr[2m | tests/api.errorHandling.test.ts[2m > [22m[2mapiCall - Error 
Handling[2m > [22m[2mE_NOT_FOUND - 404[2m > [22m[2mdeve lan├ºar E_NOT_FOUND para 
status 404
[22m[39m≡ƒÜ¿ [API v2] ERRO detectado em /jobs/job-123/release-payment - ACIONANDO 
FALLBACK! Error: Recurso n├úo encontrado.
    at makeApiError (C:/Users/Admin/Desktop/Talina/Servio.AI/services/api.ts:88:15)
    at apiCall (C:/Users/Admin/Desktop/Talina/Servio.AI/services/api.ts:142:13)
[90m    at processTicksAndRejections (node:internal/process/task_queues:103:5)[39m
    at C:/Users/Admin/Desktop/Talina/Servio.AI/tests/api.errorHandling.test.ts:96:9
    at [90mfile:///C:/Users/Admin/Desktop/Talina/Servio.AI/[39mnode_modules/[4m@vitest/r
unner[24m/dist/index.js:915:20 {
  code: [32m'E_NOT_FOUND'[39m,
  status: [33m404[39m,
  details: { error: [32m'Conta Stripe n├úo encontrada'[39m }
}
[api] Backend unavailable for /jobs/job-123/release-payment, triggering fallback Error: 
Recurso n├úo encontrado.
    at makeApiError (C:/Users/Admin/Desktop/Talina/Servio.AI/services/api.ts:88:15)
    at apiCall (C:/Users/Admin/Desktop/Talina/Servio.AI/services/api.ts:142:13)
[90m    at processTicksAndRejections (node:internal/process/task_queues:103:5)[39m
    at C:/Users/Admin/Desktop/Talina/Servio.AI/tests/api.errorHandling.test.ts:96:9
    at [90mfile:///C:/Users/Admin/Desktop/Talina/Servio.AI/[39mnode_modules/[4m@vitest/r
unner[24m/dist/index.js:915:20 {
  code: [32m'E_NOT_FOUND'[39m,
  status: [33m404[39m,
  details: { error: [32m'Conta Stripe n├úo encontrada'[39m }
}

[90mstderr[2m | tests/api.errorHandling.test.ts[2m > [22m[2mapiCall - Error 
Handling[2m > [22m[2mE_SERVER - 500+[2m > [22m[2mdeve lan├ºar E_SERVER para status 
500
[22m[39m≡ƒöº [API v3] Tentando: 
https://us-central1-servioai-staging.cloudfunctions.net/api/stripe/create-connect-account

[90mstderr[2m | tests/api.errorHandling.test.ts[2m > [22m[2mapiCall - Error 
Handling[2m > [22m[2mE_SERVER - 500+[2m > [22m[2mdeve lan├ºar E_SERVER para status 
500
[22m[39m≡ƒÜ¿ [API v2] ERRO detectado em /api/stripe/create-connect-account - ACIONANDO 
FALLBACK! Error: Erro interno do servidor. Tente mais tarde.
    at makeApiError (C:/Users/Admin/Desktop/Talina/Servio.AI/services/api.ts:88:15)
    at apiCall (C:/Users/Admin/Desktop/Talina/Servio.AI/services/api.ts:142:13)
[90m    at processTicksAndRejections (node:internal/process/task_queues:103:5)[39m
    at C:/Users/Admin/Desktop/Talina/Servio.AI/tests/api.errorHandling.test.ts:117:9
    at [90mfile:///C:/Users/Admin/Desktop/Talina/Servio.AI/[39mnode_modules/[4m@vitest/r
unner[24m/dist/index.js:915:20 {
  code: [32m'E_SERVER'[39m,
  status: [33m500[39m,
  details: { error: [32m'Stripe API error'[39m }
}
[api] Backend unavailable for /api/stripe/create-connect-account, triggering fallback 
Error: Erro interno do servidor. Tente mais tarde.
    at makeApiError (C:/Users/Admin/Desktop/Talina/Servio.AI/services/api.ts:88:15)
    at apiCall (C:/Users/Admin/Desktop/Talina/Servio.AI/services/api.ts:142:13)
[90m    at processTicksAndRejections (node:internal/process/task_queues:103:5)[39m
    at C:/Users/Admin/Desktop/Talina/Servio.AI/tests/api.errorHandling.test.ts:117:9
    at [90mfile:///C:/Users/Admin/Desktop/Talina/Servio.AI/[39mnode_modules/[4m@vitest/r
unner[24m/dist/index.js:915:20 {
  code: [32m'E_SERVER'[39m,
  status: [33m500[39m,
  details: { error: [32m'Stripe API error'[39m }
}

[90mstderr[2m | tests/api.errorHandling.test.ts[2m > [22m[2mapiCall - Error 
Handling[2m > [22m[2mE_SERVER - 500+[2m > [22m[2mdeve lan├ºar E_SERVER para status 
503
[22m[39m≡ƒöº [API v3] Tentando: 
https://us-central1-servioai-staging.cloudfunctions.net/create-checkout-session

[90mstderr[2m | tests/api.errorHandling.test.ts[2m > [22m[2mapiCall - Error 
Handling[2m > [22m[2mE_SERVER - 500+[2m > [22m[2mdeve lan├ºar E_SERVER para status 
503
[22m[39m≡ƒÜ¿ [API v2] ERRO detectado em /create-checkout-session - ACIONANDO FALLBACK! 
Error: Erro interno do servidor. Tente mais tarde.
    at makeApiError (C:/Users/Admin/Desktop/Talina/Servio.AI/services/api.ts:88:15)
    at apiCall (C:/Users/Admin/Desktop/Talina/Servio.AI/services/api.ts:142:13)
[90m    at processTicksAndRejections (node:internal/process/task_queues:103:5)[39m
    at C:/Users/Admin/Desktop/Talina/Servio.AI/tests/api.errorHandling.test.ts:136:9
    at [90mfile:///C:/Users/Admin/Desktop/Talina/Servio.AI/[39mnode_modules/[4m@vitest/r
unner[24m/dist/index.js:915:20 {
  code: [32m'E_SERVER'[39m,
  status: [33m503[39m,
  details: { error: [32m'Service temporarily unavailable'[39m }
}
[api] Backend unavailable for /create-checkout-session, triggering fallback Error: Erro 
interno do servidor. Tente mais tarde.
    at makeApiError (C:/Users/Admin/Desktop/Talina/Servio.AI/services/api.ts:88:15)
    at apiCall (C:/Users/Admin/Desktop/Talina/Servio.AI/services/api.ts:142:13)
[90m    at processTicksAndRejections (node:internal/process/task_queues:103:5)[39m
    at C:/Users/Admin/Desktop/Talina/Servio.AI/tests/api.errorHandling.test.ts:136:9
    at [90mfile:///C:/Users/Admin/Desktop/Talina/Servio.AI/[39mnode_modules/[4m@vitest/r
unner[24m/dist/index.js:915:20 {
  code: [32m'E_SERVER'[39m,
  status: [33m503[39m,
  details: { error: [32m'Service temporarily unavailable'[39m }
}

[90mstderr[2m | tests/api.errorHandling.test.ts[2m > [22m[2mapiCall - Error 
Handling[2m > [22m[2mE_SERVER - 500+[2m > [22m[2mdeve tratar erro quando json() falha
[22m[39m≡ƒöº [API v3] Tentando: 
https://us-central1-servioai-staging.cloudfunctions.net/jobs/job-123/release-payment

[90mstderr[2m | tests/api.errorHandling.test.ts[2m > [22m[2mapiCall - Error 
Handling[2m > [22m[2mE_SERVER - 500+[2m > [22m[2mdeve tratar erro quando json() falha
[22m[39m≡ƒÜ¿ [API v2] ERRO detectado em /jobs/job-123/release-payment - ACIONANDO 
FALLBACK! Error: Erro interno do servidor. Tente mais tarde.
    at makeApiError (C:/Users/Admin/Desktop/Talina/Servio.AI/services/api.ts:88:15)
    at apiCall (C:/Users/Admin/Desktop/Talina/Servio.AI/services/api.ts:142:13)
[90m    at processTicksAndRejections (node:internal/process/task_queues:103:5)[39m
    at C:/Users/Admin/Desktop/Talina/Servio.AI/tests/api.errorHandling.test.ts:156:9
    at [90mfile:///C:/Users/Admin/Desktop/Talina/Servio.AI/[39mnode_modules/[4m@vitest/r
unner[24m/dist/index.js:915:20 {
  code: [32m'E_SERVER'[39m,
  status: [33m500[39m,
  details: { message: [32m'Internal Server Error'[39m }
}
[api] Backend unavailable for /jobs/job-123/release-payment, triggering fallback Error: 
Erro interno do servidor. Tente mais tarde.
    at makeApiError (C:/Users/Admin/Desktop/Talina/Servio.AI/services/api.ts:88:15)
    at apiCall (C:/Users/Admin/Desktop/Talina/Servio.AI/services/api.ts:142:13)
[90m    at processTicksAndRejections (node:internal/process/task_queues:103:5)[39m
    at C:/Users/Admin/Desktop/Talina/Servio.AI/tests/api.errorHandling.test.ts:156:9
    at [90mfile:///C:/Users/Admin/Desktop/Talina/Servio.AI/[39mnode_modules/[4m@vitest/r
unner[24m/dist/index.js:915:20 {
  code: [32m'E_SERVER'[39m,
  status: [33m500[39m,
  details: { message: [32m'Internal Server Error'[39m }
}

[90mstderr[2m | tests/api.errorHandling.test.ts[2m > [22m[2mapiCall - Error 
Handling[2m > [22m[2mE_NETWORK - Network failures[2m > [22m[2mdeve lan├ºar E_NETWORK 
para TypeError (network error)
[22m[39m≡ƒöº [API v3] Tentando: 
https://us-central1-servioai-staging.cloudfunctions.net/api/stripe/create-connect-account

[90mstderr[2m | tests/api.errorHandling.test.ts[2m > [22m[2mapiCall - Error 
Handling[2m > [22m[2mE_NETWORK - Network failures[2m > [22m[2mdeve lan├ºar E_NETWORK 
para TypeError (network error)
[22m[39m≡ƒÜ¿ [API v2] ERRO detectado em /api/stripe/create-connect-account - ACIONANDO 
FALLBACK! TypeError: Failed to fetch
    at C:/Users/Admin/Desktop/Talina/Servio.AI/tests/api.errorHandling.test.ts:168:39
    at [90mfile:///C:/Users/Admin/Desktop/Talina/Servio.AI/[39mnode_modules/[4m@vitest/r
unner[24m/dist/index.js:145:11
    at [90mfile:///C:/Users/Admin/Desktop/Talina/Servio.AI/[39mnode_modules/[4m@vitest/r
unner[24m/dist/index.js:915:26
    at [90mfile:///C:/Users/Admin/Desktop/Talina/Servio.AI/[39mnode_modules/[4m@vitest/r
unner[24m/dist/index.js:1243:20
    at new Promise (<anonymous>)
    at runWithTimeout [90m(file:///C:/Users/Admin/Desktop/Talina/Servio.AI/[39mnode_modul
es/[4m@vitest/runner[24m/dist/index.js:1209:10[90m)[39m
    at [90mfile:///C:/Users/Admin/Desktop/Talina/Servio.AI/[39mnode_modules/[4m@vitest/r
unner[24m/dist/index.js:1653:37
    at Traces.$ [90m(file:///C:/Users/Admin/Desktop/Talina/Servio.AI/[39mnode_modules/[4
mvitest[24m/dist/chunks/traces.U4xDYhzZ.js:115:27[90m)[39m
    at trace [90m(file:///C:/Users/Admin/Desktop/Talina/Servio.AI/[39mnode_modules/[4mvi
test[24m/dist/chunks/test.B8ej_ZHS.js:239:21[90m)[39m
    at runTest [90m(file:///C:/Users/Admin/Desktop/Talina/Servio.AI/[39mnode_modules/[4m
@vitest/runner[24m/dist/index.js:1653:12[90m)[39m
[api] Backend unavailable for /api/stripe/create-connect-account, triggering fallback 
TypeError: Failed to fetch
    at C:/Users/Admin/Desktop/Talina/Servio.AI/tests/api.errorHandling.test.ts:168:39
    at [90mfile:///C:/Users/Admin/Desktop/Talina/Servio.AI/[39mnode_modules/[4m@vitest/r
unner[24m/dist/index.js:145:11
    at [90mfile:///C:/Users/Admin/Desktop/Talina/Servio.AI/[39mnode_modules/[4m@vitest/r
unner[24m/dist/index.js:915:26
    at [90mfile:///C:/Users/Admin/Desktop/Talina/Servio.AI/[39mnode_modules/[4m@vitest/r
unner[24m/dist/index.js:1243:20
    at new Promise (<anonymous>)
    at runWithTimeout [90m(file:///C:/Users/Admin/Desktop/Talina/Servio.AI/[39mnode_modul
es/[4m@vitest/runner[24m/dist/index.js:1209:10[90m)[39m
    at [90mfile:///C:/Users/Admin/Desktop/Talina/Servio.AI/[39mnode_modules/[4m@vitest/r
unner[24m/dist/index.js:1653:37
    at Traces.$ [90m(file:///C:/Users/Admin/Desktop/Talina/Servio.AI/[39mnode_modules/[4
mvitest[24m/dist/chunks/traces.U4xDYhzZ.js:115:27[90m)[39m
    at trace [90m(file:///C:/Users/Admin/Desktop/Talina/Servio.AI/[39mnode_modules/[4mvi
test[24m/dist/chunks/test.B8ej_ZHS.js:239:21[90m)[39m
    at runTest [90m(file:///C:/Users/Admin/Desktop/Talina/Servio.AI/[39mnode_modules/[4m
@vitest/runner[24m/dist/index.js:1653:12[90m)[39m

[90mstderr[2m | tests/api.errorHandling.test.ts[2m > [22m[2mapiCall - Error 
Handling[2m > [22m[2mE_NETWORK - Network failures[2m > [22m[2mdeve lan├ºar E_NETWORK 
para erro gen├⌐rico
[22m[39m≡ƒöº [API v3] Tentando: 
https://us-central1-servioai-staging.cloudfunctions.net/api/stripe/create-account-link

[90mstderr[2m | tests/api.errorHandling.test.ts[2m > [22m[2mapiCall - Error 
Handling[2m > [22m[2mE_NETWORK - Network failures[2m > [22m[2mdeve lan├ºar E_NETWORK 
para erro gen├⌐rico
[22m[39m≡ƒÜ¿ [API v2] ERRO detectado em /api/stripe/create-account-link - ACIONANDO 
FALLBACK! Error: Connection refused
    at C:/Users/Admin/Desktop/Talina/Servio.AI/tests/api.errorHandling.test.ts:180:39
    at [90mfile:///C:/Users/Admin/Desktop/Talina/Servio.AI/[39mnode_modules/[4m@vitest/r
unner[24m/dist/index.js:145:11
    at [90mfile:///C:/Users/Admin/Desktop/Talina/Servio.AI/[39mnode_modules/[4m@vitest/r
unner[24m/dist/index.js:915:26
    at [90mfile:///C:/Users/Admin/Desktop/Talina/Servio.AI/[39mnode_modules/[4m@vitest/r
unner[24m/dist/index.js:1243:20
    at new Promise (<anonymous>)
    at runWithTimeout [90m(file:///C:/Users/Admin/Desktop/Talina/Servio.AI/[39mnode_modul
es/[4m@vitest/runner[24m/dist/index.js:1209:10[90m)[39m
    at [90mfile:///C:/Users/Admin/Desktop/Talina/Servio.AI/[39mnode_modules/[4m@vitest/r
unner[24m/dist/index.js:1653:37
    at Traces.$ [90m(file:///C:/Users/Admin/Desktop/Talina/Servio.AI/[39mnode_modules/[4
mvitest[24m/dist/chunks/traces.U4xDYhzZ.js:115:27[90m)[39m
    at trace [90m(file:///C:/Users/Admin/Desktop/Talina/Servio.AI/[39mnode_modules/[4mvi
test[24m/dist/chunks/test.B8ej_ZHS.js:239:21[90m)[39m
    at runTest [90m(file:///C:/Users/Admin/Desktop/Talina/Servio.AI/[39mnode_modules/[4m
@vitest/runner[24m/dist/index.js:1653:12[90m)[39m
[api] Backend unavailable for /api/stripe/create-account-link, triggering fallback Error: 
Connection refused
    at C:/Users/Admin/Desktop/Talina/Servio.AI/tests/api.errorHandling.test.ts:180:39
    at [90mfile:///C:/Users/Admin/Desktop/Talina/Servio.AI/[39mnode_modules/[4m@vitest/r
unner[24m/dist/index.js:145:11
    at [90mfile:///C:/Users/Admin/Desktop/Talina/Servio.AI/[39mnode_modules/[4m@vitest/r
unner[24m/dist/index.js:915:26
    at [90mfile:///C:/Users/Admin/Desktop/Talina/Servio.AI/[39mnode_modules/[4m@vitest/r
unner[24m/dist/index.js:1243:20
    at new Promise (<anonymous>)
    at runWithTimeout [90m(file:///C:/Users/Admin/Desktop/Talina/Servio.AI/[39mnode_modul
es/[4m@vitest/runner[24m/dist/index.js:1209:10[90m)[39m
    at [90mfile:///C:/Users/Admin/Desktop/Talina/Servio.AI/[39mnode_modules/[4m@vitest/r
unner[24m/dist/index.js:1653:37
    at Traces.$ [90m(file:///C:/Users/Admin/Desktop/Talina/Servio.AI/[39mnode_modules/[4
mvitest[24m/dist/chunks/traces.U4xDYhzZ.js:115:27[90m)[39m
    at trace [90m(file:///C:/Users/Admin/Desktop/Talina/Servio.AI/[39mnode_modules/[4mvi
test[24m/dist/chunks/test.B8ej_ZHS.js:239:21[90m)[39m
    at runTest [90m(file:///C:/Users/Admin/Desktop/Talina/Servio.AI/[39mnode_modules/[4m
@vitest/runner[24m/dist/index.js:1653:12[90m)[39m

[90mstderr[2m | tests/api.errorHandling.test.ts[2m > [22m[2mapiCall - Error 
Handling[2m > [22m[2mE_NETWORK - Network failures[2m > [22m[2mdeve rethrow erro j├í 
estruturado
[22m[39m≡ƒöº [API v3] Tentando: 
https://us-central1-servioai-staging.cloudfunctions.net/create-checkout-session

[90mstderr[2m | tests/api.errorHandling.test.ts[2m > [22m[2mapiCall - Error 
Handling[2m > [22m[2mE_NETWORK - Network failures[2m > [22m[2mdeve rethrow erro j├í 
estruturado
[22m[39m≡ƒÜ¿ [API v2] ERRO detectado em /create-checkout-session - ACIONANDO FALLBACK! 
Error: Custom error
    at C:/Users/Admin/Desktop/Talina/Servio.AI/tests/api.errorHandling.test.ts:192:36
    at [90mfile:///C:/Users/Admin/Desktop/Talina/Servio.AI/[39mnode_modules/[4m@vitest/r
unner[24m/dist/index.js:145:11
    at [90mfile:///C:/Users/Admin/Desktop/Talina/Servio.AI/[39mnode_modules/[4m@vitest/r
unner[24m/dist/index.js:915:26
    at [90mfile:///C:/Users/Admin/Desktop/Talina/Servio.AI/[39mnode_modules/[4m@vitest/r
unner[24m/dist/index.js:1243:20
    at new Promise (<anonymous>)
    at runWithTimeout [90m(file:///C:/Users/Admin/Desktop/Talina/Servio.AI/[39mnode_modul
es/[4m@vitest/runner[24m/dist/index.js:1209:10[90m)[39m
    at [90mfile:///C:/Users/Admin/Desktop/Talina/Servio.AI/[39mnode_modules/[4m@vitest/r
unner[24m/dist/index.js:1653:37
    at Traces.$ [90m(file:///C:/Users/Admin/Desktop/Talina/Servio.AI/[39mnode_modules/[4
mvitest[24m/dist/chunks/traces.U4xDYhzZ.js:115:27[90m)[39m
    at trace [90m(file:///C:/Users/Admin/Desktop/Talina/Servio.AI/[39mnode_modules/[4mvi
test[24m/dist/chunks/test.B8ej_ZHS.js:239:21[90m)[39m
    at runTest [90m(file:///C:/Users/Admin/Desktop/Talina/Servio.AI/[39mnode_modules/[4m
@vitest/runner[24m/dist/index.js:1653:12[90m)[39m {
  code: [32m'E_CUSTOM'[39m
}
[api] Backend unavailable for /create-checkout-session, triggering fallback Error: Custom 
error
    at C:/Users/Admin/Desktop/Talina/Servio.AI/tests/api.errorHandling.test.ts:192:36
    at [90mfile:///C:/Users/Admin/Desktop/Talina/Servio.AI/[39mnode_modules/[4m@vitest/r
unner[24m/dist/index.js:145:11
    at [90mfile:///C:/Users/Admin/Desktop/Talina/Servio.AI/[39mnode_modules/[4m@vitest/r
unner[24m/dist/index.js:915:26
    at [90mfile:///C:/Users/Admin/Desktop/Talina/Servio.AI/[39mnode_modules/[4m@vitest/r
unner[24m/dist/index.js:1243:20
    at new Promise (<anonymous>)
    at runWithTimeout [90m(file:///C:/Users/Admin/Desktop/Talina/Servio.AI/[39mnode_modul
es/[4m@vitest/runner[24m/dist/index.js:1209:10[90m)[39m
    at [90mfile:///C:/Users/Admin/Desktop/Talina/Servio.AI/[39mnode_modules/[4m@vitest/r
unner[24m/dist/index.js:1653:37
    at Traces.$ [90m(file:///C:/Users/Admin/Desktop/Talina/Servio.AI/[39mnode_modules/[4
mvitest[24m/dist/chunks/traces.U4xDYhzZ.js:115:27[90m)[39m
    at trace [90m(file:///C:/Users/Admin/Desktop/Talina/Servio.AI/[39mnode_modules/[4mvi
test[24m/dist/chunks/test.B8ej_ZHS.js:239:21[90m)[39m
    at runTest [90m(file:///C:/Users/Admin/Desktop/Talina/Servio.AI/[39mnode_modules/[4m
@vitest/runner[24m/dist/index.js:1653:12[90m)[39m {
  code: [32m'E_CUSTOM'[39m
}

[90mstderr[2m | tests/api.errorHandling.test.ts[2m > [22m[2mapiCall - Error 
Handling[2m > [22m[2mE_SERVER - Other HTTP errors[2m > [22m[2mdeve lan├ºar E_SERVER 
para status 400 (n├úo AUTH/NOT_FOUND)
[22m[39m≡ƒöº [API v3] Tentando: 
https://us-central1-servioai-staging.cloudfunctions.net/api/stripe/create-connect-account

[90mstderr[2m | tests/api.errorHandling.test.ts[2m > [22m[2mapiCall - Error 
Handling[2m > [22m[2mE_SERVER - Other HTTP errors[2m > [22m[2mdeve lan├ºar E_SERVER 
para status 400 (n├úo AUTH/NOT_FOUND)
[22m[39m≡ƒÜ¿ [API v2] ERRO detectado em /api/stripe/create-connect-account - ACIONANDO 
FALLBACK! Error: Erro interno do servidor. Tente mais tarde.
    at makeApiError (C:/Users/Admin/Desktop/Talina/Servio.AI/services/api.ts:88:15)
    at apiCall (C:/Users/Admin/Desktop/Talina/Servio.AI/services/api.ts:142:13)
[90m    at processTicksAndRejections (node:internal/process/task_queues:103:5)[39m
    at C:/Users/Admin/Desktop/Talina/Servio.AI/tests/api.errorHandling.test.ts:217:9
    at [90mfile:///C:/Users/Admin/Desktop/Talina/Servio.AI/[39mnode_modules/[4m@vitest/r
unner[24m/dist/index.js:915:20 {
  code: [32m'E_SERVER'[39m,
  status: [33m400[39m,
  details: { error: [32m'Invalid userId format'[39m }
}
[api] Backend unavailable for /api/stripe/create-connect-account, triggering fallback 
Error: Erro interno do servidor. Tente mais tarde.
    at makeApiError (C:/Users/Admin/Desktop/Talina/Servio.AI/services/api.ts:88:15)
    at apiCall (C:/Users/Admin/Desktop/Talina/Servio.AI/services/api.ts:142:13)
[90m    at processTicksAndRejections (node:internal/process/task_queues:103:5)[39m
    at C:/Users/Admin/Desktop/Talina/Servio.AI/tests/api.errorHandling.test.ts:217:9
    at [90mfile:///C:/Users/Admin/Desktop/Talina/Servio.AI/[39mnode_modules/[4m@vitest/r
unner[24m/dist/index.js:915:20 {
  code: [32m'E_SERVER'[39m,
  status: [33m400[39m,
  details: { error: [32m'Invalid userId format'[39m }
}

[90mstderr[2m | tests/api.errorHandling.test.ts[2m > [22m[2mapiCall - Error 
Handling[2m > [22m[2mE_SERVER - Other HTTP errors[2m > [22m[2mdeve lan├ºar E_SERVER 
para status 422
[22m[39m≡ƒöº [API v3] Tentando: 
https://us-central1-servioai-staging.cloudfunctions.net/create-checkout-session

[90mstderr[2m | tests/api.errorHandling.test.ts[2m > [22m[2mapiCall - Error 
Handling[2m > [22m[2mE_SERVER - Other HTTP errors[2m > [22m[2mdeve lan├ºar E_SERVER 
para status 422
[22m[39m≡ƒÜ¿ [API v2] ERRO detectado em /create-checkout-session - ACIONANDO FALLBACK! 
Error: Erro interno do servidor. Tente mais tarde.
    at makeApiError (C:/Users/Admin/Desktop/Talina/Servio.AI/services/api.ts:88:15)
    at apiCall (C:/Users/Admin/Desktop/Talina/Servio.AI/services/api.ts:142:13)
[90m    at processTicksAndRejections (node:internal/process/task_queues:103:5)[39m
    at C:/Users/Admin/Desktop/Talina/Servio.AI/tests/api.errorHandling.test.ts:235:9
    at [90mfile:///C:/Users/Admin/Desktop/Talina/Servio.AI/[39mnode_modules/[4m@vitest/r
unner[24m/dist/index.js:915:20 {
  code: [32m'E_SERVER'[39m,
  status: [33m422[39m,
  details: { error: [32m'Validation failed: amount too low'[39m }
}
[api] Backend unavailable for /create-checkout-session, triggering fallback Error: Erro 
interno do servidor. Tente mais tarde.
    at makeApiError (C:/Users/Admin/Desktop/Talina/Servio.AI/services/api.ts:88:15)
    at apiCall (C:/Users/Admin/Desktop/Talina/Servio.AI/services/api.ts:142:13)
[90m    at processTicksAndRejections (node:internal/process/task_queues:103:5)[39m
    at C:/Users/Admin/Desktop/Talina/Servio.AI/tests/api.errorHandling.test.ts:235:9
    at [90mfile:///C:/Users/Admin/Desktop/Talina/Servio.AI/[39mnode_modules/[4m@vitest/r
unner[24m/dist/index.js:915:20 {
  code: [32m'E_SERVER'[39m,
  status: [33m422[39m,
  details: { error: [32m'Validation failed: amount too low'[39m }
}

[90mstderr[2m | tests/api.errorHandling.test.ts[2m > [22m[2mapiCall - Error 
Handling[2m > [22m[2mTimeout clearTimeout[2m > [22m[2mdeve limpar timeout quando 
requisi├º├úo ├⌐ bem-sucedida
[22m[39m≡ƒöº [API v3] Tentando: 
https://us-central1-servioai-staging.cloudfunctions.net/api/stripe/create-connect-account

[90mstderr[2m | tests/api.errorHandling.test.ts[2m > [22m[2mapiCall - Error 
Handling[2m > [22m[2mTimeout clearTimeout[2m > [22m[2mdeve limpar timeout quando 
requisi├º├úo falha
[22m[39m≡ƒöº [API v3] Tentando: 
https://us-central1-servioai-staging.cloudfunctions.net/api/stripe/create-connect-account

[90mstderr[2m | tests/api.errorHandling.test.ts[2m > [22m[2mapiCall - Error 
Handling[2m > [22m[2mTimeout clearTimeout[2m > [22m[2mdeve limpar timeout quando 
requisi├º├úo falha
[22m[39m≡ƒÜ¿ [API v2] ERRO detectado em /api/stripe/create-connect-account - ACIONANDO 
FALLBACK! Error: Erro interno do servidor. Tente mais tarde.
    at makeApiError (C:/Users/Admin/Desktop/Talina/Servio.AI/services/api.ts:88:15)
    at apiCall (C:/Users/Admin/Desktop/Talina/Servio.AI/services/api.ts:142:13)
[90m    at processTicksAndRejections (node:internal/process/task_queues:103:5)[39m
    at C:/Users/Admin/Desktop/Talina/Servio.AI/tests/api.errorHandling.test.ts:268:9
    at [90mfile:///C:/Users/Admin/Desktop/Talina/Servio.AI/[39mnode_modules/[4m@vitest/r
unner[24m/dist/index.js:915:20 {
  code: [32m'E_SERVER'[39m,
  status: [33m500[39m,
  details: { error: [32m'Server error'[39m }
}
[api] Backend unavailable for /api/stripe/create-connect-account, triggering fallback 
Error: Erro interno do servidor. Tente mais tarde.
    at makeApiError (C:/Users/Admin/Desktop/Talina/Servio.AI/services/api.ts:88:15)
    at apiCall (C:/Users/Admin/Desktop/Talina/Servio.AI/services/api.ts:142:13)
[90m    at processTicksAndRejections (node:internal/process/task_queues:103:5)[39m
    at C:/Users/Admin/Desktop/Talina/Servio.AI/tests/api.errorHandling.test.ts:268:9
    at [90mfile:///C:/Users/Admin/Desktop/Talina/Servio.AI/[39mnode_modules/[4m@vitest/r
unner[24m/dist/index.js:915:20 {
  code: [32m'E_SERVER'[39m,
  status: [33m500[39m,
  details: { error: [32m'Server error'[39m }
}

 [32mΓ£ô[39m tests/api.errorHandling.test.ts [2m([22m[2m14 tests[22m[2m)[22m[33m 499[2mms[22m[39m
       [33m[2mΓ£ô[22m[39m deve lan├ºar E_TIMEOUT quando AbortError ocorre [33m 431[2mms[22m[39m
 [32mΓ£ô[39m tests/MatchingResults.test.tsx [2m([22m[2m22 tests[22m[2m)[22m[33m 6815[2mms[22m[39m
       [33m[2mΓ£ô[22m[39m should display error message on fetch failure [33m 3060[2mms[22m[39m
       [33m[2mΓ£ô[22m[39m should handle network errors gracefully [33m 3054[2mms[22m[39m
[90mstderr[2m | tests/api.proposals.test.ts
[22m[39mΓòÉΓòÉΓòÉΓòÉΓòÉΓòÉΓòÉΓòÉΓòÉΓòÉΓòÉΓòÉΓòÉΓòÉΓòÉΓòÉΓòÉΓòÉΓòÉΓòÉΓòÉΓòÉΓòÉΓòÉΓòÉΓòÉΓòÉ
ΓòÉΓòÉΓòÉΓòÉΓòÉΓòÉΓòÉΓòÉΓòÉΓòÉΓòÉΓòÉΓòÉΓòÉΓòÉΓòÉΓòÉΓòÉΓòÉΓòÉΓòÉΓòÉΓòÉΓòÉΓòÉΓòÉΓòÉΓòÉ
≡ƒöº API SERVICE INICIADO - VERS├âO 2026-01-09
ΓòÉΓòÉΓòÉΓòÉΓòÉΓòÉΓòÉΓòÉΓòÉΓòÉΓòÉΓòÉΓòÉΓòÉΓòÉΓòÉΓòÉΓòÉΓòÉΓòÉΓòÉΓòÉΓòÉΓòÉΓòÉΓòÉΓòÉΓòÉΓòÉΓòÉΓ
òÉΓòÉΓòÉΓòÉΓòÉΓòÉΓòÉΓòÉΓòÉΓòÉΓòÉΓòÉΓòÉΓòÉΓòÉΓòÉΓòÉΓòÉΓòÉΓòÉΓòÉΓòÉΓòÉΓòÉΓòÉ
≡ƒôï STAGING_MODE: true
≡ƒôï Project ID: servioai-staging
≡ƒôï Backend URL: https://us-central1-servioai-staging.cloudfunctions.net
≡ƒôï Use Mock: false
ΓòÉΓòÉΓòÉΓòÉΓòÉΓòÉΓòÉΓòÉΓòÉΓòÉΓòÉΓòÉΓòÉΓòÉΓòÉΓòÉΓòÉΓòÉΓòÉΓòÉΓòÉΓòÉΓòÉΓòÉΓòÉΓòÉΓòÉΓòÉΓòÉΓòÉΓ
òÉΓòÉΓòÉΓòÉΓòÉΓòÉΓòÉΓòÉΓòÉΓòÉΓòÉΓòÉΓòÉΓòÉΓòÉΓòÉΓòÉΓòÉΓòÉΓòÉΓòÉΓòÉΓòÉΓòÉΓòÉ
Γ£à STAGING MODE ATIVO - Backend DESABILITADO!
Γ£à Todas as opera├º├╡es de usu├írio usam Firestore direto!

[90mstderr[2m | tests/api.proposals.test.ts[2m > [22m[2mProposal Management[2m > 
[22m[2mcreateProposal[2m > [22m[2mcria proposta com sucesso quando backend responde
[22m[39m≡ƒöº [API v3] Tentando: 
https://us-central1-servioai-staging.cloudfunctions.net/proposals

[90mstdout[2m | tests/import_debug_extended.test.ts[2m > [22m[2mImport Debug Extended[2m > [22m[2mshould import ProspectorCRMProfessional
[22m[39mXXX DEBUG: firebaseConfig loading
XXX DEBUG: import.meta.env.MODE: test

[90mstderr[2m | tests/import_debug_extended.test.ts[2m > [22m[2mImport Debug 
Extended[2m > [22m[2mshould import ProspectorCRMProfessional
[22m[39m[firebase] Usando mocks porque a configura├º├úo est├í ausente ou desativada.

[90mstdout[2m | tests/import_debug_extended.test.ts[2m > [22m[2mImport Debug Extended[2m > [22m[2mshould import ProspectorCRMProfessional
[22m[39mProspectorCRMProfessional imported

[90mstdout[2m | tests/import_debug_extended.test.ts[2m > [22m[2mImport Debug Extended[2m > [22m[2mshould import BulkCampaignModal
[22m[39mBulkCampaignModal imported

[90mstderr[2m | tests/import_debug_extended.test.ts[2m > [22m[2mImport Debug 
Extended[2m > [22m[2mshould import ProspectorStatistics
[22m[39mΓòÉΓòÉΓòÉΓòÉΓòÉΓòÉΓòÉΓòÉΓòÉΓòÉΓòÉΓòÉΓòÉΓòÉΓòÉΓòÉΓòÉΓòÉΓòÉΓòÉΓòÉΓòÉΓòÉΓòÉΓòÉΓòÉΓòÉ
ΓòÉΓòÉΓòÉΓòÉΓòÉΓòÉΓòÉΓòÉΓòÉΓòÉΓòÉΓòÉΓòÉΓòÉΓòÉΓòÉΓòÉΓòÉΓòÉΓòÉΓòÉΓòÉΓòÉΓòÉΓòÉΓòÉΓòÉΓòÉ
≡ƒöº API SERVICE INICIADO - VERS├âO 2026-01-09
ΓòÉΓòÉΓòÉΓòÉΓòÉΓòÉΓòÉΓòÉΓòÉΓòÉΓòÉΓòÉΓòÉΓòÉΓòÉΓòÉΓòÉΓòÉΓòÉΓòÉΓòÉΓòÉΓòÉΓòÉΓòÉΓòÉΓòÉΓòÉΓòÉΓòÉΓ
òÉΓòÉΓòÉΓòÉΓòÉΓòÉΓòÉΓòÉΓòÉΓòÉΓòÉΓòÉΓòÉΓòÉΓòÉΓòÉΓòÉΓòÉΓòÉΓòÉΓòÉΓòÉΓòÉΓòÉΓòÉ
≡ƒôï STAGING_MODE: true
≡ƒôï Project ID: servioai-staging
≡ƒôï Backend URL: https://us-central1-servioai-staging.cloudfunctions.net
≡ƒôï Use Mock: false
ΓòÉΓòÉΓòÉΓòÉΓòÉΓòÉΓòÉΓòÉΓòÉΓòÉΓòÉΓòÉΓòÉΓòÉΓòÉΓòÉΓòÉΓòÉΓòÉΓòÉΓòÉΓòÉΓòÉΓòÉΓòÉΓòÉΓòÉΓòÉΓòÉΓòÉΓ
òÉΓòÉΓòÉΓòÉΓòÉΓòÉΓòÉΓòÉΓòÉΓòÉΓòÉΓòÉΓòÉΓòÉΓòÉΓòÉΓòÉΓòÉΓòÉΓòÉΓòÉΓòÉΓòÉΓòÉΓòÉ
Γ£à STAGING MODE ATIVO - Backend DESABILITADO!
Γ£à Todas as opera├º├╡es de usu├írio usam Firestore direto!

[90mstdout[2m | tests/import_debug_extended.test.ts[2m > [22m[2mImport Debug Extended[2m > [22m[2mshould import ProspectorStatistics
[22m[39mProspectorStatistics imported

 [32mΓ£ô[39m tests/import_debug_extended.test.ts [2m([22m[2m3 tests[22m[2m)[22m[33m 533[2mms[22m[39m
     [33m[2mΓ£ô[22m[39m should import ProspectorCRMProfessional [33m 473[2mms[22m[39m
 [31mΓ¥»[39m tests/week3/ProspectorDashboard.expansion.test.tsx [2m([22m[2m48 tests[22m[2m | [22m[31m4 failed[39m[2m)[22m[33m 6659[2mms[22m[39m
       [32mΓ£ô[39m should render dashboard with prospector ID[32m 180[2mms[22m[39m
       [32mΓ£ô[39m should render all major sections[32m 117[2mms[22m[39m
[31m       [31m├ù[31m should load prospector stats on mount[39m[32m 178[2mms[22m[39m
[31m       [31m├ù[31m should load leaderboard data on mount[39m[32m 179[2mms[22m[39m
       [32mΓ£ô[39m should display prospector statistics[32m 169[2mms[22m[39m
       [32mΓ£ô[39m should handle badge tier progression[32m 190[2mms[22m[39m
       [32mΓ£ô[39m should display conversion metrics[32m 180[2mms[22m[39m
       [32mΓ£ô[39m should calculate referral statistics correctly[32m 173[2mms[22m[39m
       [32mΓ£ô[39m should display tab navigation options[32m 116[2mms[22m[39m
       [32mΓ£ô[39m should have crm as default active tab[32m 116[2mms[22m[39m
       [32mΓ£ô[39m should render tab buttons for all sections[32m 148[2mms[22m[39m
       [32mΓ£ô[39m should have all tabs accessible[32m 120[2mms[22m[39m
       [32mΓ£ô[39m should include referral link in quick actions[32m 117[2mms[22m[39m
       [32mΓ£ô[39m should generate unique referral link per prospector[32m 123[2mms[22m[39m
       [32mΓ£ô[39m should include prospector ID in generated links[32m 109[2mms[22m[39m
       [32mΓ£ô[39m should support referral tracking[32m 109[2mms[22m[39m
       [32mΓ£ô[39m should display leaderboard rankings[32m 168[2mms[22m[39m
       [32mΓ£ô[39m should show top performers[32m 170[2mms[22m[39m
       [32mΓ£ô[39m should highlight current prospector in leaderboard[32m 168[2mms[22m[39m
       [32mΓ£ô[39m should display commission amounts in leaderboard[32m 172[2mms[22m[39m
       [32mΓ£ô[39m should render quick actions bar[32m 110[2mms[22m[39m
       [32mΓ£ô[39m should have add lead action button[32m 121[2mms[22m[39m
       [32mΓ£ô[39m should have notifications button[32m 111[2mms[22m[39m
       [32mΓ£ô[39m should trigger add lead modal on button click[32m 109[2mms[22m[39m
       [32mΓ£ô[39m should include notification button in quick actions[32m 109[2mms[22m[39m
       [32mΓ£ô[39m should show notification count in quick actions[32m 109[2mms[22m[39m
       [32mΓ£ô[39m should trigger notifications modal on button click[32m 110[2mms[22m[39m
       [32mΓ£ô[39m should handle notification updates[32m 120[2mms[22m[39m
       [32mΓ£ô[39m should handle stats load failure gracefully[32m 176[2mms[22m[39m
       [32mΓ£ô[39m should handle missing prospector ID[32m 112[2mms[22m[39m
       [32mΓ£ô[39m should recover from API failures[32m 169[2mms[22m[39m
       [32mΓ£ô[39m should display fallback UI when data unavailable[32m 172[2mms[22m[39m
       [32mΓ£ô[39m should show loading indicator initially[32m 8[2mms[22m[39m
       [32mΓ£ô[39m should hide loading after data loads[32m 210[2mms[22m[39m
       [33m[2mΓ£ô[22m[39m should handle slow API responses [33m 624[2mms[22m[39m
       [32mΓ£ô[39m should display skeleton while loading[32m 7[2mms[22m[39m
       [32mΓ£ô[39m should handle tab switching[32m 113[2mms[22m[39m
       [32mΓ£ô[39m should persist selected tab preference[32m 109[2mms[22m[39m
[31m       [31m├ù[31m should handle quick panel interactions[39m[32m 25[2mms[22m[39m
       [32mΓ£ô[39m should respond to add lead action[32m 130[2mms[22m[39m
       [32mΓ£ô[39m should render mobile-friendly layout[32m 114[2mms[22m[39m
       [32mΓ£ô[39m should adapt to different screen sizes[32m 120[2mms[22m[39m
[31m       [31m├ù[31m should display quick panel on all screen sizes[39m[32m 86[2mms[22m[39m
       [32mΓ£ô[39m should maintain layout integrity on zoom[32m 114[2mms[22m[39m
       [32mΓ£ô[39m should pass userId to child components[32m 118[2mms[22m[39m
       [32mΓ£ô[39m should render onboarding tour component[32m 115[2mms[22m[39m
       [32mΓ£ô[39m should render default crm tab[32m 111[2mms[22m[39m
       [32mΓ£ô[39m should render all tab sections via buttons[32m 114[2mms[22m[39m
 [32mΓ£ô[39m tests/lib/firebaseLazy.integration.test.ts [2m([22m[2m29 tests[22m[2m)[22m[33m 579[2mms[22m[39m
       [33m[2mΓ£ô[22m[39m initFirebase should return object with auth and db properties [33m 496[2mms[22m[39m
[90mstdout[2m | tests/api.proposals.test.ts[2m > [22m[2mProposal Management[2m > [22m[2mcreateProposal[2m > [22m[2mcria proposta com sucesso quando backend responde
[22m[39mXXX DEBUG: firebaseConfig loading
XXX DEBUG: import.meta.env.MODE: test

[90mstderr[2m | tests/api.proposals.test.ts[2m > [22m[2mProposal Management[2m > 
[22m[2mcreateProposal[2m > [22m[2mcria proposta com sucesso quando backend responde
[22m[39m[firebase] Usando mocks porque a configura├º├úo est├í ausente ou desativada.

[90mstderr[2m | tests/api.proposals.test.ts[2m > [22m[2mProposal Management[2m > 
[22m[2mcreateProposal[2m > [22m[2mvalida pre├ºo m├¡nimo na proposta
[22m[39m≡ƒöº [API v3] Tentando: 
https://us-central1-servioai-staging.cloudfunctions.net/proposals

[90mstderr[2m | tests/api.proposals.test.ts[2m > [22m[2mProposal Management[2m > 
[22m[2mcreateProposal[2m > [22m[2mvalida pre├ºo m├¡nimo na proposta
[22m[39m≡ƒÜ¿ [API v2] ERRO detectado em /proposals - ACIONANDO FALLBACK! Error: Erro 
interno do servidor. Tente mais tarde.
    at makeApiError (C:/Users/Admin/Desktop/Talina/Servio.AI/services/api.ts:88:15)
    at apiCall (C:/Users/Admin/Desktop/Talina/Servio.AI/services/api.ts:142:13)
[90m    at processTicksAndRejections (node:internal/process/task_queues:103:5)[39m
    at createProposal (C:/Users/Admin/Desktop/Talina/Servio.AI/services/api.ts:934:12)
    at C:/Users/Admin/Desktop/Talina/Servio.AI/tests/api.proposals.test.ts:50:7
    at [90mfile:///C:/Users/Admin/Desktop/Talina/Servio.AI/[39mnode_modules/[4m@vitest/r
unner[24m/dist/index.js:915:20 {
  code: [32m'E_SERVER'[39m,
  details: { error: [32m'Pre├ºo m├¡nimo ├⌐ R$ 50'[39m }
}
[api] Backend unavailable for /proposals, triggering fallback Error: Erro interno do 
servidor. Tente mais tarde.
    at makeApiError (C:/Users/Admin/Desktop/Talina/Servio.AI/services/api.ts:88:15)
    at apiCall (C:/Users/Admin/Desktop/Talina/Servio.AI/services/api.ts:142:13)
[90m    at processTicksAndRejections (node:internal/process/task_queues:103:5)[39m
    at createProposal (C:/Users/Admin/Desktop/Talina/Servio.AI/services/api.ts:934:12)
    at C:/Users/Admin/Desktop/Talina/Servio.AI/tests/api.proposals.test.ts:50:7
    at [90mfile:///C:/Users/Admin/Desktop/Talina/Servio.AI/[39mnode_modules/[4m@vitest/r
unner[24m/dist/index.js:915:20 {
  code: [32m'E_SERVER'[39m,
  details: { error: [32m'Pre├ºo m├¡nimo ├⌐ R$ 50'[39m }
}

[90mstderr[2m | tests/api.proposals.test.ts[2m > [22m[2mProposal Management[2m > 
[22m[2mcreateProposal[2m > [22m[2mvalida pre├ºo m├¡nimo na proposta
[22m[39mFailed to create proposal: Error: Erro interno do servidor. Tente mais tarde.
    at makeApiError (C:/Users/Admin/Desktop/Talina/Servio.AI/services/api.ts:88:15)
    at apiCall (C:/Users/Admin/Desktop/Talina/Servio.AI/services/api.ts:142:13)
[90m    at processTicksAndRejections (node:internal/process/task_queues:103:5)[39m
    at createProposal (C:/Users/Admin/Desktop/Talina/Servio.AI/services/api.ts:934:12)
    at C:/Users/Admin/Desktop/Talina/Servio.AI/tests/api.proposals.test.ts:50:7
    at [90mfile:///C:/Users/Admin/Desktop/Talina/Servio.AI/[39mnode_modules/[4m@vitest/r
unner[24m/dist/index.js:915:20 {
  code: [32m'E_SERVER'[39m,
  details: { error: [32m'Pre├ºo m├¡nimo ├⌐ R$ 50'[39m }
}

[90mstderr[2m | tests/api.proposals.test.ts[2m > [22m[2mProposal Management[2m > 
[22m[2mcreateProposal[2m > [22m[2mvalida descri├º├úo obrigat├│ria
[22m[39m≡ƒöº [API v3] Tentando: 
https://us-central1-servioai-staging.cloudfunctions.net/proposals

[90mstderr[2m | tests/api.proposals.test.ts[2m > [22m[2mProposal Management[2m > 
[22m[2mcreateProposal[2m > [22m[2mvalida descri├º├úo obrigat├│ria
[22m[39m≡ƒÜ¿ [API v2] ERRO detectado em /proposals - ACIONANDO FALLBACK! TypeError: 
response.json is not a function
    at apiCall (C:/Users/Admin/Desktop/Talina/Servio.AI/services/api.ts:141:38)
[90m    at processTicksAndRejections (node:internal/process/task_queues:103:5)[39m
    at createProposal (C:/Users/Admin/Desktop/Talina/Servio.AI/services/api.ts:934:12)
    at C:/Users/Admin/Desktop/Talina/Servio.AI/tests/api.proposals.test.ts:61:7
    at [90mfile:///C:/Users/Admin/Desktop/Talina/Servio.AI/[39mnode_modules/[4m@vitest/r
unner[24m/dist/index.js:915:20
[api] Backend unavailable for /proposals, triggering fallback TypeError: response.json is 
not a function
    at apiCall (C:/Users/Admin/Desktop/Talina/Servio.AI/services/api.ts:141:38)
[90m    at processTicksAndRejections (node:internal/process/task_queues:103:5)[39m
    at createProposal (C:/Users/Admin/Desktop/Talina/Servio.AI/services/api.ts:934:12)
    at C:/Users/Admin/Desktop/Talina/Servio.AI/tests/api.proposals.test.ts:61:7
    at [90mfile:///C:/Users/Admin/Desktop/Talina/Servio.AI/[39mnode_modules/[4m@vitest/r
unner[24m/dist/index.js:915:20

[90mstderr[2m | tests/api.proposals.test.ts[2m > [22m[2mProposal Management[2m > 
[22m[2mcreateProposal[2m > [22m[2mvalida descri├º├úo obrigat├│ria
[22m[39mFailed to create proposal: Error: Falha de rede. Verifique sua conex├úo.
    at makeApiError (C:/Users/Admin/Desktop/Talina/Servio.AI/services/api.ts:88:15)
    at apiCall (C:/Users/Admin/Desktop/Talina/Servio.AI/services/api.ts:164:11)
[90m    at processTicksAndRejections (node:internal/process/task_queues:103:5)[39m
    at createProposal (C:/Users/Admin/Desktop/Talina/Servio.AI/services/api.ts:934:12)
    at C:/Users/Admin/Desktop/Talina/Servio.AI/tests/api.proposals.test.ts:61:7
    at [90mfile:///C:/Users/Admin/Desktop/Talina/Servio.AI/[39mnode_modules/[4m@vitest/r
unner[24m/dist/index.js:915:20 {
  code: [32m'E_NETWORK'[39m
}

[90mstderr[2m | tests/api.proposals.test.ts[2m > [22m[2mProposal Management[2m > 
[22m[2mcreateProposal[2m > [22m[2mprevine duplicata de proposta do mesmo provider
[22m[39m≡ƒöº [API v3] Tentando: 
https://us-central1-servioai-staging.cloudfunctions.net/proposals

[90mstderr[2m | tests/api.proposals.test.ts[2m > [22m[2mProposal Management[2m > 
[22m[2mcreateProposal[2m > [22m[2mprevine duplicata de proposta do mesmo provider
[22m[39m≡ƒÜ¿ [API v2] ERRO detectado em /proposals - ACIONANDO FALLBACK! Error: Erro 
interno do servidor. Tente mais tarde.
    at makeApiError (C:/Users/Admin/Desktop/Talina/Servio.AI/services/api.ts:88:15)
    at apiCall (C:/Users/Admin/Desktop/Talina/Servio.AI/services/api.ts:142:13)
[90m    at processTicksAndRejections (node:internal/process/task_queues:103:5)[39m
    at createProposal (C:/Users/Admin/Desktop/Talina/Servio.AI/services/api.ts:934:12)
    at C:/Users/Admin/Desktop/Talina/Servio.AI/tests/api.proposals.test.ts:71:7
    at [90mfile:///C:/Users/Admin/Desktop/Talina/Servio.AI/[39mnode_modules/[4m@vitest/r
unner[24m/dist/index.js:915:20 {
  code: [32m'E_SERVER'[39m,
  details: { error: [32m'Proposta j├í existe para este job'[39m }
}
[api] Backend unavailable for /proposals, triggering fallback Error: Erro interno do 
servidor. Tente mais tarde.
    at makeApiError (C:/Users/Admin/Desktop/Talina/Servio.AI/services/api.ts:88:15)
    at apiCall (C:/Users/Admin/Desktop/Talina/Servio.AI/services/api.ts:142:13)
[90m    at processTicksAndRejections (node:internal/process/task_queues:103:5)[39m
    at createProposal (C:/Users/Admin/Desktop/Talina/Servio.AI/services/api.ts:934:12)
    at C:/Users/Admin/Desktop/Talina/Servio.AI/tests/api.proposals.test.ts:71:7
    at [90mfile:///C:/Users/Admin/Desktop/Talina/Servio.AI/[39mnode_modules/[4m@vitest/r
unner[24m/dist/index.js:915:20 {
  code: [32m'E_SERVER'[39m,
  details: { error: [32m'Proposta j├í existe para este job'[39m }
}

[90mstderr[2m | tests/api.proposals.test.ts[2m > [22m[2mProposal Management[2m > 
[22m[2mcreateProposal[2m > [22m[2mprevine duplicata de proposta do mesmo provider
[22m[39mFailed to create proposal: Error: Erro interno do servidor. Tente mais tarde.
    at makeApiError (C:/Users/Admin/Desktop/Talina/Servio.AI/services/api.ts:88:15)
    at apiCall (C:/Users/Admin/Desktop/Talina/Servio.AI/services/api.ts:142:13)
[90m    at processTicksAndRejections (node:internal/process/task_queues:103:5)[39m
    at createProposal (C:/Users/Admin/Desktop/Talina/Servio.AI/services/api.ts:934:12)
    at C:/Users/Admin/Desktop/Talina/Servio.AI/tests/api.proposals.test.ts:71:7
    at [90mfile:///C:/Users/Admin/Desktop/Talina/Servio.AI/[39mnode_modules/[4m@vitest/r
unner[24m/dist/index.js:915:20 {
  code: [32m'E_SERVER'[39m,
  details: { error: [32m'Proposta j├í existe para este job'[39m }
}

[90mstderr[2m | tests/api.proposals.test.ts[2m > [22m[2mProposal Management[2m > 
[22m[2mupdateProposal (acceptProposal)[2m > [22m[2maceita proposta e atualiza status 
do job para in_progress
[22m[39m≡ƒöº [API v3] Tentando: 
https://us-central1-servioai-staging.cloudfunctions.net/proposals/prop-789

[90mstderr[2m | tests/api.proposals.test.ts[2m > [22m[2mProposal Management[2m > 
[22m[2mupdateProposal (acceptProposal)[2m > [22m[2mcria escrow ao aceitar proposta
[22m[39m≡ƒöº [API v3] Tentando: 
https://us-central1-servioai-staging.cloudfunctions.net/proposals/prop-789

[90mstderr[2m | tests/api.proposals.test.ts[2m > [22m[2mProposal Management[2m > 
[22m[2mupdateProposal (acceptProposal)[2m > [22m[2mrejeita outras propostas 
automaticamente ao aceitar uma
[22m[39m≡ƒöº [API v3] Tentando: 
https://us-central1-servioai-staging.cloudfunctions.net/proposals/prop-789

 [32mΓ£ô[39m tests/api.proposals.test.ts [2m([22m[2m7 tests[22m[2m)[22m[33m 494[2mms[22m[39m
       [33m[2mΓ£ô[22m[39m cria proposta com sucesso quando backend responde [33m 434[2mms[22m[39m
[90mstderr[2m | tests/error-handling.test.ts
[22m[39mΓòÉΓòÉΓòÉΓòÉΓòÉΓòÉΓòÉΓòÉΓòÉΓòÉΓòÉΓòÉΓòÉΓòÉΓòÉΓòÉΓòÉΓòÉΓòÉΓòÉΓòÉΓòÉΓòÉΓòÉΓòÉΓòÉΓòÉ
ΓòÉΓòÉΓòÉΓòÉΓòÉΓòÉΓòÉΓòÉΓòÉΓòÉΓòÉΓòÉΓòÉΓòÉΓòÉΓòÉΓòÉΓòÉΓòÉΓòÉΓòÉΓòÉΓòÉΓòÉΓòÉΓòÉΓòÉΓòÉ
≡ƒöº API SERVICE INICIADO - VERS├âO 2026-01-09
ΓòÉΓòÉΓòÉΓòÉΓòÉΓòÉΓòÉΓòÉΓòÉΓòÉΓòÉΓòÉΓòÉΓòÉΓòÉΓòÉΓòÉΓòÉΓòÉΓòÉΓòÉΓòÉΓòÉΓòÉΓòÉΓòÉΓòÉΓòÉΓòÉΓòÉΓ
òÉΓòÉΓòÉΓòÉΓòÉΓòÉΓòÉΓòÉΓòÉΓòÉΓòÉΓòÉΓòÉΓòÉΓòÉΓòÉΓòÉΓòÉΓòÉΓòÉΓòÉΓòÉΓòÉΓòÉΓòÉ
≡ƒôï STAGING_MODE: true
≡ƒôï Project ID: servioai-staging
≡ƒôï Backend URL: https://us-central1-servioai-staging.cloudfunctions.net
≡ƒôï Use Mock: false
ΓòÉΓòÉΓòÉΓòÉΓòÉΓòÉΓòÉΓòÉΓòÉΓòÉΓòÉΓòÉΓòÉΓòÉΓòÉΓòÉΓòÉΓòÉΓòÉΓòÉΓòÉΓòÉΓòÉΓòÉΓòÉΓòÉΓòÉΓòÉΓòÉΓòÉΓ
òÉΓòÉΓòÉΓòÉΓòÉΓòÉΓòÉΓòÉΓòÉΓòÉΓòÉΓòÉΓòÉΓòÉΓòÉΓòÉΓòÉΓòÉΓòÉΓòÉΓòÉΓòÉΓòÉΓòÉΓòÉ
Γ£à STAGING MODE ATIVO - Backend DESABILITADO!
Γ£à Todas as opera├º├╡es de usu├írio usam Firestore direto!

 [32mΓ£ô[39m tests/components/ProviderCard.comprehensive.test.tsx [2m([22m[2m35 tests[22m[2m)[22m[33m 511[2mms[22m[39m
[90mstderr[2m | tests/error-handling.test.ts[2m > [22m[2m[E2E-SMOKE] Error Handling 
API[2m > [22m[2m404 ΓåÆ retorna fallback ou lan├ºa ApiError E_NOT_FOUND (jobs)
[22m[39m≡ƒöº [API v3] Tentando: 
https://us-central1-servioai-staging.cloudfunctions.net/jobs?status=ativo

[90mstdout[2m | tests/ProspectorCRM.test.tsx
[22m[39mXXX DEBUG: firebaseConfig loading
XXX DEBUG: import.meta.env.MODE: test

[90mstderr[2m | tests/ProspectorCRM.test.tsx
[22m[39m[firebase] Usando mocks porque a configura├º├úo est├í ausente ou desativada.

 [32mΓ£ô[39m tests/AuthModal.test.tsx [2m([22m[2m9 tests[22m[2m)[22m[33m 487[2mms[22m[39m
 [32mΓ£ô[39m tests/PaymentModal.test.tsx [2m([22m[2m9 tests[22m[2m)[22m[33m 478[2mms[22m[39m
[90mstderr[2m | tests/AuctionRoomModal.test.tsx[2m > [22m[2mAuctionRoomModal[2m > 
[22m[2mcontador encerra ap├│s expirar (fake timers)
[22m[39mWarning: `ReactDOMTestUtils.act` is deprecated in favor of `React.act`. Import 
`act` from `react` instead of `react-dom/test-utils`. See 
https://react.dev/warnings/react-dom-test-utils for more info.

 [32mΓ£ô[39m tests/AuctionRoomModal.test.tsx [2m([22m[2m7 tests[22m[2m)[22m[33m 484[2mms[22m[39m
[90mstdout[2m | tests/error-handling.test.ts[2m > [22m[2m[E2E-SMOKE] Error Handling API[2m > [22m[2m404 ΓåÆ retorna fallback ou lan├ºa ApiError E_NOT_FOUND (jobs)
[22m[39mXXX DEBUG: firebaseConfig loading
XXX DEBUG: import.meta.env.MODE: test

[90mstderr[2m | tests/error-handling.test.ts[2m > [22m[2m[E2E-SMOKE] Error Handling 
API[2m > [22m[2m404 ΓåÆ retorna fallback ou lan├ºa ApiError E_NOT_FOUND (jobs)
[22m[39m[firebase] Usando mocks porque a configura├º├úo est├í ausente ou desativada.

[90mstderr[2m | tests/error-handling.test.ts[2m > [22m[2m[E2E-SMOKE] Error Handling 
API[2m > [22m[2m404 ΓåÆ retorna fallback ou lan├ºa ApiError E_NOT_FOUND (jobs)
[22m[39m≡ƒÜ¿ [API v2] ERRO detectado em /jobs?status=ativo - ACIONANDO FALLBACK! Error: 
Recurso n├úo encontrado.
    at makeApiError (C:/Users/Admin/Desktop/Talina/Servio.AI/services/api.ts:88:15)
    at apiCall (C:/Users/Admin/Desktop/Talina/Servio.AI/services/api.ts:142:13)
[90m    at processTicksAndRejections (node:internal/process/task_queues:103:5)[39m
    at Module.fetchOpenJobs 
(C:/Users/Admin/Desktop/Talina/Servio.AI/services/api.ts:789:20)
    at C:/Users/Admin/Desktop/Talina/Servio.AI/tests/error-handling.test.ts:18:18
    at [90mfile:///C:/Users/Admin/Desktop/Talina/Servio.AI/[39mnode_modules/[4m@vitest/r
unner[24m/dist/index.js:915:20 {
  code: [32m'E_NOT_FOUND'[39m,
  status: [33m404[39m,
  details: { message: [32m'x'[39m }
}
[api] Backend unavailable for /jobs?status=ativo, triggering fallback Error: Recurso n├úo 
encontrado.
    at makeApiError (C:/Users/Admin/Desktop/Talina/Servio.AI/services/api.ts:88:15)
    at apiCall (C:/Users/Admin/Desktop/Talina/Servio.AI/services/api.ts:142:13)
[90m    at processTicksAndRejections (node:internal/process/task_queues:103:5)[39m
    at Module.fetchOpenJobs 
(C:/Users/Admin/Desktop/Talina/Servio.AI/services/api.ts:789:20)
    at C:/Users/Admin/Desktop/Talina/Servio.AI/tests/error-handling.test.ts:18:18
    at [90mfile:///C:/Users/Admin/Desktop/Talina/Servio.AI/[39mnode_modules/[4m@vitest/r
unner[24m/dist/index.js:915:20 {
  code: [32m'E_NOT_FOUND'[39m,
  status: [33m404[39m,
  details: { message: [32m'x'[39m }
}

[90mstderr[2m | tests/error-handling.test.ts[2m > [22m[2m[E2E-SMOKE] Error Handling 
API[2m > [22m[2m404 ΓåÆ retorna fallback ou lan├ºa ApiError E_NOT_FOUND (jobs)
[22m[39mFailed to fetch open jobs from backend, using mock data

[90mstderr[2m | tests/error-handling.test.ts[2m > [22m[2m[E2E-SMOKE] Error Handling 
API[2m > [22m[2m500 ΓåÆ usa fallback de propostas mock (n├úo lan├ºa)
[22m[39m≡ƒöº [API v3] Tentando: 
https://us-central1-servioai-staging.cloudfunctions.net/proposals

[90mstderr[2m | tests/error-handling.test.ts[2m > [22m[2m[E2E-SMOKE] Error Handling 
API[2m > [22m[2m500 ΓåÆ usa fallback de propostas mock (n├úo lan├ºa)
[22m[39m≡ƒÜ¿ [API v2] ERRO detectado em /proposals - ACIONANDO FALLBACK! Error: Erro 
interno do servidor. Tente mais tarde.
    at makeApiError (C:/Users/Admin/Desktop/Talina/Servio.AI/services/api.ts:88:15)
    at apiCall (C:/Users/Admin/Desktop/Talina/Servio.AI/services/api.ts:142:13)
[90m    at processTicksAndRejections (node:internal/process/task_queues:103:5)[39m
    at Module.fetchProposals 
(C:/Users/Admin/Desktop/Talina/Servio.AI/services/api.ts:897:12)
    at C:/Users/Admin/Desktop/Talina/Servio.AI/tests/error-handling.test.ts:24:23
    at [90mfile:///C:/Users/Admin/Desktop/Talina/Servio.AI/[39mnode_modules/[4m@vitest/r
unner[24m/dist/index.js:915:20 {
  code: [32m'E_SERVER'[39m,
  status: [33m500[39m,
  details: { message: [32m'x'[39m }
}
[api] Backend unavailable for /proposals, triggering fallback Error: Erro interno do 
servidor. Tente mais tarde.
    at makeApiError (C:/Users/Admin/Desktop/Talina/Servio.AI/services/api.ts:88:15)
    at apiCall (C:/Users/Admin/Desktop/Talina/Servio.AI/services/api.ts:142:13)
[90m    at processTicksAndRejections (node:internal/process/task_queues:103:5)[39m
    at Module.fetchProposals 
(C:/Users/Admin/Desktop/Talina/Servio.AI/services/api.ts:897:12)
    at C:/Users/Admin/Desktop/Talina/Servio.AI/tests/error-handling.test.ts:24:23
    at [90mfile:///C:/Users/Admin/Desktop/Talina/Servio.AI/[39mnode_modules/[4m@vitest/r
unner[24m/dist/index.js:915:20 {
  code: [32m'E_SERVER'[39m,
  status: [33m500[39m,
  details: { message: [32m'x'[39m }
}

[90mstderr[2m | tests/error-handling.test.ts[2m > [22m[2m[E2E-SMOKE] Error Handling 
API[2m > [22m[2m500 ΓåÆ usa fallback de propostas mock (n├úo lan├ºa)
[22m[39mFailed to fetch proposals, using mock data

[90mstderr[2m | tests/error-handling.test.ts[2m > [22m[2m[E2E-SMOKE] Error Handling 
API[2m > [22m[2mTimeout ΓåÆ retorna lista b├ísica de providers (fallback)
[22m[39m≡ƒöº [API v3] Tentando: 
https://us-central1-servioai-staging.cloudfunctions.net/api/match-providers

[90mstderr[2m | tests/error-handling.test.ts[2m > [22m[2m[E2E-SMOKE] Error Handling 
API[2m > [22m[2mTimeout ΓåÆ retorna lista b├ísica de providers (fallback)
[22m[39m≡ƒÜ¿ [API v2] ERRO detectado em /api/match-providers - ACIONANDO FALLBACK! Error 
[AbortError]: Aborted
    at C:/Users/Admin/Desktop/Talina/Servio.AI/tests/error-handling.test.ts:34:38
    at bound bound fetch [90m(file:///C:/Users/Admin/Desktop/Talina/Servio.AI/[39mnode_mo
dules/[4m@vitest/spy[24m/dist/index.js:285:34[90m)[39m
    at apiCall (C:/Users/Admin/Desktop/Talina/Servio.AI/services/api.ts:129:28)
[90m    at processTicksAndRejections (node:internal/process/task_queues:103:5)[39m
    at Module.matchProvidersForJob 
(C:/Users/Admin/Desktop/Talina/Servio.AI/services/api.ts:1201:12)
    at C:/Users/Admin/Desktop/Talina/Servio.AI/tests/error-handling.test.ts:52:23
    at [90mfile:///C:/Users/Admin/Desktop/Talina/Servio.AI/[39mnode_modules/[4m@vitest/r
unner[24m/dist/index.js:915:20
[api] Timeout on /api/match-providers Error: Tempo de resposta excedido. Tente novamente.
    at makeApiError (C:/Users/Admin/Desktop/Talina/Servio.AI/services/api.ts:88:15)
    at apiCall (C:/Users/Admin/Desktop/Talina/Servio.AI/services/api.ts:154:22)
[90m    at processTicksAndRejections (node:internal/process/task_queues:103:5)[39m
    at Module.matchProvidersForJob 
(C:/Users/Admin/Desktop/Talina/Servio.AI/services/api.ts:1201:12)
    at C:/Users/Admin/Desktop/Talina/Servio.AI/tests/error-handling.test.ts:52:23
    at [90mfile:///C:/Users/Admin/Desktop/Talina/Servio.AI/[39mnode_modules/[4m@vitest/r
unner[24m/dist/index.js:915:20 {
  code: [32m'E_TIMEOUT'[39m
}

[90mstderr[2m | tests/error-handling.test.ts[2m > [22m[2m[E2E-SMOKE] Error Handling 
API[2m > [22m[2mTimeout ΓåÆ retorna lista b├ísica de providers (fallback)
[22m[39mAI matching failed, using basic local matching
≡ƒöº [API v3] Tentando: https://us-central1-servioai-staging.cloudfunctions.net/users?type=
prestador&verificationStatus=verificado

[90mstderr[2m | tests/error-handling.test.ts[2m > [22m[2m[E2E-SMOKE] Error Handling 
API[2m > [22m[2mNetwork failure ΓåÆ retorna lista mock de usu├írios
[22m[39m≡ƒöº [API v3] Tentando: 
https://us-central1-servioai-staging.cloudfunctions.net/users

[90mstderr[2m | tests/error-handling.test.ts[2m > [22m[2m[E2E-SMOKE] Error Handling 
API[2m > [22m[2mNetwork failure ΓåÆ retorna lista mock de usu├írios
[22m[39m≡ƒÜ¿ [API v2] ERRO detectado em /users - ACIONANDO FALLBACK! TypeError: Network 
down
    at C:/Users/Admin/Desktop/Talina/Servio.AI/tests/error-handling.test.ts:59:57
    at [90mfile:///C:/Users/Admin/Desktop/Talina/Servio.AI/[39mnode_modules/[4m@vitest/r
unner[24m/dist/index.js:145:11
    at [90mfile:///C:/Users/Admin/Desktop/Talina/Servio.AI/[39mnode_modules/[4m@vitest/r
unner[24m/dist/index.js:915:26
    at [90mfile:///C:/Users/Admin/Desktop/Talina/Servio.AI/[39mnode_modules/[4m@vitest/r
unner[24m/dist/index.js:1243:20
    at new Promise (<anonymous>)
    at runWithTimeout [90m(file:///C:/Users/Admin/Desktop/Talina/Servio.AI/[39mnode_modul
es/[4m@vitest/runner[24m/dist/index.js:1209:10[90m)[39m
    at [90mfile:///C:/Users/Admin/Desktop/Talina/Servio.AI/[39mnode_modules/[4m@vitest/r
unner[24m/dist/index.js:1653:37
    at Traces.$ [90m(file:///C:/Users/Admin/Desktop/Talina/Servio.AI/[39mnode_modules/[4
mvitest[24m/dist/chunks/traces.U4xDYhzZ.js:115:27[90m)[39m
    at trace [90m(file:///C:/Users/Admin/Desktop/Talina/Servio.AI/[39mnode_modules/[4mvi
test[24m/dist/chunks/test.B8ej_ZHS.js:239:21[90m)[39m
    at runTest [90m(file:///C:/Users/Admin/Desktop/Talina/Servio.AI/[39mnode_modules/[4m
@vitest/runner[24m/dist/index.js:1653:12[90m)[39m
[api] Backend unavailable for /users, triggering fallback TypeError: Network down
    at C:/Users/Admin/Desktop/Talina/Servio.AI/tests/error-handling.test.ts:59:57
    at [90mfile:///C:/Users/Admin/Desktop/Talina/Servio.AI/[39mnode_modules/[4m@vitest/r
unner[24m/dist/index.js:145:11
    at [90mfile:///C:/Users/Admin/Desktop/Talina/Servio.AI/[39mnode_modules/[4m@vitest/r
unner[24m/dist/index.js:915:26
    at [90mfile:///C:/Users/Admin/Desktop/Talina/Servio.AI/[39mnode_modules/[4m@vitest/r
unner[24m/dist/index.js:1243:20
    at new Promise (<anonymous>)
    at runWithTimeout [90m(file:///C:/Users/Admin/Desktop/Talina/Servio.AI/[39mnode_modul
es/[4m@vitest/runner[24m/dist/index.js:1209:10[90m)[39m
    at [90mfile:///C:/Users/Admin/Desktop/Talina/Servio.AI/[39mnode_modules/[4m@vitest/r
unner[24m/dist/index.js:1653:37
    at Traces.$ [90m(file:///C:/Users/Admin/Desktop/Talina/Servio.AI/[39mnode_modules/[4
mvitest[24m/dist/chunks/traces.U4xDYhzZ.js:115:27[90m)[39m
    at trace [90m(file:///C:/Users/Admin/Desktop/Talina/Servio.AI/[39mnode_modules/[4mvi
test[24m/dist/chunks/test.B8ej_ZHS.js:239:21[90m)[39m
    at runTest [90m(file:///C:/Users/Admin/Desktop/Talina/Servio.AI/[39mnode_modules/[4m
@vitest/runner[24m/dist/index.js:1653:12[90m)[39m

[90mstderr[2m | tests/error-handling.test.ts[2m > [22m[2m[E2E-SMOKE] Error Handling 
API[2m > [22m[2mNetwork failure ΓåÆ retorna lista mock de usu├írios
[22m[39mFailed to fetch users from backend, using mock data

[90mstderr[2m | tests/error-handling.test.ts[2m > [22m[2m[E2E-SMOKE] Error Handling 
API[2m > [22m[2mAuth 401 ΓåÆ retorna notifica├º├╡es mock (fallback)
[22m[39m≡ƒöº [API v3] Tentando: 
https://us-central1-servioai-staging.cloudfunctions.net/notifications?userId=user@test

[90mstderr[2m | tests/error-handling.test.ts[2m > [22m[2m[E2E-SMOKE] Error Handling 
API[2m > [22m[2mAuth 401 ΓåÆ retorna notifica├º├╡es mock (fallback)
[22m[39m≡ƒÜ¿ [API v2] ERRO detectado em /notifications?userId=user@test - ACIONANDO 
FALLBACK! Error: N├úo autorizado. Fa├ºa login novamente.
    at makeApiError (C:/Users/Admin/Desktop/Talina/Servio.AI/services/api.ts:88:15)
    at apiCall (C:/Users/Admin/Desktop/Talina/Servio.AI/services/api.ts:142:13)
[90m    at processTicksAndRejections (node:internal/process/task_queues:103:5)[39m
    at Module.fetchNotifications 
(C:/Users/Admin/Desktop/Talina/Servio.AI/services/api.ts:1058:12)
    at C:/Users/Admin/Desktop/Talina/Servio.AI/tests/error-handling.test.ts:67:27
    at [90mfile:///C:/Users/Admin/Desktop/Talina/Servio.AI/[39mnode_modules/[4m@vitest/r
unner[24m/dist/index.js:915:20 {
  code: [32m'E_AUTH'[39m,
  status: [33m401[39m,
  details: { message: [32m'x'[39m }
}
[api] Backend unavailable for /notifications?userId=user@test, triggering fallback Error: 
N├úo autorizado. Fa├ºa login novamente.
    at makeApiError (C:/Users/Admin/Desktop/Talina/Servio.AI/services/api.ts:88:15)
    at apiCall (C:/Users/Admin/Desktop/Talina/Servio.AI/services/api.ts:142:13)
[90m    at processTicksAndRejections (node:internal/process/task_queues:103:5)[39m
    at Module.fetchNotifications 
(C:/Users/Admin/Desktop/Talina/Servio.AI/services/api.ts:1058:12)
    at C:/Users/Admin/Desktop/Talina/Servio.AI/tests/error-handling.test.ts:67:27
    at [90mfile:///C:/Users/Admin/Desktop/Talina/Servio.AI/[39mnode_modules/[4m@vitest/r
unner[24m/dist/index.js:915:20 {
  code: [32m'E_AUTH'[39m,
  status: [33m401[39m,
  details: { message: [32m'x'[39m }
}

[90mstderr[2m | tests/error-handling.test.ts[2m > [22m[2m[E2E-SMOKE] Error Handling 
API[2m > [22m[2mAuth 401 ΓåÆ retorna notifica├º├╡es mock (fallback)
[22m[39mFailed to fetch notifications, using mock data

 [32mΓ£ô[39m tests/error-handling.test.ts [2m([22m[2m5 tests[22m[2m)[22m[33m 534[2mms[22m[39m
     [33m[2mΓ£ô[22m[39m 404 ΓåÆ retorna fallback ou lan├ºa ApiError E_NOT_FOUND (jobs) [33m 508[2mms[22m[39m
[90mstderr[2m | tests/ProspectorCRM.test.tsx[2m > [22m[2mProspectorCRM[2m > 
[22m[2mshows loading indicator initially
[22m[39mWarning: An update to ProspectorCRM inside a test was not wrapped in act(...).

When testing, code that causes React state updates should be wrapped into act(...):

act(() => {
  /* fire events that update state */
});
/* assert on the output */

This ensures that you're testing the behavior the user would see in the browser. Learn 
more at https://reactjs.org/link/wrap-tests-with-act
    at ProspectorCRM 
(C:/Users/Admin/Desktop/Talina/Servio.AI/src/components/ProspectorCRM.tsx:17:26)
Warning: An update to ProspectorCRM inside a test was not wrapped in act(...).

When testing, code that causes React state updates should be wrapped into act(...):

act(() => {
  /* fire events that update state */
});
/* assert on the output */

This ensures that you're testing the behavior the user would see in the browser. Learn 
more at https://reactjs.org/link/wrap-tests-with-act
    at ProspectorCRM 
(C:/Users/Admin/Desktop/Talina/Servio.AI/src/components/ProspectorCRM.tsx:17:26)

[90mstderr[2m | tests/ProspectorCRM.test.tsx[2m > [22m[2mProspectorCRM[2m > 
[22m[2mhandles Firebase errors gracefully
[22m[39m[ProspectorCRM] Error loading leads: Error: Firebase error
    at C:/Users/Admin/Desktop/Talina/Servio.AI/tests/ProspectorCRM.test.tsx:259:57
    at [90mfile:///C:/Users/Admin/Desktop/Talina/Servio.AI/[39mnode_modules/[4m@vitest/r
unner[24m/dist/index.js:145:11
    at [90mfile:///C:/Users/Admin/Desktop/Talina/Servio.AI/[39mnode_modules/[4m@vitest/r
unner[24m/dist/index.js:915:26
    at [90mfile:///C:/Users/Admin/Desktop/Talina/Servio.AI/[39mnode_modules/[4m@vitest/r
unner[24m/dist/index.js:1243:20
    at new Promise (<anonymous>)
    at runWithTimeout [90m(file:///C:/Users/Admin/Desktop/Talina/Servio.AI/[39mnode_modul
es/[4m@vitest/runner[24m/dist/index.js:1209:10[90m)[39m
    at [90mfile:///C:/Users/Admin/Desktop/Talina/Servio.AI/[39mnode_modules/[4m@vitest/r
unner[24m/dist/index.js:1653:37
    at Traces.$ [90m(file:///C:/Users/Admin/Desktop/Talina/Servio.AI/[39mnode_modules/[4
mvitest[24m/dist/chunks/traces.U4xDYhzZ.js:115:27[90m)[39m
    at trace [90m(file:///C:/Users/Admin/Desktop/Talina/Servio.AI/[39mnode_modules/[4mvi
test[24m/dist/chunks/test.B8ej_ZHS.js:239:21[90m)[39m
    at runTest [90m(file:///C:/Users/Admin/Desktop/Talina/Servio.AI/[39mnode_modules/[4m
@vitest/runner[24m/dist/index.js:1653:12[90m)[39m

 [32mΓ£ô[39m tests/ProspectorCRM.test.tsx [2m([22m[2m28 tests[22m[2m)[22m[33m 578[2mms[22m[39m
[90mstderr[2m | tests/api.payments.test.ts
[22m[39mΓòÉΓòÉΓòÉΓòÉΓòÉΓòÉΓòÉΓòÉΓòÉΓòÉΓòÉΓòÉΓòÉΓòÉΓòÉΓòÉΓòÉΓòÉΓòÉΓòÉΓòÉΓòÉΓòÉΓòÉΓòÉΓòÉΓòÉ
ΓòÉΓòÉΓòÉΓòÉΓòÉΓòÉΓòÉΓòÉΓòÉΓòÉΓòÉΓòÉΓòÉΓòÉΓòÉΓòÉΓòÉΓòÉΓòÉΓòÉΓòÉΓòÉΓòÉΓòÉΓòÉΓòÉΓòÉΓòÉ
≡ƒöº API SERVICE INICIADO - VERS├âO 2026-01-09
ΓòÉΓòÉΓòÉΓòÉΓòÉΓòÉΓòÉΓòÉΓòÉΓòÉΓòÉΓòÉΓòÉΓòÉΓòÉΓòÉΓòÉΓòÉΓòÉΓòÉΓòÉΓòÉΓòÉΓòÉΓòÉΓòÉΓòÉΓòÉΓòÉΓòÉΓ
òÉΓòÉΓòÉΓòÉΓòÉΓòÉΓòÉΓòÉΓòÉΓòÉΓòÉΓòÉΓòÉΓòÉΓòÉΓòÉΓòÉΓòÉΓòÉΓòÉΓòÉΓòÉΓòÉΓòÉΓòÉ
≡ƒôï STAGING_MODE: true
≡ƒôï Project ID: servioai-staging
≡ƒôï Backend URL: https://us-central1-servioai-staging.cloudfunctions.net
≡ƒôï Use Mock: false
ΓòÉΓòÉΓòÉΓòÉΓòÉΓòÉΓòÉΓòÉΓòÉΓòÉΓòÉΓòÉΓòÉΓòÉΓòÉΓòÉΓòÉΓòÉΓòÉΓòÉΓòÉΓòÉΓòÉΓòÉΓòÉΓòÉΓòÉΓòÉΓòÉΓòÉΓ
òÉΓòÉΓòÉΓòÉΓòÉΓòÉΓòÉΓòÉΓòÉΓòÉΓòÉΓòÉΓòÉΓòÉΓòÉΓòÉΓòÉΓòÉΓòÉΓòÉΓòÉΓòÉΓòÉΓòÉΓòÉ
Γ£à STAGING MODE ATIVO - Backend DESABILITADO!
Γ£à Todas as opera├º├╡es de usu├írio usam Firestore direto!

[90mstderr[2m | tests/payment-errors.test.ts
[22m[39mΓòÉΓòÉΓòÉΓòÉΓòÉΓòÉΓòÉΓòÉΓòÉΓòÉΓòÉΓòÉΓòÉΓòÉΓòÉΓòÉΓòÉΓòÉΓòÉΓòÉΓòÉΓòÉΓòÉΓòÉΓòÉΓòÉΓòÉ
ΓòÉΓòÉΓòÉΓòÉΓòÉΓòÉΓòÉΓòÉΓòÉΓòÉΓòÉΓòÉΓòÉΓòÉΓòÉΓòÉΓòÉΓòÉΓòÉΓòÉΓòÉΓòÉΓòÉΓòÉΓòÉΓòÉΓòÉΓòÉ
≡ƒöº API SERVICE INICIADO - VERS├âO 2026-01-09
ΓòÉΓòÉΓòÉΓòÉΓòÉΓòÉΓòÉΓòÉΓòÉΓòÉΓòÉΓòÉΓòÉΓòÉΓòÉΓòÉΓòÉΓòÉΓòÉΓòÉΓòÉΓòÉΓòÉΓòÉΓòÉΓòÉΓòÉΓòÉΓòÉΓòÉΓ
òÉΓòÉΓòÉΓòÉΓòÉΓòÉΓòÉΓòÉΓòÉΓòÉΓòÉΓòÉΓòÉΓòÉΓòÉΓòÉΓòÉΓòÉΓòÉΓòÉΓòÉΓòÉΓòÉΓòÉΓòÉ
≡ƒôï STAGING_MODE: true
≡ƒôï Project ID: servioai-staging
≡ƒôï Backend URL: https://us-central1-servioai-staging.cloudfunctions.net
≡ƒôï Use Mock: false
ΓòÉΓòÉΓòÉΓòÉΓòÉΓòÉΓòÉΓòÉΓòÉΓòÉΓòÉΓòÉΓòÉΓòÉΓòÉΓòÉΓòÉΓòÉΓòÉΓòÉΓòÉΓòÉΓòÉΓòÉΓòÉΓòÉΓòÉΓòÉΓòÉΓòÉΓ
òÉΓòÉΓòÉΓòÉΓòÉΓòÉΓòÉΓòÉΓòÉΓòÉΓòÉΓòÉΓòÉΓòÉΓòÉΓòÉΓòÉΓòÉΓòÉΓòÉΓòÉΓòÉΓòÉΓòÉΓòÉ
Γ£à STAGING MODE ATIVO - Backend DESABILITADO!
Γ£à Todas as opera├º├╡es de usu├írio usam Firestore direto!

[90mstderr[2m | tests/api.payments.test.ts[2m > [22m[2mPayment & Escrow[2m > 
[22m[2mcreateCheckoutSession[2m > [22m[2mcria sess├úo de checkout com valor v├ílido
[22m[39m≡ƒöº [API v3] Tentando: 
https://us-central1-servioai-staging.cloudfunctions.net/create-checkout-session

[90mstderr[2m | tests/payment-errors.test.ts[2m > [22m[2m[E2E-SMOKE] 
Pagamentos/Stripe Errors[2m > [22m[2mcheckout session 500 ΓåÆ ApiError E_SERVER
[22m[39m≡ƒöº [API v3] Tentando: 
https://us-central1-servioai-staging.cloudfunctions.net/create-checkout-session

[90mstdout[2m | tests/api.payments.test.ts[2m > [22m[2mPayment & Escrow[2m > [22m[2mcreateCheckoutSession[2m > [22m[2mcria sess├úo de checkout com valor v├ílido
[22m[39mXXX DEBUG: firebaseConfig loading
XXX DEBUG: import.meta.env.MODE: test

[90mstderr[2m | tests/api.payments.test.ts[2m > [22m[2mPayment & Escrow[2m > 
[22m[2mcreateCheckoutSession[2m > [22m[2mcria sess├úo de checkout com valor v├ílido
[22m[39m[firebase] Usando mocks porque a configura├º├úo est├í ausente ou desativada.

[90mstdout[2m | tests/payment-errors.test.ts[2m > [22m[2m[E2E-SMOKE] Pagamentos/Stripe Errors[2m > [22m[2mcheckout session 500 ΓåÆ ApiError E_SERVER
[22m[39mXXX DEBUG: firebaseConfig loading
XXX DEBUG: import.meta.env.MODE: test

[90mstderr[2m | tests/payment-errors.test.ts[2m > [22m[2m[E2E-SMOKE] 
Pagamentos/Stripe Errors[2m > [22m[2mcheckout session 500 ΓåÆ ApiError E_SERVER
[22m[39m[firebase] Usando mocks porque a configura├º├úo est├í ausente ou desativada.

[90mstderr[2m | tests/api.payments.test.ts[2m > [22m[2mPayment & Escrow[2m > 
[22m[2mcreateCheckoutSession[2m > [22m[2mvalida valor m├¡nimo de R$ 50
[22m[39m≡ƒöº [API v3] Tentando: 
https://us-central1-servioai-staging.cloudfunctions.net/create-checkout-session

[90mstderr[2m | tests/api.payments.test.ts[2m > [22m[2mPayment & Escrow[2m > 
[22m[2mcreateCheckoutSession[2m > [22m[2mvalida valor m├¡nimo de R$ 50
[22m[39m≡ƒÜ¿ [API v2] ERRO detectado em /create-checkout-session - ACIONANDO FALLBACK! 
TypeError: response.json is not a function
    at apiCall (C:/Users/Admin/Desktop/Talina/Servio.AI/services/api.ts:141:38)
[90m    at processTicksAndRejections (node:internal/process/task_queues:103:5)[39m
    at C:/Users/Admin/Desktop/Talina/Servio.AI/tests/api.payments.test.ts:52:7
    at [90mfile:///C:/Users/Admin/Desktop/Talina/Servio.AI/[39mnode_modules/[4m@vitest/r
unner[24m/dist/index.js:915:20
[api] Backend unavailable for /create-checkout-session, triggering fallback TypeError: 
response.json is not a function
    at apiCall (C:/Users/Admin/Desktop/Talina/Servio.AI/services/api.ts:141:38)
[90m    at processTicksAndRejections (node:internal/process/task_queues:103:5)[39m
    at C:/Users/Admin/Desktop/Talina/Servio.AI/tests/api.payments.test.ts:52:7
    at [90mfile:///C:/Users/Admin/Desktop/Talina/Servio.AI/[39mnode_modules/[4m@vitest/r
unner[24m/dist/index.js:915:20

[90mstderr[2m | tests/payment-errors.test.ts[2m > [22m[2m[E2E-SMOKE] 
Pagamentos/Stripe Errors[2m > [22m[2mcheckout session 500 ΓåÆ ApiError E_SERVER
[22m[39m≡ƒÜ¿ [API v2] ERRO detectado em /create-checkout-session - ACIONANDO FALLBACK! 
Error: Erro interno do servidor. Tente mais tarde.
    at makeApiError (C:/Users/Admin/Desktop/Talina/Servio.AI/services/api.ts:88:15)
    at apiCall (C:/Users/Admin/Desktop/Talina/Servio.AI/services/api.ts:142:13)
[90m    at processTicksAndRejections (node:internal/process/task_queues:103:5)[39m
    at C:/Users/Admin/Desktop/Talina/Servio.AI/tests/payment-errors.test.ts:14:5
    at [90mfile:///C:/Users/Admin/Desktop/Talina/Servio.AI/[39mnode_modules/[4m@vitest/r
unner[24m/dist/index.js:915:20 {
  code: [32m'E_SERVER'[39m,
  status: [33m500[39m,
  details: { message: [32m'x'[39m }
}
[api] Backend unavailable for /create-checkout-session, triggering fallback Error: Erro 
interno do servidor. Tente mais tarde.
    at makeApiError (C:/Users/Admin/Desktop/Talina/Servio.AI/services/api.ts:88:15)
    at apiCall (C:/Users/Admin/Desktop/Talina/Servio.AI/services/api.ts:142:13)
[90m    at processTicksAndRejections (node:internal/process/task_queues:103:5)[39m
    at C:/Users/Admin/Desktop/Talina/Servio.AI/tests/payment-errors.test.ts:14:5
    at [90mfile:///C:/Users/Admin/Desktop/Talina/Servio.AI/[39mnode_modules/[4m@vitest/r
unner[24m/dist/index.js:915:20 {
  code: [32m'E_SERVER'[39m,
  status: [33m500[39m,
  details: { message: [32m'x'[39m }
}

[90mstderr[2m | tests/api.payments.test.ts[2m > [22m[2mPayment & Escrow[2m > 
[22m[2mcreateCheckoutSession[2m > [22m[2mvalida valor m├íximo de R$ 50.000
[22m[39m≡ƒöº [API v3] Tentando: 
https://us-central1-servioai-staging.cloudfunctions.net/create-checkout-session

[90mstderr[2m | tests/api.payments.test.ts[2m > [22m[2mPayment & Escrow[2m > 
[22m[2mcreateCheckoutSession[2m > [22m[2mvalida valor m├íximo de R$ 50.000
[22m[39m≡ƒÜ¿ [API v2] ERRO detectado em /create-checkout-session - ACIONANDO FALLBACK! 
TypeError: response.json is not a function
    at apiCall (C:/Users/Admin/Desktop/Talina/Servio.AI/services/api.ts:141:38)
[90m    at processTicksAndRejections (node:internal/process/task_queues:103:5)[39m
    at C:/Users/Admin/Desktop/Talina/Servio.AI/tests/api.payments.test.ts:61:7
    at [90mfile:///C:/Users/Admin/Desktop/Talina/Servio.AI/[39mnode_modules/[4m@vitest/r
unner[24m/dist/index.js:915:20
[api] Backend unavailable for /create-checkout-session, triggering fallback TypeError: 
response.json is not a function
    at apiCall (C:/Users/Admin/Desktop/Talina/Servio.AI/services/api.ts:141:38)
[90m    at processTicksAndRejections (node:internal/process/task_queues:103:5)[39m
    at C:/Users/Admin/Desktop/Talina/Servio.AI/tests/api.payments.test.ts:61:7
    at [90mfile:///C:/Users/Admin/Desktop/Talina/Servio.AI/[39mnode_modules/[4m@vitest/r
unner[24m/dist/index.js:915:20

[90mstderr[2m | tests/api.payments.test.ts[2m > [22m[2mPayment & Escrow[2m > 
[22m[2mconfirmPayment[2m > [22m[2mconfirma pagamento e atualiza status do job
[22m[39m≡ƒöº [API v3] Tentando: 
https://us-central1-servioai-staging.cloudfunctions.net/api/payments/confirm

[90mstderr[2m | tests/api.payments.test.ts[2m > [22m[2mPayment & Escrow[2m > 
[22m[2mreleasePayment[2m > [22m[2mlibera pagamento quando job ├⌐ completado
[22m[39m≡ƒöº [API v3] Tentando: https://us-central1-servioai-staging.cloudfunctions.net/j
obs/job-complete-789/release-payment

[90mstderr[2m | tests/api.payments.test.ts[2m > [22m[2mPayment & Escrow[2m > 
[22m[2mreleasePayment[2m > [22m[2mbloqueia libera├º├úo se disputa estiver ativa
[22m[39m≡ƒöº [API v3] Tentando: https://us-central1-servioai-staging.cloudfunctions.net/j
obs/job-with-dispute/release-payment

[90mstderr[2m | tests/api.payments.test.ts[2m > [22m[2mPayment & Escrow[2m > 
[22m[2mreleasePayment[2m > [22m[2mbloqueia libera├º├úo se disputa estiver ativa
[22m[39m≡ƒÜ¿ [API v2] ERRO detectado em /jobs/job-with-dispute/release-payment - 
ACIONANDO FALLBACK! Error: Erro interno do servidor. Tente mais tarde.
    at makeApiError (C:/Users/Admin/Desktop/Talina/Servio.AI/services/api.ts:88:15)
    at apiCall (C:/Users/Admin/Desktop/Talina/Servio.AI/services/api.ts:142:13)
[90m    at processTicksAndRejections (node:internal/process/task_queues:103:5)[39m
    at C:/Users/Admin/Desktop/Talina/Servio.AI/tests/api.payments.test.ts:103:7
    at [90mfile:///C:/Users/Admin/Desktop/Talina/Servio.AI/[39mnode_modules/[4m@vitest/r
unner[24m/dist/index.js:915:20 {
  code: [32m'E_SERVER'[39m,
  details: { error: [32m'N├úo ├⌐ poss├¡vel liberar pagamento com disputa ativa'[39m }
}
[api] Backend unavailable for /jobs/job-with-dispute/release-payment, triggering fallback 
Error: Erro interno do servidor. Tente mais tarde.
    at makeApiError (C:/Users/Admin/Desktop/Talina/Servio.AI/services/api.ts:88:15)
    at apiCall (C:/Users/Admin/Desktop/Talina/Servio.AI/services/api.ts:142:13)
[90m    at processTicksAndRejections (node:internal/process/task_queues:103:5)[39m
    at C:/Users/Admin/Desktop/Talina/Servio.AI/tests/api.payments.test.ts:103:7
    at [90mfile:///C:/Users/Admin/Desktop/Talina/Servio.AI/[39mnode_modules/[4m@vitest/r
unner[24m/dist/index.js:915:20 {
  code: [32m'E_SERVER'[39m,
  details: { error: [32m'N├úo ├⌐ poss├¡vel liberar pagamento com disputa ativa'[39m }
}

 [32mΓ£ô[39m tests/components/SearchLandingPage.comprehensive.test.tsx [2m([22m[2m38 tests[22m[2m)[22m[33m 9317[2mms[22m[39m
       [33m[2mΓ£ô[22m[39m should handle long search queries [33m 7283[2mms[22m[39m
       [33m[2mΓ£ô[22m[39m should handle special characters in search [33m 429[2mms[22m[39m
       [33m[2mΓ£ô[22m[39m should handle rapid search interactions [33m 572[2mms[22m[39m
[90mstderr[2m | tests/api.payments.test.ts[2m > [22m[2mPayment & Escrow[2m > 
[22m[2mreleasePayment[2m > [22m[2mrequer review antes de completar job
[22m[39m≡ƒöº [API v3] Tentando: 
https://us-central1-servioai-staging.cloudfunctions.net/jobs/job-no-review/release-payment

[90mstderr[2m | tests/api.payments.test.ts[2m > [22m[2mPayment & Escrow[2m > 
[22m[2mreleasePayment[2m > [22m[2mrequer review antes de completar job
[22m[39m≡ƒÜ¿ [API v2] ERRO detectado em /jobs/job-no-review/release-payment - ACIONANDO 
FALLBACK! TypeError: response.json is not a function
    at apiCall (C:/Users/Admin/Desktop/Talina/Servio.AI/services/api.ts:141:38)
[90m    at processTicksAndRejections (node:internal/process/task_queues:103:5)[39m
    at C:/Users/Admin/Desktop/Talina/Servio.AI/tests/api.payments.test.ts:112:7
    at [90mfile:///C:/Users/Admin/Desktop/Talina/Servio.AI/[39mnode_modules/[4m@vitest/r
unner[24m/dist/index.js:915:20
[api] Backend unavailable for /jobs/job-no-review/release-payment, triggering fallback 
TypeError: response.json is not a function
    at apiCall (C:/Users/Admin/Desktop/Talina/Servio.AI/services/api.ts:141:38)
[90m    at processTicksAndRejections (node:internal/process/task_queues:103:5)[39m
    at C:/Users/Admin/Desktop/Talina/Servio.AI/tests/api.payments.test.ts:112:7
    at [90mfile:///C:/Users/Admin/Desktop/Talina/Servio.AI/[39mnode_modules/[4m@vitest/r
unner[24m/dist/index.js:915:20

[90mstderr[2m | tests/payment-errors.test.ts[2m > [22m[2m[E2E-SMOKE] 
Pagamentos/Stripe Errors[2m > [22m[2mreleasePayment conflito 409 ΓåÆ ApiError E_SERVER 
(normalizado)
[22m[39m≡ƒöº [API v3] Tentando: 
https://us-central1-servioai-staging.cloudfunctions.net/jobs/job-2/release-payment

[90mstderr[2m | tests/api.payments.test.ts[2m > [22m[2mPayment & Escrow[2m > 
[22m[2mDisputes[2m > [22m[2mcria disputa com evid├¬ncias
[22m[39m≡ƒöº [API v3] Tentando: 
https://us-central1-servioai-staging.cloudfunctions.net/api/disputes

[90mstderr[2m | tests/payment-errors.test.ts[2m > [22m[2m[E2E-SMOKE] 
Pagamentos/Stripe Errors[2m > [22m[2mreleasePayment conflito 409 ΓåÆ ApiError E_SERVER 
(normalizado)
[22m[39m≡ƒÜ¿ [API v2] ERRO detectado em /jobs/job-2/release-payment - ACIONANDO 
FALLBACK! Error: Erro interno do servidor. Tente mais tarde.
    at makeApiError (C:/Users/Admin/Desktop/Talina/Servio.AI/services/api.ts:88:15)
    at apiCall (C:/Users/Admin/Desktop/Talina/Servio.AI/services/api.ts:142:13)
[90m    at processTicksAndRejections (node:internal/process/task_queues:103:5)[39m
    at C:/Users/Admin/Desktop/Talina/Servio.AI/tests/payment-errors.test.ts:21:5
    at [90mfile:///C:/Users/Admin/Desktop/Talina/Servio.AI/[39mnode_modules/[4m@vitest/r
unner[24m/dist/index.js:915:20 {
  code: [32m'E_SERVER'[39m,
  status: [33m409[39m,
  details: { message: [32m'x'[39m }
}
[api] Backend unavailable for /jobs/job-2/release-payment, triggering fallback Error: Erro 
interno do servidor. Tente mais tarde.
    at makeApiError (C:/Users/Admin/Desktop/Talina/Servio.AI/services/api.ts:88:15)
    at apiCall (C:/Users/Admin/Desktop/Talina/Servio.AI/services/api.ts:142:13)
[90m    at processTicksAndRejections (node:internal/process/task_queues:103:5)[39m
    at C:/Users/Admin/Desktop/Talina/Servio.AI/tests/payment-errors.test.ts:21:5
    at [90mfile:///C:/Users/Admin/Desktop/Talina/Servio.AI/[39mnode_modules/[4m@vitest/r
unner[24m/dist/index.js:915:20 {
  code: [32m'E_SERVER'[39m,
  status: [33m409[39m,
  details: { message: [32m'x'[39m }
}

[90mstderr[2m | tests/api.payments.test.ts[2m > [22m[2mPayment & Escrow[2m > 
[22m[2mDisputes[2m > [22m[2mresolve disputa com decis├úo admin
[22m[39m≡ƒöº [API v3] Tentando: 
https://us-central1-servioai-staging.cloudfunctions.net/api/disputes/disp-789/resolve

[90mstderr[2m | tests/payment-errors.test.ts[2m > [22m[2m[E2E-SMOKE] 
Pagamentos/Stripe Errors[2m > [22m[2mnetwork failure ao confirmar pagamento ΓåÆ 
ApiError E_NETWORK
[22m[39m≡ƒöº [API v3] Tentando: 
https://us-central1-servioai-staging.cloudfunctions.net/api/payments/confirm

[90mstderr[2m | tests/payment-errors.test.ts[2m > [22m[2m[E2E-SMOKE] 
Pagamentos/Stripe Errors[2m > [22m[2mnetwork failure ao confirmar pagamento ΓåÆ 
ApiError E_NETWORK
[22m[39m≡ƒÜ¿ [API v2] ERRO detectado em /api/payments/confirm - ACIONANDO FALLBACK! 
TypeError: Network down
    at C:/Users/Admin/Desktop/Talina/Servio.AI/tests/payment-errors.test.ts:25:57
    at [90mfile:///C:/Users/Admin/Desktop/Talina/Servio.AI/[39mnode_modules/[4m@vitest/r
unner[24m/dist/index.js:145:11
    at [90mfile:///C:/Users/Admin/Desktop/Talina/Servio.AI/[39mnode_modules/[4m@vitest/r
unner[24m/dist/index.js:915:26
    at [90mfile:///C:/Users/Admin/Desktop/Talina/Servio.AI/[39mnode_modules/[4m@vitest/r
unner[24m/dist/index.js:1243:20
    at new Promise (<anonymous>)
    at runWithTimeout [90m(file:///C:/Users/Admin/Desktop/Talina/Servio.AI/[39mnode_modul
es/[4m@vitest/runner[24m/dist/index.js:1209:10[90m)[39m
    at [90mfile:///C:/Users/Admin/Desktop/Talina/Servio.AI/[39mnode_modules/[4m@vitest/r
unner[24m/dist/index.js:1653:37
    at Traces.$ [90m(file:///C:/Users/Admin/Desktop/Talina/Servio.AI/[39mnode_modules/[4
mvitest[24m/dist/chunks/traces.U4xDYhzZ.js:115:27[90m)[39m
    at trace [90m(file:///C:/Users/Admin/Desktop/Talina/Servio.AI/[39mnode_modules/[4mvi
test[24m/dist/chunks/test.B8ej_ZHS.js:239:21[90m)[39m
    at runTest [90m(file:///C:/Users/Admin/Desktop/Talina/Servio.AI/[39mnode_modules/[4m
@vitest/runner[24m/dist/index.js:1653:12[90m)[39m
[api] Backend unavailable for /api/payments/confirm, triggering fallback TypeError: 
Network down
    at C:/Users/Admin/Desktop/Talina/Servio.AI/tests/payment-errors.test.ts:25:57
    at [90mfile:///C:/Users/Admin/Desktop/Talina/Servio.AI/[39mnode_modules/[4m@vitest/r
unner[24m/dist/index.js:145:11
    at [90mfile:///C:/Users/Admin/Desktop/Talina/Servio.AI/[39mnode_modules/[4m@vitest/r
unner[24m/dist/index.js:915:26
    at [90mfile:///C:/Users/Admin/Desktop/Talina/Servio.AI/[39mnode_modules/[4m@vitest/r
unner[24m/dist/index.js:1243:20
    at new Promise (<anonymous>)
    at runWithTimeout [90m(file:///C:/Users/Admin/Desktop/Talina/Servio.AI/[39mnode_modul
es/[4m@vitest/runner[24m/dist/index.js:1209:10[90m)[39m
    at [90mfile:///C:/Users/Admin/Desktop/Talina/Servio.AI/[39mnode_modules/[4m@vitest/r
unner[24m/dist/index.js:1653:37
    at Traces.$ [90m(file:///C:/Users/Admin/Desktop/Talina/Servio.AI/[39mnode_modules/[4
mvitest[24m/dist/chunks/traces.U4xDYhzZ.js:115:27[90m)[39m
    at trace [90m(file:///C:/Users/Admin/Desktop/Talina/Servio.AI/[39mnode_modules/[4mvi
test[24m/dist/chunks/test.B8ej_ZHS.js:239:21[90m)[39m
    at runTest [90m(file:///C:/Users/Admin/Desktop/Talina/Servio.AI/[39mnode_modules/[4m
@vitest/runner[24m/dist/index.js:1653:12[90m)[39m

 [32mΓ£ô[39m tests/api.payments.test.ts [2m([22m[2m9 tests[22m[2m)[22m[33m 483[2mms[22m[39m
       [33m[2mΓ£ô[22m[39m cria sess├úo de checkout com valor v├ílido [33m 436[2mms[22m[39m
 [32mΓ£ô[39m tests/payment-errors.test.ts [2m([22m[2m3 tests[22m[2m)[22m[33m 489[2mms[22m[39m
     [33m[2mΓ£ô[22m[39m checkout session 500 ΓåÆ ApiError E_SERVER [33m 469[2mms[22m[39m
[90mstderr[2m | tests/components/ProspectorMaterials.test.tsx[2m > 
[22m[2mProspectorMaterials[2m > [22m[2mtemplate copying[2m > [22m[2mcopies 
template content to clipboard
[22m[39mWarning: An update to ProspectorMaterials inside a test was not wrapped in 
act(...).

When testing, code that causes React state updates should be wrapped into act(...):

act(() => {
  /* fire events that update state */
});
/* assert on the output */

This ensures that you're testing the behavior the user would see in the browser. Learn 
more at https://reactjs.org/link/wrap-tests-with-act
    at ProspectorMaterials 
(C:/Users/Admin/Desktop/Talina/Servio.AI/src/components/ProspectorMaterials.tsx:129:85)

 [32mΓ£ô[39m tests/components/ProspectorMaterials.test.tsx [2m([22m[2m13 tests[22m[2m)[22m[33m 494[2mms[22m[39m
[90mstderr[2m | tests/api.positivePaths.test.ts
[22m[39mΓòÉΓòÉΓòÉΓòÉΓòÉΓòÉΓòÉΓòÉΓòÉΓòÉΓòÉΓòÉΓòÉΓòÉΓòÉΓòÉΓòÉΓòÉΓòÉΓòÉΓòÉΓòÉΓòÉΓòÉΓòÉΓòÉΓòÉ
ΓòÉΓòÉΓòÉΓòÉΓòÉΓòÉΓòÉΓòÉΓòÉΓòÉΓòÉΓòÉΓòÉΓòÉΓòÉΓòÉΓòÉΓòÉΓòÉΓòÉΓòÉΓòÉΓòÉΓòÉΓòÉΓòÉΓòÉΓòÉ
≡ƒöº API SERVICE INICIADO - VERS├âO 2026-01-09
ΓòÉΓòÉΓòÉΓòÉΓòÉΓòÉΓòÉΓòÉΓòÉΓòÉΓòÉΓòÉΓòÉΓòÉΓòÉΓòÉΓòÉΓòÉΓòÉΓòÉΓòÉΓòÉΓòÉΓòÉΓòÉΓòÉΓòÉΓòÉΓòÉΓòÉΓ
òÉΓòÉΓòÉΓòÉΓòÉΓòÉΓòÉΓòÉΓòÉΓòÉΓòÉΓòÉΓòÉΓòÉΓòÉΓòÉΓòÉΓòÉΓòÉΓòÉΓòÉΓòÉΓòÉΓòÉΓòÉ
≡ƒôï STAGING_MODE: true
≡ƒôï Project ID: servioai-staging
≡ƒôï Backend URL: https://us-central1-servioai-staging.cloudfunctions.net
≡ƒôï Use Mock: false
ΓòÉΓòÉΓòÉΓòÉΓòÉΓòÉΓòÉΓòÉΓòÉΓòÉΓòÉΓòÉΓòÉΓòÉΓòÉΓòÉΓòÉΓòÉΓòÉΓòÉΓòÉΓòÉΓòÉΓòÉΓòÉΓòÉΓòÉΓòÉΓòÉΓòÉΓ
òÉΓòÉΓòÉΓòÉΓòÉΓòÉΓòÉΓòÉΓòÉΓòÉΓòÉΓòÉΓòÉΓòÉΓòÉΓòÉΓòÉΓòÉΓòÉΓòÉΓòÉΓòÉΓòÉΓòÉΓòÉ
Γ£à STAGING MODE ATIVO - Backend DESABILITADO!
Γ£à Todas as opera├º├╡es de usu├írio usam Firestore direto!

[90mstderr[2m | tests/api.positivePaths.test.ts[2m > [22m[2mAPI Service ΓÇô positive 
paths (no fallback)[2m > [22m[2mcreateStripeConnectAccount returns accountId on success
[22m[39m≡ƒöº [API v3] Tentando: 
https://us-central1-servioai-staging.cloudfunctions.net/api/stripe/create-connect-account

 [32mΓ£ô[39m tests/components/AddItemModal.test.tsx [2m([22m[2m7 tests[22m[2m)[22m[33m 440[2mms[22m[39m
 [32mΓ£ô[39m tests/components/StarRatingInput.test.tsx [2m([22m[2m15 tests[22m[2m)[22m[33m 631[2mms[22m[39m
[90mstderr[2m | tests/api.inviteProvider.test.ts
[22m[39mΓòÉΓòÉΓòÉΓòÉΓòÉΓòÉΓòÉΓòÉΓòÉΓòÉΓòÉΓòÉΓòÉΓòÉΓòÉΓòÉΓòÉΓòÉΓòÉΓòÉΓòÉΓòÉΓòÉΓòÉΓòÉΓòÉΓòÉ
ΓòÉΓòÉΓòÉΓòÉΓòÉΓòÉΓòÉΓòÉΓòÉΓòÉΓòÉΓòÉΓòÉΓòÉΓòÉΓòÉΓòÉΓòÉΓòÉΓòÉΓòÉΓòÉΓòÉΓòÉΓòÉΓòÉΓòÉΓòÉ
≡ƒöº API SERVICE INICIADO - VERS├âO 2026-01-09
ΓòÉΓòÉΓòÉΓòÉΓòÉΓòÉΓòÉΓòÉΓòÉΓòÉΓòÉΓòÉΓòÉΓòÉΓòÉΓòÉΓòÉΓòÉΓòÉΓòÉΓòÉΓòÉΓòÉΓòÉΓòÉΓòÉΓòÉΓòÉΓòÉΓòÉΓ
òÉΓòÉΓòÉΓòÉΓòÉΓòÉΓòÉΓòÉΓòÉΓòÉΓòÉΓòÉΓòÉΓòÉΓòÉΓòÉΓòÉΓòÉΓòÉΓòÉΓòÉΓòÉΓòÉΓòÉΓòÉ
≡ƒôï STAGING_MODE: true
≡ƒôï Project ID: servioai-staging
≡ƒôï Backend URL: https://us-central1-servioai-staging.cloudfunctions.net
≡ƒôï Use Mock: false
ΓòÉΓòÉΓòÉΓòÉΓòÉΓòÉΓòÉΓòÉΓòÉΓòÉΓòÉΓòÉΓòÉΓòÉΓòÉΓòÉΓòÉΓòÉΓòÉΓòÉΓòÉΓòÉΓòÉΓòÉΓòÉΓòÉΓòÉΓòÉΓòÉΓòÉΓ
òÉΓòÉΓòÉΓòÉΓòÉΓòÉΓòÉΓòÉΓòÉΓòÉΓòÉΓòÉΓòÉΓòÉΓòÉΓòÉΓòÉΓòÉΓòÉΓòÉΓòÉΓòÉΓòÉΓòÉΓòÉ
Γ£à STAGING MODE ATIVO - Backend DESABILITADO!
Γ£à Todas as opera├º├╡es de usu├írio usam Firestore direto!

[90mstderr[2m | tests/api.inviteProvider.test.ts[2m > [22m[2minviteProvider[2m > 
[22m[2menvia convite com sucesso para o backend
[22m[39m≡ƒöº [API v3] Tentando: 
https://us-central1-servioai-staging.cloudfunctions.net/api/jobs/job-123/invite-provider

[90mstderr[2m | tests/api.admin.test.ts
[22m[39mΓòÉΓòÉΓòÉΓòÉΓòÉΓòÉΓòÉΓòÉΓòÉΓòÉΓòÉΓòÉΓòÉΓòÉΓòÉΓòÉΓòÉΓòÉΓòÉΓòÉΓòÉΓòÉΓòÉΓòÉΓòÉΓòÉΓòÉ
ΓòÉΓòÉΓòÉΓòÉΓòÉΓòÉΓòÉΓòÉΓòÉΓòÉΓòÉΓòÉΓòÉΓòÉΓòÉΓòÉΓòÉΓòÉΓòÉΓòÉΓòÉΓòÉΓòÉΓòÉΓòÉΓòÉΓòÉΓòÉ
≡ƒöº API SERVICE INICIADO - VERS├âO 2026-01-09
ΓòÉΓòÉΓòÉΓòÉΓòÉΓòÉΓòÉΓòÉΓòÉΓòÉΓòÉΓòÉΓòÉΓòÉΓòÉΓòÉΓòÉΓòÉΓòÉΓòÉΓòÉΓòÉΓòÉΓòÉΓòÉΓòÉΓòÉΓòÉΓòÉΓòÉΓ
òÉΓòÉΓòÉΓòÉΓòÉΓòÉΓòÉΓòÉΓòÉΓòÉΓòÉΓòÉΓòÉΓòÉΓòÉΓòÉΓòÉΓòÉΓòÉΓòÉΓòÉΓòÉΓòÉΓòÉΓòÉ
≡ƒôï STAGING_MODE: true
≡ƒôï Project ID: servioai-staging
≡ƒôï Backend URL: https://us-central1-servioai-staging.cloudfunctions.net
≡ƒôï Use Mock: false
ΓòÉΓòÉΓòÉΓòÉΓòÉΓòÉΓòÉΓòÉΓòÉΓòÉΓòÉΓòÉΓòÉΓòÉΓòÉΓòÉΓòÉΓòÉΓòÉΓòÉΓòÉΓòÉΓòÉΓòÉΓòÉΓòÉΓòÉΓòÉΓòÉΓòÉΓ
òÉΓòÉΓòÉΓòÉΓòÉΓòÉΓòÉΓòÉΓòÉΓòÉΓòÉΓòÉΓòÉΓòÉΓòÉΓòÉΓòÉΓòÉΓòÉΓòÉΓòÉΓòÉΓòÉΓòÉΓòÉ
Γ£à STAGING MODE ATIVO - Backend DESABILITADO!
Γ£à Todas as opera├º├╡es de usu├írio usam Firestore direto!

[90mstderr[2m | tests/api.admin.test.ts[2m > [22m[2mAdmin Provider Management[2m > 
[22m[2msuspende um provedor com motivo
[22m[39m≡ƒöº [API v3] Tentando: https://us-central1-servioai-staging.cloudfunctions.net/a
dmin/providers/prov@test.com/suspend

[90mstdout[2m | tests/api.positivePaths.test.ts[2m > [22m[2mAPI Service ΓÇô positive paths (no fallback)[2m > [22m[2mcreateStripeConnectAccount returns accountId on success
[22m[39mXXX DEBUG: firebaseConfig loading
XXX DEBUG: import.meta.env.MODE: test

[90mstderr[2m | tests/api.positivePaths.test.ts[2m > [22m[2mAPI Service ΓÇô positive 
paths (no fallback)[2m > [22m[2mcreateStripeConnectAccount returns accountId on success
[22m[39m[firebase] Usando mocks porque a configura├º├úo est├í ausente ou desativada.

[90mstderr[2m | tests/api.positivePaths.test.ts[2m > [22m[2mAPI Service ΓÇô positive 
paths (no fallback)[2m > [22m[2mcreateStripeAccountLink returns url on success
[22m[39m≡ƒöº [API v3] Tentando: 
https://us-central1-servioai-staging.cloudfunctions.net/api/stripe/create-account-link

[90mstderr[2m | tests/api.positivePaths.test.ts[2m > [22m[2mAPI Service ΓÇô positive 
paths (no fallback)[2m > [22m[2mcreateCheckoutSession returns id on success
[22m[39m≡ƒöº [API v3] Tentando: 
https://us-central1-servioai-staging.cloudfunctions.net/create-checkout-session

[90mstderr[2m | tests/api.positivePaths.test.ts[2m > [22m[2mAPI Service ΓÇô positive 
paths (no fallback)[2m > [22m[2mreleasePayment returns success on success
[22m[39m≡ƒöº [API v3] Tentando: 
https://us-central1-servioai-staging.cloudfunctions.net/jobs/job-1/release-payment

 [32mΓ£ô[39m tests/api.positivePaths.test.ts [2m([22m[2m4 tests[22m[2m)[22m[33m 476[2mms[22m[39m
     [33m[2mΓ£ô[22m[39m createStripeConnectAccount returns accountId on success [33m 466[2mms[22m[39m
[90mstderr[2m | tests/week2/AdminDashboard.suite.test.tsx
[22m[39mΓòÉΓòÉΓòÉΓòÉΓòÉΓòÉΓòÉΓòÉΓòÉΓòÉΓòÉΓòÉΓòÉΓòÉΓòÉΓòÉΓòÉΓòÉΓòÉΓòÉΓòÉΓòÉΓòÉΓòÉΓòÉΓòÉΓòÉ
ΓòÉΓòÉΓòÉΓòÉΓòÉΓòÉΓòÉΓòÉΓòÉΓòÉΓòÉΓòÉΓòÉΓòÉΓòÉΓòÉΓòÉΓòÉΓòÉΓòÉΓòÉΓòÉΓòÉΓòÉΓòÉΓòÉΓòÉΓòÉ
≡ƒöº API SERVICE INICIADO - VERS├âO 2026-01-09
ΓòÉΓòÉΓòÉΓòÉΓòÉΓòÉΓòÉΓòÉΓòÉΓòÉΓòÉΓòÉΓòÉΓòÉΓòÉΓòÉΓòÉΓòÉΓòÉΓòÉΓòÉΓòÉΓòÉΓòÉΓòÉΓòÉΓòÉΓòÉΓòÉΓòÉΓ
òÉΓòÉΓòÉΓòÉΓòÉΓòÉΓòÉΓòÉΓòÉΓòÉΓòÉΓòÉΓòÉΓòÉΓòÉΓòÉΓòÉΓòÉΓòÉΓòÉΓòÉΓòÉΓòÉΓòÉΓòÉ
≡ƒôï STAGING_MODE: true
≡ƒôï Project ID: servioai-staging
≡ƒôï Backend URL: https://us-central1-servioai-staging.cloudfunctions.net
≡ƒôï Use Mock: false
ΓòÉΓòÉΓòÉΓòÉΓòÉΓòÉΓòÉΓòÉΓòÉΓòÉΓòÉΓòÉΓòÉΓòÉΓòÉΓòÉΓòÉΓòÉΓòÉΓòÉΓòÉΓòÉΓòÉΓòÉΓòÉΓòÉΓòÉΓòÉΓòÉΓòÉΓ
òÉΓòÉΓòÉΓòÉΓòÉΓòÉΓòÉΓòÉΓòÉΓòÉΓòÉΓòÉΓòÉΓòÉΓòÉΓòÉΓòÉΓòÉΓòÉΓòÉΓòÉΓòÉΓòÉΓòÉΓòÉ
Γ£à STAGING MODE ATIVO - Backend DESABILITADO!
Γ£à Todas as opera├º├╡es de usu├írio usam Firestore direto!

[90mstderr[2m | tests/AdminDashboard.test.tsx
[22m[39mΓòÉΓòÉΓòÉΓòÉΓòÉΓòÉΓòÉΓòÉΓòÉΓòÉΓòÉΓòÉΓòÉΓòÉΓòÉΓòÉΓòÉΓòÉΓòÉΓòÉΓòÉΓòÉΓòÉΓòÉΓòÉΓòÉΓòÉ
ΓòÉΓòÉΓòÉΓòÉΓòÉΓòÉΓòÉΓòÉΓòÉΓòÉΓòÉΓòÉΓòÉΓòÉΓòÉΓòÉΓòÉΓòÉΓòÉΓòÉΓòÉΓòÉΓòÉΓòÉΓòÉΓòÉΓòÉΓòÉ
≡ƒöº API SERVICE INICIADO - VERS├âO 2026-01-09
ΓòÉΓòÉΓòÉΓòÉΓòÉΓòÉΓòÉΓòÉΓòÉΓòÉΓòÉΓòÉΓòÉΓòÉΓòÉΓòÉΓòÉΓòÉΓòÉΓòÉΓòÉΓòÉΓòÉΓòÉΓòÉΓòÉΓòÉΓòÉΓòÉΓòÉΓ
òÉΓòÉΓòÉΓòÉΓòÉΓòÉΓòÉΓòÉΓòÉΓòÉΓòÉΓòÉΓòÉΓòÉΓòÉΓòÉΓòÉΓòÉΓòÉΓòÉΓòÉΓòÉΓòÉΓòÉΓòÉ
≡ƒôï STAGING_MODE: true
≡ƒôï Project ID: servioai-staging
≡ƒôï Backend URL: https://us-central1-servioai-staging.cloudfunctions.net
≡ƒôï Use Mock: false
ΓòÉΓòÉΓòÉΓòÉΓòÉΓòÉΓòÉΓòÉΓòÉΓòÉΓòÉΓòÉΓòÉΓòÉΓòÉΓòÉΓòÉΓòÉΓòÉΓòÉΓòÉΓòÉΓòÉΓòÉΓòÉΓòÉΓòÉΓòÉΓòÉΓòÉΓ
òÉΓòÉΓòÉΓòÉΓòÉΓòÉΓòÉΓòÉΓòÉΓòÉΓòÉΓòÉΓòÉΓòÉΓòÉΓòÉΓòÉΓòÉΓòÉΓòÉΓòÉΓòÉΓòÉΓòÉΓòÉ
Γ£à STAGING MODE ATIVO - Backend DESABILITADO!
Γ£à Todas as opera├º├╡es de usu├írio usam Firestore direto!

[90mstderr[2m | tests/components/AdminFinancials.test.tsx
[22m[39mΓòÉΓòÉΓòÉΓòÉΓòÉΓòÉΓòÉΓòÉΓòÉΓòÉΓòÉΓòÉΓòÉΓòÉΓòÉΓòÉΓòÉΓòÉΓòÉΓòÉΓòÉΓòÉΓòÉΓòÉΓòÉΓòÉΓòÉ
ΓòÉΓòÉΓòÉΓòÉΓòÉΓòÉΓòÉΓòÉΓòÉΓòÉΓòÉΓòÉΓòÉΓòÉΓòÉΓòÉΓòÉΓòÉΓòÉΓòÉΓòÉΓòÉΓòÉΓòÉΓòÉΓòÉΓòÉΓòÉ
≡ƒöº API SERVICE INICIADO - VERS├âO 2026-01-09
ΓòÉΓòÉΓòÉΓòÉΓòÉΓòÉΓòÉΓòÉΓòÉΓòÉΓòÉΓòÉΓòÉΓòÉΓòÉΓòÉΓòÉΓòÉΓòÉΓòÉΓòÉΓòÉΓòÉΓòÉΓòÉΓòÉΓòÉΓòÉΓòÉΓòÉΓ
òÉΓòÉΓòÉΓòÉΓòÉΓòÉΓòÉΓòÉΓòÉΓòÉΓòÉΓòÉΓòÉΓòÉΓòÉΓòÉΓòÉΓòÉΓòÉΓòÉΓòÉΓòÉΓòÉΓòÉΓòÉ
≡ƒôï STAGING_MODE: true
≡ƒôï Project ID: servioai-staging
≡ƒôï Backend URL: https://us-central1-servioai-staging.cloudfunctions.net
≡ƒôï Use Mock: false
ΓòÉΓòÉΓòÉΓòÉΓòÉΓòÉΓòÉΓòÉΓòÉΓòÉΓòÉΓòÉΓòÉΓòÉΓòÉΓòÉΓòÉΓòÉΓòÉΓòÉΓòÉΓòÉΓòÉΓòÉΓòÉΓòÉΓòÉΓòÉΓòÉΓòÉΓ
òÉΓòÉΓòÉΓòÉΓòÉΓòÉΓòÉΓòÉΓòÉΓòÉΓòÉΓòÉΓòÉΓòÉΓòÉΓòÉΓòÉΓòÉΓòÉΓòÉΓòÉΓòÉΓòÉΓòÉΓòÉ
Γ£à STAGING MODE ATIVO - Backend DESABILITADO!
Γ£à Todas as opera├º├╡es de usu├írio usam Firestore direto!

[90mstdout[2m | tests/api.inviteProvider.test.ts[2m > [22m[2minviteProvider[2m > [22m[2menvia convite com sucesso para o backend
[22m[39mXXX DEBUG: firebaseConfig loading
XXX DEBUG: import.meta.env.MODE: test

[90mstderr[2m | tests/api.inviteProvider.test.ts[2m > [22m[2minviteProvider[2m > 
[22m[2menvia convite com sucesso para o backend
[22m[39m[firebase] Usando mocks porque a configura├º├úo est├í ausente ou desativada.

[90mstderr[2m | tests/api.inviteProvider.test.ts[2m > [22m[2minviteProvider[2m > 
[22m[2mretorna { success: false } quando backend retorna erro
[22m[39m≡ƒöº [API v3] Tentando: 
https://us-central1-servioai-staging.cloudfunctions.net/api/jobs/job-123/invite-provider

AggregateError: 
    at internalConnectMultiple (node:net:1134:18)
    at afterConnectMultiple (node:net:1715:7) {
  code: 'ECONNREFUSED',
  [errors]: [
    Error: connect ECONNREFUSED ::1:5173
        at createConnectionError (node:net:1678:14)
        at afterConnectMultiple (node:net:1708:16) {
      errno: -4078,
      code: 'ECONNREFUSED',
      syscall: 'connect',
      address: '::1',
      port: 5173
    },
    Error: connect ECONNREFUSED 127.0.0.1:5173
        at createConnectionError (node:net:1678:14)
        at afterConnectMultiple (node:net:1708:16) {
      errno: -4078,
      code: 'ECONNREFUSED',
      syscall: 'connect',
      address: '127.0.0.1',
      port: 5173
    }
  ]
}
[90mstdout[2m | tests/api.admin.test.ts[2m > [22m[2mAdmin Provider Management[2m > [22m[2msuspende um provedor com motivo
[22m[39mXXX DEBUG: firebaseConfig loading
XXX DEBUG: import.meta.env.MODE: test

[90mstderr[2m | tests/api.admin.test.ts[2m > [22m[2mAdmin Provider Management[2m > 
[22m[2msuspende um provedor com motivo
[22m[39m[firebase] Usando mocks porque a configura├º├úo est├í ausente ou desativada.

[90mstderr[2m | tests/ai-fallback.test.ts[2m > [22m[2m[E2E-SMOKE] AI Fallback[2m > 
[22m[2menhanceJobRequest ΓåÆ retorna objeto heur├¡stico quando backend falha
[22m[39m[enhanceJobRequest] Fallback heuristic used due to AI backend error: Error: 
Gemini endpoint unreachable
    at fetchFromBackend 
(C:/Users/Admin/Desktop/Talina/Servio.AI/services/geminiService.ts:146:13)
[90m    at processTicksAndRejections (node:internal/process/task_queues:103:5)[39m
    at enhanceJobRequest 
(C:/Users/Admin/Desktop/Talina/Servio.AI/services/geminiService.ts:162:12)
    at C:/Users/Admin/Desktop/Talina/Servio.AI/tests/ai-fallback.test.ts:12:20
    at [90mfile:///C:/Users/Admin/Desktop/Talina/Servio.AI/[39mnode_modules/[4m@vitest/r
unner[24m/dist/index.js:915:20

[90mstderr[2m | tests/api.inviteProvider.test.ts[2m > [22m[2minviteProvider[2m > 
[22m[2mretorna { success: false } quando backend retorna erro
[22m[39m≡ƒÜ¿ [API v2] ERRO detectado em /api/jobs/job-123/invite-provider - ACIONANDO 
FALLBACK! Error: Erro interno do servidor. Tente mais tarde.
    at makeApiError (C:/Users/Admin/Desktop/Talina/Servio.AI/services/api.ts:88:15)
    at apiCall (C:/Users/Admin/Desktop/Talina/Servio.AI/services/api.ts:142:13)
[90m    at processTicksAndRejections (node:internal/process/task_queues:103:5)[39m
    at Module.inviteProvider 
(C:/Users/Admin/Desktop/Talina/Servio.AI/services/api.ts:1228:12)
    at C:/Users/Admin/Desktop/Talina/Servio.AI/tests/api.inviteProvider.test.ts:41:7
    at [90mfile:///C:/Users/Admin/Desktop/Talina/Servio.AI/[39mnode_modules/[4m@vitest/r
unner[24m/dist/index.js:915:20 {
  code: [32m'E_SERVER'[39m,
  status: [33m400[39m,
  details: { error: [32m'Invalid provider'[39m }
}
[api] Backend unavailable for /api/jobs/job-123/invite-provider, triggering fallback 
Error: Erro interno do servidor. Tente mais tarde.
    at makeApiError (C:/Users/Admin/Desktop/Talina/Servio.AI/services/api.ts:88:15)
    at apiCall (C:/Users/Admin/Desktop/Talina/Servio.AI/services/api.ts:142:13)
[90m    at processTicksAndRejections (node:internal/process/task_queues:103:5)[39m
    at Module.inviteProvider 
(C:/Users/Admin/Desktop/Talina/Servio.AI/services/api.ts:1228:12)
    at C:/Users/Admin/Desktop/Talina/Servio.AI/tests/api.inviteProvider.test.ts:41:7
    at [90mfile:///C:/Users/Admin/Desktop/Talina/Servio.AI/[39mnode_modules/[4m@vitest/r
unner[24m/dist/index.js:915:20 {
  code: [32m'E_SERVER'[39m,
  status: [33m400[39m,
  details: { error: [32m'Invalid provider'[39m }
}

[90mstderr[2m | tests/api.admin.test.ts[2m > [22m[2mAdmin Provider Management[2m > 
[22m[2mreativa um provedor
[22m[39m≡ƒöº [API v3] Tentando: https://us-central1-servioai-staging.cloudfunctions.net/a
dmin/providers/prov@test.com/reactivate

[90mstderr[2m | tests/api.inviteProvider.test.ts[2m > [22m[2minviteProvider[2m > 
[22m[2mretorna { success: false } quando backend retorna erro
[22m[39mFailed to send provider invite, simulating success: Error: Erro interno do 
servidor. Tente mais tarde.
    at makeApiError (C:/Users/Admin/Desktop/Talina/Servio.AI/services/api.ts:88:15)
    at apiCall (C:/Users/Admin/Desktop/Talina/Servio.AI/services/api.ts:142:13)
[90m    at processTicksAndRejections (node:internal/process/task_queues:103:5)[39m
    at Module.inviteProvider 
(C:/Users/Admin/Desktop/Talina/Servio.AI/services/api.ts:1228:12)
    at C:/Users/Admin/Desktop/Talina/Servio.AI/tests/api.inviteProvider.test.ts:41:7
    at [90mfile:///C:/Users/Admin/Desktop/Talina/Servio.AI/[39mnode_modules/[4m@vitest/r
unner[24m/dist/index.js:915:20 {
  code: [32m'E_SERVER'[39m,
  status: [33m400[39m,
  details: { error: [32m'Invalid provider'[39m }
}

[90mstderr[2m | tests/api.admin.test.ts[2m > [22m[2mAdmin Provider Management[2m > 
[22m[2matualiza status de verifica├º├úo
[22m[39m≡ƒöº [API v3] Tentando: https://us-central1-servioai-staging.cloudfunctions.net/a
dmin/providers/prov@test.com/verification

[90mstderr[2m | tests/api.inviteProvider.test.ts[2m > [22m[2minviteProvider[2m > 
[22m[2mfaz fallback para sucesso simulado quando rede falha
[22m[39m≡ƒöº [API v3] Tentando: 
https://us-central1-servioai-staging.cloudfunctions.net/api/jobs/job-123/invite-provider

AggregateError: 
    at internalConnectMultiple (node:net:1134:18)
    at afterConnectMultiple (node:net:1715:7) {
  code: 'ECONNREFUSED',
  [errors]: [
    Error: connect ECONNREFUSED ::1:5173
        at createConnectionError (node:net:1678:14)
        at afterConnectMultiple (node:net:1708:16) {
      errno: -4078,
      code: 'ECONNREFUSED',
      syscall: 'connect',
      address: '::1',
      port: 5173
    },
    Error: connect ECONNREFUSED 127.0.0.1:5173
        at createConnectionError (node:net:1678:14)
        at afterConnectMultiple (node:net:1708:16) {
      errno: -4078,
      code: 'ECONNREFUSED',
      syscall: 'connect',
      address: '127.0.0.1',
      port: 5173
    }
  ]
}
[90mstderr[2m | tests/api.inviteProvider.test.ts[2m > [22m[2minviteProvider[2m > 
[22m[2mfaz fallback para sucesso simulado quando rede falha
[22m[39m≡ƒÜ¿ [API v2] ERRO detectado em /api/jobs/job-123/invite-provider - ACIONANDO 
FALLBACK! Error: Network error
    at C:/Users/Admin/Desktop/Talina/Servio.AI/tests/api.inviteProvider.test.ts:50:53
    at [90mfile:///C:/Users/Admin/Desktop/Talina/Servio.AI/[39mnode_modules/[4m@vitest/r
unner[24m/dist/index.js:145:11
    at [90mfile:///C:/Users/Admin/Desktop/Talina/Servio.AI/[39mnode_modules/[4m@vitest/r
unner[24m/dist/index.js:915:26
    at [90mfile:///C:/Users/Admin/Desktop/Talina/Servio.AI/[39mnode_modules/[4m@vitest/r
unner[24m/dist/index.js:1243:20
    at new Promise (<anonymous>)
    at runWithTimeout [90m(file:///C:/Users/Admin/Desktop/Talina/Servio.AI/[39mnode_modul
es/[4m@vitest/runner[24m/dist/index.js:1209:10[90m)[39m
    at [90mfile:///C:/Users/Admin/Desktop/Talina/Servio.AI/[39mnode_modules/[4m@vitest/r
unner[24m/dist/index.js:1653:37
    at Traces.$ [90m(file:///C:/Users/Admin/Desktop/Talina/Servio.AI/[39mnode_modules/[4
mvitest[24m/dist/chunks/traces.U4xDYhzZ.js:115:27[90m)[39m
    at trace [90m(file:///C:/Users/Admin/Desktop/Talina/Servio.AI/[39mnode_modules/[4mvi
test[24m/dist/chunks/test.B8ej_ZHS.js:239:21[90m)[39m
    at runTest [90m(file:///C:/Users/Admin/Desktop/Talina/Servio.AI/[39mnode_modules/[4m
@vitest/runner[24m/dist/index.js:1653:12[90m)[39m
[api] Backend unavailable for /api/jobs/job-123/invite-provider, triggering fallback 
Error: Network error
    at C:/Users/Admin/Desktop/Talina/Servio.AI/tests/api.inviteProvider.test.ts:50:53
    at [90mfile:///C:/Users/Admin/Desktop/Talina/Servio.AI/[39mnode_modules/[4m@vitest/r
unner[24m/dist/index.js:145:11
    at [90mfile:///C:/Users/Admin/Desktop/Talina/Servio.AI/[39mnode_modules/[4m@vitest/r
unner[24m/dist/index.js:915:26
    at [90mfile:///C:/Users/Admin/Desktop/Talina/Servio.AI/[39mnode_modules/[4m@vitest/r
unner[24m/dist/index.js:1243:20
    at new Promise (<anonymous>)
    at runWithTimeout [90m(file:///C:/Users/Admin/Desktop/Talina/Servio.AI/[39mnode_modul
es/[4m@vitest/runner[24m/dist/index.js:1209:10[90m)[39m
    at [90mfile:///C:/Users/Admin/Desktop/Talina/Servio.AI/[39mnode_modules/[4m@vitest/r
unner[24m/dist/index.js:1653:37
    at Traces.$ [90m(file:///C:/Users/Admin/Desktop/Talina/Servio.AI/[39mnode_modules/[4
mvitest[24m/dist/chunks/traces.U4xDYhzZ.js:115:27[90m)[39m
    at trace [90m(file:///C:/Users/Admin/Desktop/Talina/Servio.AI/[39mnode_modules/[4mvi
test[24m/dist/chunks/test.B8ej_ZHS.js:239:21[90m)[39m
    at runTest [90m(file:///C:/Users/Admin/Desktop/Talina/Servio.AI/[39mnode_modules/[4m
@vitest/runner[24m/dist/index.js:1653:12[90m)[39m

[90mstderr[2m | tests/api.inviteProvider.test.ts[2m > [22m[2minviteProvider[2m > 
[22m[2mfaz fallback para sucesso simulado quando rede falha
[22m[39mFailed to send provider invite, simulating success: Error: Falha de rede. 
Verifique sua conex├úo.
    at makeApiError (C:/Users/Admin/Desktop/Talina/Servio.AI/services/api.ts:88:15)
    at apiCall (C:/Users/Admin/Desktop/Talina/Servio.AI/services/api.ts:164:11)
[90m    at processTicksAndRejections (node:internal/process/task_queues:103:5)[39m
    at Module.inviteProvider 
(C:/Users/Admin/Desktop/Talina/Servio.AI/services/api.ts:1228:12)
    at C:/Users/Admin/Desktop/Talina/Servio.AI/tests/api.inviteProvider.test.ts:52:20
    at [90mfile:///C:/Users/Admin/Desktop/Talina/Servio.AI/[39mnode_modules/[4m@vitest/r
unner[24m/dist/index.js:915:20 {
  code: [32m'E_NETWORK'[39m
}

[90mstderr[2m | tests/api.inviteProvider.test.ts[2m > [22m[2minviteProvider[2m > 
[22m[2mvalida que o corpo da requisi├º├úo cont├⌐m providerId correto
[22m[39m≡ƒöº [API v3] Tentando: 
https://us-central1-servioai-staging.cloudfunctions.net/api/jobs/job-123/invite-provider

 [32mΓ£ô[39m tests/ai-fallback.test.ts [2m([22m[2m2 tests[22m[2m)[22m[33m 393[2mms[22m[39m
     [33m[2mΓ£ô[22m[39m enhanceJobRequest ΓåÆ retorna objeto heur├¡stico quando backend falha [33m 382[2mms[22m[39m
 [32mΓ£ô[39m tests/api.admin.test.ts [2m([22m[2m3 tests[22m[2m)[22m[33m 437[2mms[22m[39m
     [33m[2mΓ£ô[22m[39m suspende um provedor com motivo [33m 428[2mms[22m[39m
[90mstderr[2m | tests/api.inviteProvider.test.ts[2m > [22m[2minviteProvider[2m > 
[22m[2musa m├⌐todo HTTP POST para o endpoint
[22m[39m≡ƒöº [API v3] Tentando: 
https://us-central1-servioai-staging.cloudfunctions.net/api/jobs/job-123/invite-provider

[90mstderr[2m | tests/api.inviteProvider.test.ts[2m > [22m[2minviteProvider[2m > 
[22m[2mtratamento de erro com fallback para sucesso
[22m[39m≡ƒöº [API v3] Tentando: 
https://us-central1-servioai-staging.cloudfunctions.net/api/jobs/job-123/invite-provider

[90mstderr[2m | tests/api.inviteProvider.test.ts[2m > [22m[2minviteProvider[2m > 
[22m[2mtratamento de erro com fallback para sucesso
[22m[39m≡ƒÜ¿ [API v2] ERRO detectado em /api/jobs/job-123/invite-provider - ACIONANDO 
FALLBACK! Error: Connection timeout
    at C:/Users/Admin/Desktop/Talina/Servio.AI/tests/api.inviteProvider.test.ts:86:53
    at [90mfile:///C:/Users/Admin/Desktop/Talina/Servio.AI/[39mnode_modules/[4m@vitest/r
unner[24m/dist/index.js:145:11
    at [90mfile:///C:/Users/Admin/Desktop/Talina/Servio.AI/[39mnode_modules/[4m@vitest/r
unner[24m/dist/index.js:915:26
    at [90mfile:///C:/Users/Admin/Desktop/Talina/Servio.AI/[39mnode_modules/[4m@vitest/r
unner[24m/dist/index.js:1243:20
    at new Promise (<anonymous>)
    at runWithTimeout [90m(file:///C:/Users/Admin/Desktop/Talina/Servio.AI/[39mnode_modul
es/[4m@vitest/runner[24m/dist/index.js:1209:10[90m)[39m
    at [90mfile:///C:/Users/Admin/Desktop/Talina/Servio.AI/[39mnode_modules/[4m@vitest/r
unner[24m/dist/index.js:1653:37
    at Traces.$ [90m(file:///C:/Users/Admin/Desktop/Talina/Servio.AI/[39mnode_modules/[4
mvitest[24m/dist/chunks/traces.U4xDYhzZ.js:115:27[90m)[39m
    at trace [90m(file:///C:/Users/Admin/Desktop/Talina/Servio.AI/[39mnode_modules/[4mvi
test[24m/dist/chunks/test.B8ej_ZHS.js:239:21[90m)[39m
    at runTest [90m(file:///C:/Users/Admin/Desktop/Talina/Servio.AI/[39mnode_modules/[4m
@vitest/runner[24m/dist/index.js:1653:12[90m)[39m
[api] Backend unavailable for /api/jobs/job-123/invite-provider, triggering fallback 
Error: Connection timeout
    at C:/Users/Admin/Desktop/Talina/Servio.AI/tests/api.inviteProvider.test.ts:86:53
    at [90mfile:///C:/Users/Admin/Desktop/Talina/Servio.AI/[39mnode_modules/[4m@vitest/r
unner[24m/dist/index.js:145:11
    at [90mfile:///C:/Users/Admin/Desktop/Talina/Servio.AI/[39mnode_modules/[4m@vitest/r
unner[24m/dist/index.js:915:26
    at [90mfile:///C:/Users/Admin/Desktop/Talina/Servio.AI/[39mnode_modules/[4m@vitest/r
unner[24m/dist/index.js:1243:20
    at new Promise (<anonymous>)
    at runWithTimeout [90m(file:///C:/Users/Admin/Desktop/Talina/Servio.AI/[39mnode_modul
es/[4m@vitest/runner[24m/dist/index.js:1209:10[90m)[39m
    at [90mfile:///C:/Users/Admin/Desktop/Talina/Servio.AI/[39mnode_modules/[4m@vitest/r
unner[24m/dist/index.js:1653:37
    at Traces.$ [90m(file:///C:/Users/Admin/Desktop/Talina/Servio.AI/[39mnode_modules/[4
mvitest[24m/dist/chunks/traces.U4xDYhzZ.js:115:27[90m)[39m
    at trace [90m(file:///C:/Users/Admin/Desktop/Talina/Servio.AI/[39mnode_modules/[4mvi
test[24m/dist/chunks/test.B8ej_ZHS.js:239:21[90m)[39m
    at runTest [90m(file:///C:/Users/Admin/Desktop/Talina/Servio.AI/[39mnode_modules/[4m
@vitest/runner[24m/dist/index.js:1653:12[90m)[39m

[90mstderr[2m | tests/api.inviteProvider.test.ts[2m > [22m[2minviteProvider[2m > 
[22m[2mtratamento de erro com fallback para sucesso
[22m[39mFailed to send provider invite, simulating success: Error: Falha de rede. 
Verifique sua conex├úo.
    at makeApiError (C:/Users/Admin/Desktop/Talina/Servio.AI/services/api.ts:88:15)
    at apiCall (C:/Users/Admin/Desktop/Talina/Servio.AI/services/api.ts:164:11)
[90m    at processTicksAndRejections (node:internal/process/task_queues:103:5)[39m
    at Module.inviteProvider 
(C:/Users/Admin/Desktop/Talina/Servio.AI/services/api.ts:1228:12)
    at C:/Users/Admin/Desktop/Talina/Servio.AI/tests/api.inviteProvider.test.ts:88:20
    at [90mfile:///C:/Users/Admin/Desktop/Talina/Servio.AI/[39mnode_modules/[4m@vitest/r
unner[24m/dist/index.js:915:20 {
  code: [32m'E_NETWORK'[39m
}

[90mstderr[2m | tests/api.inviteProvider.test.ts[2m > [22m[2minviteProvider[2m > 
[22m[2mloga warning quando backend falha e usa mock
[22m[39m≡ƒöº [API v3] Tentando: 
https://us-central1-servioai-staging.cloudfunctions.net/api/jobs/job-123/invite-provider

[90mstderr[2m | tests/api.inviteProvider.test.ts[2m > [22m[2minviteProvider[2m > 
[22m[2mloga warning quando backend falha e usa mock
[22m[39m≡ƒÜ¿ [API v2] ERRO detectado em /api/jobs/job-123/invite-provider - ACIONANDO 
FALLBACK! Error: API unavailable
    at C:/Users/Admin/Desktop/Talina/Servio.AI/tests/api.inviteProvider.test.ts:96:53
    at [90mfile:///C:/Users/Admin/Desktop/Talina/Servio.AI/[39mnode_modules/[4m@vitest/r
unner[24m/dist/index.js:145:11
    at [90mfile:///C:/Users/Admin/Desktop/Talina/Servio.AI/[39mnode_modules/[4m@vitest/r
unner[24m/dist/index.js:915:26
    at [90mfile:///C:/Users/Admin/Desktop/Talina/Servio.AI/[39mnode_modules/[4m@vitest/r
unner[24m/dist/index.js:1243:20
    at new Promise (<anonymous>)
    at runWithTimeout [90m(file:///C:/Users/Admin/Desktop/Talina/Servio.AI/[39mnode_modul
es/[4m@vitest/runner[24m/dist/index.js:1209:10[90m)[39m
    at [90mfile:///C:/Users/Admin/Desktop/Talina/Servio.AI/[39mnode_modules/[4m@vitest/r
unner[24m/dist/index.js:1653:37
    at Traces.$ [90m(file:///C:/Users/Admin/Desktop/Talina/Servio.AI/[39mnode_modules/[4
mvitest[24m/dist/chunks/traces.U4xDYhzZ.js:115:27[90m)[39m
    at trace [90m(file:///C:/Users/Admin/Desktop/Talina/Servio.AI/[39mnode_modules/[4mvi
test[24m/dist/chunks/test.B8ej_ZHS.js:239:21[90m)[39m
    at runTest [90m(file:///C:/Users/Admin/Desktop/Talina/Servio.AI/[39mnode_modules/[4m
@vitest/runner[24m/dist/index.js:1653:12[90m)[39m
[api] Backend unavailable for /api/jobs/job-123/invite-provider, triggering fallback 
Error: API unavailable
    at C:/Users/Admin/Desktop/Talina/Servio.AI/tests/api.inviteProvider.test.ts:96:53
    at [90mfile:///C:/Users/Admin/Desktop/Talina/Servio.AI/[39mnode_modules/[4m@vitest/r
unner[24m/dist/index.js:145:11
    at [90mfile:///C:/Users/Admin/Desktop/Talina/Servio.AI/[39mnode_modules/[4m@vitest/r
unner[24m/dist/index.js:915:26
    at [90mfile:///C:/Users/Admin/Desktop/Talina/Servio.AI/[39mnode_modules/[4m@vitest/r
unner[24m/dist/index.js:1243:20
    at new Promise (<anonymous>)
    at runWithTimeout [90m(file:///C:/Users/Admin/Desktop/Talina/Servio.AI/[39mnode_modul
es/[4m@vitest/runner[24m/dist/index.js:1209:10[90m)[39m
    at [90mfile:///C:/Users/Admin/Desktop/Talina/Servio.AI/[39mnode_modules/[4m@vitest/r
unner[24m/dist/index.js:1653:37
    at Traces.$ [90m(file:///C:/Users/Admin/Desktop/Talina/Servio.AI/[39mnode_modules/[4
mvitest[24m/dist/chunks/traces.U4xDYhzZ.js:115:27[90m)[39m
    at trace [90m(file:///C:/Users/Admin/Desktop/Talina/Servio.AI/[39mnode_modules/[4mvi
test[24m/dist/chunks/test.B8ej_ZHS.js:239:21[90m)[39m
    at runTest [90m(file:///C:/Users/Admin/Desktop/Talina/Servio.AI/[39mnode_modules/[4m
@vitest/runner[24m/dist/index.js:1653:12[90m)[39m

[90mstderr[2m | tests/api.inviteProvider.test.ts[2m > [22m[2minviteProvider[2m > 
[22m[2mloga warning quando backend falha e usa mock
[22m[39mFailed to send provider invite, simulating success: Error: Falha de rede. 
Verifique sua conex├úo.
    at makeApiError (C:/Users/Admin/Desktop/Talina/Servio.AI/services/api.ts:88:15)
    at apiCall (C:/Users/Admin/Desktop/Talina/Servio.AI/services/api.ts:164:11)
[90m    at processTicksAndRejections (node:internal/process/task_queues:103:5)[39m
    at Module.inviteProvider 
(C:/Users/Admin/Desktop/Talina/Servio.AI/services/api.ts:1228:12)
    at C:/Users/Admin/Desktop/Talina/Servio.AI/tests/api.inviteProvider.test.ts:98:5
    at [90mfile:///C:/Users/Admin/Desktop/Talina/Servio.AI/[39mnode_modules/[4m@vitest/r
unner[24m/dist/index.js:915:20 {
  code: [32m'E_NETWORK'[39m
}

 [32mΓ£ô[39m tests/api.inviteProvider.test.ts [2m([22m[2m7 tests[22m[2m)[22m[33m 496[2mms[22m[39m
     [33m[2mΓ£ô[22m[39m envia convite com sucesso para o backend [33m 454[2mms[22m[39m
 [32mΓ£ô[39m tests/components/ProviderJobCard.test.tsx [2m([22m[2m14 tests[22m[2m)[22m[33m 381[2mms[22m[39m
 [32mΓ£ô[39m tests/components/AdminFinancials.test.tsx [2m([22m[2m10 tests[22m[2m)[22m[33m 332[2mms[22m[39m
[90mstderr[2m | tests/AdminDashboard.test.tsx[2m > [22m[2mAdminDashboard[2m > 
[22m[2mdeve renderizar o dashboard do admin com loading inicial
[22m[39mΓÜá∩╕Å React Router Future Flag Warning: React Router will begin wrapping state 
updates in `React.startTransition` in v7. You can use the `v7_startTransition` future flag 
to opt-in early. For more information, see 
https://reactrouter.com/v6/upgrading/future#v7_starttransition.
ΓÜá∩╕Å React Router Future Flag Warning: Relative route resolution within Splat routes is 
changing in v7. You can use the `v7_relativeSplatPath` future flag to opt-in early. For 
more information, see https://reactrouter.com/v6/upgrading/future#v7_relativesplatpath.

[90mstderr[2m | tests/AdminDashboard.test.tsx[2m > [22m[2mAdminDashboard[2m > 
[22m[2mdeve renderizar o dashboard do admin com loading inicial
[22m[39mWarning: An update to AdminAnalyticsDashboard inside a test was not wrapped in 
act(...).

When testing, code that causes React state updates should be wrapped into act(...):

act(() => {
  /* fire events that update state */
});
/* assert on the output */

This ensures that you're testing the behavior the user would see in the browser. Learn 
more at https://reactjs.org/link/wrap-tests-with-act
    at AdminAnalyticsDashboard 
(C:/Users/Admin/Desktop/Talina/Servio.AI/components/AdminAnalyticsDashboard.tsx:15:73)
    at div
    at div
    at AdminDashboard 
(C:/Users/Admin/Desktop/Talina/Servio.AI/components/AdminDashboard.tsx:32:27)
    at Router (C:\Users\Admin\Desktop\Talina\Servio.AI\node_modules\react-router\dist\umd\r
eact-router.development.js:1207:17)
    at BrowserRouter (C:\Users\Admin\Desktop\Talina\Servio.AI\node_modules\react-router-dom
\dist\umd\react-router-dom.development.js:695:7)
Warning: An update to AdminAnalyticsDashboard inside a test was not wrapped in act(...).

When testing, code that causes React state updates should be wrapped into act(...):

act(() => {
  /* fire events that update state */
});
/* assert on the output */

This ensures that you're testing the behavior the user would see in the browser. Learn 
more at https://reactjs.org/link/wrap-tests-with-act
    at AdminAnalyticsDashboard 
(C:/Users/Admin/Desktop/Talina/Servio.AI/components/AdminAnalyticsDashboard.tsx:15:73)
    at div
    at div
    at AdminDashboard 
(C:/Users/Admin/Desktop/Talina/Servio.AI/components/AdminDashboard.tsx:32:27)
    at Router (C:\Users\Admin\Desktop\Talina\Servio.AI\node_modules\react-router\dist\umd\r
eact-router.development.js:1207:17)
    at BrowserRouter (C:\Users\Admin\Desktop\Talina\Servio.AI\node_modules\react-router-dom
\dist\umd\react-router-dom.development.js:695:7)
Warning: An update to AdminAnalyticsDashboard inside a test was not wrapped in act(...).

When testing, code that causes React state updates should be wrapped into act(...):

act(() => {
  /* fire events that update state */
});
/* assert on the output */

This ensures that you're testing the behavior the user would see in the browser. Learn 
more at https://reactjs.org/link/wrap-tests-with-act
    at AdminAnalyticsDashboard 
(C:/Users/Admin/Desktop/Talina/Servio.AI/components/AdminAnalyticsDashboard.tsx:15:73)
    at div
    at div
    at AdminDashboard 
(C:/Users/Admin/Desktop/Talina/Servio.AI/components/AdminDashboard.tsx:32:27)
    at Router (C:\Users\Admin\Desktop\Talina\Servio.AI\node_modules\react-router\dist\umd\r
eact-router.development.js:1207:17)
    at BrowserRouter (C:\Users\Admin\Desktop\Talina\Servio.AI\node_modules\react-router-dom
\dist\umd\react-router-dom.development.js:695:7)
Warning: An update to AdminAnalyticsDashboard inside a test was not wrapped in act(...).

When testing, code that causes React state updates should be wrapped into act(...):

act(() => {
  /* fire events that update state */
});
/* assert on the output */

This ensures that you're testing the behavior the user would see in the browser. Learn 
more at https://reactjs.org/link/wrap-tests-with-act
    at AdminAnalyticsDashboard 
(C:/Users/Admin/Desktop/Talina/Servio.AI/components/AdminAnalyticsDashboard.tsx:15:73)
    at div
    at div
    at AdminDashboard 
(C:/Users/Admin/Desktop/Talina/Servio.AI/components/AdminDashboard.tsx:32:27)
    at Router (C:\Users\Admin\Desktop\Talina\Servio.AI\node_modules\react-router\dist\umd\r
eact-router.development.js:1207:17)
    at BrowserRouter (C:\Users\Admin\Desktop\Talina\Servio.AI\node_modules\react-router-dom
\dist\umd\react-router-dom.development.js:695:7)
Warning: An update to AdminAnalyticsDashboard inside a test was not wrapped in act(...).

When testing, code that causes React state updates should be wrapped into act(...):

act(() => {
  /* fire events that update state */
});
/* assert on the output */

This ensures that you're testing the behavior the user would see in the browser. Learn 
more at https://reactjs.org/link/wrap-tests-with-act
    at AdminAnalyticsDashboard 
(C:/Users/Admin/Desktop/Talina/Servio.AI/components/AdminAnalyticsDashboard.tsx:15:73)
    at div
    at div
    at AdminDashboard 
(C:/Users/Admin/Desktop/Talina/Servio.AI/components/AdminDashboard.tsx:32:27)
    at Router (C:\Users\Admin\Desktop\Talina\Servio.AI\node_modules\react-router\dist\umd\r
eact-router.development.js:1207:17)
    at BrowserRouter (C:\Users\Admin\Desktop\Talina\Servio.AI\node_modules\react-router-dom
\dist\umd\react-router-dom.development.js:695:7)
Warning: An update to AdminAnalyticsDashboard inside a test was not wrapped in act(...).

When testing, code that causes React state updates should be wrapped into act(...):

act(() => {
  /* fire events that update state */
});
/* assert on the output */

This ensures that you're testing the behavior the user would see in the browser. Learn 
more at https://reactjs.org/link/wrap-tests-with-act
    at AdminAnalyticsDashboard 
(C:/Users/Admin/Desktop/Talina/Servio.AI/components/AdminAnalyticsDashboard.tsx:15:73)
    at div
    at div
    at AdminDashboard 
(C:/Users/Admin/Desktop/Talina/Servio.AI/components/AdminDashboard.tsx:32:27)
    at Router (C:\Users\Admin\Desktop\Talina\Servio.AI\node_modules\react-router\dist\umd\r
eact-router.development.js:1207:17)
    at BrowserRouter (C:\Users\Admin\Desktop\Talina\Servio.AI\node_modules\react-router-dom
\dist\umd\react-router-dom.development.js:695:7)

[90mstderr[2m | tests/week2/AdminDashboard.suite.test.tsx[2m > 
[22m[2mAdminDashboard[2m > [22m[2mSection Navigation[2m > [22m[2mshould navigate 
to users on click
[22m[39m≡ƒöº [API v3] Tentando: 
https://us-central1-servioai-staging.cloudfunctions.net/users

[90mstderr[2m | tests/week2/AdminDashboard.suite.test.tsx[2m > 
[22m[2mAdminDashboard[2m > [22m[2mSection Navigation[2m > [22m[2mshould navigate 
to jobs on click
[22m[39m≡ƒöº [API v3] Tentando: 
https://us-central1-servioai-staging.cloudfunctions.net/jobs

 [32mΓ£ô[39m tests/week2/AdminDashboard.suite.test.tsx [2m([22m[2m32 tests[22m[2m)[22m[33m 509[2mms[22m[39m
 [32mΓ£ô[39m tests/components/JobCard.test.tsx [2m([22m[2m20 tests[22m[2m)[22m[33m 407[2mms[22m[39m
 [32mΓ£ô[39m tests/AdminDashboard.test.tsx [2m([22m[2m7 tests[22m[2m)[22m[33m 536[2mms[22m[39m
 [32mΓ£ô[39m tests/components/Chart_AnalyticsCard.comprehensive.test.tsx [2m([22m[2m53 tests[22m[2m)[22m[33m 380[2mms[22m[39m
 [32mΓ£ô[39m tests/components/ProviderLandingPage.test.tsx [2m([22m[2m8 tests[22m[2m)[22m[32m 285[2mms[22m[39m
 [32mΓ£ô[39m tests/components/ProfileStrength.test.tsx [2m([22m[2m16 tests[22m[2m)[22m[33m 382[2mms[22m[39m
 [32mΓ£ô[39m tests/ProviderDashboard.actions.test.tsx [2m([22m[2m6 tests[22m[2m)[22m[33m 340[2mms[22m[39m
 [32mΓ£ô[39m tests/components/HeroSection.test.tsx [2m([22m[2m12 tests[22m[2m)[22m[33m 378[2mms[22m[39m
 [32mΓ£ô[39m tests/components/AdminAnalytics.test.tsx [2m([22m[2m18 tests[22m[2m)[22m[33m 341[2mms[22m[39m
[90mstderr[2m | tests/geminiService.test.ts[2m > [22m[2mgeminiService[2m > 
[22m[2menhanceJobRequest falls back to heuristic on backend failure
[22m[39m[enhanceJobRequest] Fallback heuristic used due to AI backend error: TypeError: 
Cannot read properties of undefined (reading 'catch')
    at fetchFromBackend 
(C:/Users/Admin/Desktop/Talina/Servio.AI/services/geminiService.ts:143:6)
    at enhanceJobRequest 
(C:/Users/Admin/Desktop/Talina/Servio.AI/services/geminiService.ts:162:12)
    at C:/Users/Admin/Desktop/Talina/Servio.AI/tests/geminiService.test.ts:40:20
    at [90mfile:///C:/Users/Admin/Desktop/Talina/Servio.AI/[39mnode_modules/[4m@vitest/r
unner[24m/dist/index.js:915:20

 [32mΓ£ô[39m tests/geminiService.test.ts [2m([22m[2m3 tests[22m[2m)[22m[33m 327[2mms[22m[39m
     [33m[2mΓ£ô[22m[39m enhanceJobRequest falls back to heuristic on backend failure [33m 320[2mms[22m[39m
 [32mΓ£ô[39m tests/NotificationsBell.test.tsx [2m([22m[2m3 tests[22m[2m)[22m[33m 351[2mms[22m[39m
 [32mΓ£ô[39m tests/components/LeadScoreCard.test.tsx [2m([22m[2m16 tests[22m[2m)[22m[33m 323[2mms[22m[39m
 [32mΓ£ô[39m tests/components/ReviewModal.test.tsx [2m([22m[2m11 tests[22m[2m)[22m[33m 306[2mms[22m[39m
 [32mΓ£ô[39m tests/components/ProviderCard.test.tsx [2m([22m[2m14 tests[22m[2m)[22m[33m 336[2mms[22m[39m
 [32mΓ£ô[39m tests/Header.test.tsx [2m([22m[2m10 tests[22m[2m)[22m[33m 339[2mms[22m[39m
[90mstderr[2m | tests/AdminDashboard.navigation.test.tsx
[22m[39mΓòÉΓòÉΓòÉΓòÉΓòÉΓòÉΓòÉΓòÉΓòÉΓòÉΓòÉΓòÉΓòÉΓòÉΓòÉΓòÉΓòÉΓòÉΓòÉΓòÉΓòÉΓòÉΓòÉΓòÉΓòÉΓòÉΓòÉ
ΓòÉΓòÉΓòÉΓòÉΓòÉΓòÉΓòÉΓòÉΓòÉΓòÉΓòÉΓòÉΓòÉΓòÉΓòÉΓòÉΓòÉΓòÉΓòÉΓòÉΓòÉΓòÉΓòÉΓòÉΓòÉΓòÉΓòÉΓòÉ
≡ƒöº API SERVICE INICIADO - VERS├âO 2026-01-09
ΓòÉΓòÉΓòÉΓòÉΓòÉΓòÉΓòÉΓòÉΓòÉΓòÉΓòÉΓòÉΓòÉΓòÉΓòÉΓòÉΓòÉΓòÉΓòÉΓòÉΓòÉΓòÉΓòÉΓòÉΓòÉΓòÉΓòÉΓòÉΓòÉΓòÉΓ
òÉΓòÉΓòÉΓòÉΓòÉΓòÉΓòÉΓòÉΓòÉΓòÉΓòÉΓòÉΓòÉΓòÉΓòÉΓòÉΓòÉΓòÉΓòÉΓòÉΓòÉΓòÉΓòÉΓòÉΓòÉ
≡ƒôï STAGING_MODE: true
≡ƒôï Project ID: servioai-staging
≡ƒôï Backend URL: https://us-central1-servioai-staging.cloudfunctions.net
≡ƒôï Use Mock: false
ΓòÉΓòÉΓòÉΓòÉΓòÉΓòÉΓòÉΓòÉΓòÉΓòÉΓòÉΓòÉΓòÉΓòÉΓòÉΓòÉΓòÉΓòÉΓòÉΓòÉΓòÉΓòÉΓòÉΓòÉΓòÉΓòÉΓòÉΓòÉΓòÉΓòÉΓ
òÉΓòÉΓòÉΓòÉΓòÉΓòÉΓòÉΓòÉΓòÉΓòÉΓòÉΓòÉΓòÉΓòÉΓòÉΓòÉΓòÉΓòÉΓòÉΓòÉΓòÉΓòÉΓòÉΓòÉΓòÉ
Γ£à STAGING MODE ATIVO - Backend DESABILITADO!
Γ£à Todas as opera├º├╡es de usu├írio usam Firestore direto!

[90mstderr[2m | tests/AdminDashboard.navigation.test.tsx[2m > [22m[2mAdminDashboard 
Tab Navigation[2m > [22m[2mdeve renderizar a aba "Analytics" como padr├úo e exibir seu 
conte├║do
[22m[39mΓÜá∩╕Å React Router Future Flag Warning: React Router will begin wrapping state 
updates in `React.startTransition` in v7. You can use the `v7_startTransition` future flag 
to opt-in early. For more information, see 
https://reactrouter.com/v6/upgrading/future#v7_starttransition.
ΓÜá∩╕Å React Router Future Flag Warning: Relative route resolution within Splat routes is 
changing in v7. You can use the `v7_relativeSplatPath` future flag to opt-in early. For 
more information, see https://reactrouter.com/v6/upgrading/future#v7_relativesplatpath.

 [32mΓ£ô[39m tests/components/Dashboard.test.tsx [2m([22m[2m9 tests[22m[2m)[22m[33m 346[2mms[22m[39m
 [32mΓ£ô[39m tests/components/ProposalDetailCard.test.tsx [2m([22m[2m14 tests[22m[2m)[22m[33m 310[2mms[22m[39m
 [32mΓ£ô[39m tests/components/AdminVerificationCard.test.tsx [2m([22m[2m9 tests[22m[2m)[22m[32m 279[2mms[22m[39m
 [32mΓ£ô[39m tests/AdminDashboard.navigation.test.tsx [2m([22m[2m3 tests[22m[2m)[22m[33m 337[2mms[22m[39m
 [32mΓ£ô[39m tests/modals.test.tsx [2m([22m[2m5 tests[22m[2m)[22m[33m 301[2mms[22m[39m
 [32mΓ£ô[39m tests/FindProvidersPage.test.tsx [2m([22m[2m2 tests[22m[2m)[22m[33m 312[2mms[22m[39m
[90mstderr[2m | tests/hooks/useProspectorStats.test.ts[2m > 
[22m[2museProspectorStats[2m > [22m[2mreturns initial loading state
[22m[39mWarning: An update to TestComponent inside a test was not wrapped in act(...).

When testing, code that causes React state updates should be wrapped into act(...):

act(() => {
  /* fire events that update state */
});
/* assert on the output */

This ensures that you're testing the behavior the user would see in the browser. Learn 
more at https://reactjs.org/link/wrap-tests-with-act
    at TestComponent (C:\Users\Admin\Desktop\Talina\Servio.AI\node_modules\@testing-library
\react\dist\pure.js:328:5)
Warning: An update to TestComponent inside a test was not wrapped in act(...).

When testing, code that causes React state updates should be wrapped into act(...):

act(() => {
  /* fire events that update state */
});
/* assert on the output */

This ensures that you're testing the behavior the user would see in the browser. Learn 
more at https://reactjs.org/link/wrap-tests-with-act
    at TestComponent (C:\Users\Admin\Desktop\Talina\Servio.AI\node_modules\@testing-library
\react\dist\pure.js:328:5)
Warning: An update to TestComponent inside a test was not wrapped in act(...).

When testing, code that causes React state updates should be wrapped into act(...):

act(() => {
  /* fire events that update state */
});
/* assert on the output */

This ensures that you're testing the behavior the user would see in the browser. Learn 
more at https://reactjs.org/link/wrap-tests-with-act
    at TestComponent (C:\Users\Admin\Desktop\Talina\Servio.AI\node_modules\@testing-library
\react\dist\pure.js:328:5)
Warning: An update to TestComponent inside a test was not wrapped in act(...).

When testing, code that causes React state updates should be wrapped into act(...):

act(() => {
  /* fire events that update state */
});
/* assert on the output */

This ensures that you're testing the behavior the user would see in the browser. Learn 
more at https://reactjs.org/link/wrap-tests-with-act
    at TestComponent (C:\Users\Admin\Desktop\Talina\Servio.AI\node_modules\@testing-library
\react\dist\pure.js:328:5)

[90mstderr[2m | tests/hooks/useProspectorStats.test.ts[2m > 
[22m[2museProspectorStats[2m > [22m[2mreloads data when reload is called
[22m[39mWarning: An update to TestComponent inside a test was not wrapped in act(...).

When testing, code that causes React state updates should be wrapped into act(...):

act(() => {
  /* fire events that update state */
});
/* assert on the output */

This ensures that you're testing the behavior the user would see in the browser. Learn 
more at https://reactjs.org/link/wrap-tests-with-act
    at TestComponent (C:\Users\Admin\Desktop\Talina\Servio.AI\node_modules\@testing-library
\react\dist\pure.js:328:5)
Warning: An update to TestComponent inside a test was not wrapped in act(...).

When testing, code that causes React state updates should be wrapped into act(...):

act(() => {
  /* fire events that update state */
});
/* assert on the output */

This ensures that you're testing the behavior the user would see in the browser. Learn 
more at https://reactjs.org/link/wrap-tests-with-act
    at TestComponent (C:\Users\Admin\Desktop\Talina\Servio.AI\node_modules\@testing-library
\react\dist\pure.js:328:5)

 [32mΓ£ô[39m tests/hooks/useProspectorStats.test.ts [2m([22m[2m5 tests[22m[2m)[22m[33m 305[2mms[22m[39m
 [32mΓ£ô[39m tests/JobCard.test.tsx [2m([22m[2m9 tests[22m[2m)[22m[33m 350[2mms[22m[39m
 [32mΓ£ô[39m tests/components/prospector/SmartFiltersBar.test.tsx [2m([22m[2m8 tests[22m[2m)[22m[32m 265[2mms[22m[39m
 [32mΓ£ô[39m tests/components/ProviderEarningsCard.test.tsx [2m([22m[2m12 tests[22m[2m)[22m[32m 256[2mms[22m[39m
[90mstdout[2m | tests/ProviderDashboard.test.tsx
[22m[39mXXX DEBUG: firebaseConfig loading
XXX DEBUG: import.meta.env.MODE: test

[90mstderr[2m | tests/ProviderDashboard.test.tsx
[22m[39m[firebase] Usando mocks porque a configura├º├úo est├í ausente ou desativada.

[90mstderr[2m | tests/ProviderDashboard.test.tsx
[22m[39mΓòÉΓòÉΓòÉΓòÉΓòÉΓòÉΓòÉΓòÉΓòÉΓòÉΓòÉΓòÉΓòÉΓòÉΓòÉΓòÉΓòÉΓòÉΓòÉΓòÉΓòÉΓòÉΓòÉΓòÉΓòÉΓòÉΓòÉ
ΓòÉΓòÉΓòÉΓòÉΓòÉΓòÉΓòÉΓòÉΓòÉΓòÉΓòÉΓòÉΓòÉΓòÉΓòÉΓòÉΓòÉΓòÉΓòÉΓòÉΓòÉΓòÉΓòÉΓòÉΓòÉΓòÉΓòÉΓòÉ
≡ƒöº API SERVICE INICIADO - VERS├âO 2026-01-09
ΓòÉΓòÉΓòÉΓòÉΓòÉΓòÉΓòÉΓòÉΓòÉΓòÉΓòÉΓòÉΓòÉΓòÉΓòÉΓòÉΓòÉΓòÉΓòÉΓòÉΓòÉΓòÉΓòÉΓòÉΓòÉΓòÉΓòÉΓòÉΓòÉΓòÉΓ
òÉΓòÉΓòÉΓòÉΓòÉΓòÉΓòÉΓòÉΓòÉΓòÉΓòÉΓòÉΓòÉΓòÉΓòÉΓòÉΓòÉΓòÉΓòÉΓòÉΓòÉΓòÉΓòÉΓòÉΓòÉ
≡ƒôï STAGING_MODE: true
≡ƒôï Project ID: servioai-staging
≡ƒôï Backend URL: https://us-central1-servioai-staging.cloudfunctions.net
≡ƒôï Use Mock: false
ΓòÉΓòÉΓòÉΓòÉΓòÉΓòÉΓòÉΓòÉΓòÉΓòÉΓòÉΓòÉΓòÉΓòÉΓòÉΓòÉΓòÉΓòÉΓòÉΓòÉΓòÉΓòÉΓòÉΓòÉΓòÉΓòÉΓòÉΓòÉΓòÉΓòÉΓ
òÉΓòÉΓòÉΓòÉΓòÉΓòÉΓòÉΓòÉΓòÉΓòÉΓòÉΓòÉΓòÉΓòÉΓòÉΓòÉΓòÉΓòÉΓòÉΓòÉΓòÉΓòÉΓòÉΓòÉΓòÉ
Γ£à STAGING MODE ATIVO - Backend DESABILITADO!
Γ£à Todas as opera├º├╡es de usu├írio usam Firestore direto!

 [32mΓ£ô[39m tests/components/ReferralProgram.test.tsx [2m([22m[2m13 tests[22m[2m)[22m[32m 241[2mms[22m[39m
 [32mΓ£ô[39m tests/components/NotificationSettings.test.tsx [2m([22m[2m8 tests[22m[2m)[22m[32m 281[2mms[22m[39m
[90mstderr[2m | tests/ProviderDashboard.test.tsx[2m > [22m[2mProviderDashboard[2m > 
[22m[2mrenderiza dashboard do provedor sem erros
[22m[39mΓÜá∩╕Å React Router Future Flag Warning: React Router will begin wrapping state 
updates in `React.startTransition` in v7. You can use the `v7_startTransition` future flag 
to opt-in early. For more information, see 
https://reactrouter.com/v6/upgrading/future#v7_starttransition.
ΓÜá∩╕Å React Router Future Flag Warning: Relative route resolution within Splat routes is 
changing in v7. You can use the `v7_relativeSplatPath` future flag to opt-in early. For 
more information, see https://reactrouter.com/v6/upgrading/future#v7_relativesplatpath.

 [32mΓ£ô[39m tests/ProviderDashboard.test.tsx [2m([22m[2m3 tests[22m[2m)[22m[32m 292[2mms[22m[39m
 [32mΓ£ô[39m tests/ProviderJobCard.test.tsx [2m([22m[2m5 tests[22m[2m)[22m[32m 240[2mms[22m[39m
 [32mΓ£ô[39m tests/services/analyticsService.test.ts [2m([22m[2m36 tests[22m[2m)[22m[32m 247[2mms[22m[39m
 [32mΓ£ô[39m tests/components/JobTimeline.test.tsx [2m([22m[2m9 tests[22m[2m)[22m[32m 171[2mms[22m[39m
 [32mΓ£ô[39m tests/components/admin/AnalyticsTimeSeriesChart.test.tsx [2m([22m[2m15 tests[22m[2m)[22m[32m 208[2mms[22m[39m
 [32mΓ£ô[39m tests/components/ServiceRequestForm.test.tsx [2m([22m[2m3 tests[22m[2m)[22m[32m 225[2mms[22m[39m
 [32mΓ£ô[39m tests/master_document/parser.test.ts [2m([22m[2m23 tests[22m[2m)[22m[32m 278[2mms[22m[39m
 [32mΓ£ô[39m tests/components/PaymentSuccessPage.test.tsx [2m([22m[2m14 tests[22m[2m)[22m[32m 286[2mms[22m[39m
 [32mΓ£ô[39m tests/hooks/useAdvancedFilters.test.ts [2m([22m[2m21 tests[22m[2m)[22m[32m 216[2mms[22m[39m
[90mstderr[2m | tests/components/CollapsibleSidebar.test.tsx[2m > 
[22m[2mCollapsibleSidebar Component[2m > [22m[2mrenderiza 5 itens de navega├º├úo 
(├¡cones)
[22m[39mWarning: Each child in a list should have a unique "key" prop.

Check the render method of `CollapsibleSidebar`. See https://reactjs.org/link/warning-keys 
for more information.
    at Tooltip (C:/Users/Admin/Desktop/Talina/Servio.AI/components/Tooltip.tsx:6:20)
    at CollapsibleSidebar 
(C:/Users/Admin/Desktop/Talina/Servio.AI/components/CollapsibleSidebar.tsx:17:31)

 [32mΓ£ô[39m tests/components/CollapsibleSidebar.test.tsx [2m([22m[2m8 tests[22m[2m)[22m[32m 213[2mms[22m[39m
[90mstderr[2m | tests/components/PaymentSetupCard.test.tsx[2m > 
[22m[2mPaymentSetupCard[2m > [22m[2mfor connected account, shows manage button
[22m[39mWarning: An update to PaymentSetupCard inside a test was not wrapped in act(...).

When testing, code that causes React state updates should be wrapped into act(...):

act(() => {
  /* fire events that update state */
});
/* assert on the output */

This ensures that you're testing the behavior the user would see in the browser. Learn 
more at https://reactjs.org/link/wrap-tests-with-act
    at PaymentSetupCard 
(C:/Users/Admin/Desktop/Talina/Servio.AI/components/PaymentSetupCard.tsx:12:29)

[90mstderr[2m | tests/components/PaymentSetupCard.test.tsx[2m > 
[22m[2mPaymentSetupCard[2m > [22m[2mshows toast on API error
[22m[39mFailed to start Stripe onboarding: Error: network
    at 
C:/Users/Admin/Desktop/Talina/Servio.AI/tests/components/PaymentSetupCard.test.tsx:122:64
    at [90mfile:///C:/Users/Admin/Desktop/Talina/Servio.AI/[39mnode_modules/[4m@vitest/r
unner[24m/dist/index.js:145:11
    at [90mfile:///C:/Users/Admin/Desktop/Talina/Servio.AI/[39mnode_modules/[4m@vitest/r
unner[24m/dist/index.js:915:26
    at [90mfile:///C:/Users/Admin/Desktop/Talina/Servio.AI/[39mnode_modules/[4m@vitest/r
unner[24m/dist/index.js:1243:20
    at new Promise (<anonymous>)
    at runWithTimeout [90m(file:///C:/Users/Admin/Desktop/Talina/Servio.AI/[39mnode_modul
es/[4m@vitest/runner[24m/dist/index.js:1209:10[90m)[39m
    at [90mfile:///C:/Users/Admin/Desktop/Talina/Servio.AI/[39mnode_modules/[4m@vitest/r
unner[24m/dist/index.js:1653:37
    at Traces.$ [90m(file:///C:/Users/Admin/Desktop/Talina/Servio.AI/[39mnode_modules/[4
mvitest[24m/dist/chunks/traces.U4xDYhzZ.js:115:27[90m)[39m
    at trace [90m(file:///C:/Users/Admin/Desktop/Talina/Servio.AI/[39mnode_modules/[4mvi
test[24m/dist/chunks/test.B8ej_ZHS.js:239:21[90m)[39m
    at runTest [90m(file:///C:/Users/Admin/Desktop/Talina/Servio.AI/[39mnode_modules/[4m
@vitest/runner[24m/dist/index.js:1653:12[90m)[39m
Warning: An update to PaymentSetupCard inside a test was not wrapped in act(...).

When testing, code that causes React state updates should be wrapped into act(...):

act(() => {
  /* fire events that update state */
});
/* assert on the output */

This ensures that you're testing the behavior the user would see in the browser. Learn 
more at https://reactjs.org/link/wrap-tests-with-act
    at PaymentSetupCard 
(C:/Users/Admin/Desktop/Talina/Servio.AI/components/PaymentSetupCard.tsx:12:29)

 [32mΓ£ô[39m tests/components/PaymentSetupCard.test.tsx [2m([22m[2m3 tests[22m[2m)[22m[32m 222[2mms[22m[39m
 [32mΓ£ô[39m tests/components/skeletons/ProspectorDashboardSkeleton.test.tsx [2m([22m[2m15 tests[22m[2m)[22m[32m 189[2mms[22m[39m
 [32mΓ£ô[39m tests/components/MatchingResultsModal.test.tsx [2m([22m[2m7 tests[22m[2m)[22m[32m 217[2mms[22m[39m
 [32mΓ£ô[39m tests/components/DisputeModal.test.tsx [2m([22m[2m7 tests[22m[2m)[22m[32m 206[2mms[22m[39m
 [32mΓ£ô[39m tests/components/DisputeDetailsModal.test.tsx [2m([22m[2m7 tests[22m[2m)[22m[32m 193[2mms[22m[39m
 [32mΓ£ô[39m tests/hooks/useSeoMeta.test.ts [2m([22m[2m8 tests[22m[2m)[22m[32m 251[2mms[22m[39m
[90mstderr[2m | tests/components/ReferralLinkGenerator.test.tsx[2m > 
[22m[2mReferralLinkGenerator[2m > [22m[2mshows error state when loading fails
[22m[39mError loading referral link: Error: Network error
    at C:/Users/Admin/Desktop/Talina/Servio.AI/tests/components/ReferralLinkGenerator.test.
tsx:35:55
[90m    at processTicksAndRejections (node:internal/process/task_queues:103:5)[39m
    at [90mfile:///C:/Users/Admin/Desktop/Talina/Servio.AI/[39mnode_modules/[4m@vitest/r
unner[24m/dist/index.js:915:20

 [32mΓ£ô[39m tests/components/ClientJobCard.test.tsx [2m([22m[2m9 tests[22m[2m)[22m[32m 277[2mms[22m[39m
 [32mΓ£ô[39m tests/components/AIActionCard.test.tsx [2m([22m[2m32 tests[22m[2m)[22m[32m 216[2mms[22m[39m
 [32mΓ£ô[39m tests/components/ReferralLinkGenerator.test.tsx [2m([22m[2m6 tests[22m[2m)[22m[32m 254[2mms[22m[39m
[90mstderr[2m | tests/AdminDashboard.errors.test.tsx[2m > [22m[2mAdminDashboard ΓÇô 
cen├írios de erro[2m > [22m[2mexibe toast de erro ao falhar resolver disputa e fecha 
modal no finally
[22m[39mFalha ao resolver a disputa: Error: fail
    at C:/Users/Admin/Desktop/Talina/Servio.AI/tests/AdminDashboard.errors.test.tsx:84:57
    at [90mfile:///C:/Users/Admin/Desktop/Talina/Servio.AI/[39mnode_modules/[4m@vitest/r
unner[24m/dist/index.js:145:11
    at [90mfile:///C:/Users/Admin/Desktop/Talina/Servio.AI/[39mnode_modules/[4m@vitest/r
unner[24m/dist/index.js:915:26
    at [90mfile:///C:/Users/Admin/Desktop/Talina/Servio.AI/[39mnode_modules/[4m@vitest/r
unner[24m/dist/index.js:1243:20
    at new Promise (<anonymous>)
    at runWithTimeout [90m(file:///C:/Users/Admin/Desktop/Talina/Servio.AI/[39mnode_modul
es/[4m@vitest/runner[24m/dist/index.js:1209:10[90m)[39m
    at [90mfile:///C:/Users/Admin/Desktop/Talina/Servio.AI/[39mnode_modules/[4m@vitest/r
unner[24m/dist/index.js:1653:37
    at Traces.$ [90m(file:///C:/Users/Admin/Desktop/Talina/Servio.AI/[39mnode_modules/[4
mvitest[24m/dist/chunks/traces.U4xDYhzZ.js:115:27[90m)[39m
    at trace [90m(file:///C:/Users/Admin/Desktop/Talina/Servio.AI/[39mnode_modules/[4mvi
test[24m/dist/chunks/test.B8ej_ZHS.js:239:21[90m)[39m
    at runTest [90m(file:///C:/Users/Admin/Desktop/Talina/Servio.AI/[39mnode_modules/[4m
@vitest/runner[24m/dist/index.js:1653:12[90m)[39m

 [32mΓ£ô[39m tests/AdminDashboard.errors.test.tsx [2m([22m[2m2 tests[22m[2m)[22m[32m 198[2mms[22m[39m
 [32mΓ£ô[39m tests/components/ProposalListModal.test.tsx [2m([22m[2m8 tests[22m[2m)[22m[32m 199[2mms[22m[39m
 [32mΓ£ô[39m tests/components/CompletedJobCard.test.tsx [2m([22m[2m13 tests[22m[2m)[22m[32m 201[2mms[22m[39m
 [32mΓ£ô[39m tests/components/ProspectingNotificationModal.test.tsx [2m([22m[2m9 tests[22m[2m)[22m[32m 176[2mms[22m[39m
 [32mΓ£ô[39m tests/ProfileModal.save.test.tsx [2m([22m[2m1 test[22m[2m)[22m[32m 180[2mms[22m[39m
[90mstdout[2m | tests/ProviderDashboard.verify.test.tsx
[22m[39mXXX DEBUG: firebaseConfig loading
XXX DEBUG: import.meta.env.MODE: test

[90mstderr[2m | tests/ProviderDashboard.verify.test.tsx
[22m[39m[firebase] Usando mocks porque a configura├º├úo est├í ausente ou desativada.

[90mstderr[2m | tests/ProviderDashboard.verify.test.tsx
[22m[39mΓòÉΓòÉΓòÉΓòÉΓòÉΓòÉΓòÉΓòÉΓòÉΓòÉΓòÉΓòÉΓòÉΓòÉΓòÉΓòÉΓòÉΓòÉΓòÉΓòÉΓòÉΓòÉΓòÉΓòÉΓòÉΓòÉΓòÉ
ΓòÉΓòÉΓòÉΓòÉΓòÉΓòÉΓòÉΓòÉΓòÉΓòÉΓòÉΓòÉΓòÉΓòÉΓòÉΓòÉΓòÉΓòÉΓòÉΓòÉΓòÉΓòÉΓòÉΓòÉΓòÉΓòÉΓòÉΓòÉ
≡ƒöº API SERVICE INICIADO - VERS├âO 2026-01-09
ΓòÉΓòÉΓòÉΓòÉΓòÉΓòÉΓòÉΓòÉΓòÉΓòÉΓòÉΓòÉΓòÉΓòÉΓòÉΓòÉΓòÉΓòÉΓòÉΓòÉΓòÉΓòÉΓòÉΓòÉΓòÉΓòÉΓòÉΓòÉΓòÉΓòÉΓ
òÉΓòÉΓòÉΓòÉΓòÉΓòÉΓòÉΓòÉΓòÉΓòÉΓòÉΓòÉΓòÉΓòÉΓòÉΓòÉΓòÉΓòÉΓòÉΓòÉΓòÉΓòÉΓòÉΓòÉΓòÉ
≡ƒôï STAGING_MODE: true
≡ƒôï Project ID: servioai-staging
≡ƒôï Backend URL: https://us-central1-servioai-staging.cloudfunctions.net
≡ƒôï Use Mock: false
ΓòÉΓòÉΓòÉΓòÉΓòÉΓòÉΓòÉΓòÉΓòÉΓòÉΓòÉΓòÉΓòÉΓòÉΓòÉΓòÉΓòÉΓòÉΓòÉΓòÉΓòÉΓòÉΓòÉΓòÉΓòÉΓòÉΓòÉΓòÉΓòÉΓòÉΓ
òÉΓòÉΓòÉΓòÉΓòÉΓòÉΓòÉΓòÉΓòÉΓòÉΓòÉΓòÉΓòÉΓòÉΓòÉΓòÉΓòÉΓòÉΓòÉΓòÉΓòÉΓòÉΓòÉΓòÉΓòÉ
Γ£à STAGING MODE ATIVO - Backend DESABILITADO!
Γ£à Todas as opera├º├╡es de usu├írio usam Firestore direto!

[90mstderr[2m | tests/ProfileTips.test.tsx[2m > [22m[2mProfileTips[2m > 
[22m[2mmostra mensagem padr├úo em caso de erro
[22m[39mFailed to fetch profile tip: Error: network
    at C:/Users/Admin/Desktop/Talina/Servio.AI/tests/ProfileTips.test.tsx:39:58
    at [90mfile:///C:/Users/Admin/Desktop/Talina/Servio.AI/[39mnode_modules/[4m@vitest/r
unner[24m/dist/index.js:145:11
    at [90mfile:///C:/Users/Admin/Desktop/Talina/Servio.AI/[39mnode_modules/[4m@vitest/r
unner[24m/dist/index.js:915:26
    at [90mfile:///C:/Users/Admin/Desktop/Talina/Servio.AI/[39mnode_modules/[4m@vitest/r
unner[24m/dist/index.js:1243:20
    at new Promise (<anonymous>)
    at runWithTimeout [90m(file:///C:/Users/Admin/Desktop/Talina/Servio.AI/[39mnode_modul
es/[4m@vitest/runner[24m/dist/index.js:1209:10[90m)[39m
    at [90mfile:///C:/Users/Admin/Desktop/Talina/Servio.AI/[39mnode_modules/[4m@vitest/r
unner[24m/dist/index.js:1653:37
    at Traces.$ [90m(file:///C:/Users/Admin/Desktop/Talina/Servio.AI/[39mnode_modules/[4
mvitest[24m/dist/chunks/traces.U4xDYhzZ.js:115:27[90m)[39m
    at trace [90m(file:///C:/Users/Admin/Desktop/Talina/Servio.AI/[39mnode_modules/[4mvi
test[24m/dist/chunks/test.B8ej_ZHS.js:239:21[90m)[39m
    at runTest [90m(file:///C:/Users/Admin/Desktop/Talina/Servio.AI/[39mnode_modules/[4m
@vitest/runner[24m/dist/index.js:1653:12[90m)[39m

 [32mΓ£ô[39m tests/ProviderDashboard.verify.test.tsx [2m([22m[2m3 tests[22m[2m)[22m[32m 141[2mms[22m[39m
 [32mΓ£ô[39m tests/ProfileTips.test.tsx [2m([22m[2m3 tests[22m[2m)[22m[32m 182[2mms[22m[39m
 [32mΓ£ô[39m tests/NotificationsPopover.test.tsx [2m([22m[2m4 tests[22m[2m)[22m[32m 165[2mms[22m[39m
 [32mΓ£ô[39m tests/AdminDashboard.actions.test.tsx [2m([22m[2m2 tests[22m[2m)[22m[32m 152[2mms[22m[39m
 [32mΓ£ô[39m tests/components/ItemCard.complete.test.tsx [2m([22m[2m10 tests[22m[2m)[22m[32m 212[2mms[22m[39m
 [32mΓ£ô[39m tests/ProfileStrength.test.tsx [2m([22m[2m3 tests[22m[2m)[22m[32m 173[2mms[22m[39m
[90mstderr[2m | tests/components/ProfileTips.test.tsx[2m > [22m[2mProfileTips 
Component[2m > [22m[2mrenderiza o t├¡tulo
[22m[39mWarning: An update to ProfileTips inside a test was not wrapped in act(...).

When testing, code that causes React state updates should be wrapped into act(...):

act(() => {
  /* fire events that update state */
});
/* assert on the output */

This ensures that you're testing the behavior the user would see in the browser. Learn 
more at https://reactjs.org/link/wrap-tests-with-act
    at ProfileTips 
(C:/Users/Admin/Desktop/Talina/Servio.AI/components/ProfileTips.tsx:8:24)
Warning: An update to ProfileTips inside a test was not wrapped in act(...).

When testing, code that causes React state updates should be wrapped into act(...):

act(() => {
  /* fire events that update state */
});
/* assert on the output */

This ensures that you're testing the behavior the user would see in the browser. Learn 
more at https://reactjs.org/link/wrap-tests-with-act
    at ProfileTips 
(C:/Users/Admin/Desktop/Talina/Servio.AI/components/ProfileTips.tsx:8:24)

[90mstderr[2m | tests/components/ProfileTips.test.tsx[2m > [22m[2mProfileTips 
Component[2m > [22m[2mmostra dica padr├úo quando h├í erro
[22m[39mFailed to fetch profile tip: Error: AI failed
    at C:/Users/Admin/Desktop/Talina/Servio.AI/tests/components/ProfileTips.test.tsx:62:67
    at [90mfile:///C:/Users/Admin/Desktop/Talina/Servio.AI/[39mnode_modules/[4m@vitest/r
unner[24m/dist/index.js:145:11
    at [90mfile:///C:/Users/Admin/Desktop/Talina/Servio.AI/[39mnode_modules/[4m@vitest/r
unner[24m/dist/index.js:915:26
    at [90mfile:///C:/Users/Admin/Desktop/Talina/Servio.AI/[39mnode_modules/[4m@vitest/r
unner[24m/dist/index.js:1243:20
    at new Promise (<anonymous>)
    at runWithTimeout [90m(file:///C:/Users/Admin/Desktop/Talina/Servio.AI/[39mnode_modul
es/[4m@vitest/runner[24m/dist/index.js:1209:10[90m)[39m
    at [90mfile:///C:/Users/Admin/Desktop/Talina/Servio.AI/[39mnode_modules/[4m@vitest/r
unner[24m/dist/index.js:1653:37
    at Traces.$ [90m(file:///C:/Users/Admin/Desktop/Talina/Servio.AI/[39mnode_modules/[4
mvitest[24m/dist/chunks/traces.U4xDYhzZ.js:115:27[90m)[39m
    at trace [90m(file:///C:/Users/Admin/Desktop/Talina/Servio.AI/[39mnode_modules/[4mvi
test[24m/dist/chunks/test.B8ej_ZHS.js:239:21[90m)[39m
    at runTest [90m(file:///C:/Users/Admin/Desktop/Talina/Servio.AI/[39mnode_modules/[4m
@vitest/runner[24m/dist/index.js:1653:12[90m)[39m

 [32mΓ£ô[39m tests/components/skeletons/ClientDashboardSkeleton.test.tsx [2m([22m[2m15 tests[22m[2m)[22m[32m 185[2mms[22m[39m
[90mstderr[2m | tests/components/ProfileTips.test.tsx[2m > [22m[2mProfileTips 
Component[2m > [22m[2mtem ├¡cone de l├ómpada (≡ƒÆí)
[22m[39mWarning: An update to ProfileTips inside a test was not wrapped in act(...).

When testing, code that causes React state updates should be wrapped into act(...):

act(() => {
  /* fire events that update state */
});
/* assert on the output */

This ensures that you're testing the behavior the user would see in the browser. Learn 
more at https://reactjs.org/link/wrap-tests-with-act
    at ProfileTips 
(C:/Users/Admin/Desktop/Talina/Servio.AI/components/ProfileTips.tsx:8:24)
Warning: An update to ProfileTips inside a test was not wrapped in act(...).

When testing, code that causes React state updates should be wrapped into act(...):

act(() => {
  /* fire events that update state */
});
/* assert on the output */

This ensures that you're testing the behavior the user would see in the browser. Learn 
more at https://reactjs.org/link/wrap-tests-with-act
    at ProfileTips 
(C:/Users/Admin/Desktop/Talina/Servio.AI/components/ProfileTips.tsx:8:24)

[90mstderr[2m | tests/components/ProfileTips.test.tsx[2m > [22m[2mProfileTips 
Component[2m > [22m[2mtem classes de gradiente azul para roxo
[22m[39mWarning: An update to ProfileTips inside a test was not wrapped in act(...).

When testing, code that causes React state updates should be wrapped into act(...):

act(() => {
  /* fire events that update state */
});
/* assert on the output */

This ensures that you're testing the behavior the user would see in the browser. Learn 
more at https://reactjs.org/link/wrap-tests-with-act
    at ProfileTips 
(C:/Users/Admin/Desktop/Talina/Servio.AI/components/ProfileTips.tsx:8:24)
Warning: An update to ProfileTips inside a test was not wrapped in act(...).

When testing, code that causes React state updates should be wrapped into act(...):

act(() => {
  /* fire events that update state */
});
/* assert on the output */

This ensures that you're testing the behavior the user would see in the browser. Learn 
more at https://reactjs.org/link/wrap-tests-with-act
    at ProfileTips 
(C:/Users/Admin/Desktop/Talina/Servio.AI/components/ProfileTips.tsx:8:24)

 [32mΓ£ô[39m tests/components/ProfileTips.test.tsx [2m([22m[2m8 tests[22m[2m)[22m[32m 159[2mms[22m[39m
 [32mΓ£ô[39m tests/components/Tooltip.test.tsx [2m([22m[2m9 tests[22m[2m)[22m[32m 140[2mms[22m[39m
[90mstderr[2m | tests/components/ServiceLandingPage.test.tsx
[22m[39mΓòÉΓòÉΓòÉΓòÉΓòÉΓòÉΓòÉΓòÉΓòÉΓòÉΓòÉΓòÉΓòÉΓòÉΓòÉΓòÉΓòÉΓòÉΓòÉΓòÉΓòÉΓòÉΓòÉΓòÉΓòÉΓòÉΓòÉ
ΓòÉΓòÉΓòÉΓòÉΓòÉΓòÉΓòÉΓòÉΓòÉΓòÉΓòÉΓòÉΓòÉΓòÉΓòÉΓòÉΓòÉΓòÉΓòÉΓòÉΓòÉΓòÉΓòÉΓòÉΓòÉΓòÉΓòÉΓòÉ
≡ƒöº API SERVICE INICIADO - VERS├âO 2026-01-09
ΓòÉΓòÉΓòÉΓòÉΓòÉΓòÉΓòÉΓòÉΓòÉΓòÉΓòÉΓòÉΓòÉΓòÉΓòÉΓòÉΓòÉΓòÉΓòÉΓòÉΓòÉΓòÉΓòÉΓòÉΓòÉΓòÉΓòÉΓòÉΓòÉΓòÉΓ
òÉΓòÉΓòÉΓòÉΓòÉΓòÉΓòÉΓòÉΓòÉΓòÉΓòÉΓòÉΓòÉΓòÉΓòÉΓòÉΓòÉΓòÉΓòÉΓòÉΓòÉΓòÉΓòÉΓòÉΓòÉ
≡ƒôï STAGING_MODE: true
≡ƒôï Project ID: servioai-staging
≡ƒôï Backend URL: https://us-central1-servioai-staging.cloudfunctions.net
≡ƒôï Use Mock: false
ΓòÉΓòÉΓòÉΓòÉΓòÉΓòÉΓòÉΓòÉΓòÉΓòÉΓòÉΓòÉΓòÉΓòÉΓòÉΓòÉΓòÉΓòÉΓòÉΓòÉΓòÉΓòÉΓòÉΓòÉΓòÉΓòÉΓòÉΓòÉΓòÉΓòÉΓ
òÉΓòÉΓòÉΓòÉΓòÉΓòÉΓòÉΓòÉΓòÉΓòÉΓòÉΓòÉΓòÉΓòÉΓòÉΓòÉΓòÉΓòÉΓòÉΓòÉΓòÉΓòÉΓòÉΓòÉΓòÉ
Γ£à STAGING MODE ATIVO - Backend DESABILITADO!
Γ£à Todas as opera├º├╡es de usu├írio usam Firestore direto!

 [32mΓ£ô[39m tests/components/ToastContainer.test.tsx [2m([22m[2m17 tests[22m[2m)[22m[32m 156[2mms[22m[39m
 [32mΓ£ô[39m tests/components/ServiceLandingPage.test.tsx [2m([22m[2m3 tests[22m[2m)[22m[32m 168[2mms[22m[39m
 [32mΓ£ô[39m tests/components/ProgressBar.test.tsx [2m([22m[2m17 tests[22m[2m)[22m[32m 158[2mms[22m[39m
 [32mΓ£ô[39m tests/components/Pagination.test.tsx [2m([22m[2m13 tests[22m[2m)[22m[32m 153[2mms[22m[39m
 [32mΓ£ô[39m tests/task_manager.test.ts [2m([22m[2m17 tests[22m[2m)[22m[32m 140[2mms[22m[39m
 [32mΓ£ô[39m tests/week3/ServiceIntegration.fcm.test.tsx [2m([22m[2m26 tests[22m[2m)[22m[32m 171[2mms[22m[39m
 [32mΓ£ô[39m tests/ErrorBoundary.test.tsx [2m([22m[2m4 tests[22m[2m)[22m[32m 109[2mms[22m[39m
 [32mΓ£ô[39m tests/services/fcmService.test.ts [2m([22m[2m15 tests[22m[2m)[22m[32m 118[2mms[22m[39m
 [32mΓ£ô[39m tests/components/skeletons/ProviderDashboardSkeleton.test.tsx [2m([22m[2m13 tests[22m[2m)[22m[32m 141[2mms[22m[39m
 [32mΓ£ô[39m tests/components/ProspectorLayout.test.tsx [2m([22m[2m8 tests[22m[2m)[22m[32m 165[2mms[22m[39m
 [32mΓ£ô[39m tests/ProviderSearchResultCard.test.tsx [2m([22m[2m1 test[22m[2m)[22m[32m 98[2mms[22m[39m
 [32mΓ£ô[39m tests/components/skeletons/AdminDashboardSkeleton.test.tsx [2m([22m[2m12 tests[22m[2m)[22m[32m 147[2mms[22m[39m
 [32mΓ£ô[39m tests/components/ProspectorStatistics.test.tsx [2m([22m[2m6 tests[22m[2m)[22m[32m 150[2mms[22m[39m
 [32mΓ£ô[39m tests/components/Avatar.test.tsx [2m([22m[2m16 tests[22m[2m)[22m[32m 130[2mms[22m[39m
 [32mΓ£ô[39m tests/ItemCard.test.tsx [2m([22m[2m3 tests[22m[2m)[22m[32m 139[2mms[22m[39m
 [32mΓ£ô[39m tests/components/PortfolioGallery.test.tsx [2m([22m[2m2 tests[22m[2m)[22m[32m 101[2mms[22m[39m
 [32mΓ£ô[39m tests/ProviderDashboard.profileStrength.test.tsx [2m([22m[2m1 test[22m[2m)[22m[32m 116[2mms[22m[39m
 [32mΓ£ô[39m tests/components/StatusBadge.test.tsx [2m([22m[2m8 tests[22m[2m)[22m[32m 105[2mms[22m[39m
 [32mΓ£ô[39m tests/components/LoadingSpinner.test.tsx [2m([22m[2m5 tests[22m[2m)[22m[32m 104[2mms[22m[39m
 [32mΓ£ô[39m tests/components/skeletons/JobCardSkeleton.test.tsx [2m([22m[2m15 tests[22m[2m)[22m[32m 132[2mms[22m[39m
 [32mΓ£ô[39m tests/components/MaintenanceSuggestions.test.tsx [2m([22m[2m2 tests[22m[2m)[22m[32m 127[2mms[22m[39m
 [32mΓ£ô[39m tests/contexts/ToastContext.test.tsx [2m([22m[2m7 tests[22m[2m)[22m[32m 85[2mms[22m[39m
 [32mΓ£ô[39m tests/components/ConfirmDialog.test.tsx [2m([22m[2m10 tests[22m[2m)[22m[32m 117[2mms[22m[39m
 [32mΓ£ô[39m tests/components/ItemCard.test.tsx [2m([22m[2m5 tests[22m[2m)[22m[32m 155[2mms[22m[39m
 [32mΓ£ô[39m tests/components/Chart.test.tsx [2m([22m[2m7 tests[22m[2m)[22m[32m 112[2mms[22m[39m
 [32mΓ£ô[39m tests/components/AISchedulingAssistant.test.tsx [2m([22m[2m1 test[22m[2m)[22m[32m 118[2mms[22m[39m
 [32mΓ£ô[39m tests/components/ProfilePage.smoke.test.tsx [2m([22m[2m1 test[22m[2m)[22m[32m 106[2mms[22m[39m
[90mstderr[2m | tests/providers/PublicPageDataProvider.test.tsx[2m > 
[22m[2mPublicPageDataProvider[2m > [22m[2musePublicPageData hook[2m > 
[22m[2mthrows error when used outside provider
[22m[39mThe above error occurred in the <TestComponent> component:

    at TestComponent (C:\Users\Admin\Desktop\Talina\Servio.AI\node_modules\@testing-library
\react\dist\pure.js:328:5)

Consider adding an error boundary to your tree to customize error handling behavior.
Visit https://reactjs.org/link/error-boundaries to learn more about error boundaries.

 [32mΓ£ô[39m tests/components/Spinner.test.tsx [2m([22m[2m9 tests[22m[2m)[22m[32m 97[2mms[22m[39m
 [32mΓ£ô[39m tests/providers/PublicPageDataProvider.test.tsx [2m([22m[2m10 tests[22m[2m)[22m[32m 128[2mms[22m[39m
 [32mΓ£ô[39m tests/hooks/useNotificationSettings.test.ts [2m([22m[2m16 tests[22m[2m)[22m[32m 100[2mms[22m[39m
 [32mΓ£ô[39m tests/hooks/useKeyboardShortcuts.test.ts [2m([22m[2m20 tests[22m[2m)[22m[32m 113[2mms[22m[39m
 [32mΓ£ô[39m src/hooks/__tests__/useAdvancedFilters.test.ts [2m([22m[2m25 tests[22m[2m)[22m[32m 103[2mms[22m[39m
[90mstderr[2m | tests/services/conversionAnalyticsService.test.ts[2m > 
[22m[2mConversionAnalyticsService[2m > [22m[2mtrackEvent[2m > [22m[2mdeve lan├ºar 
erro se falhar ao registrar evento
[22m[39mErro ao rastrear evento job_created: Error: Firestore error
    at C:/Users/Admin/Desktop/Talina/Servio.AI/tests/services/conversionAnalyticsService.te
st.ts:110:40
    at [90mfile:///C:/Users/Admin/Desktop/Talina/Servio.AI/[39mnode_modules/[4m@vitest/r
unner[24m/dist/index.js:145:11
    at [90mfile:///C:/Users/Admin/Desktop/Talina/Servio.AI/[39mnode_modules/[4m@vitest/r
unner[24m/dist/index.js:915:26
    at [90mfile:///C:/Users/Admin/Desktop/Talina/Servio.AI/[39mnode_modules/[4m@vitest/r
unner[24m/dist/index.js:1243:20
    at new Promise (<anonymous>)
    at runWithTimeout [90m(file:///C:/Users/Admin/Desktop/Talina/Servio.AI/[39mnode_modul
es/[4m@vitest/runner[24m/dist/index.js:1209:10[90m)[39m
    at [90mfile:///C:/Users/Admin/Desktop/Talina/Servio.AI/[39mnode_modules/[4m@vitest/r
unner[24m/dist/index.js:1653:37
    at Traces.$ [90m(file:///C:/Users/Admin/Desktop/Talina/Servio.AI/[39mnode_modules/[4
mvitest[24m/dist/chunks/traces.U4xDYhzZ.js:115:27[90m)[39m
    at trace [90m(file:///C:/Users/Admin/Desktop/Talina/Servio.AI/[39mnode_modules/[4mvi
test[24m/dist/chunks/test.B8ej_ZHS.js:239:21[90m)[39m
    at runTest [90m(file:///C:/Users/Admin/Desktop/Talina/Servio.AI/[39mnode_modules/[4m
@vitest/runner[24m/dist/index.js:1653:12[90m)[39m

[90mstderr[2m | tests/services/conversionAnalyticsService.test.ts[2m > 
[22m[2mConversionAnalyticsService[2m > [22m[2mtrackEvent[2m > [22m[2mn├úo deve 
falhar se atualiza├º├úo de m├⌐tricas falhar
[22m[39mErro ao atualizar m├⌐tricas: Error: Metrics error
    at C:/Users/Admin/Desktop/Talina/Servio.AI/tests/services/conversionAnalyticsService.te
st.ts:123:43
    at [90mfile:///C:/Users/Admin/Desktop/Talina/Servio.AI/[39mnode_modules/[4m@vitest/r
unner[24m/dist/index.js:145:11
    at [90mfile:///C:/Users/Admin/Desktop/Talina/Servio.AI/[39mnode_modules/[4m@vitest/r
unner[24m/dist/index.js:915:26
    at [90mfile:///C:/Users/Admin/Desktop/Talina/Servio.AI/[39mnode_modules/[4m@vitest/r
unner[24m/dist/index.js:1243:20
    at new Promise (<anonymous>)
    at runWithTimeout [90m(file:///C:/Users/Admin/Desktop/Talina/Servio.AI/[39mnode_modul
es/[4m@vitest/runner[24m/dist/index.js:1209:10[90m)[39m
    at [90mfile:///C:/Users/Admin/Desktop/Talina/Servio.AI/[39mnode_modules/[4m@vitest/r
unner[24m/dist/index.js:1653:37
    at Traces.$ [90m(file:///C:/Users/Admin/Desktop/Talina/Servio.AI/[39mnode_modules/[4
mvitest[24m/dist/chunks/traces.U4xDYhzZ.js:115:27[90m)[39m
    at trace [90m(file:///C:/Users/Admin/Desktop/Talina/Servio.AI/[39mnode_modules/[4mvi
test[24m/dist/chunks/test.B8ej_ZHS.js:239:21[90m)[39m
    at runTest [90m(file:///C:/Users/Admin/Desktop/Talina/Servio.AI/[39mnode_modules/[4m
@vitest/runner[24m/dist/index.js:1653:12[90m)[39m

 [32mΓ£ô[39m tests/services/conversionAnalyticsService.test.ts [2m([22m[2m32 tests[22m[2m)[22m[32m 75[2mms[22m[39m
 [32mΓ£ô[39m tests/prospector/leadScoring.test.ts [2m([22m[2m61 tests[22m[2m)[22m[32m 92[2mms[22m[39m
 [32mΓ£ô[39m tests/components/StatCard.test.tsx [2m([22m[2m7 tests[22m[2m)[22m[32m 100[2mms[22m[39m
 [32mΓ£ô[39m tests/components/EmptyState.test.tsx [2m([22m[2m7 tests[22m[2m)[22m[32m 101[2mms[22m[39m
[90mstderr[2m | tests/services/errorMessages.test.ts[2m > [22m[2mError Messages[2m > 
[22m[2mcreateErrorHandler[2m > [22m[2mdeve retornar message e action
[22m[39m[Error] {
  timestamp: [32m'2026-02-20T14:52:16.553Z'[39m,
  context: [32m'unknown'[39m,
  code: [32m'E_NETWORK'[39m,
  message: [32m'Network error'[39m,
  status: [33m0[39m,
  details: [90mundefined[39m,
  stack: [90mundefined[39m
}

[90mstderr[2m | tests/services/errorMessages.test.ts[2m > [22m[2mError Messages[2m > 
[22m[2mcreateErrorHandler[2m > [22m[2mdeve retornar canRetry
[22m[39m[Error] {
  timestamp: [32m'2026-02-20T14:52:16.556Z'[39m,
  context: [32m'unknown'[39m,
  code: [32m'E_NETWORK'[39m,
  message: [32m'Network error'[39m,
  status: [33m0[39m,
  details: [90mundefined[39m,
  stack: [90mundefined[39m
}

[90mstderr[2m | tests/services/errorMessages.test.ts[2m > [22m[2mError Messages[2m > 
[22m[2mcreateErrorHandler[2m > [22m[2mdeve usar contexto fornecido
[22m[39m[Error] {
  timestamp: [32m'2026-02-20T14:52:16.558Z'[39m,
  context: [32m'payment'[39m,
  code: [32m'E_NETWORK'[39m,
  message: [32m'Network error'[39m,
  status: [33m0[39m,
  details: [90mundefined[39m,
  stack: [90mundefined[39m
}

[90mstderr[2m | tests/services/errorMessages.test.ts[2m > [22m[2mError Messages[2m > 
[22m[2mcreateErrorHandler[2m > [22m[2mdeve chamar onRetry quando action ├⌐ retry
[22m[39m[Error] {
  timestamp: [32m'2026-02-20T14:52:16.560Z'[39m,
  context: [32m'unknown'[39m,
  code: [32m'E_NETWORK'[39m,
  message: [32m'Network error'[39m,
  status: [33m0[39m,
  details: [90mundefined[39m,
  stack: [90mundefined[39m
}

[90mstderr[2m | tests/services/errorMessages.test.ts[2m > [22m[2mError Messages[2m > 
[22m[2mcreateErrorHandler[2m > [22m[2mdeve chamar onAuth quando action ├⌐ login
[22m[39m[Error] {
  timestamp: [32m'2026-02-20T14:52:16.562Z'[39m,
  context: [32m'unknown'[39m,
  code: [32m'E_AUTH'[39m,
  message: [32m'Unauthorized'[39m,
  status: [33m401[39m,
  details: [90mundefined[39m,
  stack: [90mundefined[39m
}

[90mstderr[2m | tests/services/errorMessages.test.ts[2m > [22m[2mError Messages[2m > 
[22m[2mcreateErrorHandler[2m > [22m[2mn├úo deve lan├ºar erro quando callbacks n├úo 
fornecidos
[22m[39m[Error] {
  timestamp: [32m'2026-02-20T14:52:16.564Z'[39m,
  context: [32m'unknown'[39m,
  code: [32m'E_NETWORK'[39m,
  message: [32m'Network error'[39m,
  status: [33m0[39m,
  details: [90mundefined[39m,
  stack: [90mundefined[39m
}

[90mstderr[2m | tests/services/errorMessages.test.ts[2m > [22m[2mError Messages[2m > 
[22m[2mcreateErrorHandler[2m > [22m[2mdeve lidar com erro gen├⌐rico
[22m[39m[Error] {
  timestamp: [32m'2026-02-20T14:52:16.566Z'[39m,
  context: [32m'unknown'[39m,
  code: [32m'UNKNOWN'[39m,
  message: [32m'Generic error'[39m,
  status: [90mundefined[39m,
  details: [90mundefined[39m,
  stack: [32m'Error: Generic error\n'[39m +
    [32m'    at C:/Users/Admin/Desktop/Talina/Servio.AI/tests/services/errorMessages.test.
ts:503:21\n'[39m +
    [32m'    at file:///C:/Users/Admin/Desktop/Talina/Servio.AI/node_modules/@vitest/runne
r/dist/index.js:145:11\n'[39m +
    [32m'    at file:///C:/Users/Admin/Desktop/Talina/Servio.AI/node_modules/@vitest/runne
r/dist/index.js:915:26\n'[39m +
    [32m'    at file:///C:/Users/Admin/Desktop/Talina/Servio.AI/node_modules/@vitest/runne
r/dist/index.js:1243:20\n'[39m +
    [32m'    at new Promise (<anonymous>)\n'[39m +
    [32m'    at runWithTimeout (file:///C:/Users/Admin/Desktop/Talina/Servio.AI/node_modul
es/@vitest/runner/dist/index.js:1209:10)\n'[39m +
    [32m'    at file:///C:/Users/Admin/Desktop/Talina/Servio.AI/node_modules/@vitest/runne
r/dist/index.js:1653:37\n'[39m +
    [32m'    at Traces.$ (file:///C:/Users/Admin/Desktop/Talina/Servio.AI/node_modules/vit
est/dist/chunks/traces.U4xDYhzZ.js:115:27)\n'[39m +
    [32m'    at trace (file:///C:/Users/Admin/Desktop/Talina/Servio.AI/node_modules/vitest
/dist/chunks/test.B8ej_ZHS.js:239:21)\n'[39m +
    [32m'    at runTest (file:///C:/Users/Admin/Desktop/Talina/Servio.AI/node_modules/@vit
est/runner/dist/index.js:1653:12)'[39m
}

[90mstderr[2m | tests/services/errorMessages.test.ts[2m > [22m[2mError Messages[2m > 
[22m[2mcreateErrorHandler[2m > [22m[2monAction n├úo deve fazer nada para action=back
[22m[39m[Error] {
  timestamp: [32m'2026-02-20T14:52:16.569Z'[39m,
  context: [32m'unknown'[39m,
  code: [32m'E_NOT_FOUND'[39m,
  message: [32m'Not found'[39m,
  status: [33m404[39m,
  details: [90mundefined[39m,
  stack: [90mundefined[39m
}

[90mstderr[2m | tests/services/errorMessages.test.ts[2m > [22m[2mError Messages[2m > 
[22m[2mEdge Cases[2m > [22m[2mcreateErrorHandler deve lidar com m├║ltiplas chamadas
[22m[39m[Error] {
  timestamp: [32m'2026-02-20T14:52:16.575Z'[39m,
  context: [32m'unknown'[39m,
  code: [32m'E_NETWORK'[39m,
  message: [32m'Network error'[39m,
  status: [33m0[39m,
  details: [90mundefined[39m,
  stack: [90mundefined[39m
}
[Error] {
  timestamp: [32m'2026-02-20T14:52:16.575Z'[39m,
  context: [32m'unknown'[39m,
  code: [32m'E_AUTH'[39m,
  message: [32m'Unauthorized'[39m,
  status: [33m401[39m,
  details: [90mundefined[39m,
  stack: [90mundefined[39m
}

 [32mΓ£ô[39m tests/services/errorMessages.test.ts [2m([22m[2m68 tests[22m[2m)[22m[32m 83[2mms[22m[39m
 [32mΓ£ô[39m tests/components/skeletons/SkeletonBlock.test.tsx [2m([22m[2m10 tests[22m[2m)[22m[32m 92[2mms[22m[39m
 [32mΓ£ô[39m tests/coverage-boost.test.ts [2m([22m[2m21 tests[22m[2m)[22m[32m 73[2mms[22m[39m
[90mstderr[2m | tests/contexts/SelectionContext.test.tsx[2m > 
[22m[2mSelectionContext[2m > [22m[2museSelection hook[2m > [22m[2mthrows error 
when used outside provider
[22m[39mThe above error occurred in the <TestComponent> component:

    at TestComponent (C:\Users\Admin\Desktop\Talina\Servio.AI\node_modules\@testing-library
\react\dist\pure.js:328:5)

Consider adding an error boundary to your tree to customize error handling behavior.
Visit https://reactjs.org/link/error-boundaries to learn more about error boundaries.

 [32mΓ£ô[39m tests/contexts/SelectionContext.test.tsx [2m([22m[2m9 tests[22m[2m)[22m[32m 87[2mms[22m[39m
 [32mΓ£ô[39m tests/critical-components-coverage.test.ts [2m([22m[2m28 tests[22m[2m)[22m[32m 83[2mms[22m[39m
 [32mΓ£ô[39m tests/components/TimePeriodFilter.test.tsx [2m([22m[2m1 test[22m[2m)[22m[32m 86[2mms[22m[39m
[90mstderr[2m | tests/api.usersAndMessages.test.ts
[22m[39mΓòÉΓòÉΓòÉΓòÉΓòÉΓòÉΓòÉΓòÉΓòÉΓòÉΓòÉΓòÉΓòÉΓòÉΓòÉΓòÉΓòÉΓòÉΓòÉΓòÉΓòÉΓòÉΓòÉΓòÉΓòÉΓòÉΓòÉ
ΓòÉΓòÉΓòÉΓòÉΓòÉΓòÉΓòÉΓòÉΓòÉΓòÉΓòÉΓòÉΓòÉΓòÉΓòÉΓòÉΓòÉΓòÉΓòÉΓòÉΓòÉΓòÉΓòÉΓòÉΓòÉΓòÉΓòÉΓòÉ
≡ƒöº API SERVICE INICIADO - VERS├âO 2026-01-09
ΓòÉΓòÉΓòÉΓòÉΓòÉΓòÉΓòÉΓòÉΓòÉΓòÉΓòÉΓòÉΓòÉΓòÉΓòÉΓòÉΓòÉΓòÉΓòÉΓòÉΓòÉΓòÉΓòÉΓòÉΓòÉΓòÉΓòÉΓòÉΓòÉΓòÉΓ
òÉΓòÉΓòÉΓòÉΓòÉΓòÉΓòÉΓòÉΓòÉΓòÉΓòÉΓòÉΓòÉΓòÉΓòÉΓòÉΓòÉΓòÉΓòÉΓòÉΓòÉΓòÉΓòÉΓòÉΓòÉ
≡ƒôï STAGING_MODE: true
≡ƒôï Project ID: servioai-staging
≡ƒôï Backend URL: https://us-central1-servioai-staging.cloudfunctions.net
≡ƒôï Use Mock: false
ΓòÉΓòÉΓòÉΓòÉΓòÉΓòÉΓòÉΓòÉΓòÉΓòÉΓòÉΓòÉΓòÉΓòÉΓòÉΓòÉΓòÉΓòÉΓòÉΓòÉΓòÉΓòÉΓòÉΓòÉΓòÉΓòÉΓòÉΓòÉΓòÉΓòÉΓ
òÉΓòÉΓòÉΓòÉΓòÉΓòÉΓòÉΓòÉΓòÉΓòÉΓòÉΓòÉΓòÉΓòÉΓòÉΓòÉΓòÉΓòÉΓòÉΓòÉΓòÉΓòÉΓòÉΓòÉΓòÉ
Γ£à STAGING MODE ATIVO - Backend DESABILITADO!
Γ£à Todas as opera├º├╡es de usu├írio usam Firestore direto!

[90mstderr[2m | tests/api.usersAndMessages.test.ts[2m > [22m[2mAPI Service ΓÇô Users, 
Jobs, Messages & Notifications[2m > [22m[2mUsers[2m > [22m[2mfetchProviders: busca 
apenas prestadores verificados (sucesso)
[22m[39m≡ƒöº [API v3] Tentando: https://us-central1-servioai-staging.cloudfunctions.net/u
sers?type=prestador&verificationStatus=verificado

[90mstderr[2m | tests/api.usersAndMessages.test.ts[2m > [22m[2mAPI Service ΓÇô Users, 
Jobs, Messages & Notifications[2m > [22m[2mUsers[2m > [22m[2mfetchProviders: busca 
apenas prestadores verificados (sucesso)
[22m[39m[API v3] N├úo foi poss├¡vel obter token de autentica├º├úo: TypeError: 
auth.currentUser.getIdToken is not a function
    at apiCall (C:/Users/Admin/Desktop/Talina/Servio.AI/services/api.ts:111:42)
[90m    at processTicksAndRejections (node:internal/process/task_queues:103:5)[39m
    at Module.fetchProviders 
(C:/Users/Admin/Desktop/Talina/Servio.AI/services/api.ts:193:12)
    at C:/Users/Admin/Desktop/Talina/Servio.AI/tests/api.usersAndMessages.test.ts:52:22
    at [90mfile:///C:/Users/Admin/Desktop/Talina/Servio.AI/[39mnode_modules/[4m@vitest/r
unner[24m/dist/index.js:915:20

[90mstderr[2m | tests/services/smartActionsService.test.ts[2m > 
[22m[2msmartActionsService[2m > [22m[2mgenerateSmartActions - API Failure 
Fallback[2m > [22m[2mdeve usar regras locais quando API retorna erro
[22m[39m[A├º├╡esInteligentes] Erro na API backend, usando regras locais

[90mstderr[2m | tests/api.usersAndMessages.test.ts[2m > [22m[2mAPI Service ΓÇô Users, 
Jobs, Messages & Notifications[2m > [22m[2mUsers[2m > [22m[2mfetchUserById: retorna 
usu├írio do backend (sucesso) e cai para mock quando falha
[22m[39mΓ£à [STAGING] Usando Firestore direto para buscar usu├írio cliente@servio.ai

[90mstderr[2m | tests/api.usersAndMessages.test.ts[2m > [22m[2mAPI Service ΓÇô Users, 
Jobs, Messages & Notifications[2m > [22m[2mUsers[2m > [22m[2mfetchUserById: retorna 
usu├írio do backend (sucesso) e cai para mock quando falha
[22m[39mΓ£à [STAGING] User cliente@servio.ai carregado do Firestore com sucesso

[90mstderr[2m | tests/services/smartActionsService.test.ts[2m > 
[22m[2msmartActionsService[2m > [22m[2mgenerateSmartActions - API Failure 
Fallback[2m > [22m[2mdeve usar regras locais quando fetch lan├ºa erro
[22m[39m[A├º├╡esInteligentes] Erro ao chamar backend: Error: Network error
    at 
C:/Users/Admin/Desktop/Talina/Servio.AI/tests/services/smartActionsService.test.ts:146:38
    at [90mfile:///C:/Users/Admin/Desktop/Talina/Servio.AI/[39mnode_modules/[4m@vitest/r
unner[24m/dist/index.js:145:11
    at [90mfile:///C:/Users/Admin/Desktop/Talina/Servio.AI/[39mnode_modules/[4m@vitest/r
unner[24m/dist/index.js:915:26
    at [90mfile:///C:/Users/Admin/Desktop/Talina/Servio.AI/[39mnode_modules/[4m@vitest/r
unner[24m/dist/index.js:1243:20
    at new Promise (<anonymous>)
    at runWithTimeout [90m(file:///C:/Users/Admin/Desktop/Talina/Servio.AI/[39mnode_modul
es/[4m@vitest/runner[24m/dist/index.js:1209:10[90m)[39m
    at [90mfile:///C:/Users/Admin/Desktop/Talina/Servio.AI/[39mnode_modules/[4m@vitest/r
unner[24m/dist/index.js:1653:37
    at Traces.$ [90m(file:///C:/Users/Admin/Desktop/Talina/Servio.AI/[39mnode_modules/[4
mvitest[24m/dist/chunks/traces.U4xDYhzZ.js:115:27[90m)[39m
    at trace [90m(file:///C:/Users/Admin/Desktop/Talina/Servio.AI/[39mnode_modules/[4mvi
test[24m/dist/chunks/test.B8ej_ZHS.js:239:21[90m)[39m
    at runTest [90m(file:///C:/Users/Admin/Desktop/Talina/Servio.AI/[39mnode_modules/[4m
@vitest/runner[24m/dist/index.js:1653:12[90m)[39m

[90mstderr[2m | tests/api.usersAndMessages.test.ts[2m > [22m[2mAPI Service ΓÇô Users, 
Jobs, Messages & Notifications[2m > [22m[2mUsers[2m > [22m[2mcreateUser: cria 
usu├írio (POST) com sucesso
[22m[39mΓ£à [STAGING] Criando usu├írio direto no Firestore: novo@test.com

[90mstderr[2m | tests/services/smartActionsService.test.ts[2m > 
[22m[2msmartActionsService[2m > [22m[2mgenerateRuleBasedActions - Inactive Leads[2m 
> [22m[2mdeve detectar leads inativos h├í 7+ dias
[22m[39m[A├º├╡esInteligentes] Erro na API backend, usando regras locais

[90mstderr[2m | tests/api.usersAndMessages.test.ts[2m > [22m[2mAPI Service ΓÇô Users, 
Jobs, Messages & Notifications[2m > [22m[2mUsers[2m > [22m[2mcreateUser: cria 
usu├írio (POST) com sucesso
[22m[39mΓ£à [STAGING] Dados para Firestore: {
  email: [32m'novo@test.com'[39m,
  name: [32m'Novo'[39m,
  type: [32m'cliente'[39m,
  memberSince: [32m'2026-02-20T14:52:17.642Z'[39m,
  uid: [32m'test-uid-123'[39m
}

[90mstderr[2m | tests/api.usersAndMessages.test.ts[2m > [22m[2mAPI Service ΓÇô Users, 
Jobs, Messages & Notifications[2m > [22m[2mUsers[2m > [22m[2mcreateUser: cria 
usu├írio (POST) com sucesso
[22m[39mΓ£à [STAGING] User novo@test.com criado no Firestore com sucesso

[90mstderr[2m | tests/services/smartActionsService.test.ts[2m > 
[22m[2msmartActionsService[2m > [22m[2mgenerateRuleBasedActions - Inactive Leads[2m 
> [22m[2mdeve contar m├║ltiplos leads inativos
[22m[39m[A├º├╡esInteligentes] Erro na API backend, usando regras locais

[90mstderr[2m | tests/api.usersAndMessages.test.ts[2m > [22m[2mAPI Service ΓÇô Users, 
Jobs, Messages & Notifications[2m > [22m[2mUsers[2m > [22m[2mupdateUser: atualiza 
usu├írio (PUT) com sucesso
[22m[39m≡ƒöº [API v3] Tentando: 
https://us-central1-servioai-staging.cloudfunctions.net/users/cliente@servio.ai

[90mstderr[2m | tests/services/smartActionsService.test.ts[2m > 
[22m[2msmartActionsService[2m > [22m[2mgenerateRuleBasedActions - Inactive Leads[2m 
> [22m[2mn├úo deve incluir leads won/lost como inativos
[22m[39m[A├º├╡esInteligentes] Erro na API backend, usando regras locais

[90mstderr[2m | tests/api.usersAndMessages.test.ts[2m > [22m[2mAPI Service ΓÇô Users, 
Jobs, Messages & Notifications[2m > [22m[2mUsers[2m > [22m[2mupdateUser: atualiza 
usu├írio (PUT) com sucesso
[22m[39m[API v3] N├úo foi poss├¡vel obter token de autentica├º├úo: TypeError: 
auth.currentUser.getIdToken is not a function
    at apiCall (C:/Users/Admin/Desktop/Talina/Servio.AI/services/api.ts:111:42)
[90m    at processTicksAndRejections (node:internal/process/task_queues:103:5)[39m
    at Module.updateUser (C:/Users/Admin/Desktop/Talina/Servio.AI/services/api.ts:378:12)
    at C:/Users/Admin/Desktop/Talina/Servio.AI/tests/api.usersAndMessages.test.ts:97:22
    at [90mfile:///C:/Users/Admin/Desktop/Talina/Servio.AI/[39mnode_modules/[4m@vitest/r
unner[24m/dist/index.js:915:20

[90mstderr[2m | tests/services/smartActionsService.test.ts[2m > 
[22m[2msmartActionsService[2m > [22m[2mgenerateRuleBasedActions - Share Referral[2m 
> [22m[2mdeve sugerir compartilhamento ap├│s 3 dias
[22m[39m[A├º├╡esInteligentes] Erro na API backend, usando regras locais

[90mstderr[2m | tests/api.usersAndMessages.test.ts[2m > [22m[2mAPI Service ΓÇô Users, 
Jobs, Messages & Notifications[2m > [22m[2mJobs[2m > [22m[2mfetchJobs: busca lista 
de jobs (sucesso) e faz fallback quando falha
[22m[39m≡ƒöº [API v3] Tentando: 
https://us-central1-servioai-staging.cloudfunctions.net/jobs

[90mstderr[2m | tests/services/smartActionsService.test.ts[2m > 
[22m[2msmartActionsService[2m > [22m[2mgenerateRuleBasedActions - Share Referral[2m 
> [22m[2mdeve aumentar prioridade ap├│s 7 dias sem compartilhar
[22m[39m[A├º├╡esInteligentes] Erro na API backend, usando regras locais

[90mstderr[2m | tests/services/smartActionsService.test.ts[2m > 
[22m[2msmartActionsService[2m > [22m[2mgenerateRuleBasedActions - Share Referral[2m 
> [22m[2mdeve usar prioridade medium entre 3-6 dias
[22m[39m[A├º├╡esInteligentes] Erro na API backend, usando regras locais

[90mstderr[2m | tests/api.usersAndMessages.test.ts[2m > [22m[2mAPI Service ΓÇô Users, 
Jobs, Messages & Notifications[2m > [22m[2mJobs[2m > [22m[2mfetchJobs: busca lista 
de jobs (sucesso) e faz fallback quando falha
[22m[39m[API v3] N├úo foi poss├¡vel obter token de autentica├º├úo: TypeError: 
auth.currentUser.getIdToken is not a function
    at apiCall (C:/Users/Admin/Desktop/Talina/Servio.AI/services/api.ts:111:42)
[90m    at processTicksAndRejections (node:internal/process/task_queues:103:5)[39m
    at Module.fetchJobs (C:/Users/Admin/Desktop/Talina/Servio.AI/services/api.ts:760:12)
    at C:/Users/Admin/Desktop/Talina/Servio.AI/tests/api.usersAndMessages.test.ts:114:18
    at [90mfile:///C:/Users/Admin/Desktop/Talina/Servio.AI/[39mnode_modules/[4m@vitest/r
unner[24m/dist/index.js:915:20

[90mstderr[2m | tests/api.usersAndMessages.test.ts[2m > [22m[2mAPI Service ΓÇô Users, 
Jobs, Messages & Notifications[2m > [22m[2mJobs[2m > [22m[2mfetchJobs: busca lista 
de jobs (sucesso) e faz fallback quando falha
[22m[39m≡ƒöº [API v3] Tentando: 
https://us-central1-servioai-staging.cloudfunctions.net/jobs

[90mstderr[2m | tests/services/smartActionsService.test.ts[2m > 
[22m[2msmartActionsService[2m > [22m[2mgenerateRuleBasedActions - Share Referral[2m 
> [22m[2mdeve sugerir compartilhamento se nunca compartilhou
[22m[39m[A├º├╡esInteligentes] Erro na API backend, usando regras locais

[90mstderr[2m | tests/api.usersAndMessages.test.ts[2m > [22m[2mAPI Service ΓÇô Users, 
Jobs, Messages & Notifications[2m > [22m[2mJobs[2m > [22m[2mfetchJobs: busca lista 
de jobs (sucesso) e faz fallback quando falha
[22m[39m[API v3] N├úo foi poss├¡vel obter token de autentica├º├úo: TypeError: 
auth.currentUser.getIdToken is not a function
    at apiCall (C:/Users/Admin/Desktop/Talina/Servio.AI/services/api.ts:111:42)
[90m    at processTicksAndRejections (node:internal/process/task_queues:103:5)[39m
    at Module.fetchJobs (C:/Users/Admin/Desktop/Talina/Servio.AI/services/api.ts:760:12)
    at C:/Users/Admin/Desktop/Talina/Servio.AI/tests/api.usersAndMessages.test.ts:118:18
    at [90mfile:///C:/Users/Admin/Desktop/Talina/Servio.AI/[39mnode_modules/[4m@vitest/r
unner[24m/dist/index.js:915:20

[90mstderr[2m | tests/services/smartActionsService.test.ts[2m > 
[22m[2msmartActionsService[2m > [22m[2mgenerateRuleBasedActions - Badge Progress[2m 
> [22m[2mdeve sugerir a├º├úo quando progresso > 70%
[22m[39m[A├º├╡esInteligentes] Erro na API backend, usando regras locais

[90mstderr[2m | tests/api.usersAndMessages.test.ts[2m > [22m[2mAPI Service ΓÇô Users, 
Jobs, Messages & Notifications[2m > [22m[2mJobs[2m > [22m[2mfetchJobs: busca lista 
de jobs (sucesso) e faz fallback quando falha
[22m[39m≡ƒÜ¿ [API v2] ERRO detectado em /jobs - ACIONANDO FALLBACK! Error: network
    at C:/Users/Admin/Desktop/Talina/Servio.AI/tests/api.usersAndMessages.test.ts:117:55
[90m    at processTicksAndRejections (node:internal/process/task_queues:103:5)[39m
    at [90mfile:///C:/Users/Admin/Desktop/Talina/Servio.AI/[39mnode_modules/[4m@vitest/r
unner[24m/dist/index.js:915:20
[api] Backend unavailable for /jobs, triggering fallback Error: network
    at C:/Users/Admin/Desktop/Talina/Servio.AI/tests/api.usersAndMessages.test.ts:117:55
[90m    at processTicksAndRejections (node:internal/process/task_queues:103:5)[39m
    at [90mfile:///C:/Users/Admin/Desktop/Talina/Servio.AI/[39mnode_modules/[4m@vitest/r
unner[24m/dist/index.js:915:20

[90mstderr[2m | tests/services/smartActionsService.test.ts[2m > 
[22m[2msmartActionsService[2m > [22m[2mgenerateRuleBasedActions - Badge Progress[2m 
> [22m[2mdeve aumentar prioridade quando restam < 20%
[22m[39m[A├º├╡esInteligentes] Erro na API backend, usando regras locais

[90mstderr[2m | tests/api.usersAndMessages.test.ts[2m > [22m[2mAPI Service ΓÇô Users, 
Jobs, Messages & Notifications[2m > [22m[2mJobs[2m > [22m[2mfetchJobs: busca lista 
de jobs (sucesso) e faz fallback quando falha
[22m[39mFailed to fetch jobs from backend, using mock data

[90mstderr[2m | tests/services/smartActionsService.test.ts[2m > 
[22m[2msmartActionsService[2m > [22m[2mgenerateRuleBasedActions - Badge Progress[2m 
> [22m[2mn├úo deve sugerir badge se progresso <= 70%
[22m[39m[A├º├╡esInteligentes] Erro na API backend, usando regras locais

[90mstderr[2m | tests/api.usersAndMessages.test.ts[2m > [22m[2mAPI Service ΓÇô Users, 
Jobs, Messages & Notifications[2m > [22m[2mJobs[2m > [22m[2mfetchJobsForUser: busca 
jobs do cliente (sucesso) e faz fallback quando falha
[22m[39m≡ƒöº [API v3] Tentando: 
https://us-central1-servioai-staging.cloudfunctions.net/jobs?clientId=cliente@servio.ai

[90mstderr[2m | tests/services/smartActionsService.test.ts[2m > 
[22m[2msmartActionsService[2m > [22m[2mgenerateRuleBasedActions - Hot Leads[2m > 
[22m[2mdeve detectar leads em negocia├º├úo
[22m[39m[A├º├╡esInteligentes] Erro na API backend, usando regras locais

[90mstderr[2m | tests/api.usersAndMessages.test.ts[2m > [22m[2mAPI Service ΓÇô Users, 
Jobs, Messages & Notifications[2m > [22m[2mJobs[2m > [22m[2mfetchJobsForUser: busca 
jobs do cliente (sucesso) e faz fallback quando falha
[22m[39m[API v3] N├úo foi poss├¡vel obter token de autentica├º├úo: TypeError: 
auth.currentUser.getIdToken is not a function
    at apiCall (C:/Users/Admin/Desktop/Talina/Servio.AI/services/api.ts:111:42)
[90m    at processTicksAndRejections (node:internal/process/task_queues:103:5)[39m
    at Module.fetchJobsForUser 
(C:/Users/Admin/Desktop/Talina/Servio.AI/services/api.ts:774:12)
    at C:/Users/Admin/Desktop/Talina/Servio.AI/tests/api.usersAndMessages.test.ts:135:18
    at [90mfile:///C:/Users/Admin/Desktop/Talina/Servio.AI/[39mnode_modules/[4m@vitest/r
unner[24m/dist/index.js:915:20

[90mstderr[2m | tests/services/smartActionsService.test.ts[2m > 
[22m[2msmartActionsService[2m > [22m[2mgenerateRuleBasedActions - Hot Leads[2m > 
[22m[2mdeve contar m├║ltiplos leads em negocia├º├úo
[22m[39m[A├º├╡esInteligentes] Erro na API backend, usando regras locais

[90mstderr[2m | tests/api.usersAndMessages.test.ts[2m > [22m[2mAPI Service ΓÇô Users, 
Jobs, Messages & Notifications[2m > [22m[2mJobs[2m > [22m[2mfetchJobsForUser: busca 
jobs do cliente (sucesso) e faz fallback quando falha
[22m[39m≡ƒöº [API v3] Tentando: 
https://us-central1-servioai-staging.cloudfunctions.net/jobs?clientId=cliente@servio.ai

[90mstderr[2m | tests/services/smartActionsService.test.ts[2m > 
[22m[2msmartActionsService[2m > [22m[2mgenerateRuleBasedActions - Goal Tracking[2m > 
[22m[2mdeve incluir a├º├úo de meta semanal
[22m[39m[A├º├╡esInteligentes] Erro na API backend, usando regras locais

[90mstderr[2m | tests/api.usersAndMessages.test.ts[2m > [22m[2mAPI Service ΓÇô Users, 
Jobs, Messages & Notifications[2m > [22m[2mJobs[2m > [22m[2mfetchJobsForUser: busca 
jobs do cliente (sucesso) e faz fallback quando falha
[22m[39m[API v3] N├úo foi poss├¡vel obter token de autentica├º├úo: TypeError: 
auth.currentUser.getIdToken is not a function
    at apiCall (C:/Users/Admin/Desktop/Talina/Servio.AI/services/api.ts:111:42)
[90m    at processTicksAndRejections (node:internal/process/task_queues:103:5)[39m
    at Module.fetchJobsForUser 
(C:/Users/Admin/Desktop/Talina/Servio.AI/services/api.ts:774:12)
    at C:/Users/Admin/Desktop/Talina/Servio.AI/tests/api.usersAndMessages.test.ts:139:18
    at [90mfile:///C:/Users/Admin/Desktop/Talina/Servio.AI/[39mnode_modules/[4m@vitest/r
unner[24m/dist/index.js:915:20

[90mstderr[2m | tests/api.usersAndMessages.test.ts[2m > [22m[2mAPI Service ΓÇô Users, 
Jobs, Messages & Notifications[2m > [22m[2mJobs[2m > [22m[2mfetchJobsForUser: busca 
jobs do cliente (sucesso) e faz fallback quando falha
[22m[39m≡ƒÜ¿ [API v2] ERRO detectado em /jobs?clientId=cliente@servio.ai - ACIONANDO 
FALLBACK! Error: down
    at C:/Users/Admin/Desktop/Talina/Servio.AI/tests/api.usersAndMessages.test.ts:138:55
[90m    at processTicksAndRejections (node:internal/process/task_queues:103:5)[39m
    at [90mfile:///C:/Users/Admin/Desktop/Talina/Servio.AI/[39mnode_modules/[4m@vitest/r
unner[24m/dist/index.js:915:20
[api] Backend unavailable for /jobs?clientId=cliente@servio.ai, triggering fallback Error: 
down
    at C:/Users/Admin/Desktop/Talina/Servio.AI/tests/api.usersAndMessages.test.ts:138:55
[90m    at processTicksAndRejections (node:internal/process/task_queues:103:5)[39m
    at [90mfile:///C:/Users/Admin/Desktop/Talina/Servio.AI/[39mnode_modules/[4m@vitest/r
unner[24m/dist/index.js:915:20

[90mstderr[2m | tests/api.usersAndMessages.test.ts[2m > [22m[2mAPI Service ΓÇô Users, 
Jobs, Messages & Notifications[2m > [22m[2mJobs[2m > [22m[2mfetchJobsForUser: busca 
jobs do cliente (sucesso) e faz fallback quando falha
[22m[39mFailed to fetch jobs for user cliente@servio.ai from backend, using mock data

[90mstderr[2m | tests/services/smartActionsService.test.ts[2m > 
[22m[2msmartActionsService[2m > [22m[2mgenerateRuleBasedActions - Priority 
Sorting[2m > [22m[2mdeve retornar no m├íximo 3 a├º├╡es
[22m[39m[A├º├╡esInteligentes] Erro na API backend, usando regras locais

[90mstderr[2m | tests/api.usersAndMessages.test.ts[2m > [22m[2mAPI Service ΓÇô Users, 
Jobs, Messages & Notifications[2m > [22m[2mMessages[2m > [22m[2mfetchMessages: busca 
todas as mensagens quando chatId n├úo ├⌐ passado
[22m[39m≡ƒöº [API v3] Tentando: 
https://us-central1-servioai-staging.cloudfunctions.net/messages

[90mstderr[2m | tests/services/smartActionsService.test.ts[2m > 
[22m[2msmartActionsService[2m > [22m[2mgenerateRuleBasedActions - Priority 
Sorting[2m > [22m[2mdeve ordenar por prioridade (high > medium > low)
[22m[39m[A├º├╡esInteligentes] Erro na API backend, usando regras locais

[90mstderr[2m | tests/api.usersAndMessages.test.ts[2m > [22m[2mAPI Service ΓÇô Users, 
Jobs, Messages & Notifications[2m > [22m[2mMessages[2m > [22m[2mfetchMessages: busca 
todas as mensagens quando chatId n├úo ├⌐ passado
[22m[39m[API v3] N├úo foi poss├¡vel obter token de autentica├º├úo: TypeError: 
auth.currentUser.getIdToken is not a function
    at apiCall (C:/Users/Admin/Desktop/Talina/Servio.AI/services/api.ts:111:42)
[90m    at processTicksAndRejections (node:internal/process/task_queues:103:5)[39m
    at Module.fetchMessages 
(C:/Users/Admin/Desktop/Talina/Servio.AI/services/api.ts:977:12)
    at C:/Users/Admin/Desktop/Talina/Servio.AI/tests/api.usersAndMessages.test.ts:156:22
    at [90mfile:///C:/Users/Admin/Desktop/Talina/Servio.AI/[39mnode_modules/[4m@vitest/r
unner[24m/dist/index.js:915:20

[90mstderr[2m | tests/services/smartActionsService.test.ts[2m > 
[22m[2msmartActionsService[2m > [22m[2mEdge Cases[2m > [22m[2mdeve funcionar com 
arrays vazios
[22m[39m[A├º├╡esInteligentes] Erro na API backend, usando regras locais

[90mstderr[2m | tests/api.usersAndMessages.test.ts[2m > [22m[2mAPI Service ΓÇô Users, 
Jobs, Messages & Notifications[2m > [22m[2mMessages[2m > [22m[2mfetchMessages: busca 
mensagens por chatId, com fallback em caso de falha
[22m[39m≡ƒöº [API v3] Tentando: 
https://us-central1-servioai-staging.cloudfunctions.net/messages?chatId=chat-abc

[90mstderr[2m | tests/services/smartActionsService.test.ts[2m > 
[22m[2msmartActionsService[2m > [22m[2mEdge Cases[2m > [22m[2mdeve funcionar sem 
progressToNextBadge
[22m[39m[A├º├╡esInteligentes] Erro na API backend, usando regras locais

[90mstderr[2m | tests/api.usersAndMessages.test.ts[2m > [22m[2mAPI Service ΓÇô Users, 
Jobs, Messages & Notifications[2m > [22m[2mMessages[2m > [22m[2mfetchMessages: busca 
mensagens por chatId, com fallback em caso de falha
[22m[39m[API v3] N├úo foi poss├¡vel obter token de autentica├º├úo: TypeError: 
auth.currentUser.getIdToken is not a function
    at apiCall (C:/Users/Admin/Desktop/Talina/Servio.AI/services/api.ts:111:42)
[90m    at processTicksAndRejections (node:internal/process/task_queues:103:5)[39m
    at Module.fetchMessages 
(C:/Users/Admin/Desktop/Talina/Servio.AI/services/api.ts:977:12)
    at C:/Users/Admin/Desktop/Talina/Servio.AI/tests/api.usersAndMessages.test.ts:169:18
    at [90mfile:///C:/Users/Admin/Desktop/Talina/Servio.AI/[39mnode_modules/[4m@vitest/r
unner[24m/dist/index.js:915:20

[90mstderr[2m | tests/api.usersAndMessages.test.ts[2m > [22m[2mAPI Service ΓÇô Users, 
Jobs, Messages & Notifications[2m > [22m[2mMessages[2m > [22m[2mfetchMessages: busca 
mensagens por chatId, com fallback em caso de falha
[22m[39m≡ƒöº [API v3] Tentando: 
https://us-central1-servioai-staging.cloudfunctions.net/messages?chatId=chat-abc

[90mstderr[2m | tests/api.usersAndMessages.test.ts[2m > [22m[2mAPI Service ΓÇô Users, 
Jobs, Messages & Notifications[2m > [22m[2mMessages[2m > [22m[2mfetchMessages: busca 
mensagens por chatId, com fallback em caso de falha
[22m[39m[API v3] N├úo foi poss├¡vel obter token de autentica├º├úo: TypeError: 
auth.currentUser.getIdToken is not a function
    at apiCall (C:/Users/Admin/Desktop/Talina/Servio.AI/services/api.ts:111:42)
[90m    at processTicksAndRejections (node:internal/process/task_queues:103:5)[39m
    at Module.fetchMessages 
(C:/Users/Admin/Desktop/Talina/Servio.AI/services/api.ts:977:12)
    at C:/Users/Admin/Desktop/Talina/Servio.AI/tests/api.usersAndMessages.test.ts:174:18
    at [90mfile:///C:/Users/Admin/Desktop/Talina/Servio.AI/[39mnode_modules/[4m@vitest/r
unner[24m/dist/index.js:915:20

[90mstderr[2m | tests/api.usersAndMessages.test.ts[2m > [22m[2mAPI Service ΓÇô Users, 
Jobs, Messages & Notifications[2m > [22m[2mMessages[2m > [22m[2mfetchMessages: busca 
mensagens por chatId, com fallback em caso de falha
[22m[39m≡ƒÜ¿ [API v2] ERRO detectado em /messages?chatId=chat-abc - ACIONANDO FALLBACK! 
Error: timeout
    at C:/Users/Admin/Desktop/Talina/Servio.AI/tests/api.usersAndMessages.test.ts:173:55
[90m    at processTicksAndRejections (node:internal/process/task_queues:103:5)[39m
    at [90mfile:///C:/Users/Admin/Desktop/Talina/Servio.AI/[39mnode_modules/[4m@vitest/r
unner[24m/dist/index.js:915:20
[api] Backend unavailable for /messages?chatId=chat-abc, triggering fallback Error: timeout
    at C:/Users/Admin/Desktop/Talina/Servio.AI/tests/api.usersAndMessages.test.ts:173:55
[90m    at processTicksAndRejections (node:internal/process/task_queues:103:5)[39m
    at [90mfile:///C:/Users/Admin/Desktop/Talina/Servio.AI/[39mnode_modules/[4m@vitest/r
unner[24m/dist/index.js:915:20

[90mstderr[2m | tests/api.usersAndMessages.test.ts[2m > [22m[2mAPI Service ΓÇô Users, 
Jobs, Messages & Notifications[2m > [22m[2mMessages[2m > [22m[2mfetchMessages: busca 
mensagens por chatId, com fallback em caso de falha
[22m[39mFailed to fetch messages, using mock data

 [32mΓ£ô[39m tests/services/smartActionsService.test.ts [2m([22m[2m24 tests[22m[2m)[22m[32m 74[2mms[22m[39m
[90mstderr[2m | tests/api.usersAndMessages.test.ts[2m > [22m[2mAPI Service ΓÇô Users, 
Jobs, Messages & Notifications[2m > [22m[2mNotifications[2m > 
[22m[2mfetchNotifications: busca por usu├írio (sucesso) e faz fallback quando falha
[22m[39m≡ƒöº [API v3] Tentando: https://us-central1-servioai-staging.cloudfunctions.net/n
otifications?userId=cliente@servio.ai

[90mstderr[2m | tests/api.usersAndMessages.test.ts[2m > [22m[2mAPI Service ΓÇô Users, 
Jobs, Messages & Notifications[2m > [22m[2mNotifications[2m > 
[22m[2mfetchNotifications: busca por usu├írio (sucesso) e faz fallback quando falha
[22m[39m[API v3] N├úo foi poss├¡vel obter token de autentica├º├úo: TypeError: 
auth.currentUser.getIdToken is not a function
    at apiCall (C:/Users/Admin/Desktop/Talina/Servio.AI/services/api.ts:111:42)
[90m    at processTicksAndRejections (node:internal/process/task_queues:103:5)[39m
    at Module.fetchNotifications 
(C:/Users/Admin/Desktop/Talina/Servio.AI/services/api.ts:1058:12)
    at C:/Users/Admin/Desktop/Talina/Servio.AI/tests/api.usersAndMessages.test.ts:190:18
    at [90mfile:///C:/Users/Admin/Desktop/Talina/Servio.AI/[39mnode_modules/[4m@vitest/r
unner[24m/dist/index.js:915:20

[90mstderr[2m | tests/api.usersAndMessages.test.ts[2m > [22m[2mAPI Service ΓÇô Users, 
Jobs, Messages & Notifications[2m > [22m[2mNotifications[2m > 
[22m[2mfetchNotifications: busca por usu├írio (sucesso) e faz fallback quando falha
[22m[39m≡ƒöº [API v3] Tentando: https://us-central1-servioai-staging.cloudfunctions.net/n
otifications?userId=cliente@servio.ai

[90mstderr[2m | tests/api.usersAndMessages.test.ts[2m > [22m[2mAPI Service ΓÇô Users, 
Jobs, Messages & Notifications[2m > [22m[2mNotifications[2m > 
[22m[2mfetchNotifications: busca por usu├írio (sucesso) e faz fallback quando falha
[22m[39m[API v3] N├úo foi poss├¡vel obter token de autentica├º├úo: TypeError: 
auth.currentUser.getIdToken is not a function
    at apiCall (C:/Users/Admin/Desktop/Talina/Servio.AI/services/api.ts:111:42)
[90m    at processTicksAndRejections (node:internal/process/task_queues:103:5)[39m
    at Module.fetchNotifications 
(C:/Users/Admin/Desktop/Talina/Servio.AI/services/api.ts:1058:12)
    at C:/Users/Admin/Desktop/Talina/Servio.AI/tests/api.usersAndMessages.test.ts:194:18
    at [90mfile:///C:/Users/Admin/Desktop/Talina/Servio.AI/[39mnode_modules/[4m@vitest/r
unner[24m/dist/index.js:915:20

[90mstderr[2m | tests/api.usersAndMessages.test.ts[2m > [22m[2mAPI Service ΓÇô Users, 
Jobs, Messages & Notifications[2m > [22m[2mNotifications[2m > 
[22m[2mfetchNotifications: busca por usu├írio (sucesso) e faz fallback quando falha
[22m[39m≡ƒÜ¿ [API v2] ERRO detectado em /notifications?userId=cliente@servio.ai - 
ACIONANDO FALLBACK! Error: nope
    at C:/Users/Admin/Desktop/Talina/Servio.AI/tests/api.usersAndMessages.test.ts:193:55
[90m    at processTicksAndRejections (node:internal/process/task_queues:103:5)[39m
    at [90mfile:///C:/Users/Admin/Desktop/Talina/Servio.AI/[39mnode_modules/[4m@vitest/r
unner[24m/dist/index.js:915:20
[api] Backend unavailable for /notifications?userId=cliente@servio.ai, triggering fallback 
Error: nope
    at C:/Users/Admin/Desktop/Talina/Servio.AI/tests/api.usersAndMessages.test.ts:193:55
[90m    at processTicksAndRejections (node:internal/process/task_queues:103:5)[39m
    at [90mfile:///C:/Users/Admin/Desktop/Talina/Servio.AI/[39mnode_modules/[4m@vitest/r
unner[24m/dist/index.js:915:20

[90mstderr[2m | tests/api.usersAndMessages.test.ts[2m > [22m[2mAPI Service ΓÇô Users, 
Jobs, Messages & Notifications[2m > [22m[2mNotifications[2m > 
[22m[2mfetchNotifications: busca por usu├írio (sucesso) e faz fallback quando falha
[22m[39mFailed to fetch notifications, using mock data

 [32mΓ£ô[39m tests/api.usersAndMessages.test.ts [2m([22m[2m9 tests[22m[2m)[22m[32m 88[2mms[22m[39m
[90mstderr[2m | tests/components/CheckoutFlow.smoke.test.tsx[2m > [22m[2mCheckoutFlow 
smoke[2m > [22m[2mrenderiza passos do checkout
[22m[39mWarning: An update to CheckoutFlow inside a test was not wrapped in act(...).

When testing, code that causes React state updates should be wrapped into act(...):

act(() => {
  /* fire events that update state */
});
/* assert on the output */

This ensures that you're testing the behavior the user would see in the browser. Learn 
more at https://reactjs.org/link/wrap-tests-with-act
    at CheckoutFlow 
(C:/Users/Admin/Desktop/Talina/Servio.AI/src/components/CheckoutFlow.tsx:10:25)
Warning: An update to CheckoutFlow inside a test was not wrapped in act(...).

When testing, code that causes React state updates should be wrapped into act(...):

act(() => {
  /* fire events that update state */
});
/* assert on the output */

This ensures that you're testing the behavior the user would see in the browser. Learn 
more at https://reactjs.org/link/wrap-tests-with-act
    at CheckoutFlow 
(C:/Users/Admin/Desktop/Talina/Servio.AI/src/components/CheckoutFlow.tsx:10:25)

 [32mΓ£ô[39m tests/components/CheckoutFlow.smoke.test.tsx [2m([22m[2m1 test[22m[2m)[22m[32m 84[2mms[22m[39m
 [32mΓ£ô[39m tests/adminMetrics.test.ts [2m([22m[2m16 tests[22m[2m)[22m[32m 71[2mms[22m[39m
 [32mΓ£ô[39m tests/CompletedJobCard.test.tsx [2m([22m[2m2 tests[22m[2m)[22m[32m 82[2mms[22m[39m
 [32mΓ£ô[39m tests/components/PublicContactCTA.test.tsx [2m([22m[2m1 test[22m[2m)[22m[32m 72[2mms[22m[39m
 [32mΓ£ô[39m tests/LocationMap.test.tsx [2m([22m[2m3 tests[22m[2m)[22m[32m 84[2mms[22m[39m
 [32mΓ£ô[39m tests/prospector/analytics.test.ts [2m([22m[2m24 tests[22m[2m)[22m[32m 65[2mms[22m[39m
 [32mΓ£ô[39m tests/services/referralLinkService.test.ts [2m([22m[2m39 tests[22m[2m)[22m[32m 65[2mms[22m[39m
[90mstderr[2m | tests/services/notificationService.test.ts[2m > 
[22m[2mnotificationService[2m > [22m[2mrequestNotificationPermission[2m > 
[22m[2mdeve verificar suporte do navegador
[22m[39m[FCM] Browser does not support notifications

[90mstderr[2m | tests/services/notificationService.test.ts[2m > 
[22m[2mnotificationService[2m > [22m[2mrequestNotificationPermission[2m > 
[22m[2mdeve retornar null se permiss├úo negada
[22m[39m[FCM] Notification permission denied

[90mstderr[2m | tests/services/notificationService.test.ts[2m > 
[22m[2mnotificationService[2m > [22m[2mrequestNotificationPermission[2m > 
[22m[2mdeve retornar null se falhar ao obter token
[22m[39m[FCM] Failed to get FCM token

[90mstderr[2m | tests/services/notificationService.test.ts[2m > 
[22m[2mnotificationService[2m > [22m[2mrequestNotificationPermission[2m > 
[22m[2mdeve lidar com erro graciosamente
[22m[39m[FCM] Error requesting notification permission: Error: Firebase error
    at 
C:/Users/Admin/Desktop/Talina/Servio.AI/tests/services/notificationService.test.ts:112:42
    at [90mfile:///C:/Users/Admin/Desktop/Talina/Servio.AI/[39mnode_modules/[4m@vitest/r
unner[24m/dist/index.js:145:11
    at [90mfile:///C:/Users/Admin/Desktop/Talina/Servio.AI/[39mnode_modules/[4m@vitest/r
unner[24m/dist/index.js:915:26
    at [90mfile:///C:/Users/Admin/Desktop/Talina/Servio.AI/[39mnode_modules/[4m@vitest/r
unner[24m/dist/index.js:1243:20
    at new Promise (<anonymous>)
    at runWithTimeout [90m(file:///C:/Users/Admin/Desktop/Talina/Servio.AI/[39mnode_modul
es/[4m@vitest/runner[24m/dist/index.js:1209:10[90m)[39m
    at [90mfile:///C:/Users/Admin/Desktop/Talina/Servio.AI/[39mnode_modules/[4m@vitest/r
unner[24m/dist/index.js:1653:37
    at Traces.$ [90m(file:///C:/Users/Admin/Desktop/Talina/Servio.AI/[39mnode_modules/[4
mvitest[24m/dist/chunks/traces.U4xDYhzZ.js:115:27[90m)[39m
    at trace [90m(file:///C:/Users/Admin/Desktop/Talina/Servio.AI/[39mnode_modules/[4mvi
test[24m/dist/chunks/test.B8ej_ZHS.js:239:21[90m)[39m
    at runTest [90m(file:///C:/Users/Admin/Desktop/Talina/Servio.AI/[39mnode_modules/[4m
@vitest/runner[24m/dist/index.js:1653:12[90m)[39m

 [32mΓ£ô[39m tests/services/notificationService.test.ts [2m([22m[2m28 tests[22m[2m)[22m[32m 78[2mms[22m[39m
 [32mΓ£ô[39m tests/services/prospectingService.comprehensive.test.ts [2m([22m[2m19 tests[22m[2m)[22m[32m 61[2mms[22m[39m
 [32mΓ£ô[39m tests/components/LocationMap.test.tsx [2m([22m[2m1 test[22m[2m)[22m[32m 67[2mms[22m[39m
 [32mΓ£ô[39m tests/analyticsService.test.ts [2m([22m[2m20 tests[22m[2m)[22m[32m 60[2mms[22m[39m
 [32mΓ£ô[39m tests/prospector/dedupe.test.ts [2m([22m[2m52 tests[22m[2m)[22m[32m 51[2mms[22m[39m
 [32mΓ£ô[39m tests/components/utils/a11yHelpers.test.ts [2m([22m[2m42 tests[22m[2m)[22m[32m 67[2mms[22m[39m
 [32mΓ£ô[39m tests/services/errorTranslator.test.ts [2m([22m[2m61 tests[22m[2m)[22m[32m 46[2mms[22m[39m
 [32mΓ£ô[39m tests/utils/logger.test.ts [2m([22m[2m20 tests[22m[2m)[22m[32m 53[2mms[22m[39m
 [32mΓ£ô[39m tests/prospectorHelpers.test.ts [2m([22m[2m40 tests[22m[2m)[22m[32m 43[2mms[22m[39m
 [32mΓ£ô[39m tests/services/stripeService.test.ts [2m([22m[2m34 tests[22m[2m)[22m[32m 42[2mms[22m[39m
 [32mΓ£ô[39m tests/prospector/sequencer.test.ts [2m([22m[2m25 tests[22m[2m)[22m[32m 44[2mms[22m[39m
 [32mΓ£ô[39m tests/components/StructuredDataSEO.test.tsx [2m([22m[2m1 test[22m[2m)[22m[32m 46[2mms[22m[39m
 [32mΓ£ô[39m tests/week3/ServiceIntegration.gemini.test.tsx [2m([22m[2m25 tests[22m[2m)[22m[32m 42[2mms[22m[39m
[90mstdout[2m | tests/services/messagingService.test.ts
[22m[39mXXX DEBUG: firebaseConfig loading
XXX DEBUG: import.meta.env.MODE: test

[90mstderr[2m | tests/services/messagingService.test.ts
[22m[39m[firebase] Usando mocks porque a configura├º├úo est├í ausente ou desativada.

[90mstderr[2m | tests/services/messagingService.test.ts
[22m[39mΓÜá∩╕Å Storage mock ativo: opera├º├úo ignorada.
ΓÜá∩╕Å Storage mock ativo: opera├º├úo ignorada.
ΓÜá∩╕Å Storage mock ativo: opera├º├úo ignorada.

[90mstderr[2m | tests/services/messagingService.test.ts
[22m[39mΓòÉΓòÉΓòÉΓòÉΓòÉΓòÉΓòÉΓòÉΓòÉΓòÉΓòÉΓòÉΓòÉΓòÉΓòÉΓòÉΓòÉΓòÉΓòÉΓòÉΓòÉΓòÉΓòÉΓòÉΓòÉΓòÉΓòÉ
ΓòÉΓòÉΓòÉΓòÉΓòÉΓòÉΓòÉΓòÉΓòÉΓòÉΓòÉΓòÉΓòÉΓòÉΓòÉΓòÉΓòÉΓòÉΓòÉΓòÉΓòÉΓòÉΓòÉΓòÉΓòÉΓòÉΓòÉΓòÉ
≡ƒöº API SERVICE INICIADO - VERS├âO 2026-01-09
ΓòÉΓòÉΓòÉΓòÉΓòÉΓòÉΓòÉΓòÉΓòÉΓòÉΓòÉΓòÉΓòÉΓòÉΓòÉΓòÉΓòÉΓòÉΓòÉΓòÉΓòÉΓòÉΓòÉΓòÉΓòÉΓòÉΓòÉΓòÉΓòÉΓòÉΓ
òÉΓòÉΓòÉΓòÉΓòÉΓòÉΓòÉΓòÉΓòÉΓòÉΓòÉΓòÉΓòÉΓòÉΓòÉΓòÉΓòÉΓòÉΓòÉΓòÉΓòÉΓòÉΓòÉΓòÉΓòÉ
≡ƒôï STAGING_MODE: true
≡ƒôï Project ID: servioai-staging
≡ƒôï Backend URL: https://us-central1-servioai-staging.cloudfunctions.net
≡ƒôï Use Mock: false
ΓòÉΓòÉΓòÉΓòÉΓòÉΓòÉΓòÉΓòÉΓòÉΓòÉΓòÉΓòÉΓòÉΓòÉΓòÉΓòÉΓòÉΓòÉΓòÉΓòÉΓòÉΓòÉΓòÉΓòÉΓòÉΓòÉΓòÉΓòÉΓòÉΓòÉΓ
òÉΓòÉΓòÉΓòÉΓòÉΓòÉΓòÉΓòÉΓòÉΓòÉΓòÉΓòÉΓòÉΓòÉΓòÉΓòÉΓòÉΓòÉΓòÉΓòÉΓòÉΓòÉΓòÉΓòÉΓòÉ
Γ£à STAGING MODE ATIVO - Backend DESABILITADO!
Γ£à Todas as opera├º├╡es de usu├írio usam Firestore direto!

[90mstderr[2m | tests/services/messagingService.test.ts[2m > 
[22m[2mmessagingService[2m > [22m[2mgetFcmToken[2m > [22m[2mshould return null 
when Firebase is in mock mode
[22m[39m[FCM] Firebase mock ativo. Push notifications desativadas em CI/teste.

[90mstderr[2m | tests/services/messagingService.test.ts[2m > 
[22m[2mmessagingService[2m > [22m[2mgetFcmToken[2m > [22m[2mshould return null 
when messaging is not supported
[22m[39m[FCM] Messaging not supported in this browser.

[90mstderr[2m | tests/services/messagingService.test.ts[2m > 
[22m[2mmessagingService[2m > [22m[2mgetFcmToken[2m > [22m[2mshould return null 
when getToken fails
[22m[39m[FCM] Failed to get token: Error: Token error
    at 
C:/Users/Admin/Desktop/Talina/Servio.AI/tests/services/messagingService.test.ts:86:55
    at [90mfile:///C:/Users/Admin/Desktop/Talina/Servio.AI/[39mnode_modules/[4m@vitest/r
unner[24m/dist/index.js:145:11
    at [90mfile:///C:/Users/Admin/Desktop/Talina/Servio.AI/[39mnode_modules/[4m@vitest/r
unner[24m/dist/index.js:915:26
    at [90mfile:///C:/Users/Admin/Desktop/Talina/Servio.AI/[39mnode_modules/[4m@vitest/r
unner[24m/dist/index.js:1243:20
    at new Promise (<anonymous>)
    at runWithTimeout [90m(file:///C:/Users/Admin/Desktop/Talina/Servio.AI/[39mnode_modul
es/[4m@vitest/runner[24m/dist/index.js:1209:10[90m)[39m
    at [90mfile:///C:/Users/Admin/Desktop/Talina/Servio.AI/[39mnode_modules/[4m@vitest/r
unner[24m/dist/index.js:1653:37
    at Traces.$ [90m(file:///C:/Users/Admin/Desktop/Talina/Servio.AI/[39mnode_modules/[4
mvitest[24m/dist/chunks/traces.U4xDYhzZ.js:115:27[90m)[39m
    at trace [90m(file:///C:/Users/Admin/Desktop/Talina/Servio.AI/[39mnode_modules/[4mvi
test[24m/dist/chunks/test.B8ej_ZHS.js:239:21[90m)[39m
    at runTest [90m(file:///C:/Users/Admin/Desktop/Talina/Servio.AI/[39mnode_modules/[4m
@vitest/runner[24m/dist/index.js:1653:12[90m)[39m

[90mstderr[2m | tests/services/messagingService.test.ts[2m > 
[22m[2mmessagingService[2m > [22m[2mregisterUserFcmToken[2m > [22m[2mshould return 
null when getFcmToken returns null
[22m[39m[FCM] Firebase mock ativo. Push notifications desativadas em CI/teste.

 [32mΓ£ô[39m tests/services/messagingService.test.ts [2m([22m[2m14 tests[22m[2m)[22m[32m 42[2mms[22m[39m
 [32mΓ£ô[39m tests/services/protocolMetricsService.test.ts [2m([22m[2m29 tests[22m[2m)[22m[32m 39[2mms[22m[39m
 [32mΓ£ô[39m tests/types.comprehensive.test.ts [2m([22m[2m33 tests[22m[2m)[22m[32m 42[2mms[22m[39m
 [32mΓ£ô[39m tests/services/geminiService.test.ts [2m([22m[2m26 tests[22m[2m)[22m[32m 37[2mms[22m[39m
 [32mΓ£ô[39m tests/week3/ServiceIntegration.stripe.test.tsx [2m([22m[2m27 tests[22m[2m)[22m[32m 41[2mms[22m[39m
 [32mΓ£ô[39m tests/utils/prospectorHelpers.test.ts [2m([22m[2m43 tests[22m[2m)[22m[32m 38[2mms[22m[39m
 [32mΓ£ô[39m tests/services/crmService.test.js [2m([22m[2m14 tests[22m[2m)[22m[32m 35[2mms[22m[39m
[90mstderr[2m | tests/prospecting.enhanced.test.ts[2m > [22m[2mEnhanced Prospecting 
Service[2m > [22m[2manalyzeProspectWithAI[2m > [22m[2mshould fallback to basic 
scoring if AI fails
[22m[39m[ProspectingService] AI analysis failed: Error: AI service down
    at C:/Users/Admin/Desktop/Talina/Servio.AI/tests/prospecting.enhanced.test.ts:64:51
    at [90mfile:///C:/Users/Admin/Desktop/Talina/Servio.AI/[39mnode_modules/[4m@vitest/r
unner[24m/dist/index.js:145:11
    at [90mfile:///C:/Users/Admin/Desktop/Talina/Servio.AI/[39mnode_modules/[4m@vitest/r
unner[24m/dist/index.js:915:26
    at [90mfile:///C:/Users/Admin/Desktop/Talina/Servio.AI/[39mnode_modules/[4m@vitest/r
unner[24m/dist/index.js:1243:20
    at new Promise (<anonymous>)
    at runWithTimeout [90m(file:///C:/Users/Admin/Desktop/Talina/Servio.AI/[39mnode_modul
es/[4m@vitest/runner[24m/dist/index.js:1209:10[90m)[39m
    at [90mfile:///C:/Users/Admin/Desktop/Talina/Servio.AI/[39mnode_modules/[4m@vitest/r
unner[24m/dist/index.js:1653:37
    at Traces.$ [90m(file:///C:/Users/Admin/Desktop/Talina/Servio.AI/[39mnode_modules/[4
mvitest[24m/dist/chunks/traces.U4xDYhzZ.js:115:27[90m)[39m
    at trace [90m(file:///C:/Users/Admin/Desktop/Talina/Servio.AI/[39mnode_modules/[4mvi
test[24m/dist/chunks/test.B8ej_ZHS.js:239:21[90m)[39m
    at runTest [90m(file:///C:/Users/Admin/Desktop/Talina/Servio.AI/[39mnode_modules/[4m
@vitest/runner[24m/dist/index.js:1653:12[90m)[39m

[90mstderr[2m | tests/prospecting.enhanced.test.ts[2m > [22m[2mEnhanced Prospecting 
Service[2m > [22m[2manalyzeProspectWithAI[2m > [22m[2mshould handle prospect without 
rating
[22m[39m[ProspectingService] AI analysis failed: Error: No rating
    at C:/Users/Admin/Desktop/Talina/Servio.AI/tests/prospecting.enhanced.test.ts:79:51
    at [90mfile:///C:/Users/Admin/Desktop/Talina/Servio.AI/[39mnode_modules/[4m@vitest/r
unner[24m/dist/index.js:145:11
    at [90mfile:///C:/Users/Admin/Desktop/Talina/Servio.AI/[39mnode_modules/[4m@vitest/r
unner[24m/dist/index.js:915:26
    at [90mfile:///C:/Users/Admin/Desktop/Talina/Servio.AI/[39mnode_modules/[4m@vitest/r
unner[24m/dist/index.js:1243:20
    at new Promise (<anonymous>)
    at runWithTimeout [90m(file:///C:/Users/Admin/Desktop/Talina/Servio.AI/[39mnode_modul
es/[4m@vitest/runner[24m/dist/index.js:1209:10[90m)[39m
    at [90mfile:///C:/Users/Admin/Desktop/Talina/Servio.AI/[39mnode_modules/[4m@vitest/r
unner[24m/dist/index.js:1653:37
    at Traces.$ [90m(file:///C:/Users/Admin/Desktop/Talina/Servio.AI/[39mnode_modules/[4
mvitest[24m/dist/chunks/traces.U4xDYhzZ.js:115:27[90m)[39m
    at trace [90m(file:///C:/Users/Admin/Desktop/Talina/Servio.AI/[39mnode_modules/[4mvi
test[24m/dist/chunks/test.B8ej_ZHS.js:239:21[90m)[39m
    at runTest [90m(file:///C:/Users/Admin/Desktop/Talina/Servio.AI/[39mnode_modules/[4m
@vitest/runner[24m/dist/index.js:1653:12[90m)[39m

[90mstderr[2m | tests/prospecting.enhanced.test.ts[2m > [22m[2mEnhanced Prospecting 
Service[2m > [22m[2mgeneratePersonalizedEmail[2m > [22m[2mshould fallback to basic 
template if AI fails
[22m[39m[ProspectingService] Email generation failed: Error: AI unavailable
    at C:/Users/Admin/Desktop/Talina/Servio.AI/tests/prospecting.enhanced.test.ts:129:51
    at [90mfile:///C:/Users/Admin/Desktop/Talina/Servio.AI/[39mnode_modules/[4m@vitest/r
unner[24m/dist/index.js:145:11
    at [90mfile:///C:/Users/Admin/Desktop/Talina/Servio.AI/[39mnode_modules/[4m@vitest/r
unner[24m/dist/index.js:915:26
    at [90mfile:///C:/Users/Admin/Desktop/Talina/Servio.AI/[39mnode_modules/[4m@vitest/r
unner[24m/dist/index.js:1243:20
    at new Promise (<anonymous>)
    at runWithTimeout [90m(file:///C:/Users/Admin/Desktop/Talina/Servio.AI/[39mnode_modul
es/[4m@vitest/runner[24m/dist/index.js:1209:10[90m)[39m
    at [90mfile:///C:/Users/Admin/Desktop/Talina/Servio.AI/[39mnode_modules/[4m@vitest/r
unner[24m/dist/index.js:1653:37
    at Traces.$ [90m(file:///C:/Users/Admin/Desktop/Talina/Servio.AI/[39mnode_modules/[4
mvitest[24m/dist/chunks/traces.U4xDYhzZ.js:115:27[90m)[39m
    at trace [90m(file:///C:/Users/Admin/Desktop/Talina/Servio.AI/[39mnode_modules/[4mvi
test[24m/dist/chunks/test.B8ej_ZHS.js:239:21[90m)[39m
    at runTest [90m(file:///C:/Users/Admin/Desktop/Talina/Servio.AI/[39mnode_modules/[4m
@vitest/runner[24m/dist/index.js:1653:12[90m)[39m

[90mstderr[2m | tests/prospecting.enhanced.test.ts[2m > [22m[2mEnhanced Prospecting 
Service[2m > [22m[2msendMultiChannelInvite[2m > [22m[2mshould handle channel 
failures gracefully
[22m[39m[ProspectingService] SMS failed: Error: SMS service down
    at C:/Users/Admin/Desktop/Talina/Servio.AI/tests/prospecting.enhanced.test.ts:282:32
    at [90mfile:///C:/Users/Admin/Desktop/Talina/Servio.AI/[39mnode_modules/[4m@vitest/r
unner[24m/dist/index.js:145:11
    at [90mfile:///C:/Users/Admin/Desktop/Talina/Servio.AI/[39mnode_modules/[4m@vitest/r
unner[24m/dist/index.js:915:26
    at [90mfile:///C:/Users/Admin/Desktop/Talina/Servio.AI/[39mnode_modules/[4m@vitest/r
unner[24m/dist/index.js:1243:20
    at new Promise (<anonymous>)
    at runWithTimeout [90m(file:///C:/Users/Admin/Desktop/Talina/Servio.AI/[39mnode_modul
es/[4m@vitest/runner[24m/dist/index.js:1209:10[90m)[39m
    at [90mfile:///C:/Users/Admin/Desktop/Talina/Servio.AI/[39mnode_modules/[4m@vitest/r
unner[24m/dist/index.js:1653:37
    at Traces.$ [90m(file:///C:/Users/Admin/Desktop/Talina/Servio.AI/[39mnode_modules/[4
mvitest[24m/dist/chunks/traces.U4xDYhzZ.js:115:27[90m)[39m
    at trace [90m(file:///C:/Users/Admin/Desktop/Talina/Servio.AI/[39mnode_modules/[4mvi
test[24m/dist/chunks/test.B8ej_ZHS.js:239:21[90m)[39m
    at runTest [90m(file:///C:/Users/Admin/Desktop/Talina/Servio.AI/[39mnode_modules/[4m
@vitest/runner[24m/dist/index.js:1653:12[90m)[39m

 [32mΓ£ô[39m tests/services/landingPageService.test.js [2m([22m[2m11 tests[22m[2m)[22m[32m 37[2mms[22m[39m
 [32mΓ£ô[39m tests/prospecting.enhanced.test.ts [2m([22m[2m13 tests[22m[2m)[22m[32m 43[2mms[22m[39m
 [32mΓ£ô[39m tests/prospectorMaterialKit.test.ts [2m([22m[2m35 tests[22m[2m)[22m[32m 33[2mms[22m[39m
 [32mΓ£ô[39m tests/messageTemplates.test.ts [2m([22m[2m29 tests[22m[2m)[22m[32m 39[2mms[22m[39m
 [32mΓ£ô[39m tests/errorTranslator.test.ts [2m([22m[2m31 tests[22m[2m)[22m[32m 28[2mms[22m[39m
 [32mΓ£ô[39m tests/services/whatsappService.test.ts [2m([22m[2m39 tests[22m[2m)[22m[32m 36[2mms[22m[39m
[90mstderr[2m | tests/ClientDashboard.matching.test.tsx
[22m[39mΓòÉΓòÉΓòÉΓòÉΓòÉΓòÉΓòÉΓòÉΓòÉΓòÉΓòÉΓòÉΓòÉΓòÉΓòÉΓòÉΓòÉΓòÉΓòÉΓòÉΓòÉΓòÉΓòÉΓòÉΓòÉΓòÉΓòÉ
ΓòÉΓòÉΓòÉΓòÉΓòÉΓòÉΓòÉΓòÉΓòÉΓòÉΓòÉΓòÉΓòÉΓòÉΓòÉΓòÉΓòÉΓòÉΓòÉΓòÉΓòÉΓòÉΓòÉΓòÉΓòÉΓòÉΓòÉΓòÉ
≡ƒöº API SERVICE INICIADO - VERS├âO 2026-01-09
ΓòÉΓòÉΓòÉΓòÉΓòÉΓòÉΓòÉΓòÉΓòÉΓòÉΓòÉΓòÉΓòÉΓòÉΓòÉΓòÉΓòÉΓòÉΓòÉΓòÉΓòÉΓòÉΓòÉΓòÉΓòÉΓòÉΓòÉΓòÉΓòÉΓòÉΓ
òÉΓòÉΓòÉΓòÉΓòÉΓòÉΓòÉΓòÉΓòÉΓòÉΓòÉΓòÉΓòÉΓòÉΓòÉΓòÉΓòÉΓòÉΓòÉΓòÉΓòÉΓòÉΓòÉΓòÉΓòÉ
≡ƒôï STAGING_MODE: true
≡ƒôï Project ID: servioai-staging
≡ƒôï Backend URL: https://us-central1-servioai-staging.cloudfunctions.net
≡ƒôï Use Mock: false
ΓòÉΓòÉΓòÉΓòÉΓòÉΓòÉΓòÉΓòÉΓòÉΓòÉΓòÉΓòÉΓòÉΓòÉΓòÉΓòÉΓòÉΓòÉΓòÉΓòÉΓòÉΓòÉΓòÉΓòÉΓòÉΓòÉΓòÉΓòÉΓòÉΓòÉΓ
òÉΓòÉΓòÉΓòÉΓòÉΓòÉΓòÉΓòÉΓòÉΓòÉΓòÉΓòÉΓòÉΓòÉΓòÉΓòÉΓòÉΓòÉΓòÉΓòÉΓòÉΓòÉΓòÉΓòÉΓòÉ
Γ£à STAGING MODE ATIVO - Backend DESABILITADO!
Γ£à Todas as opera├º├╡es de usu├írio usam Firestore direto!

 [32mΓ£ô[39m tests/ClientDashboard.matching.test.tsx [2m([22m[2m12 tests[22m[2m)[22m[32m 27[2mms[22m[39m
 [32mΓ£ô[39m tests/services/twilioService.test.js [2m([22m[2m16 tests[22m[2m)[22m[32m 33[2mms[22m[39m
[90mstderr[2m | tests/errorMessages.test.ts[2m > [22m[2merrorMessages[2m > 
[22m[2mcreateErrorHandler[2m > [22m[2mcria handler que retorna mensagem e a├º├úo
[22m[39m[Error] {
  timestamp: [32m'2026-02-20T14:52:25.596Z'[39m,
  context: [32m'payment'[39m,
  code: [32m'E_NETWORK'[39m,
  message: [32m'Network error'[39m,
  status: [90mundefined[39m,
  details: [90mundefined[39m,
  stack: [90mundefined[39m
}

[90mstderr[2m | tests/errorMessages.test.ts[2m > [22m[2merrorMessages[2m > 
[22m[2mcreateErrorHandler[2m > [22m[2mchama callback de retry quando a├º├úo ├⌐ 
executada
[22m[39m[Error] {
  timestamp: [32m'2026-02-20T14:52:25.601Z'[39m,
  context: [32m'unknown'[39m,
  code: [32m'E_NETWORK'[39m,
  message: [32m'Network error'[39m,
  status: [90mundefined[39m,
  details: [90mundefined[39m,
  stack: [90mundefined[39m
}

[90mstderr[2m | tests/errorMessages.test.ts[2m > [22m[2merrorMessages[2m > 
[22m[2mcreateErrorHandler[2m > [22m[2mchama callback de auth quando a├º├úo ├⌐ login
[22m[39m[Error] {
  timestamp: [32m'2026-02-20T14:52:25.603Z'[39m,
  context: [32m'unknown'[39m,
  code: [32m'E_AUTH'[39m,
  message: [32m'Unauthorized'[39m,
  status: [90mundefined[39m,
  details: [90mundefined[39m,
  stack: [90mundefined[39m
}

 [32mΓ£ô[39m tests/errorMessages.test.ts [2m([22m[2m22 tests[22m[2m)[22m[32m 29[2mms[22m[39m
 [32mΓ£ô[39m tests/prospector/templates.test.ts [2m([22m[2m26 tests[22m[2m)[22m[32m 29[2mms[22m[39m
 [32mΓ£ô[39m tests/lib/firebaseLazy.comprehensive.test.ts [2m([22m[2m34 tests[22m[2m)[22m[32m 29[2mms[22m[39m
 [32mΓ£ô[39m tests/fcmService.test.ts [2m([22m[2m13 tests[22m[2m)[22m[32m 20[2mms[22m[39m
 [32mΓ£ô[39m tests/ClientDashboard.coverage.test.tsx [2m([22m[2m8 tests[22m[2m)[22m[32m 16[2mms[22m[39m
 [32mΓ£ô[39m tests/AIJobRequestWizard.coverage.test.tsx [2m([22m[2m15 tests[22m[2m)[22m[32m 18[2mms[22m[39m
 [32mΓ£ô[39m tests/utils/logger.coverage.test.ts [2m([22m[2m4 tests[22m[2m)[22m[32m 15[2mms[22m[39m
 [32mΓ£ô[39m tests/geminiService.resolveEndpoint.test.ts [2m([22m[2m2 tests[22m[2m)[22m[32m 13[2mms[22m[39m
 [32mΓ£ô[39m tests/utils/prospectorHelpers.coverage.test.ts [2m([22m[2m16 tests[22m[2m)[22m[32m 19[2mms[22m[39m
 [32mΓ£ô[39m tests/a11yHelpers.test.ts [2m([22m[2m4 tests[22m[2m)[22m[32m 16[2mms[22m[39m
 [32mΓ£ô[39m tests/firestoreRoleFunction.test.ts [2m([22m[2m4 tests[22m[2m)[22m[32m 10[2mms[22m[39m
 [32mΓ£ô[39m tests/analytics.test.ts [2m([22m[2m3 tests[22m[2m)[22m[32m 10[2mms[22m[39m
[90mstderr[2m | tests/badgeUtils.test.ts
[22m[39mΓòÉΓòÉΓòÉΓòÉΓòÉΓòÉΓòÉΓòÉΓòÉΓòÉΓòÉΓòÉΓòÉΓòÉΓòÉΓòÉΓòÉΓòÉΓòÉΓòÉΓòÉΓòÉΓòÉΓòÉΓòÉΓòÉΓòÉ
ΓòÉΓòÉΓòÉΓòÉΓòÉΓòÉΓòÉΓòÉΓòÉΓòÉΓòÉΓòÉΓòÉΓòÉΓòÉΓòÉΓòÉΓòÉΓòÉΓòÉΓòÉΓòÉΓòÉΓòÉΓòÉΓòÉΓòÉΓòÉ
≡ƒöº API SERVICE INICIADO - VERS├âO 2026-01-09
ΓòÉΓòÉΓòÉΓòÉΓòÉΓòÉΓòÉΓòÉΓòÉΓòÉΓòÉΓòÉΓòÉΓòÉΓòÉΓòÉΓòÉΓòÉΓòÉΓòÉΓòÉΓòÉΓòÉΓòÉΓòÉΓòÉΓòÉΓòÉΓòÉΓòÉΓ
òÉΓòÉΓòÉΓòÉΓòÉΓòÉΓòÉΓòÉΓòÉΓòÉΓòÉΓòÉΓòÉΓòÉΓòÉΓòÉΓòÉΓòÉΓòÉΓòÉΓòÉΓòÉΓòÉΓòÉΓòÉ
≡ƒôï STAGING_MODE: true
≡ƒôï Project ID: servioai-staging
≡ƒôï Backend URL: https://us-central1-servioai-staging.cloudfunctions.net
≡ƒôï Use Mock: false
ΓòÉΓòÉΓòÉΓòÉΓòÉΓòÉΓòÉΓòÉΓòÉΓòÉΓòÉΓòÉΓòÉΓòÉΓòÉΓòÉΓòÉΓòÉΓòÉΓòÉΓòÉΓòÉΓòÉΓòÉΓòÉΓòÉΓòÉΓòÉΓòÉΓòÉΓ
òÉΓòÉΓòÉΓòÉΓòÉΓòÉΓòÉΓòÉΓòÉΓòÉΓòÉΓòÉΓòÉΓòÉΓòÉΓòÉΓòÉΓòÉΓòÉΓòÉΓòÉΓòÉΓòÉΓòÉΓòÉ
Γ£à STAGING MODE ATIVO - Backend DESABILITADO!
Γ£à Todas as opera├º├╡es de usu├írio usam Firestore direto!

 [32mΓ£ô[39m tests/simple.test.ts [2m([22m[2m1 test[22m[2m)[22m[32m 5[2mms[22m[39m
 [32mΓ£ô[39m tests/badgeUtils.test.ts [2m([22m[2m4 tests[22m[2m)[22m[32m 6[2mms[22m[39m
[90mstdout[2m | tests/firebaseConfig.test.ts
[22m[39mXXX DEBUG: firebaseConfig loading
XXX DEBUG: import.meta.env.MODE: test

[90mstderr[2m | tests/firebaseConfig.test.ts
[22m[39m[firebase] Usando mocks porque a configura├º├úo est├í ausente ou desativada.

 [32mΓ£ô[39m tests/firebaseConfig.test.ts [2m([22m[2m2 tests[22m[2m)[22m[32m 6[2mms[22m[39m
 [32mΓ£ô[39m tests/debug.test.ts [2m([22m[2m1 test[22m[2m)[22m[32m 4[2mms[22m[39m
 [32mΓ£ô[39m tests/smoke.test.ts [2m([22m[2m1 test[22m[2m)[22m[32m 3[2mms[22m[39m
 [2m[90mΓåô[39m[22m tests/guardrails.test.mjs [2m([22m[2m7 tests[22m[2m | [22m[33m7 skipped[39m[2m)[22m
[90mstderr[2m | tests/services/api.comprehensive.test.ts
[22m[39mΓòÉΓòÉΓòÉΓòÉΓòÉΓòÉΓòÉΓòÉΓòÉΓòÉΓòÉΓòÉΓòÉΓòÉΓòÉΓòÉΓòÉΓòÉΓòÉΓòÉΓòÉΓòÉΓòÉΓòÉΓòÉΓòÉΓòÉ
ΓòÉΓòÉΓòÉΓòÉΓòÉΓòÉΓòÉΓòÉΓòÉΓòÉΓòÉΓòÉΓòÉΓòÉΓòÉΓòÉΓòÉΓòÉΓòÉΓòÉΓòÉΓòÉΓòÉΓòÉΓòÉΓòÉΓòÉΓòÉ
≡ƒöº API SERVICE INICIADO - VERS├âO 2026-01-09
ΓòÉΓòÉΓòÉΓòÉΓòÉΓòÉΓòÉΓòÉΓòÉΓòÉΓòÉΓòÉΓòÉΓòÉΓòÉΓòÉΓòÉΓòÉΓòÉΓòÉΓòÉΓòÉΓòÉΓòÉΓòÉΓòÉΓòÉΓòÉΓòÉΓòÉΓ
òÉΓòÉΓòÉΓòÉΓòÉΓòÉΓòÉΓòÉΓòÉΓòÉΓòÉΓòÉΓòÉΓòÉΓòÉΓòÉΓòÉΓòÉΓòÉΓòÉΓòÉΓòÉΓòÉΓòÉΓòÉ
≡ƒôï STAGING_MODE: true
≡ƒôï Project ID: servioai-staging
≡ƒôï Backend URL: https://us-central1-servioai-staging.cloudfunctions.net
≡ƒôï Use Mock: false
ΓòÉΓòÉΓòÉΓòÉΓòÉΓòÉΓòÉΓòÉΓòÉΓòÉΓòÉΓòÉΓòÉΓòÉΓòÉΓòÉΓòÉΓòÉΓòÉΓòÉΓòÉΓòÉΓòÉΓòÉΓòÉΓòÉΓòÉΓòÉΓòÉΓòÉΓ
òÉΓòÉΓòÉΓòÉΓòÉΓòÉΓòÉΓòÉΓòÉΓòÉΓòÉΓòÉΓòÉΓòÉΓòÉΓòÉΓòÉΓòÉΓòÉΓòÉΓòÉΓòÉΓòÉΓòÉΓòÉ
Γ£à STAGING MODE ATIVO - Backend DESABILITADO!
Γ£à Todas as opera├º├╡es de usu├írio usam Firestore direto!

 [2m[90mΓåô[39m[22m tests/services/api.comprehensive.test.ts [2m([22m[2m31 tests[22m[2m | [22m[33m31 skipped[39m[2m)[22m
 [2m[90mΓåô[39m[22m tests/ProspectorDashboardUnified.test.tsx [2m([22m[2m2 tests[22m[2m | [22m[33m2 skipped[39m[2m)[22m
 [2m[90mΓåô[39m[22m tests/components/admin/InternalChat.comprehensive.test.tsx [2m([22m[2m24 tests[22m[2m | [22m[33m24 skipped[39m[2m)[22m

[31mΓÄ»ΓÄ»ΓÄ»ΓÄ»ΓÄ»ΓÄ»[39m[1m[41m Failed Tests 23 
[49m[22m[31mΓÄ»ΓÄ»ΓÄ»ΓÄ»ΓÄ»ΓÄ»ΓÄ»[39m

[41m[1m FAIL [22m[49m tests/App.test.tsx[2m > [22mApp Component[2m > [22mshould 
parse URL parameters for profile view
[41m[1m FAIL [22m[49m tests/App.test.tsx[2m > [22mApp Component[2m > [22mshould 
parse URL parameters for service landing
[41m[1m FAIL [22m[49m tests/App.test.tsx[2m > [22mApp Component[2m > [22mshould 
handle chunk loading errors gracefully
[41m[1m FAIL [22m[49m tests/App.test.tsx[2m > [22mApp Component[2m > [22mshould 
handle error events from chunk loading
[41m[1m FAIL [22m[49m tests/App.test.tsx[2m > [22mApp Component[2m > [22mshould 
prevent multiple reloads for chunk errors
[41m[1m FAIL [22m[49m tests/App.test.tsx[2m > [22mApp Component[2m > [22mshould 
clean up error listeners on unmount
[41m[1m FAIL [22m[49m tests/App.test.tsx[2m > [22mApp Component[2m > [22mshould 
fetch all users and jobs for find-providers view
[41m[1m FAIL [22m[49m tests/App.test.tsx[2m > [22mApp Component[2m > [22mshould 
handle view navigation
[41m[1m FAIL [22m[49m tests/App.test.tsx[2m > [22mApp Component[2m > [22mshould 
render Header with proper props
[41m[1m FAIL [22m[49m tests/App.test.tsx[2m > [22mApp Component[2m > [22mshould 
initialize with no current user
[41m[1m FAIL [22m[49m tests/App.test.tsx[2m > [22mApp Component[2m > [22mshould 
maintain maintained items state
[41m[1m FAIL [22m[49m tests/App.test.tsx[2m > [22mApp Component[2m > [22mshould 
maintain all notifications state
[41m[1m FAIL [22m[49m tests/App.test.tsx[2m > [22mApp Component[2m > [22mshould 
manage job data to create state
[41m[1m FAIL [22m[49m tests/App.test.tsx[2m > [22mApp Component[2m > [22mshould 
manage contact provider after login state
[41m[1m FAIL [22m[49m tests/App.test.tsx[2m > [22mApp Component[2m > [22mshould 
cleanup on component unmount
[31m[1mError[22m: No window.location.(origin|href) available to create URL for href: 
/[39m
[90m [2mΓ¥»[22m invariant 
node_modules/@remix-run/router/dist/router.cjs.js:[2m315:11[22m[39m
[90m [2mΓ¥»[22m createURL 
node_modules/@remix-run/router/dist/router.cjs.js:[2m503:5[22m[39m
[90m [2mΓ¥»[22m Object.encodeLocation 
node_modules/@remix-run/router/dist/router.cjs.js:[2m530:17[22m[39m
[90m [2mΓ¥»[22m 
node_modules/react-router/dist/umd/react-router.development.js:[2m428:44[22m[39m
[90m [2mΓ¥»[22m useRoutesImpl 
node_modules/react-router/dist/umd/react-router.development.js:[2m424:61[22m[39m
[90m [2mΓ¥»[22m useRoutes 
node_modules/react-router/dist/umd/react-router.development.js:[2m343:12[22m[39m
[90m [2mΓ¥»[22m Routes 
node_modules/react-router/dist/umd/react-router.development.js:[2m1276:12[22m[39m
[90m [2mΓ¥»[22m renderWithHooks 
node_modules/react-dom/cjs/react-dom.development.js:[2m15486:18[22m[39m
[90m [2mΓ¥»[22m mountIndeterminateComponent 
node_modules/react-dom/cjs/react-dom.development.js:[2m20103:13[22m[39m

[31m[2mΓÄ»ΓÄ»ΓÄ»ΓÄ»ΓÄ»ΓÄ»ΓÄ»ΓÄ»ΓÄ»ΓÄ»ΓÄ»ΓÄ»ΓÄ»ΓÄ»ΓÄ»ΓÄ»ΓÄ»ΓÄ»ΓÄ»ΓÄ»ΓÄ»ΓÄ»ΓÄ»[1/23]ΓÄ»[22
m[39m

[41m[1m FAIL [22m[49m tests/ProposalModal.test.tsx[2m > [22mProposalModal[2m > 
[22mpermite enviar proposta com pre├ºo e mensagem
[31m[1mAssertionError[22m: expected "vi.fn()" to be called with arguments: [ { ΓÇª(2) } 
][90m

Number of calls: [1m0[22m
[31m[39m
[36m [2mΓ¥»[22m tests/ProposalModal.test.tsx:[2m85:22[22m[39m
    [90m 83| [39m    [35mawait[39m 
user[33m.[39m[34mclick[39m(submitButton)[33m;[39m
    [90m 84| [39m
    [90m 85| [39m    
[34mexpect[39m(onSubmit)[33m.[39m[34mtoHaveBeenCalledWith[39m({
    [90m   | [39m                     [31m^[39m
    [90m 86| [39m      message[33m:[39m [32m'Tenho experi├¬ncia de 10 anos em 
pintura'[39m[33m,[39m
    [90m 87| [39m      price[33m:[39m [34m350.5[39m[33m,[39m

[31m[2mΓÄ»ΓÄ»ΓÄ»ΓÄ»ΓÄ»ΓÄ»ΓÄ»ΓÄ»ΓÄ»ΓÄ»ΓÄ»ΓÄ»ΓÄ»ΓÄ»ΓÄ»ΓÄ»ΓÄ»ΓÄ»ΓÄ»ΓÄ»ΓÄ»ΓÄ»ΓÄ»[2/23]ΓÄ»[22
m[39m

[41m[1m FAIL [22m[49m tests/ProposalModal.test.tsx[2m > [22mProposalModal[2m > 
[22mexibe erro quando pre├ºo ├⌐ inv├ílido
[31m[1mTestingLibraryElementError[22m[39m: Unable to find an element with the text: 
/Por favor, insira um valor v├ílido/i. This could be because the text is broken up by 
multiple elements. In this case, you can provide a function for your text matcher to make 
your matcher more flexible.

Ignored nodes: comments, script, style
[36m<body>[39m
  [36m<div>[39m
    [36m<div[39m
      [33maria-modal[39m=[32m"true"[39m
      [33mclass[39m=[32m"fixed inset-0 bg-black bg-opacity-50 z-50 flex items-center 
justify-center p-4"[39m
      [33mrole[39m=[32m"dialog"[39m
      [33mtabindex[39m=[32m"0"[39m
    [36m>[39m
      [36m<div[39m
        [33mclass[39m=[32m"bg-white rounded-2xl shadow-xl w-full max-w-lg m-4 transform 
transition-all"[39m
      [36m>[39m
        [36m<div[39m
          [33mclass[39m=[32m"relative p-8"[39m
        [36m>[39m
          [36m<button[39m
            [33mclass[39m=[32m"absolute top-4 right-4 text-gray-500 
hover:text-gray-600"[39m
          [36m>[39m
            [36m<svg[39m
              [33mclass[39m=[32m"w-6 h-6"[39m
              [33mfill[39m=[32m"none"[39m
              [33mstroke[39m=[32m"currentColor"[39m
              [33mviewBox[39m=[32m"0 0 24 24"[39m
              [33mxmlns[39m=[32m"http://www.w3.org/2000/svg"[39m
            [36m>[39m
              [36m<path[39m
                [33md[39m=[32m"M6 18L18 6M6 6l12 12"[39m
                [33mstroke-linecap[39m=[32m"round"[39m
                [33mstroke-linejoin[39m=[32m"round"[39m
                [33mstroke-width[39m=[32m"2"[39m
              [36m/>[39m
            [36m</svg>[39m
          [36m</button>[39m
          [36m<h2[39m
            [33mclass[39m=[32m"text-2xl font-bold text-gray-800 mb-2"[39m
          [36m>[39m
            [0mEnviar Proposta[0m
          [36m</h2>[39m
          [36m<p[39m
            [33mclass[39m=[32m"text-gray-600 mb-4"[39m
          [36m>[39m
            [0mPara o job: [0m
            [36m<span[39m
              [33mclass[39m=[32m"font-semibold text-gray-700"[39m
            [36m>[39m
              [0mPintura[0m
            [36m</span>[39m
          [36m</p>[39m
          [36m<div[39m
            [33mclass[39m=[32m"bg-slate-50 p-4 rounded-lg mb-6 border 
border-slate-200"[39m
          [36m>[39m
            [36m<p[39m
              [33mclass[39m=[32m"text-sm text-gray-600 line-clamp-3"[39m
            [36m>[39m
              [0mPreciso pintar minha sala de 20m┬▓[0m
            [36m</p>[39m
          [36m</div>[39m
          [36m<form[39m
            [33mclass[39m=[32m"space-y-4"[39m
          [36m>[39m
            [36m<div>[39m
              [36m<label[39m
                [33mclass[39m=[32m"block text-sm font-medium text-gray-700"[39m
                [33mfor[39m=[32m"price"[39m
              [36m>[39m
                [0mSeu Or├ºamento (R$)[0m
              [36m</label>[39m
              [36m<div[39m
                [33mclass[39m=[32m"relative mt-1 rounded-md shadow-sm"[39m
              [36m>[39m
                [36m<div[39m
                  [33mclass[39m=[32m"pointer-events-none absolute inset-y-0 left-0 flex 
items-center pl-3"[39m
                [36m>[39m
                  [36m<span[39m
                    [33mclass[39m=[32m"text-gray-600 sm:text-sm"[39m
                  [36m>[39m
                    [0mR$[0m
                  [36m</span>[39m
                [36m</div>[39m
                [36m<input[39m
                  [33mclass[39m=[32m"block w-full rounded-md border-gray-300 pl-10 pr-4 
focus:border-blue-500 focus:ring-blue-500 sm:text-sm py-2 disabled:bg-gray-100 
disabled:cursor-not-allowed"[39m
                  [33mid[39m=[32m"price"[39m
                  [33mplaceholder[39m=[32m"150.00"[39m
                  [33mrequired[39m=[32m""[39m
                  [33mstep[39m=[32m"0.01"[39m
                  [33mtype[39m=[32m"number"[39m
                  [33mvalue[39m=[32m"-50"[39m
                [36m/>[39m
              [36m</div>[39m
            [36m</div>[39m
            [36m<div>[39m
              [36m<div[39m
                [33mclass[39m=[32m"flex justify-between items-center mb-1"[39m
              [36m>[39m
                [36m<label[39m
                  [33mclass[39m=[32m"block text-sm font-medium text-gray-700"[39m
                  [33mfor[39m=[32m"message"[39m
                [36m>[39m
                  [0mMensagem[0m
                [36m</label>[39m
                [36m<button[39m
                  [33mclass[39m=[32m"flex items-center space-x-1 px-2 py-1 text-xs 
font-semibold text-blue-600 bg-blue-100 rounded-md hover:bg-blue-200 disabled:opacity-50 
disabled:cursor-wait"[39m
                  [33mtype[39m=[32m"button"[39m
                [36m>[39m
                  [36m<svg[39m
                    [33mclass[39m=[32m"h-4 w-4"[39m
                    [33mfill[39m=[32m"currentColor"[39m
                    [33mviewBox[39m=[32m"0 0 20 20"[39m
                    [33mxmlns[39m=[32m"http://www.w.org/2000/svg"[39m
                  [36m>[39m
                    [36m<path[39m
                      [33mclip-rule[39m=[32m"evenodd"[39m
                      [33md[39m=[32m"M10 3a1 1 0 01.707.293l3 3a1 1 0 01-1.414 1.414L10 
5.414 7.707 7.707a1 1 0 01-1.414-1.414l3-3A1 1 0 0110 3zm-3.707 9.293a1 1 0 011.414 0L10 
14.586l2.293-2.293a1 1 0 011.414 1.414l-3 3a1 1 0 01-1.414 0l-3-3a1 1 0 010-1.414z"[39m
                      [33mfill-rule[39m=[32m"evenodd"[39m
                      [33mtransform[39m=[32m"rotate(45 10 10)"[39m
                    [36m/>[39m
                  [36m</svg>[39m
                  [36m<span>[39m
                    [0mGerar com IA[0m
                  [36m</span>[39m
                [36m</button>[39m
              [36m</div>[39m
              [36m<textarea[39m
                [33mclass[39m=[32m"block w-full px-3 py-2 border border-gray-300 
rounded-md shadow-sm placeholder-gray-400 focus:outline-none focus:ring-blue-500 
focus:border-blue-500"[39m
                [33mid[39m=[32m"message"[39m
                [33mplaceholder[39m=[32m"Apresente-se e explique por que voc├¬ ├⌐ a 
pessoa certa para este trabalho."[39m
                [33mrows[39m=[32m"5"[39m
              [36m/>[39m
            [36m</div>[39m
            [36m<div[39m
              [33mclass[39m=[32m"!mt-6"[39m
            [36m>[39m
              [36m<button[39m
                [33mclass[39m=[32m"w-full flex justify-center py-3 px-4 border 
border-transparent rounded-md shadow-sm text-sm font-medium text-white bg-blue-600 
hover:bg-blue-700 focus:outline-none focus:ring-2 focus:ring-offset-2 
focus:ring-blue-500"[39m
                [33mtype[39m=[32m"submit"[39m
              [36m>[39m
                [0mConfirmar e Enviar Proposta[0m
              [36m</button>[39m
            [36m</div>[39m
            [36m<div[39m
              [33mclass[39m=[32m"text-center mt-4 p-2 bg-yellow-50 border 
border-yellow-200 rounded-lg"[39m
            [36m>[39m
              [36m<p[39m
                [33mclass[39m=[32m"text-xs text-yellow-800"[39m
              [36m>[39m
                [36m<span[39m
                  [33mclass[39m=[32m"font-bold"[39m
                [36m>[39m
                  [0mDica de Seguran├ºa:[0m
                [36m</span>[39m
                [0m Mantenha todas as negocia├º├╡es e pagamentos dentro da SERVIO.AI para 
garantir sua prote├º├úo.[0m
              [36m</p>[39m
            [36m</div>[39m
          [36m</form>[39m
        [36m</div>[39m
      [36m</div>[39m
    [36m</div>[39m
  [36m</div>[39m
[36m</body>[39m

Ignored nodes: comments, script, style
[36m<html>[39m
  [36m<head />[39m
  [36m<body>[39m
    [36m<div>[39m
      [36m<div[39m
        [33maria-modal[39m=[32m"true"[39m
        [33mclass[39m=[32m"fixed inset-0 bg-black bg-opacity-50 z-50 flex items-center 
justify-center p-4"[39m
        [33mrole[39m=[32m"dialog"[39m
        [33mtabindex[39m=[32m"0"[39m
      [36m>[39m
        [36m<div[39m
          [33mclass[39m=[32m"bg-white rounded-2xl shadow-xl w-full max-w-lg m-4 
transform transition-all"[39m
        [36m>[39m
          [36m<div[39m
            [33mclass[39m=[32m"relative p-8"[39m
          [36m>[39m
            [36m<button[39m
              [33mclass[39m=[32m"absolute top-4 right-4 text-gray-500 
hover:text-gray-600"[39m
            [36m>[39m
              [36m<svg[39m
                [33mclass[39m=[32m"w-6 h-6"[39m
                [33mfill[39m=[32m"none"[39m
                [33mstroke[39m=[32m"currentColor"[39m
                [33mviewBox[39m=[32m"0 0 24 24"[39m
                [33mxmlns[39m=[32m"http://www.w3.org/2000/svg"[39m
              [36m>[39m
                [36m<path[39m
                  [33md[39m=[32m"M6 18L18 6M6 6l12 12"[39m
                  [33mstroke-linecap[39m=[32m"round"[39m
                  [33mstroke-linejoin[39m=[32m"round"[39m
                  [33mstroke-width[39m=[32m"2"[39m
                [36m/>[39m
              [36m</svg>[39m
            [36m</button>[39m
            [36m<h2[39m
              [33mclass[39m=[32m"text-2xl font-bold text-gray-800 mb-2"[39m
            [36m>[39m
              [0mEnviar Proposta[0m
            [36m</h2>[39m
            [36m<p[39m
              [33mclass[39m=[32m"text-gray-600 mb-4"[39m
            [36m>[39m
              [0mPara o job: [0m
              [36m<span[39m
                [33mclass[39m=[32m"font-semibold text-gray-700"[39m
              [36m>[39m
                [0mPintura[0m
              [36m</span>[39m
            [36m</p>[39m
            [36m<div[39m
              [33mclass[39m=[32m"bg-slate-50 p-4 rounded-lg mb-6 border 
border-slate-200"[39m
            [36m>[39m
              [36m<p[39m
                [33mclass[39m=[32m"text-sm text-gray-600 line-clamp-3"[39m
              [36m>[39m
                [0mPreciso pintar minha sala de 20m┬▓[0m
              [36m</p>[39m
            [36m</div>[39m
            [36m<form[39m
              [33mclass[39m=[32m"space-y-4"[39m
            [36m>[39m
              [36m<div>[39m
                [36m<label[39m
                  [33mclass[39m=[32m"block text-sm font-medium text-gray-700"[39m
                  [33mfor[39m=[32m"price"[39m
                [36m>[39m
                  [0mSeu Or├ºamento (R$)[0m
                [36m</label>[39m
                [36m<div[39m
                  [33mclass[39m=[32m"relative mt-1 rounded-md shadow-sm"[39m
                [36m>[39m
                  [36m<div[39m
                    [33mclass[39m=[32m"pointer-events-none absolute inset-y-0 left-0 
flex items-center pl-3"[39m
                  [36m>[39m
                    [36m<span[39m
                      [33mclass[39m=[32m"text-gray-600 sm:text-sm"[39m
                    [36m>[39m
                      [0mR$[0m
                    [36m</span>[39m
                  [36m</div>[39m
                  [36m<input[39m
                    [33mclass[39m=[32m"block w-full rounded-md border-gray-300 pl-10 
pr-4 focus:border-blue-500 focus:ring-blue-500 sm:text-sm py-2 disabled:bg-gray-100 
disabled:cursor-not-allowed"[39m
                    [33mid[39m=[32m"price"[39m
                    [33mplaceholder[39m=[32m"150.00"[39m
                    [33mrequired[39m=[32m""[39m
                    [33mstep[39m=[32m"0.01"[39m
                    [33mtype[39m=[32m"number"[39m
                    [33mvalue[39m=[32m"-50"[39m
                  [36m/>[39m
                [36m</div>[39m
              [36m</div>[39m
              [36m<div>[39m
                [36m<div[39m
                  [33mclass[39m=[32m"flex justify-between items-center mb-1"[39m
                [36m>[39m
                  [36m<label[39m
                    [33mclass[39m=[32m"block text-sm font-medium text-gray-700"[39m
                    [33mfor[39m=[32m"message"[39m
                  [36m>[39m
                    [0mMensagem[0m
                  [36m</label>[39m
                  [36m<button[39m
                    [33mclass[39m=[32m"flex items-center space-x-1 px-2 py-1 text-xs 
font-semibold text-blue-600 bg-blue-100 rounded-md hover:bg-blue-200 disabled:opacity-50 
disabled:cursor-wait"[39m
                    [33mtype[39m=[32m"button"[39m
                  [36m>[39m
                    [36m<svg[39m
                      [33mclass[39m=[32m"h-4 w-4"[39m
                      [33mfill[39m=[32m"currentColor"[39m
                      [33mviewBox[39m=[32m"0 0 20 20"[39m
                      [33mxmlns[39m=[32m"http://www.w.org/2000/svg"[39m
                    [36m>[39m
                      [36m<path[39m
                        [33mclip-rule[39m=[32m"evenodd"[39m
                        [33md[39m=[32m"M10 3a1 1 0 01.707.293l3 3a1 1 0 01-1.414 
1.414L10 5.414 7.707 7.707a1 1 0 01-1.414-1.414l3-3A1 1 0 0110 3zm-3.707 9.293a1 1 0 
011.414 0L10 14.586l2.293-2.293a1 1 0 011.414 1.414l-3 3a1 1 0 01-1.414 0l-3-3a1 1 0 
010-1.414z"[39m
                        [33mfill-rule[39m=[32m"evenodd"[39m
                        [33mtransform[39m=[32m"rotate(45 10 10)"[39m
                      [36m/>[39m
                    [36m</svg>[39m
                    [36m<span>[39m
                      [0mGerar com IA[0m
                    [36m</span>[39m
                  [36m</button>[39m
                [36m</div>[39m
                [36m<textarea[39m
                  [33mclass[39m=[32m"block w-full px-3 py-2 border border-gray-300 
rounded-md shadow-sm placeholder-gray-400 focus:outline-none focus:ring-blue-500 
focus:border-blue-500"[39m
                  [33mid[39m=[32m"message"[39m
                  [33mplaceholder[39m=[32m"Apresente-se e explique por que voc├¬ ├⌐ a 
pessoa certa para este trabalho."[39m
                  [33mrows[39m=[32m"5"[39m
                [36m/>[39m
              [36m</div>[39m
              [36m<div[39m
                [33mclass[39m=[32m"!mt-6"[39m
              [36m>[39m
                [36m<button[39m
                  [33mclass[39m=[32m"w-full flex justify-center py-3 px-4 border 
border-transparent rounded-md shadow-sm text-sm font-medium text-white bg-blue-600 
hover:bg-blue-700 focus:outline-none focus:ring-2 focus:ring-offset-2 
focus:ring-blue-500"[39m
                  [33mtype[39m=[32m"submit"[39m
                [36m>[39m
                  [0mConfirmar e Enviar Proposta[0m
                [36m</button>[39m
              [36m</div>[39m
              [36m<div[39m
                [33mclass[39m=[32m"text-center mt-4 p-2 bg-yellow-50 border 
border-yellow-200 rounded-lg"[39m
              [36m>[39m
                [36m<p[39m
                  [33mclass[39m=[32m"text-xs text-yellow-800"[39m
                [36m>[39m
                  [36m<span[39m
                    [33mclass[39m=[32m"font-bold"[39m
                  [36m>[39m
                    [0mDica de Seguran├ºa:[0m
                  [36m</span>[39m
                  [0m Mantenha todas as negocia├º├╡es e pagamentos dentro da SERVIO.AI 
para garantir sua prote├º├úo.[0m
                [36m</p>[39m
              [36m</div>[39m
            [36m</form>[39m
          [36m</div>[39m
        [36m</div>[39m
      [36m</div>[39m
    [36m</div>[39m
  [36m</body>[39m
[36m</html>[39m
[90m [2mΓ¥»[22m Proxy.waitForWrapper 
node_modules/@testing-library/dom/dist/wait-for.js:[2m163:27[22m[39m
[36m [2mΓ¥»[22m tests/ProposalModal.test.tsx:[2m105:11[22m[39m
    [90m103| [39m    [35mawait[39m 
user[33m.[39m[34mclick[39m(submitButton)[33m;[39m
    [90m104| [39m
    [90m105| [39m    [35mawait[39m [34mwaitFor[39m(() [33m=>[39m {
    [90m   | [39m          [31m^[39m
    [90m106| [39m      expect(screen.getByText(/Por favor, insira um valor 
v├ílido/i)).tΓÇª
    [90m107| [39m    })[33m;[39m

[31m[2mΓÄ»ΓÄ»ΓÄ»ΓÄ»ΓÄ»ΓÄ»ΓÄ»ΓÄ»ΓÄ»ΓÄ»ΓÄ»ΓÄ»ΓÄ»ΓÄ»ΓÄ»ΓÄ»ΓÄ»ΓÄ»ΓÄ»ΓÄ»ΓÄ»ΓÄ»ΓÄ»[3/23]ΓÄ»[22
m[39m

[41m[1m FAIL [22m[49m tests/ProposalModal.test.tsx[2m > [22mProposalModal[2m > 
[22mpermite submeter proposta sem mensagem
[31m[1mAssertionError[22m: expected "vi.fn()" to be called with arguments: [ { message: 
'', price: 200 } ][90m

Number of calls: [1m0[22m
[31m[39m
[36m [2mΓ¥»[22m tests/ProposalModal.test.tsx:[2m179:22[22m[39m
    [90m177| [39m    [35mawait[39m 
user[33m.[39m[34mclick[39m(submitButton)[33m;[39m
    [90m178| [39m
    [90m179| [39m    
[34mexpect[39m(onSubmit)[33m.[39m[34mtoHaveBeenCalledWith[39m({
    [90m   | [39m                     [31m^[39m
    [90m180| [39m      message[33m:[39m [32m''[39m[33m,[39m
    [90m181| [39m      price[33m:[39m [34m200[39m[33m,[39m

[31m[2mΓÄ»ΓÄ»ΓÄ»ΓÄ»ΓÄ»ΓÄ»ΓÄ»ΓÄ»ΓÄ»ΓÄ»ΓÄ»ΓÄ»ΓÄ»ΓÄ»ΓÄ»ΓÄ»ΓÄ»ΓÄ»ΓÄ»ΓÄ»ΓÄ»ΓÄ»ΓÄ»[4/23]ΓÄ»[22
m[39m

[41m[1m FAIL [22m[49m tests/components/FindProvidersPage.smoke.test.tsx[2m > 
[22mFindProvidersPage smoke[2m > [22mrenderiza e permite buscar com IA
[31m[1mTypeError[22m: Cannot read properties of undefined (reading 'toLowerCase')[39m
[36m [2mΓ¥»[22m components/FindProvidersPage.tsx:[2m169:44[22m[39m
    [90m167| [39m
    [90m168| [39m      [35mconst[39m locationMatch [33m=[39m
    [90m169| [39m        !filters.location || 
user.location.toLowerCase().includes(locaΓÇª
    [90m   | [39m                                           [31m^[39m
    [90m170| [39m      const certificatesMatch = !filters.hasCertificates || 
user.hasCeΓÇª
    [90m171| [39m      const verifiedMatch = !filters.isVerified || 
user.verificationStΓÇª
[90m [2mΓ¥»[22m components/FindProvidersPage.tsx:[2m159:40[22m[39m
[90m [2mΓ¥»[22m updateMemo 
node_modules/react-dom/cjs/react-dom.development.js:[2m16427:19[22m[39m
[90m [2mΓ¥»[22m Object.useMemo 
node_modules/react-dom/cjs/react-dom.development.js:[2m17067:16[22m[39m
[90m [2mΓ¥»[22m useMemo 
node_modules/react/cjs/react.development.js:[2m1650:21[22m[39m
[90m [2mΓ¥»[22m FindProvidersPage components/FindProvidersPage.tsx:[2m158:38[22m[39m
[90m [2mΓ¥»[22m renderWithHooks 
node_modules/react-dom/cjs/react-dom.development.js:[2m15486:18[22m[39m
[90m [2mΓ¥»[22m updateFunctionComponent 
node_modules/react-dom/cjs/react-dom.development.js:[2m19617:20[22m[39m
[90m [2mΓ¥»[22m beginWork 
node_modules/react-dom/cjs/react-dom.development.js:[2m21640:16[22m[39m

[31m[2mΓÄ»ΓÄ»ΓÄ»ΓÄ»ΓÄ»ΓÄ»ΓÄ»ΓÄ»ΓÄ»ΓÄ»ΓÄ»ΓÄ»ΓÄ»ΓÄ»ΓÄ»ΓÄ»ΓÄ»ΓÄ»ΓÄ»ΓÄ»ΓÄ»ΓÄ»ΓÄ»[5/23]ΓÄ»[22
m[39m

[41m[1m FAIL [22m[49m tests/week3/ProspectorDashboard.expansion.test.tsx[2m > 
[22mProspectorDashboard - Expansion Test Suite[2m > [22mRendering and Basic 
Functionality[2m > [22mshould load prospector stats on mount
[31m[1mAssertionError[22m: expected "vi.fn()" to be called with arguments: [ 
'test@prospector.com' ][90m

Number of calls: [1m0[22m
[31m[39m
[36m [2mΓ¥»[22m tests/week3/ProspectorDashboard.expansion.test.tsx:[2m176:36[22m[39m
    [90m174| [39m      [35mawait[39m [35mnew[39m [33mPromise[39m(resolve 
[33m=>[39m [34msetTimeout[39m(resolve[33m,[39m [34m150[39m))[33m;[39m
    [90m175| [39m
    [90m176| [39m      
expect(fetchProspectorStats).toHaveBeenCalledWith('test@prospectΓÇª
    [90m   | [39m                                   [31m^[39m
    [90m177| [39m    })[33m;[39m
    [90m178| [39m

[31m[2mΓÄ»ΓÄ»ΓÄ»ΓÄ»ΓÄ»ΓÄ»ΓÄ»ΓÄ»ΓÄ»ΓÄ»ΓÄ»ΓÄ»ΓÄ»ΓÄ»ΓÄ»ΓÄ»ΓÄ»ΓÄ»ΓÄ»ΓÄ»ΓÄ»ΓÄ»ΓÄ»[6/23]ΓÄ»[22
m[39m

[41m[1m FAIL [22m[49m tests/week3/ProspectorDashboard.expansion.test.tsx[2m > 
[22mProspectorDashboard - Expansion Test Suite[2m > [22mRendering and Basic 
Functionality[2m > [22mshould load leaderboard data on mount
[31m[1mAssertionError[22m: expected "vi.fn()" to be called at least once[39m
[36m [2mΓ¥»[22m tests/week3/ProspectorDashboard.expansion.test.tsx:[2m185:42[22m[39m
    [90m183| [39m      [35mawait[39m [35mnew[39m [33mPromise[39m(resolve 
[33m=>[39m [34msetTimeout[39m(resolve[33m,[39m [34m150[39m))[33m;[39m
    [90m184| [39m
    [90m185| [39m      [34mexpect[39m(fetchProspectorLeaderboard)[33m.[39m[34mtoHave
BeenCalled[39m()[33m;[39m
    [90m   | [39m                                         [31m^[39m
    [90m186| [39m    })[33m;[39m
    [90m187| [39m  })[33m;[39m

[31m[2mΓÄ»ΓÄ»ΓÄ»ΓÄ»ΓÄ»ΓÄ»ΓÄ»ΓÄ»ΓÄ»ΓÄ»ΓÄ»ΓÄ»ΓÄ»ΓÄ»ΓÄ»ΓÄ»ΓÄ»ΓÄ»ΓÄ»ΓÄ»ΓÄ»ΓÄ»ΓÄ»[7/23]ΓÄ»[22
m[39m

[41m[1m FAIL [22m[49m tests/week3/ProspectorDashboard.expansion.test.tsx[2m > 
[22mProspectorDashboard - Expansion Test Suite[2m > [22mUser Interaction[2m > 
[22mshould handle quick panel interactions
[31m[1mTestingLibraryElementError[22m[39m: Found multiple elements with the text: 
Dashboard

Here are the matching elements:

Ignored nodes: comments, script, style
[36m<span[39m
  [33mclass[39m=[32m"hidden sm:inline"[39m
[36m>[39m
  [0mDashboard[0m
[36m</span>[39m

Ignored nodes: comments, script, style
[36m<span[39m
  [33mclass[39m=[32m"sm:hidden"[39m
[36m>[39m
  [0mDashboard[0m
[36m</span>[39m

(If this is intentional, then use the `*AllBy*` variant of the query (like 
`queryAllByText`, `getAllByText`, or `findAllByText`)).

Ignored nodes: comments, script, style
[36m<body>[39m
  [36m<div>[39m
    [36m<div[39m
      [33mclass[39m=[32m"min-h-screen bg-gray-50"[39m
    [36m>[39m
      [36m<div[39m
        [33mdata-testid[39m=[32m"onboarding-tour"[39m
      [36m>[39m
        [0mOnboarding Tour[0m
      [36m</div>[39m
      [36m<div[39m
        [33mdata-testid[39m=[32m"quick-actions-bar"[39m
      [36m>[39m
        [36m<button[39m
          [33mdata-testid[39m=[32m"add-lead-btn"[39m
        [36m>[39m
          [0mAdd Lead[0m
        [36m</button>[39m
        [36m<button[39m
          [33mdata-testid[39m=[32m"notifications-btn"[39m
        [36m>[39m
          [0mNotifications[0m
        [36m</button>[39m
      [36m</div>[39m
      [36m<div[39m
        [33mclass[39m=[32m"max-w-7xl mx-auto px-2 sm:px-4 py-4 sm:py-6"[39m
      [36m>[39m
        [36m<div[39m
          [33mclass[39m=[32m"bg-white rounded-lg shadow-sm border border-gray-200 mb-4 
sm:mb-6 overflow-x-auto"[39m
        [36m>[39m
          [36m<div[39m
            [33mclass[39m=[32m"flex overflow-x-auto"[39m
          [36m>[39m
            [36m<button[39m
              [33mclass[39m=[32m"px-3 sm:px-6 py-2 sm:py-3 font-medium text-xs 
sm:text-sm transition-colors whitespace-nowrap text-gray-600 hover:text-gray-900 
hover:bg-gray-50"[39m
            [36m>[39m
              [0mΓÜí[0m
              [0m [0m
              [36m<span[39m
                [33mclass[39m=[32m"hidden sm:inline"[39m
              [36m>[39m
                [0mDashboard[0m
              [36m</span>[39m
              [36m<span[39m
                [33mclass[39m=[32m"sm:hidden"[39m
              [36m>[39m
                [0mDashboard[0m
              [36m</span>[39m
            [36m</button>[39m
            [36m<button[39m
              [33mclass[39m=[32m"px-3 sm:px-6 py-2 sm:py-3 font-medium text-xs 
sm:text-sm transition-colors whitespace-nowrap text-indigo-600 border-b-2 
border-indigo-600 bg-indigo-50"[39m
              [33mdata-tour[39m=[32m"crm-board"[39m
            [36m>[39m
              [0m≡ƒÄ»[0m
              [0m [0m
              [36m<span[39m
                [33mclass[39m=[32m"hidden sm:inline"[39m
              [36m>[39m
                [0mPipeline[0m
              [36m</span>[39m
              [36m<span[39m
                [33mclass[39m=[32m"sm:hidden"[39m
              [36m>[39m
                [0mPipeline[0m
              [36m</span>[39m
            [36m</button>[39m
            [36m<button[39m
              [33mclass[39m=[32m"px-3 sm:px-6 py-2 sm:py-3 font-medium text-xs 
sm:text-sm transition-colors whitespace-nowrap text-gray-600 hover:text-gray-900 
hover:bg-gray-50"[39m
              [33mdata-tour[39m=[32m"referral-link"[39m
            [36m>[39m
              [0m≡ƒöù[0m
              [0m [0m
              [36m<span[39m
                [33mclass[39m=[32m"hidden sm:inline"[39m
              [36m>[39m
                [0mLinks[0m
              [36m</span>[39m
              [36m<span[39m
                [33mclass[39m=[32m"sm:hidden"[39m
              [36m>[39m
                [0mLinks[0m
              [36m</span>[39m
            [36m</button>[39m
            [36m<button[39m
              [33mclass[39m=[32m"px-3 sm:px-6 py-2 sm:py-3 font-medium text-xs 
sm:text-sm transition-colors whitespace-nowrap text-gray-600 hover:text-gray-900 
hover:bg-gray-50"[39m
              [33mdata-tour[39m=[32m"materials"[39m
            [36m>[39m
              [0m≡ƒôÜ[0m
              [0m [0m
              [36m<span[39m
                [33mclass[39m=[32m"hidden sm:inline"[39m
              [36m>[39m
                [0mMateriais[0m
              [36m</span>[39m
              [36m<span[39m
                [33mclass[39m=[32m"sm:hidden"[39m
              [36m>[39m
                [0mMateriais[0m
              [36m</span>[39m
            [36m</button>[39m
            [36m<button[39m
              [33mclass[39m=[32m"px-3 sm:px-6 py-2 sm:py-3 font-medium text-xs 
sm:text-sm transition-colors whitespace-nowrap text-gray-600 hover:text-gray-900 
hover:bg-gray-50"[39m
            [36m>[39m
              [0m≡ƒôè[0m
              [0m [0m
              [36m<span[39m
                [33mclass[39m=[32m"hidden sm:inline"[39m
              [36m>[39m
                [0mStats[0m
              [36m</span>[39m
              [36m<span[39m
                [33mclass[39m=[32m"sm:hidden"[39m
              [36m>[39m
                [0mStats[0m
              [36m</span>[39m
            [36m</button>[39m
          [36m</div>[39m
        [36m</div>[39m
        [36m<div[39m
          [33mclass[39m=[32m"bg-white rounded-lg shadow-md p-6 mb-6"[39m
        [36m>[39m
          [36m<h3[39m
            [33mclass[39m=[32m"text-xl font-bold mb-4 text-gray-800"[39m
          [36m>[39m
            [0m≡ƒÜÇ Cadastro R├ípido de Leads[0m
          [36m</h3>[39m
          [36m<div[39m
            [33mclass[39m=[32m"flex gap-2 mb-4"[39m
          [36m>[39m
            [36m<button[39m
              [33mclass[39m=[32m"px-4 py-2 rounded-lg font-medium transition 
bg-purple-600 text-white"[39m
            [36m>[39m
              [0m≡ƒô¥ Colar Texto[0m
            [36m</button>[39m
            [36m<button[39m
              [33mclass[39m=[32m"px-4 py-2 rounded-lg font-medium transition 
bg-gray-100 text-gray-600 hover:bg-gray-200"[39m
            [36m>[39m
              [0mΓ£Å∩╕Å Formul├írio[0m
            [36m</button>[39m
            [36m<button[39m
              [33mclass[39m=[32m"px-4 py-2 rounded-lg font-medium transition 
bg-gray-100 text-gray-600 hover:bg-gray-200"[39m
            [36m>[39m
              [0m≡ƒôü Upload CSV[0m
            [36m</button>[39m
          [36m</div>[39m
          [36m<div>[39m
            [36m<textarea[39m
              [33mclass[39m=[32m"w-full h-48 p-4 border border-gray-300 rounded-lg 
focus:ring-2 focus:ring-purple-500 focus:border-transparent font-mono text-sm"[39m
              [33mplaceholder[39m=[32m"Cole seus leads aqui. Formatos aceitos:

Nome, Telefone, Email, Categoria
Jo├úo Silva, (11) 98765-4321, joao@email.com, Eletricista
Maria Souza, (21) 91234-5678, maria@email.com, Pintora

Ou formato simplificado:
Jo├úo Silva - (11) 98765-4321
Maria Souza - (21) 91234-5678"[39m
            [36m/>[39m
            [36m<p[39m
              [33mclass[39m=[32m"text-sm text-gray-500 mt-2"[39m
            [36m>[39m
              [0m≡ƒÆí Dica: Cole uma lista de nomes e telefones. A IA enriquecer├í os 
dados automaticamente.[0m
            [36m</p>[39m
          [36m</div>[39m
          [36m<button[39m
            [33mclass[39m=[32m"mt-4 w-full bg-gradient-to-r from-purple-600 
to-indigo-600 text-white font-bold py-3 px-6 rounded-lg hover:from-purple-700 
hover:to-indigo-700 disabled:opacity-50 disabled:cursor-not-allowed transition flex 
items-center justify-center gap-2"[39m
            [33mdisabled[39m=[32m""[39m
          [36m>[39m
            [36m<span>[39m
              [0m≡ƒÜÇ[0m
            [36m</span>[39m
            [36m<span>[39m
              [0mImportar e Enriquecer com IA[0m
            [36m</span>[39m
          [36m</button>[39m
        [36m</div>[39m
        [36m<div[39m
          [33mdata-testid[39m=[32m"prospector-crm-professional"[39m
        [36m>[39m
          [0mCRM Professional[0m
        [36m</div>[39m
      [36m</div>[39m
    [36m</div>[39m
  [36m</div>[39m
[36m</body>[39m
[90m [2mΓ¥»[22m Object.getElementError 
node_modules/@testing-library/dom/dist/config.js:[2m37:19[22m[39m
[90m [2mΓ¥»[22m getElementError 
node_modules/@testing-library/dom/dist/query-helpers.js:[2m20:35[22m[39m
[90m [2mΓ¥»[22m getMultipleElementsFoundError 
node_modules/@testing-library/dom/dist/query-helpers.js:[2m23:10[22m[39m
[90m [2mΓ¥»[22m 
node_modules/@testing-library/dom/dist/query-helpers.js:[2m55:13[22m[39m
[90m [2mΓ¥»[22m 
node_modules/@testing-library/dom/dist/query-helpers.js:[2m95:19[22m[39m
[36m [2mΓ¥»[22m tests/week3/ProspectorDashboard.expansion.test.tsx:[2m529:35[22m[39m
    [90m527| [39m      [90m// Navigate to Dashboard tab to see Quick Panel[39m
    [90m528| [39m      [35mconst[39m user [33m=[39m 
userEvent[33m.[39m[34msetup[39m()[33m;[39m
    [90m529| [39m      [35mconst[39m dashboardTab [33m=[39m 
screen[33m.[39m[34mgetByText[39m([32m'Dashboard'[39m)[33m;[39m
    [90m   | [39m                                  [31m^[39m
    [90m530| [39m      [35mawait[39m 
user[33m.[39m[34mclick[39m(dashboardTab)[33m;[39m
    [90m531| [39m

[31m[2mΓÄ»ΓÄ»ΓÄ»ΓÄ»ΓÄ»ΓÄ»ΓÄ»ΓÄ»ΓÄ»ΓÄ»ΓÄ»ΓÄ»ΓÄ»ΓÄ»ΓÄ»ΓÄ»ΓÄ»ΓÄ»ΓÄ»ΓÄ»ΓÄ»ΓÄ»ΓÄ»[8/23]ΓÄ»[22
m[39m

[41m[1m FAIL [22m[49m tests/week3/ProspectorDashboard.expansion.test.tsx[2m > 
[22mProspectorDashboard - Expansion Test Suite[2m > [22mResponsive Design[2m > 
[22mshould display quick panel on all screen sizes
[31m[1mTestingLibraryElementError[22m[39m: Unable to find an accessible element with 
the role "button" and name `/dashboard ia/i`

Here are the accessible roles:

  button:

  Name "Add Lead":
  [36m<button[39m
    [33mdata-testid[39m=[32m"add-lead-btn"[39m
  [36m/>[39m

  Name "Notifications":
  [36m<button[39m
    [33mdata-testid[39m=[32m"notifications-btn"[39m
  [36m/>[39m

  Name "ΓÜí Dashboard Dashboard":
  [36m<button[39m
    [33mclass[39m=[32m"px-3 sm:px-6 py-2 sm:py-3 font-medium text-xs sm:text-sm 
transition-colors whitespace-nowrap text-gray-600 hover:text-gray-900 
hover:bg-gray-50"[39m
  [36m/>[39m

  Name "≡ƒÄ» Pipeline Pipeline":
  [36m<button[39m
    [33mclass[39m=[32m"px-3 sm:px-6 py-2 sm:py-3 font-medium text-xs sm:text-sm 
transition-colors whitespace-nowrap text-indigo-600 border-b-2 border-indigo-600 
bg-indigo-50"[39m
    [33mdata-tour[39m=[32m"crm-board"[39m
  [36m/>[39m

  Name "≡ƒöù Links Links":
  [36m<button[39m
    [33mclass[39m=[32m"px-3 sm:px-6 py-2 sm:py-3 font-medium text-xs sm:text-sm 
transition-colors whitespace-nowrap text-gray-600 hover:text-gray-900 
hover:bg-gray-50"[39m
    [33mdata-tour[39m=[32m"referral-link"[39m
  [36m/>[39m

  Name "≡ƒôÜ Materiais Materiais":
  [36m<button[39m
    [33mclass[39m=[32m"px-3 sm:px-6 py-2 sm:py-3 font-medium text-xs sm:text-sm 
transition-colors whitespace-nowrap text-gray-600 hover:text-gray-900 
hover:bg-gray-50"[39m
    [33mdata-tour[39m=[32m"materials"[39m
  [36m/>[39m

  Name "≡ƒôè Stats Stats":
  [36m<button[39m
    [33mclass[39m=[32m"px-3 sm:px-6 py-2 sm:py-3 font-medium text-xs sm:text-sm 
transition-colors whitespace-nowrap text-gray-600 hover:text-gray-900 
hover:bg-gray-50"[39m
  [36m/>[39m

  Name "≡ƒô¥ Colar Texto":
  [36m<button[39m
    [33mclass[39m=[32m"px-4 py-2 rounded-lg font-medium transition bg-purple-600 
text-white"[39m
  [36m/>[39m

  Name "Γ£Å∩╕Å Formul├írio":
  [36m<button[39m
    [33mclass[39m=[32m"px-4 py-2 rounded-lg font-medium transition bg-gray-100 
text-gray-600 hover:bg-gray-200"[39m
  [36m/>[39m

  Name "≡ƒôü Upload CSV":
  [36m<button[39m
    [33mclass[39m=[32m"px-4 py-2 rounded-lg font-medium transition bg-gray-100 
text-gray-600 hover:bg-gray-200"[39m
  [36m/>[39m

  Name "≡ƒÜÇ Importar e Enriquecer com IA":
  [36m<button[39m
    [33mclass[39m=[32m"mt-4 w-full bg-gradient-to-r from-purple-600 to-indigo-600 
text-white font-bold py-3 px-6 rounded-lg hover:from-purple-700 hover:to-indigo-700 
disabled:opacity-50 disabled:cursor-not-allowed transition flex items-center 
justify-center gap-2"[39m
    [33mdisabled[39m=[32m""[39m
  [36m/>[39m

  --------------------------------------------------
  heading:

  Name "≡ƒÜÇ Cadastro R├ípido de Leads":
  [36m<h3[39m
    [33mclass[39m=[32m"text-xl font-bold mb-4 text-gray-800"[39m
  [36m/>[39m

  --------------------------------------------------
  textbox:

  Name "":
  [36m<textarea[39m
    [33mclass[39m=[32m"w-full h-48 p-4 border border-gray-300 rounded-lg focus:ring-2 
focus:ring-purple-500 focus:border-transparent font-mono text-sm"[39m
    [33mplaceholder[39m=[32m"Cole seus leads aqui. Formatos aceitos:

  Nome, Telefone, Email, Categoria
  Jo├úo Silva, (11) 98765-4321, joao@email.com, Eletricista
  Maria Souza, (21) 91234-5678, maria@email.com, Pintora

  Ou formato simplificado:
  Jo├úo Silva - (11) 98765-4321
  Maria Souza - (21) 91234-5678"[39m
  [36m/>[39m

  --------------------------------------------------
  paragraph:

  Name "":
  [36m<p[39m
    [33mclass[39m=[32m"text-sm text-gray-500 mt-2"[39m
  [36m/>[39m

  --------------------------------------------------

Ignored nodes: comments, script, style
[36m<body>[39m
  [36m<div>[39m
    [36m<div[39m
      [33mclass[39m=[32m"min-h-screen bg-gray-50"[39m
    [36m>[39m
      [36m<div[39m
        [33mdata-testid[39m=[32m"onboarding-tour"[39m
      [36m>[39m
        [0mOnboarding Tour[0m
      [36m</div>[39m
      [36m<div[39m
        [33mdata-testid[39m=[32m"quick-actions-bar"[39m
      [36m>[39m
        [36m<button[39m
          [33mdata-testid[39m=[32m"add-lead-btn"[39m
        [36m>[39m
          [0mAdd Lead[0m
        [36m</button>[39m
        [36m<button[39m
          [33mdata-testid[39m=[32m"notifications-btn"[39m
        [36m>[39m
          [0mNotifications[0m
        [36m</button>[39m
      [36m</div>[39m
      [36m<div[39m
        [33mclass[39m=[32m"max-w-7xl mx-auto px-2 sm:px-4 py-4 sm:py-6"[39m
      [36m>[39m
        [36m<div[39m
          [33mclass[39m=[32m"bg-white rounded-lg shadow-sm border border-gray-200 mb-4 
sm:mb-6 overflow-x-auto"[39m
        [36m>[39m
          [36m<div[39m
            [33mclass[39m=[32m"flex overflow-x-auto"[39m
          [36m>[39m
            [36m<button[39m
              [33mclass[39m=[32m"px-3 sm:px-6 py-2 sm:py-3 font-medium text-xs 
sm:text-sm transition-colors whitespace-nowrap text-gray-600 hover:text-gray-900 
hover:bg-gray-50"[39m
            [36m>[39m
              [0mΓÜí[0m
              [0m [0m
              [36m<span[39m
                [33mclass[39m=[32m"hidden sm:inline"[39m
              [36m>[39m
                [0mDashboard[0m
              [36m</span>[39m
              [36m<span[39m
                [33mclass[39m=[32m"sm:hidden"[39m
              [36m>[39m
                [0mDashboard[0m
              [36m</span>[39m
            [36m</button>[39m
            [36m<button[39m
              [33mclass[39m=[32m"px-3 sm:px-6 py-2 sm:py-3 font-medium text-xs 
sm:text-sm transition-colors whitespace-nowrap text-indigo-600 border-b-2 
border-indigo-600 bg-indigo-50"[39m
              [33mdata-tour[39m=[32m"crm-board"[39m
            [36m>[39m
              [0m≡ƒÄ»[0m
              [0m [0m
              [36m<span[39m
                [33mclass[39m=[32m"hidden sm:inline"[39m
              [36m>[39m
                [0mPipeline[0m
              [36m</span>[39m
              [36m<span[39m
                [33mclass[39m=[32m"sm:hidden"[39m
              [36m>[39m
                [0mPipeline[0m
              [36m</span>[39m
            [36m</button>[39m
            [36m<button[39m
              [33mclass[39m=[32m"px-3 sm:px-6 py-2 sm:py-3 font-medium text-xs 
sm:text-sm transition-colors whitespace-nowrap text-gray-600 hover:text-gray-900 
hover:bg-gray-50"[39m
              [33mdata-tour[39m=[32m"referral-link"[39m
            [36m>[39m
              [0m≡ƒöù[0m
              [0m [0m
              [36m<span[39m
                [33mclass[39m=[32m"hidden sm:inline"[39m
              [36m>[39m
                [0mLinks[0m
              [36m</span>[39m
              [36m<span[39m
                [33mclass[39m=[32m"sm:hidden"[39m
              [36m>[39m
                [0mLinks[0m
              [36m</span>[39m
            [36m</button>[39m
            [36m<button[39m
              [33mclass[39m=[32m"px-3 sm:px-6 py-2 sm:py-3 font-medium text-xs 
sm:text-sm transition-colors whitespace-nowrap text-gray-600 hover:text-gray-900 
hover:bg-gray-50"[39m
              [33mdata-tour[39m=[32m"materials"[39m
            [36m>[39m
              [0m≡ƒôÜ[0m
              [0m [0m
              [36m<span[39m
                [33mclass[39m=[32m"hidden sm:inline"[39m
              [36m>[39m
                [0mMateriais[0m
              [36m</span>[39m
              [36m<span[39m
                [33mclass[39m=[32m"sm:hidden"[39m
              [36m>[39m
                [0mMateriais[0m
              [36m</span>[39m
            [36m</button>[39m
            [36m<button[39m
              [33mclass[39m=[32m"px-3 sm:px-6 py-2 sm:py-3 font-medium text-xs 
sm:text-sm transition-colors whitespace-nowrap text-gray-600 hover:text-gray-900 
hover:bg-gray-50"[39m
            [36m>[39m
              [0m≡ƒôè[0m
              [0m [0m
              [36m<span[39m
                [33mclass[39m=[32m"hidden sm:inline"[39m
              [36m>[39m
                [0mStats[0m
              [36m</span>[39m
              [36m<span[39m
                [33mclass[39m=[32m"sm:hidden"[39m
              [36m>[39m
                [0mStats[0m
              [36m</span>[39m
            [36m</button>[39m
          [36m</div>[39m
        [36m</div>[39m
        [36m<div[39m
          [33mclass[39m=[32m"bg-white rounded-lg shadow-md p-6 mb-6"[39m
        [36m>[39m
          [36m<h3[39m
            [33mclass[39m=[32m"text-xl font-bold mb-4 text-gray-800"[39m
          [36m>[39m
            [0m≡ƒÜÇ Cadastro R├ípido de Leads[0m
          [36m</h3>[39m
          [36m<div[39m
            [33mclass[39m=[32m"flex gap-2 mb-4"[39m

[2m Test Files [22m [1m[31m4 failed[39m[22m[2m | [22m[1m[32m200 passed[39m[22m[2m | [22m[33m4 skipped[39m[90m (208)[39m
          [36m>[39m
            [36m<button[39m
              [33mclass[39m=[32m"px-4 py-2 rounded-lg font-medium transition 
bg-purple-600 text-white"[39m
            [36m>[39m
              [0m≡ƒô¥ Colar Texto[0m
            [36m</button>[39m
            [36m<button[39m
              [33mclass[39m=[32m"px-4 py-2 rounded-lg font-medium transition 
bg-gray-100 text-gray-600 hover:bg-gray-200"[39m
            [36m>[39m
              [0mΓ£Å∩╕Å Formul├írio[0m
            [36m</button>[39m
            [36m<button[39m
              [33mclass[39m=[32m"px-4 py-2 rounded-lg font-medium transition 
bg-gray-100 text-gray-600 hover:bg-gray-200"[39m
            [36m>[39m
              [0m≡ƒôü Upload CSV[0m
            [36m</button>[39m
          [36m</div>[39m
          [36m<div>[39m
            [36m<textarea[39m
              [33mclass[39m=[32m"w-full h-48 p-4 border border-gray-300 rounded-lg 
focus:ring-2 focus:ring-purple-500 focus:border-transparent font-mono text-sm"[39m
              [33mplaceholder[39m=[32m"Cole seus leads aqui. Formatos aceitos:

Nome, Telefone, Email, Categoria
Jo├úo Silva, (11) 98765-4321, joao@email.com, Eletricista
Maria Souza, (21) 91234-5678, maria@email.com, Pintora

Ou formato simplificado:
Jo├úo Silva - (11) 98765-4321
Maria Souza - (21) 91234-5678"[39m
            [36m/>[39m
            [36m<p[39m
              [33mclass[39m=[32m"text-sm text-gray-500 mt-2"[39m
            [36m>[39m
              [0m≡ƒÆí Dica: Cole uma lista de nomes e telefones. A IA enriquecer├í os 
dados automaticamente.[0m
            [36m</p>[39m
          [36m</div>[39m
          [36m<button[39m
            [33mclass[39m=[32m"mt-4 w-full bg-gradient-to-r from-purple-600 
to-indigo-600 text-white font-bold py-3 px-6 rounded-lg hover:from-purple-700 
hover:to-indigo-700 disabled:opacity-50 disabled:cursor-not-allowed transition flex 
items-center justify-center gap-2"[39m
            [33mdisabled[39m=[32m""[39m
          [36m>[39m
            [36m<span>[39m
              [0m≡ƒÜÇ[0m
            [36m</span>[39m
            [36m<span>[39m
              [0mImportar e Enriquecer com IA[0m
            [36m</span>[39m
          [36m</button>[39m
        [36m</div>[39m
        [36m<div[39m
          [33mdata-testid[39m=[32m"prospector-crm-professional"[39m
        [36m>[39m
          [0mCRM Professional[0m
        [36m</div>[39m
      [36m</div>[39m
    [36m</div>[39m
  [36m</div>[39m
[36m</body>[39m
[90m [2mΓ¥»[22m Object.getElementError 
node_modules/@testing-library/dom/dist/config.js:[2m37:19[22m[39m
[90m [2mΓ¥»[22m 
node_modules/@testing-library/dom/dist/query-helpers.js:[2m76:38[22m[39m
[90m [2mΓ¥»[22m 
node_modules/@testing-library/dom/dist/query-helpers.js:[2m52:17[22m[39m
[90m [2mΓ¥»[22m 
node_modules/@testing-library/dom/dist/query-helpers.js:[2m95:19[22m[39m
[36m [2mΓ¥»[22m tests/week3/ProspectorDashboard.expansion.test.tsx:[2m570:35[22m[39m
    [90m568| [39m      [90m// Navigate to Dashboard tab[39m
    [90m569| [39m      [35mconst[39m user [33m=[39m 
userEvent[33m.[39m[34msetup[39m()[33m;[39m
    [90m570| [39m      const dashboardTab = screen.getByRole('button', { name: 
/dashboaΓÇª
    [90m   | [39m                                  [31m^[39m
    [90m571| [39m      [35mawait[39m 
user[33m.[39m[34mclick[39m(dashboardTab)[33m;[39m
    [90m572| [39m

[31m[2mΓÄ»ΓÄ»ΓÄ»ΓÄ»ΓÄ»ΓÄ»ΓÄ»ΓÄ»ΓÄ»ΓÄ»ΓÄ»ΓÄ»ΓÄ»ΓÄ»ΓÄ»ΓÄ»ΓÄ»ΓÄ»ΓÄ»ΓÄ»ΓÄ»ΓÄ»ΓÄ»[9/23]ΓÄ»[22
m[39m

[2m      Tests [22m [1m[31m23 failed[39m[22m[2m | [22m[1m[32m2894 passed[39m[22m[2m | [22m[33m64 skipped[39m[90m (2981)[39m
[2m   Start at [22m 11:51:38
[2m   Duration [22m 50.47s[2m (transform 19.04s, setup 144.89s, import 51.30s, tests 74.84s, environment 334.39s)[22m

