
> servio-ai-frontend@0.0.0 test
> vitest run --coverage


[1m[7m[36m RUN [39m[27m[22m [36mv2.1.9 [39m[90mC:/Users/JE/servio.ai[39m
      [2mCoverage enabled with [22m[33mv8[39m

stderr | tests/errorMessages.test.ts > errorMessages > createErrorHandler > cria handler que retorna mensagem e a├º├úo
[Error] {
  timestamp: '2025-11-15T14:59:33.302Z',
  context: 'payment',
  code: 'E_NETWORK',
  message: 'Network error',
  status: undefined,
  details: undefined,
  stack: undefined
}

stderr | tests/errorMessages.test.ts > errorMessages > createErrorHandler > chama callback de retry quando a├º├úo ├® executada
[Error] {
  timestamp: '2025-11-15T14:59:33.313Z',
  context: 'unknown',
  code: 'E_NETWORK',
  message: 'Network error',
  status: undefined,
  details: undefined,
  stack: undefined
}

stderr | tests/errorMessages.test.ts > errorMessages > createErrorHandler > chama callback de auth quando a├º├úo ├® login
[Error] {
  timestamp: '2025-11-15T14:59:33.321Z',
  context: 'unknown',
  code: 'E_AUTH',
  message: 'Unauthorized',
  status: undefined,
  details: undefined,
  stack: undefined
}

 [32mÔ£ô[39m tests/errorMessages.test.ts [2m([22m[2m22 tests[22m[2m)[22m[90m 86[2mms[22m[39m
[90mstdout[2m | tests/e2e_admin_dashboard.test.mjs[2m > [22m[2mAdmin Dashboard E2E (API integration)[2m > [22m[2m01 creates admin, client, provider users
[22m[39m
[TEST 1] Setup admin authentication...

stderr | tests/api.edgecases.test.ts > API Service - Edge Cases > Error handling > deve lidar com erros de rede corretamente
Failed to fetch users from backend, using mock data

stderr | tests/api.edgecases.test.ts > API Service - Edge Cases > Error handling > deve lidar com resposta 500 do servidor
Failed to fetch users from backend, using mock data

stderr | tests/api.edgecases.test.ts > API Service - Edge Cases > Error handling > deve lidar com resposta 404 n├úo encontrada
Failed to fetch users from backend, using mock data

stderr | tests/api.edgecases.test.ts > API Service - Edge Cases > Error handling > deve lidar com JSON inv├ílido na resposta
Failed to fetch users from backend, using mock data

 [31mÔØ»[39m tests/AIJobRequestWizard.test.tsx [2m([22m[2m0 test[22m[2m)[22m
stderr | tests/api.errorHandling.test.ts > apiCall - Error Handling > E_TIMEOUT - AbortController > deve lan├ºar E_TIMEOUT quando AbortError ocorre
[api] Timeout on /api/stripe/create-connect-account Error: Tempo de resposta excedido. Tente novamente.
    at makeApiError (C:\Users\JE\servio.ai\services\api.ts:58:15)
    at apiCall (C:\Users\JE\servio.ai\services\api.ts:96:22)
    at processTicksAndRejections (node:internal/process/task_queues:105:5) {
  code: 'E_TIMEOUT'
}

 [32mÔ£ô[39m tests/api.errorHandling.test.ts [2m([22m[2m14 tests[22m[2m)[22m[90m 154[2mms[22m[39m
stderr | tests/api.test.ts > API Service > fetchAllUsers > deve retornar mock data quando backend falha
Failed to fetch users from backend, using mock data

stderr | tests/api.test.ts > API Service > Error handling > deve usar fallback para mock data em caso de erro de rede
Failed to fetch users from backend, using mock data

stderr | tests/api.test.ts > API Service > Error Handling > deve retornar mock data quando API retorna 404
Failed to fetch users from backend, using mock data

stderr | tests/api.test.ts > API Service > Error Handling > deve lan├ºar erro em opera├º├Áes cr├¡ticas sem fallback
Failed to create job: Error: Falha de rede. Verifique sua conex├úo.
    at makeApiError (C:\Users\JE\servio.ai\services\api.ts:58:15)
    at apiCall (C:\Users\JE\servio.ai\services\api.ts:103:11)
    at processTicksAndRejections (node:internal/process/task_queues:105:5)
    at Module.createJob (C:\Users\JE\servio.ai\services\api.ts:368:12) {
  code: 'E_NETWORK'
}

 [32mÔ£ô[39m tests/api.test.ts [2m([22m[2m19 tests[22m[2m)[22m[90m 170[2mms[22m[39m
stderr | tests/api.edgecases.test.ts > API Service - Edge Cases > Error handling > deve lidar com timeout de requisi├º├úo
Failed to fetch users from backend, using mock data

stderr | tests/api.edgecases.test.ts > API Service - Edge Cases > Concorr├¬ncia > deve manter isolamento entre requisi├º├Áes paralelas que falham
Failed to fetch users from backend, using mock data

stderr | tests/api.edgecases.test.ts > API Service - Edge Cases > Rate limiting e retry > deve lidar com resposta 429 (Too Many Requests)
Failed to fetch users from backend, using mock data

stderr | tests/api.edgecases.test.ts > API Service - Edge Cases > Rate limiting e retry > deve lidar com m├║ltiplas falhas consecutivas
Failed to fetch users from backend, using mock data
Failed to fetch users from backend, using mock data

stderr | tests/api.edgecases.test.ts > API Service - Edge Cases > Headers e autentica├º├úo > deve lidar com erro de autentica├º├úo (401)
Failed to fetch users from backend, using mock data

stderr | tests/api.edgecases.test.ts > API Service - Edge Cases > Headers e autentica├º├úo > deve lidar com erro de permiss├úo (403)
Failed to fetch users from backend, using mock data

stderr | tests/api.edgecases.test.ts > API Service - Edge Cases > Fallback para mock data > deve usar mock data quando backend est├í indispon├¡vel
Failed to fetch users from backend, using mock data

stderr | tests/api.edgecases.test.ts > API Service - Edge Cases > Fallback para mock data > deve usar mock data quando resposta ├® inv├ílida
Failed to fetch users from backend, using mock data

 [32mÔ£ô[39m tests/api.edgecases.test.ts [2m([22m[2m17 tests[22m[2m)[22m[33m 430[2mms[22m[39m
 [32mÔ£ô[39m tests/adminMetrics.test.ts [2m([22m[2m16 tests[22m[2m)[22m[33m 832[2mms[22m[39m
   [33m[2mÔ£ô[22m[39m adminMetrics[2m > [22mformatCurrencyBRL[2m > [22mdeve formatar valores em BRL corretamente [33m654[2mms[22m[39m
[90mstdout[2m | tests/e2e_admin_dashboard.test.mjs[2m > [22m[2mAdmin Dashboard E2E (API integration)[2m > [22m[2m01 creates admin, client, provider users
[22m[39mÔ£ô Admin created: admin-test-1763218772811@servio.test

[90mstdout[2m | tests/e2e_admin_dashboard.test.mjs[2m > [22m[2mAdmin Dashboard E2E (API integration)[2m > [22m[2m01 creates admin, client, provider users
[22m[39mÔ£ô Client created: client-analytics-1763218774387@servio.test

[90mstdout[2m | tests/e2e_admin_dashboard.test.mjs[2m > [22m[2mAdmin Dashboard E2E (API integration)[2m > [22m[2m01 creates admin, client, provider users
[22m[39mÔ£ô Provider created: provider-analytics-1763218774793@servio.test

[90mstdout[2m | tests/e2e_admin_dashboard.test.mjs[2m > [22m[2mAdmin Dashboard E2E (API integration)[2m > [22m[2m02 lists users including test subset
[22m[39m
[TEST 2] Fetch all users for analytics...

[90mstdout[2m | tests/e2e_admin_dashboard.test.mjs[2m > [22m[2mAdmin Dashboard E2E (API integration)[2m > [22m[2m02 lists users including test subset
[22m[39mÔ£ô Fetched 407 users (test subset: 398) successfully

[90mstdout[2m | tests/e2e_admin_dashboard.test.mjs[2m > [22m[2mAdmin Dashboard E2E (API integration)[2m > [22m[2m03 creates and completes job with earnings
[22m[39m
[TEST 3] Create job for analytics data...

[90mstdout[2m | tests/e2e_admin_dashboard.test.mjs[2m > [22m[2mAdmin Dashboard E2E (API integration)[2m > [22m[2m03 creates and completes job with earnings
[22m[39mÔ£ô Job created: wlFplnlSc1tRsT77Hrfx

[90mstdout[2m | tests/e2e_admin_dashboard.test.mjs[2m > [22m[2mAdmin Dashboard E2E (API integration)[2m > [22m[2m03 creates and completes job with earnings
[22m[39mÔ£ô Job completed with earnings

[90mstdout[2m | tests/e2e_admin_dashboard.test.mjs[2m > [22m[2mAdmin Dashboard E2E (API integration)[2m > [22m[2m04 aggregates revenue metrics
[22m[39m
[TEST 4] Verify analytics includes revenue data...

stderr | tests/AdminDashboard.test.tsx > AdminDashboard > deve renderizar o dashboard do admin com loading inicial
Failed to load admin analytics data: Error: [vitest] No "fetchJobs" export is defined on the "../services/api" mock. Did you forget to return it from "vi.mock"?
If you need to partially mock a module, you can use "importOriginal" helper inside:

    at VitestMocker.createError (file:///C:/Users/JE/servio.ai/node_modules/vitest/dist/chunks/execute.2pr0rHgK.js:321:19)
    at Object.get (file:///C:/Users/JE/servio.ai/node_modules/vitest/dist/chunks/execute.2pr0rHgK.js:389:22)
    at loadData (C:\Users\JE\servio.ai\components\useAdminAnalyticsData.ts:20:15)
    at C:\Users\JE\servio.ai\components\useAdminAnalyticsData.ts:36:5
    at commitHookEffectListMount (C:\Users\JE\servio.ai\node_modules\react-dom\cjs\react-dom.development.js:23189:26)
    at commitPassiveMountOnFiber (C:\Users\JE\servio.ai\node_modules\react-dom\cjs\react-dom.development.js:24970:11)
    at commitPassiveMountEffects_complete (C:\Users\JE\servio.ai\node_modules\react-dom\cjs\react-dom.development.js:24930:9)
    at commitPassiveMountEffects_begin (C:\Users\JE\servio.ai\node_modules\react-dom\cjs\react-dom.development.js:24917:7)
    at commitPassiveMountEffects (C:\Users\JE\servio.ai\node_modules\react-dom\cjs\react-dom.development.js:24905:3)
    at flushPassiveEffectsImpl (C:\Users\JE\servio.ai\node_modules\react-dom\cjs\react-dom.development.js:27078:3) {
  codeFrame: 'vi\x1B[33m.\x1B[39m\x1B[34mmock\x1B[39m(\x1B[35mimport\x1B[39m(\x1B[32m"../services/api"\x1B[39m)\x1B[33m,\x1B[39m \x1B[35masync\x1B[39m (importOriginal) \x1B[33m=>\x1B[39m {\n' +
    '  \x1B[35mconst\x1B[39m actual \x1B[33m=\x1B[39m \x1B[35mawait\x1B[39m \x1B[34mimportOriginal\x1B[39m()\n' +
    '  \x1B[35mreturn\x1B[39m {\n' +
    '    \x1B[33m...\x1B[39mactual\x1B[33m,\x1B[39m\n' +
    '    \x1B[90m// your mocked methods\x1B[39m\n' +
    '  }\n' +
    '})'
}
ÔÜá´©Å React Router Future Flag Warning: React Router will begin wrapping state updates in `React.startTransition` in v7. You can use the `v7_startTransition` future flag to opt-in early. For more information, see https://reactrouter.com/v6/upgrading/future#v7_starttransition.
ÔÜá´©Å React Router Future Flag Warning: Relative route resolution within Splat routes is changing in v7. You can use the `v7_relativeSplatPath` future flag to opt-in early. For more information, see https://reactrouter.com/v6/upgrading/future#v7_relativesplatpath.

stderr | tests/AdminDashboard.test.tsx > AdminDashboard > deve exibir analytics ap├│s carregamento
Failed to load admin analytics data: Error: [vitest] No "fetchJobs" export is defined on the "../services/api" mock. Did you forget to return it from "vi.mock"?
If you need to partially mock a module, you can use "importOriginal" helper inside:

    at VitestMocker.createError (file:///C:/Users/JE/servio.ai/node_modules/vitest/dist/chunks/execute.2pr0rHgK.js:321:19)
    at Object.get (file:///C:/Users/JE/servio.ai/node_modules/vitest/dist/chunks/execute.2pr0rHgK.js:389:22)
    at loadData (C:\Users\JE\servio.ai\components\useAdminAnalyticsData.ts:20:15)
    at C:\Users\JE\servio.ai\components\useAdminAnalyticsData.ts:36:5
    at commitHookEffectListMount (C:\Users\JE\servio.ai\node_modules\react-dom\cjs\react-dom.development.js:23189:26)
    at commitPassiveMountOnFiber (C:\Users\JE\servio.ai\node_modules\react-dom\cjs\react-dom.development.js:24970:11)
    at commitPassiveMountEffects_complete (C:\Users\JE\servio.ai\node_modules\react-dom\cjs\react-dom.development.js:24930:9)
    at commitPassiveMountEffects_begin (C:\Users\JE\servio.ai\node_modules\react-dom\cjs\react-dom.development.js:24917:7)
    at commitPassiveMountEffects (C:\Users\JE\servio.ai\node_modules\react-dom\cjs\react-dom.development.js:24905:3)
    at flushPassiveEffectsImpl (C:\Users\JE\servio.ai\node_modules\react-dom\cjs\react-dom.development.js:27078:3) {
  codeFrame: 'vi\x1B[33m.\x1B[39m\x1B[34mmock\x1B[39m(\x1B[35mimport\x1B[39m(\x1B[32m"../services/api"\x1B[39m)\x1B[33m,\x1B[39m \x1B[35masync\x1B[39m (importOriginal) \x1B[33m=>\x1B[39m {\n' +
    '  \x1B[35mconst\x1B[39m actual \x1B[33m=\x1B[39m \x1B[35mawait\x1B[39m \x1B[34mimportOriginal\x1B[39m()\n' +
    '  \x1B[35mreturn\x1B[39m {\n' +
    '    \x1B[33m...\x1B[39mactual\x1B[33m,\x1B[39m\n' +
    '    \x1B[90m// your mocked methods\x1B[39m\n' +
    '  }\n' +
    '})'
}

[90mstdout[2m | tests/e2e_admin_dashboard.test.mjs[2m > [22m[2mAdmin Dashboard E2E (API integration)[2m > [22m[2m04 aggregates revenue metrics
[22m[39mÔ£ô Total revenue: R$ 19800.00
Ô£ô Platform revenue: R$ 3937.50

[90mstdout[2m | tests/e2e_admin_dashboard.test.mjs[2m > [22m[2mAdmin Dashboard E2E (API integration)[2m > [22m[2m05-08 dispute flow (skipped if endpoint missing)
[22m[39m
[TEST 5] Create dispute for resolution testing...

stderr | tests/AdminDashboard.test.tsx > AdminDashboard > deve filtrar jobs por status
Failed to load admin analytics data: Error: [vitest] No "fetchJobs" export is defined on the "../services/api" mock. Did you forget to return it from "vi.mock"?
If you need to partially mock a module, you can use "importOriginal" helper inside:

    at VitestMocker.createError (file:///C:/Users/JE/servio.ai/node_modules/vitest/dist/chunks/execute.2pr0rHgK.js:321:19)
    at Object.get (file:///C:/Users/JE/servio.ai/node_modules/vitest/dist/chunks/execute.2pr0rHgK.js:389:22)
    at loadData (C:\Users\JE\servio.ai\components\useAdminAnalyticsData.ts:20:15)
    at C:\Users\JE\servio.ai\components\useAdminAnalyticsData.ts:36:5
    at commitHookEffectListMount (C:\Users\JE\servio.ai\node_modules\react-dom\cjs\react-dom.development.js:23189:26)
    at commitPassiveMountOnFiber (C:\Users\JE\servio.ai\node_modules\react-dom\cjs\react-dom.development.js:24970:11)
    at commitPassiveMountEffects_complete (C:\Users\JE\servio.ai\node_modules\react-dom\cjs\react-dom.development.js:24930:9)
    at commitPassiveMountEffects_begin (C:\Users\JE\servio.ai\node_modules\react-dom\cjs\react-dom.development.js:24917:7)
    at commitPassiveMountEffects (C:\Users\JE\servio.ai\node_modules\react-dom\cjs\react-dom.development.js:24905:3)
    at flushPassiveEffectsImpl (C:\Users\JE\servio.ai\node_modules\react-dom\cjs\react-dom.development.js:27078:3) {
  codeFrame: 'vi\x1B[33m.\x1B[39m\x1B[34mmock\x1B[39m(\x1B[35mimport\x1B[39m(\x1B[32m"../services/api"\x1B[39m)\x1B[33m,\x1B[39m \x1B[35masync\x1B[39m (importOriginal) \x1B[33m=>\x1B[39m {\n' +
    '  \x1B[35mconst\x1B[39m actual \x1B[33m=\x1B[39m \x1B[35mawait\x1B[39m \x1B[34mimportOriginal\x1B[39m()\n' +
    '  \x1B[35mreturn\x1B[39m {\n' +
    '    \x1B[33m...\x1B[39mactual\x1B[33m,\x1B[39m\n' +
    '    \x1B[90m// your mocked methods\x1B[39m\n' +
    '  }\n' +
    '})'
}

[90mstdout[2m | tests/e2e_admin_dashboard.test.mjs[2m > [22m[2mAdmin Dashboard E2E (API integration)[2m > [22m[2m05-08 dispute flow (skipped if endpoint missing)
[22m[39mÔ£ô Dispute created: GGNCSzCvBvOpV2ytlExF

[TEST 6] Fetch disputes for analytics...

[90mstdout[2m | tests/e2e_admin_dashboard.test.mjs[2m > [22m[2mAdmin Dashboard E2E (API integration)[2m > [22m[2m05-08 dispute flow (skipped if endpoint missing)
[22m[39mÔ£ô Total disputes: 122
Ô£ô Open disputes: 122
Ô£ô Resolved disputes: 0

[TEST 6b] Seed escrow for job (optional)...

[90mstdout[2m | tests/e2e_admin_dashboard.test.mjs[2m > [22m[2mAdmin Dashboard E2E (API integration)[2m > [22m[2m05-08 dispute flow (skipped if endpoint missing)
[22m[39mÔåÀ Skipped: test-utils escrow seeding not available

[TEST 7] Resolve dispute as admin...

[90mstdout[2m | tests/e2e_admin_dashboard.test.mjs[2m > [22m[2mAdmin Dashboard E2E (API integration)[2m > [22m[2m05-08 dispute flow (skipped if endpoint missing)
[22m[39mÔåÀ Resolution skipped: 404 - {"error":"Escrow record not found for this job."}
  (Endpoint requer escrow configurado - teste manual necess├írio)

[TEST 8] Verify dispute resolution in analytics...

[90mstdout[2m | tests/e2e_admin_dashboard.test.mjs[2m > [22m[2mAdmin Dashboard E2E (API integration)[2m > [22m[2m05-08 dispute flow (skipped if endpoint missing)
[22m[39mÔåÀ Skipped: dispute resolution was not completed (requires escrow setup)

[90mstdout[2m | tests/e2e_admin_dashboard.test.mjs[2m > [22m[2mAdmin Dashboard E2E (API integration)[2m > [22m[2m09 creates sentiment alert
[22m[39m
[TEST 9] Create fraud alert for analytics...

[90mstdout[2m | tests/e2e_admin_dashboard.test.mjs[2m > [22m[2mAdmin Dashboard E2E (API integration)[2m > [22m[2m09 creates sentiment alert
[22m[39mÔ£ô Fraud alert created with risk score: 8

[90mstdout[2m | tests/e2e_admin_dashboard.test.mjs[2m > [22m[2mAdmin Dashboard E2E (API integration)[2m > [22m[2m10 lists sentiment alerts
[22m[39m
[TEST 10] Fetch fraud alerts for analytics...

 [32mÔ£ô[39m tests/PaymentModal.test.tsx [2m([22m[2m7 tests[22m[2m)[22m[33m 5555[2mms[22m[39m
   [33m[2mÔ£ô[22m[39m PaymentModal[2m > [22mchama onClose quando clicar no bot├úo Cancelar [33m2079[2mms[22m[39m
   [33m[2mÔ£ô[22m[39m PaymentModal[2m > [22mchama onClose quando clicar no bot├úo X [33m1007[2mms[22m[39m
   [33m[2mÔ£ô[22m[39m PaymentModal[2m > [22mchama onConfirmPayment e exibe loading ao clicar em Pagar [33m638[2mms[22m[39m
   [33m[2mÔ£ô[22m[39m PaymentModal[2m > [22mexibe mensagem de erro quando onConfirmPayment falha [33m504[2mms[22m[39m
   [33m[2mÔ£ô[22m[39m PaymentModal[2m > [22mdesabilita bot├Áes durante loading [33m902[2mms[22m[39m
[90mstdout[2m | tests/e2e_admin_dashboard.test.mjs[2m > [22m[2mAdmin Dashboard E2E (API integration)[2m > [22m[2m10 lists sentiment alerts
[22m[39mÔ£ô Total fraud alerts: 128
Ô£ô New alerts: 128
Ô£ô High risk alerts: 128

stderr | tests/AdminDashboard.test.tsx > AdminDashboard > deve permitir suspender um provedor
Failed to load admin analytics data: Error: [vitest] No "fetchJobs" export is defined on the "../services/api" mock. Did you forget to return it from "vi.mock"?
If you need to partially mock a module, you can use "importOriginal" helper inside:

    at VitestMocker.createError (file:///C:/Users/JE/servio.ai/node_modules/vitest/dist/chunks/execute.2pr0rHgK.js:321:19)
    at Object.get (file:///C:/Users/JE/servio.ai/node_modules/vitest/dist/chunks/execute.2pr0rHgK.js:389:22)
    at loadData (C:\Users\JE\servio.ai\components\useAdminAnalyticsData.ts:20:15)
    at C:\Users\JE\servio.ai\components\useAdminAnalyticsData.ts:36:5
    at commitHookEffectListMount (C:\Users\JE\servio.ai\node_modules\react-dom\cjs\react-dom.development.js:23189:26)
    at commitPassiveMountOnFiber (C:\Users\JE\servio.ai\node_modules\react-dom\cjs\react-dom.development.js:24970:11)
    at commitPassiveMountEffects_complete (C:\Users\JE\servio.ai\node_modules\react-dom\cjs\react-dom.development.js:24930:9)
    at commitPassiveMountEffects_begin (C:\Users\JE\servio.ai\node_modules\react-dom\cjs\react-dom.development.js:24917:7)
    at commitPassiveMountEffects (C:\Users\JE\servio.ai\node_modules\react-dom\cjs\react-dom.development.js:24905:3)
    at flushPassiveEffectsImpl (C:\Users\JE\servio.ai\node_modules\react-dom\cjs\react-dom.development.js:27078:3) {
  codeFrame: 'vi\x1B[33m.\x1B[39m\x1B[34mmock\x1B[39m(\x1B[35mimport\x1B[39m(\x1B[32m"../services/api"\x1B[39m)\x1B[33m,\x1B[39m \x1B[35masync\x1B[39m (importOriginal) \x1B[33m=>\x1B[39m {\n' +
    '  \x1B[35mconst\x1B[39m actual \x1B[33m=\x1B[39m \x1B[35mawait\x1B[39m \x1B[34mimportOriginal\x1B[39m()\n' +
    '  \x1B[35mreturn\x1B[39m {\n' +
    '    \x1B[33m...\x1B[39mactual\x1B[33m,\x1B[39m\n' +
    '    \x1B[90m// your mocked methods\x1B[39m\n' +
    '  }\n' +
    '})'
}

stderr | tests/AuctionRoomModal.test.tsx > AuctionRoomModal > contador encerra ap├│s expirar (fake timers)
Warning: `ReactDOMTestUtils.act` is deprecated in favor of `React.act`. Import `act` from `react` instead of `react-dom/test-utils`. See https://react.dev/warnings/react-dom-test-utils for more info.

 [32mÔ£ô[39m tests/AuctionRoomModal.test.tsx [2m([22m[2m7 tests[22m[2m)[22m[33m 6126[2mms[22m[39m
   [33m[2mÔ£ô[22m[39m AuctionRoomModal[2m > [22mvalida e envia lance menor que o menor existente [33m5150[2mms[22m[39m
 [32mÔ£ô[39m tests/e2e_admin_dashboard.test.mjs [2m([22m[2m7 tests[22m[2m)[22m[33m 7123[2mms[22m[39m
   [33m[2mÔ£ô[22m[39m Admin Dashboard E2E (API integration)[2m > [22m01 creates admin, client, provider users [33m2273[2mms[22m[39m
   [33m[2mÔ£ô[22m[39m Admin Dashboard E2E (API integration)[2m > [22m02 lists users including test subset [33m707[2mms[22m[39m
   [33m[2mÔ£ô[22m[39m Admin Dashboard E2E (API integration)[2m > [22m03 creates and completes job with earnings [33m811[2mms[22m[39m
   [33m[2mÔ£ô[22m[39m Admin Dashboard E2E (API integration)[2m > [22m04 aggregates revenue metrics [33m678[2mms[22m[39m
   [33m[2mÔ£ô[22m[39m Admin Dashboard E2E (API integration)[2m > [22m05-08 dispute flow (skipped if endpoint missing) [33m1940[2mms[22m[39m
   [33m[2mÔ£ô[22m[39m Admin Dashboard E2E (API integration)[2m > [22m10 lists sentiment alerts [33m427[2mms[22m[39m
stderr | tests/AdminDashboard.test.tsx > AdminDashboard > deve chamar media├º├úo de disputa ao clicar em "Mediar"
Failed to load admin analytics data: Error: [vitest] No "fetchJobs" export is defined on the "../services/api" mock. Did you forget to return it from "vi.mock"?
If you need to partially mock a module, you can use "importOriginal" helper inside:

    at VitestMocker.createError (file:///C:/Users/JE/servio.ai/node_modules/vitest/dist/chunks/execute.2pr0rHgK.js:321:19)
    at Object.get (file:///C:/Users/JE/servio.ai/node_modules/vitest/dist/chunks/execute.2pr0rHgK.js:389:22)
    at loadData (C:\Users\JE\servio.ai\components\useAdminAnalyticsData.ts:20:15)
    at C:\Users\JE\servio.ai\components\useAdminAnalyticsData.ts:36:5
    at commitHookEffectListMount (C:\Users\JE\servio.ai\node_modules\react-dom\cjs\react-dom.development.js:23189:26)
    at commitPassiveMountOnFiber (C:\Users\JE\servio.ai\node_modules\react-dom\cjs\react-dom.development.js:24970:11)
    at commitPassiveMountEffects_complete (C:\Users\JE\servio.ai\node_modules\react-dom\cjs\react-dom.development.js:24930:9)
    at commitPassiveMountEffects_begin (C:\Users\JE\servio.ai\node_modules\react-dom\cjs\react-dom.development.js:24917:7)
    at commitPassiveMountEffects (C:\Users\JE\servio.ai\node_modules\react-dom\cjs\react-dom.development.js:24905:3)
    at flushPassiveEffectsImpl (C:\Users\JE\servio.ai\node_modules\react-dom\cjs\react-dom.development.js:27078:3) {
  codeFrame: 'vi\x1B[33m.\x1B[39m\x1B[34mmock\x1B[39m(\x1B[35mimport\x1B[39m(\x1B[32m"../services/api"\x1B[39m)\x1B[33m,\x1B[39m \x1B[35masync\x1B[39m (importOriginal) \x1B[33m=>\x1B[39m {\n' +
    '  \x1B[35mconst\x1B[39m actual \x1B[33m=\x1B[39m \x1B[35mawait\x1B[39m \x1B[34mimportOriginal\x1B[39m()\n' +
    '  \x1B[35mreturn\x1B[39m {\n' +
    '    \x1B[33m...\x1B[39mactual\x1B[33m,\x1B[39m\n' +
    '    \x1B[90m// your mocked methods\x1B[39m\n' +
    '  }\n' +
    '})'
}

 [32mÔ£ô[39m tests/DisputeModal.unit.test.tsx [2m([22m[2m10 tests[22m[2m)[22m[33m 7341[2mms[22m[39m
   [33m[2mÔ£ô[22m[39m DisputeModal (unit)[2m > [22mrenderiza cabe├ºalho e nota de pagamento pausado [33m488[2mms[22m[39m
   [33m[2mÔ£ô[22m[39m DisputeModal (unit)[2m > [22menvia mensagem ao submeter quando h├í texto e outra parte [33m2757[2mms[22m[39m
   [33m[2mÔ£ô[22m[39m DisputeModal (unit)[2m > [22mn├úo envia quando mensagem vazia ou s├│ espa├ºos [33m1032[2mms[22m[39m
   [33m[2mÔ£ô[22m[39m DisputeModal (unit)[2m > [22mn├úo envia se otherParty estiver ausente [33m1086[2mms[22m[39m
   [33m[2mÔ£ô[22m[39m DisputeModal (unit)[2m > [22mfecha ao clicar no bot├úo de fechar [33m519[2mms[22m[39m
   [33m[2mÔ£ô[22m[39m DisputeModal (unit)[2m > [22mfecha ao clicar no overlay [33m400[2mms[22m[39m
   [33m[2mÔ£ô[22m[39m DisputeModal (unit)[2m > [22menvia mensagem ao pressionar Enter [33m754[2mms[22m[39m
stderr | tests/AdminDashboard.test.tsx > AdminDashboard > deve tratar erro de API gracefully
Failed to load admin analytics data: Error: [vitest] No "fetchJobs" export is defined on the "../services/api" mock. Did you forget to return it from "vi.mock"?
If you need to partially mock a module, you can use "importOriginal" helper inside:

    at VitestMocker.createError (file:///C:/Users/JE/servio.ai/node_modules/vitest/dist/chunks/execute.2pr0rHgK.js:321:19)
    at Object.get (file:///C:/Users/JE/servio.ai/node_modules/vitest/dist/chunks/execute.2pr0rHgK.js:389:22)
    at loadData (C:\Users\JE\servio.ai\components\useAdminAnalyticsData.ts:20:15)
    at C:\Users\JE\servio.ai\components\useAdminAnalyticsData.ts:36:5
    at commitHookEffectListMount (C:\Users\JE\servio.ai\node_modules\react-dom\cjs\react-dom.development.js:23189:26)
    at commitPassiveMountOnFiber (C:\Users\JE\servio.ai\node_modules\react-dom\cjs\react-dom.development.js:24970:11)
    at commitPassiveMountEffects_complete (C:\Users\JE\servio.ai\node_modules\react-dom\cjs\react-dom.development.js:24930:9)
    at commitPassiveMountEffects_begin (C:\Users\JE\servio.ai\node_modules\react-dom\cjs\react-dom.development.js:24917:7)
    at commitPassiveMountEffects (C:\Users\JE\servio.ai\node_modules\react-dom\cjs\react-dom.development.js:24905:3)
    at flushPassiveEffectsImpl (C:\Users\JE\servio.ai\node_modules\react-dom\cjs\react-dom.development.js:27078:3) {
  codeFrame: 'vi\x1B[33m.\x1B[39m\x1B[34mmock\x1B[39m(\x1B[35mimport\x1B[39m(\x1B[32m"../services/api"\x1B[39m)\x1B[33m,\x1B[39m \x1B[35masync\x1B[39m (importOriginal) \x1B[33m=>\x1B[39m {\n' +
    '  \x1B[35mconst\x1B[39m actual \x1B[33m=\x1B[39m \x1B[35mawait\x1B[39m \x1B[34mimportOriginal\x1B[39m()\n' +
    '  \x1B[35mreturn\x1B[39m {\n' +
    '    \x1B[33m...\x1B[39mactual\x1B[33m,\x1B[39m\n' +
    '    \x1B[90m// your mocked methods\x1B[39m\n' +
    '  }\n' +
    '})'
}

stderr | tests/AdminDashboard.test.tsx > AdminDashboard > deve navegar entre abas do dashboard
Failed to load admin analytics data: Error: [vitest] No "fetchJobs" export is defined on the "../services/api" mock. Did you forget to return it from "vi.mock"?
If you need to partially mock a module, you can use "importOriginal" helper inside:

    at VitestMocker.createError (file:///C:/Users/JE/servio.ai/node_modules/vitest/dist/chunks/execute.2pr0rHgK.js:321:19)
    at Object.get (file:///C:/Users/JE/servio.ai/node_modules/vitest/dist/chunks/execute.2pr0rHgK.js:389:22)
    at loadData (C:\Users\JE\servio.ai\components\useAdminAnalyticsData.ts:20:15)
    at C:\Users\JE\servio.ai\components\useAdminAnalyticsData.ts:36:5
    at commitHookEffectListMount (C:\Users\JE\servio.ai\node_modules\react-dom\cjs\react-dom.development.js:23189:26)
    at commitPassiveMountOnFiber (C:\Users\JE\servio.ai\node_modules\react-dom\cjs\react-dom.development.js:24970:11)
    at commitPassiveMountEffects_complete (C:\Users\JE\servio.ai\node_modules\react-dom\cjs\react-dom.development.js:24930:9)
    at commitPassiveMountEffects_begin (C:\Users\JE\servio.ai\node_modules\react-dom\cjs\react-dom.development.js:24917:7)
    at commitPassiveMountEffects (C:\Users\JE\servio.ai\node_modules\react-dom\cjs\react-dom.development.js:24905:3)
    at flushPassiveEffectsImpl (C:\Users\JE\servio.ai\node_modules\react-dom\cjs\react-dom.development.js:27078:3) {
  codeFrame: 'vi\x1B[33m.\x1B[39m\x1B[34mmock\x1B[39m(\x1B[35mimport\x1B[39m(\x1B[32m"../services/api"\x1B[39m)\x1B[33m,\x1B[39m \x1B[35masync\x1B[39m (importOriginal) \x1B[33m=>\x1B[39m {\n' +
    '  \x1B[35mconst\x1B[39m actual \x1B[33m=\x1B[39m \x1B[35mawait\x1B[39m \x1B[34mimportOriginal\x1B[39m()\n' +
    '  \x1B[35mreturn\x1B[39m {\n' +
    '    \x1B[33m...\x1B[39mactual\x1B[33m,\x1B[39m\n' +
    '    \x1B[90m// your mocked methods\x1B[39m\n' +
    '  }\n' +
    '})'
}

stderr | tests/AdminDashboard.test.tsx > AdminDashboard > deve navegar entre abas do dashboard
Failed to load job management data: Error: [vitest] No "fetchJobs" export is defined on the "../services/api" mock. Did you forget to return it from "vi.mock"?
If you need to partially mock a module, you can use "importOriginal" helper inside:

    at VitestMocker.createError (file:///C:/Users/JE/servio.ai/node_modules/vitest/dist/chunks/execute.2pr0rHgK.js:321:19)
    at Object.get (file:///C:/Users/JE/servio.ai/node_modules/vitest/dist/chunks/execute.2pr0rHgK.js:389:22)
    at loadData (C:\Users\JE\servio.ai\components\AdminJobManagement.tsx:33:21)
    at C:\Users\JE\servio.ai\components\AdminJobManagement.tsx:44:5
    at commitHookEffectListMount (C:\Users\JE\servio.ai\node_modules\react-dom\cjs\react-dom.development.js:23189:26)
    at commitPassiveMountOnFiber (C:\Users\JE\servio.ai\node_modules\react-dom\cjs\react-dom.development.js:24970:11)
    at commitPassiveMountEffects_complete (C:\Users\JE\servio.ai\node_modules\react-dom\cjs\react-dom.development.js:24930:9)
    at commitPassiveMountEffects_begin (C:\Users\JE\servio.ai\node_modules\react-dom\cjs\react-dom.development.js:24917:7)
    at commitPassiveMountEffects (C:\Users\JE\servio.ai\node_modules\react-dom\cjs\react-dom.development.js:24905:3)
    at flushPassiveEffectsImpl (C:\Users\JE\servio.ai\node_modules\react-dom\cjs\react-dom.development.js:27078:3) {
  codeFrame: 'vi\x1B[33m.\x1B[39m\x1B[34mmock\x1B[39m(\x1B[35mimport\x1B[39m(\x1B[32m"../services/api"\x1B[39m)\x1B[33m,\x1B[39m \x1B[35masync\x1B[39m (importOriginal) \x1B[33m=>\x1B[39m {\n' +
    '  \x1B[35mconst\x1B[39m actual \x1B[33m=\x1B[39m \x1B[35mawait\x1B[39m \x1B[34mimportOriginal\x1B[39m()\n' +
    '  \x1B[35mreturn\x1B[39m {\n' +
    '    \x1B[33m...\x1B[39mactual\x1B[33m,\x1B[39m\n' +
    '    \x1B[90m// your mocked methods\x1B[39m\n' +
    '  }\n' +
    '})'
}

 [32mÔ£ô[39m tests/AdminDashboard.test.tsx [2m([22m[2m7 tests[22m[2m)[22m[33m 7021[2mms[22m[39m
   [33m[2mÔ£ô[22m[39m AdminDashboard[2m > [22mdeve renderizar o dashboard do admin com loading inicial [33m605[2mms[22m[39m
   [33m[2mÔ£ô[22m[39m AdminDashboard[2m > [22mdeve exibir analytics ap├│s carregamento [33m327[2mms[22m[39m
   [33m[2mÔ£ô[22m[39m AdminDashboard[2m > [22mdeve filtrar jobs por status [33m2903[2mms[22m[39m
   [33m[2mÔ£ô[22m[39m AdminDashboard[2m > [22mdeve permitir suspender um provedor [33m1222[2mms[22m[39m
   [33m[2mÔ£ô[22m[39m AdminDashboard[2m > [22mdeve chamar media├º├úo de disputa ao clicar em "Mediar" [33m784[2mms[22m[39m
   [33m[2mÔ£ô[22m[39m AdminDashboard[2m > [22mdeve navegar entre abas do dashboard [33m990[2mms[22m[39m
 [32mÔ£ô[39m tests/ProposalModal.test.tsx [2m([22m[2m9 tests[22m[2m)[22m[33m 10329[2mms[22m[39m
   [33m[2mÔ£ô[22m[39m ProposalModal[2m > [22mrenderiza modal com informa├º├Áes do job [33m322[2mms[22m[39m
   [33m[2mÔ£ô[22m[39m ProposalModal[2m > [22mfecha modal ao clicar no X [33m2171[2mms[22m[39m
   [33m[2mÔ£ô[22m[39m ProposalModal[2m > [22mpermite enviar proposta com pre├ºo e mensagem [33m3681[2mms[22m[39m
   [33m[2mÔ£ô[22m[39m ProposalModal[2m > [22mexibe erro quando pre├ºo ├® inv├ílido [33m1284[2mms[22m[39m
   [33m[2mÔ£ô[22m[39m ProposalModal[2m > [22mgera mensagem com IA quando bot├úo ├® clicado [33m828[2mms[22m[39m
   [33m[2mÔ£ô[22m[39m ProposalModal[2m > [22mexibe erro quando IA falha ao gerar mensagem [33m907[2mms[22m[39m
   [33m[2mÔ£ô[22m[39m ProposalModal[2m > [22mpermite submeter proposta sem mensagem [33m978[2mms[22m[39m
 [32mÔ£ô[39m tests/ReviewModal.test.tsx [2m([22m[2m10 tests[22m[2m)[22m[33m 11795[2mms[22m[39m
   [33m[2mÔ£ô[22m[39m ReviewModal[2m > [22mrenderiza modal com t├¡tulo e campos [33m2537[2mms[22m[39m
   [33m[2mÔ£ô[22m[39m ReviewModal[2m > [22mfecha modal ao clicar no bot├úo X [33m1279[2mms[22m[39m
   [33m[2mÔ£ô[22m[39m ReviewModal[2m > [22mn├úo permite submeter quando rating ├® 0 (bot├úo desabilitado) [33m963[2mms[22m[39m
   [33m[2mÔ£ô[22m[39m ReviewModal[2m > [22mpermite selecionar rating e submeter review [33m1962[2mms[22m[39m
   [33m[2mÔ£ô[22m[39m ReviewModal[2m > [22mpermite submeter review sem coment├írio [33m842[2mms[22m[39m
   [33m[2mÔ£ô[22m[39m ReviewModal[2m > [22mgera coment├írio com IA quando bot├úo ├® clicado [33m1074[2mms[22m[39m
   [33m[2mÔ£ô[22m[39m ReviewModal[2m > [22mexibe erro quando IA falha ao gerar coment├írio [33m1135[2mms[22m[39m
   [33m[2mÔ£ô[22m[39m ReviewModal[2m > [22mdesabilita bot├úo de gerar IA quando rating n├úo foi selecionado [33m549[2mms[22m[39m
   [33m[2mÔ£ô[22m[39m ReviewModal[2m > [22mexibe mensagem de erro ao tentar gerar IA sem rating [33m732[2mms[22m[39m
   [33m[2mÔ£ô[22m[39m ReviewModal[2m > [22mdesabilita bot├úo submit quando rating ├® 0 [33m714[2mms[22m[39m
 [32mÔ£ô[39m tests/ChatModal.test.tsx [2m([22m[2m7 tests[22m[2m)[22m[33m 10169[2mms[22m[39m
   [33m[2mÔ£ô[22m[39m ChatModal[2m > [22mrenderiza cabe├ºalho e mensagens b├ísicas [33m680[2mms[22m[39m
   [33m[2mÔ£ô[22m[39m ChatModal[2m > [22mbloqueia envio quando outra parte n├úo existe [33m3097[2mms[22m[39m
   [33m[2mÔ£ô[22m[39m ChatModal[2m > [22menvia mensagem de texto e limpa input [33m1931[2mms[22m[39m
   [33m[2mÔ£ô[22m[39m ChatModal[2m > [22mmostra sugest├úo da IA e envia resumo como notifica├º├úo de sistema [33m1255[2mms[22m[39m
   [33m[2mÔ£ô[22m[39m ChatModal[2m > [22mexibe sugest├úo de agendamento via IA (proposeScheduleFromChat) e confirma [33m714[2mms[22m[39m
   [33m[2mÔ£ô[22m[39m ChatModal[2m > [22mpermite sugerir agendamento manual e envia schedule_proposal [33m2042[2mms[22m[39m
   [33m[2mÔ£ô[22m[39m ChatModal[2m > [22mmostra proposta de agendamento recebida e permite confirmar [33m438[2mms[22m[39m
stderr | tests/api.more.test.ts > API Service ÔÇô additional coverage > fetchOpenJobs > faz fallback para MOCK_JOBS quando o backend falha
Failed to fetch open jobs from backend, using mock data

stderr | tests/api.more.test.ts > API Service ÔÇô additional coverage > Maintained Items > faz fallback para itens do mock quando o backend falha
Failed to fetch maintained items, using mock data

stderr | tests/api.more.test.ts > API Service ÔÇô additional coverage > Bids > faz fallback para MOCK_BIDS quando falha
Failed to fetch bids, using mock data

stderr | tests/api.more.test.ts > API Service ÔÇô additional coverage > Bids > filtra bids por provider no fallback
Failed to fetch bids for provider fernanda.design@email.com from backend, using mock data

 [32mÔ£ô[39m tests/api.more.test.ts [2m([22m[2m9 tests[22m[2m)[22m[90m 63[2mms[22m[39m
 [32mÔ£ô[39m tests/AuthModal.test.tsx [2m([22m[2m9 tests[22m[2m)[22m[33m 1458[2mms[22m[39m
   [33m[2mÔ£ô[22m[39m AuthModal[2m > [22mrenderiza t├¡tulo de login e envia credenciais [33m488[2mms[22m[39m
 [32mÔ£ô[39m tests/api.payments.test.ts [2m([22m[2m9 tests[22m[2m)[22m[90m 46[2mms[22m[39m
stderr | tests/ProviderOnboarding.test.tsx > ProviderOnboarding > deve renderizar a primeira etapa (Welcome) e a barra de progresso por padr├úo
ÔÜá´©Å React Router Future Flag Warning: React Router will begin wrapping state updates in `React.startTransition` in v7. You can use the `v7_startTransition` future flag to opt-in early. For more information, see https://reactrouter.com/v6/upgrading/future#v7_starttransition.
ÔÜá´©Å React Router Future Flag Warning: Relative route resolution within Splat routes is changing in v7. You can use the `v7_relativeSplatPath` future flag to opt-in early. For more information, see https://reactrouter.com/v6/upgrading/future#v7_relativesplatpath.

stderr | tests/api.proposals.test.ts > Proposal Management > createProposal > valida pre├ºo m├¡nimo na proposta
Failed to create proposal: Error: Erro interno do servidor. Tente mais tarde.
    at makeApiError (C:\Users\JE\servio.ai\services\api.ts:58:15)
    at apiCall (C:\Users\JE\servio.ai\services\api.ts:90:13)
    at processTicksAndRejections (node:internal/process/task_queues:105:5)
    at Module.createProposal (C:\Users\JE\servio.ai\services\api.ts:440:12)
    at C:\Users\JE\servio.ai\tests\api.proposals.test.ts:50:7
    at file:///C:/Users/JE/servio.ai/node_modules/@vitest/runner/dist/index.js:533:5
    at runTest (file:///C:/Users/JE/servio.ai/node_modules/@vitest/runner/dist/index.js:1056:11)
    at runSuite (file:///C:/Users/JE/servio.ai/node_modules/@vitest/runner/dist/index.js:1205:15)
    at runSuite (file:///C:/Users/JE/servio.ai/node_modules/@vitest/runner/dist/index.js:1205:15)
    at runSuite (file:///C:/Users/JE/servio.ai/node_modules/@vitest/runner/dist/index.js:1205:15) {
  code: 'E_SERVER',
  details: { error: 'Pre├ºo m├¡nimo ├® R$ 50' }
}

stderr | tests/api.proposals.test.ts > Proposal Management > createProposal > valida descri├º├úo obrigat├│ria
Failed to create proposal: Error: Falha de rede. Verifique sua conex├úo.
    at makeApiError (C:\Users\JE\servio.ai\services\api.ts:58:15)
    at apiCall (C:\Users\JE\servio.ai\services\api.ts:103:11)
    at processTicksAndRejections (node:internal/process/task_queues:105:5)
    at Module.createProposal (C:\Users\JE\servio.ai\services\api.ts:440:12) {
  code: 'E_NETWORK'
}

stderr | tests/api.proposals.test.ts > Proposal Management > createProposal > previne duplicata de proposta do mesmo provider
Failed to create proposal: Error: Erro interno do servidor. Tente mais tarde.
    at makeApiError (C:\Users\JE\servio.ai\services\api.ts:58:15)
    at apiCall (C:\Users\JE\servio.ai\services\api.ts:90:13)
    at processTicksAndRejections (node:internal/process/task_queues:105:5)
    at Module.createProposal (C:\Users\JE\servio.ai\services\api.ts:440:12)
    at C:\Users\JE\servio.ai\tests\api.proposals.test.ts:71:7
    at file:///C:/Users/JE/servio.ai/node_modules/@vitest/runner/dist/index.js:533:5
    at runTest (file:///C:/Users/JE/servio.ai/node_modules/@vitest/runner/dist/index.js:1056:11)
    at runSuite (file:///C:/Users/JE/servio.ai/node_modules/@vitest/runner/dist/index.js:1205:15)
    at runSuite (file:///C:/Users/JE/servio.ai/node_modules/@vitest/runner/dist/index.js:1205:15)
    at runSuite (file:///C:/Users/JE/servio.ai/node_modules/@vitest/runner/dist/index.js:1205:15) {
  code: 'E_SERVER',
  details: { error: 'Proposta j├í existe para este job' }
}

 [32mÔ£ô[39m tests/api.proposals.test.ts [2m([22m[2m7 tests[22m[2m)[22m[90m 87[2mms[22m[39m
 [32mÔ£ô[39m tests/modals.test.tsx [2m([22m[2m5 tests[22m[2m)[22m[33m 3984[2mms[22m[39m
   [33m[2mÔ£ô[22m[39m Modals Suite[2m > [22mDisputeModal[2m > [22mrenderiza mensagens existentes e envia nova mensagem [33m534[2mms[22m[39m
   [33m[2mÔ£ô[22m[39m Modals Suite[2m > [22mDisputeModal[2m > [22mn├úo envia mensagem vazia [33m1157[2mms[22m[39m
   [33m[2mÔ£ô[22m[39m Modals Suite[2m > [22mReviewModal[2m > [22menvia avalia├º├úo com rating e coment├írio [33m980[2mms[22m[39m
   [33m[2mÔ£ô[22m[39m Modals Suite[2m > [22mServiceCatalogModal[2m > [22madiciona e remove servi├ºo do cat├ílogo [33m1046[2mms[22m[39m
 [32mÔ£ô[39m tests/JobCard.test.tsx [2m([22m[2m9 tests[22m[2m)[22m[33m 3059[2mms[22m[39m
   [33m[2mÔ£ô[22m[39m JobCard[2m > [22mrenderiza informa├º├Áes b├ísicas e pre├ºo fixo quando tabelado [33m1430[2mms[22m[39m
   [33m[2mÔ£ô[22m[39m JobCard[2m > [22mmostra bot├úo de FAQ e abre modal com FAQ gerada [33m627[2mms[22m[39m
   [33m[2mÔ£ô[22m[39m JobCard[2m > [22mem servi├ºo n├úo-leil├úo, com proposta enviada, mant├®m bot├úo habilitado e altera o texto [33m399[2mms[22m[39m
stderr | tests/api.matchProviders.test.ts > matchProvidersForJob > faz fallback para matching b├ísico quando backend falha
AI matching failed, using basic local matching
Failed to fetch providers from backend, using mock data

 [32mÔ£ô[39m tests/api.matchProviders.test.ts [2m([22m[2m6 tests[22m[2m)[22m[90m 51[2mms[22m[39m
stderr | tests/App.createJobFlow.test.tsx > App - Fluxo Criar Job (integra├º├úo leve) > feliz: cria job, faz matching e notifica prestadores
[FCM] Messaging not supported in this browser.

stderr | tests/App.createJobFlow.test.tsx > App - Fluxo Criar Job (integra├º├úo leve) > feliz: cria job, faz matching e notifica prestadores
Warning: An update to App inside a test was not wrapped in act(...).

When testing, code that causes React state updates should be wrapped into act(...):

act(() => {
  /* fire events that update state */
});
/* assert on the output */

This ensures that you're testing the behavior the user would see in the browser. Learn more at https://reactjs.org/link/wrap-tests-with-act
    at App (C:\Users\JE\servio.ai\App.tsx:34:63)

 [32mÔ£ô[39m tests/analytics.test.ts [2m([22m[2m3 tests[22m[2m)[22m[90m 16[2mms[22m[39m
 [32mÔ£ô[39m tests/ProviderOnboarding.test.tsx [2m([22m[2m4 tests[22m[2m)[22m[33m 4630[2mms[22m[39m
   [33m[2mÔ£ô[22m[39m ProviderOnboarding[2m > [22mdeve renderizar a primeira etapa (Welcome) e a barra de progresso por padr├úo [33m302[2mms[22m[39m
   [33m[2mÔ£ô[22m[39m ProviderOnboarding[2m > [22mdeve exibir um erro de valida├º├úo e n├úo avan├ºar se a biografia for muito curta [33m1763[2mms[22m[39m
   [33m[2mÔ£ô[22m[39m ProviderOnboarding[2m > [22mdeve avan├ºar para a pr├│xima etapa e chamar a API de atualiza├º├úo ao preencher os dados corretamente [33m1377[2mms[22m[39m
   [33m[2mÔ£ô[22m[39m ProviderOnboarding[2m > [22mdeve chamar as APIs do Stripe e redirecionar na etapa de pagamento [33m1182[2mms[22m[39m
stderr | tests/App.createJobFlow.test.tsx > App - Fluxo Criar Job (integra├º├úo leve) > erro: alerta falha ao criar servi├ºo e fecha wizard
[FCM] Messaging not supported in this browser.

stderr | tests/App.createJobFlow.test.tsx > App - Fluxo Criar Job (integra├º├úo leve) > erro: alerta falha ao criar servi├ºo e fecha wizard
Warning: An update to App inside a test was not wrapped in act(...).

When testing, code that causes React state updates should be wrapped into act(...):

act(() => {
  /* fire events that update state */
});
/* assert on the output */

This ensures that you're testing the behavior the user would see in the browser. Learn more at https://reactjs.org/link/wrap-tests-with-act
    at App (C:\Users\JE\servio.ai\App.tsx:34:63)

 [32mÔ£ô[39m tests/Header.test.tsx [2m([22m[2m10 tests[22m[2m)[22m[33m 2034[2mms[22m[39m
   [33m[2mÔ£ô[22m[39m Header[2m > [22mchama onLoginClick ao clicar em "Entrar" [33m733[2mms[22m[39m
 [32mÔ£ô[39m tests/App.createJobFlow.test.tsx [2m([22m[2m2 tests[22m[2m)[22m[33m 4643[2mms[22m[39m
   [33m[2mÔ£ô[22m[39m App - Fluxo Criar Job (integra├º├úo leve)[2m > [22mfeliz: cria job, faz matching e notifica prestadores [33m3283[2mms[22m[39m
   [33m[2mÔ£ô[22m[39m App - Fluxo Criar Job (integra├º├úo leve)[2m > [22merro: alerta falha ao criar servi├ºo e fecha wizard [33m1347[2mms[22m[39m
 [31mÔØ»[39m tests/ProviderDashboard.test.tsx [2m([22m[2m0 test[22m[2m)[22m
stderr | tests/AdminDashboard.navigation.test.tsx > AdminDashboard Tab Navigation > deve renderizar a aba "Analytics" como padr├úo e exibir seu conte├║do
ÔÜá´©Å React Router Future Flag Warning: React Router will begin wrapping state updates in `React.startTransition` in v7. You can use the `v7_startTransition` future flag to opt-in early. For more information, see https://reactrouter.com/v6/upgrading/future#v7_starttransition.
ÔÜá´©Å React Router Future Flag Warning: Relative route resolution within Splat routes is changing in v7. You can use the `v7_relativeSplatPath` future flag to opt-in early. For more information, see https://reactrouter.com/v6/upgrading/future#v7_relativesplatpath.

 [32mÔ£ô[39m tests/ClientDashboard.test.tsx [2m([22m[2m7 tests[22m[2m)[22m[33m 19895[2mms[22m[39m
   [33m[2mÔ£ô[22m[39m ClientDashboard[2m > [22mrenderiza tabs e sauda├º├úo ap├│s o loading [33m6153[2mms[22m[39m
   [33m[2mÔ£ô[22m[39m ClientDashboard[2m > [22maltern├óncia de tabs e estados vazios (servi├ºos/itens/ajuda) [33m3768[2mms[22m[39m
   [33m[2mÔ£ô[22m[39m ClientDashboard[2m > [22ma├º├úo r├ípida "Solicitar Servi├ºo" dispara callback [33m1671[2mms[22m[39m
   [33m[2mÔ£ô[22m[39m ClientDashboard[2m > [22mbot├úo "+ Novo Servi├ºo" em "Meus Servi├ºos" dispara callback [33m2277[2mms[22m[39m
   [33m[2mÔ£ô[22m[39m ClientDashboard[2m > [22mFluxo de Pagamento[2m > [22mdeve abrir o modal de pagamento ao aceitar uma proposta [33m681[2mms[22m[39m
   [33m[2mÔ£ô[22m[39m ClientDashboard[2m > [22mFluxo de Pagamento[2m > [22mdeve chamar a API de checkout e redirecionar ao confirmar o pagamento [33m2414[2mms[22m[39m
   [33m[2mÔ£ô[22m[39m ClientDashboard[2m > [22mFluxo de Pagamento[2m > [22mdeve fechar o modal de pagamento ao clicar em cancelar [33m2922[2mms[22m[39m
 [32mÔ£ô[39m tests/ProviderJobCard.test.tsx [2m([22m[2m5 tests[22m[2m)[22m[33m 2582[2mms[22m[39m
   [33m[2mÔ£ô[22m[39m ProviderJobCard[2m > [22mchama onUpdateStatus para a_caminho quando status agendado [33m1420[2mms[22m[39m
   [33m[2mÔ£ô[22m[39m ProviderJobCard[2m > [22mchama onUpdateStatus para em_progresso quando status a_caminho [33m366[2mms[22m[39m
   [33m[2mÔ£ô[22m[39m ProviderJobCard[2m > [22mmostra bot├úo para abrir chat com cliente e chama onChat [33m349[2mms[22m[39m
 [32mÔ£ô[39m tests/AdminDashboard.navigation.test.tsx [2m([22m[2m3 tests[22m[2m)[22m[33m 1647[2mms[22m[39m
   [33m[2mÔ£ô[22m[39m AdminDashboard Tab Navigation[2m > [22mdeve navegar para a aba "Jobs" e exibir seu conte├║do ao ser clicada [33m871[2mms[22m[39m
   [33m[2mÔ£ô[22m[39m AdminDashboard Tab Navigation[2m > [22mdeve navegar entre m├║ltiplas abas corretamente [33m597[2mms[22m[39m
 [32mÔ£ô[39m tests/geminiService.resolveEndpoint.test.ts [2m([22m[2m2 tests[22m[2m)[22m[90m 25[2mms[22m[39m
 [32mÔ£ô[39m tests/a11yHelpers.test.ts [2m([22m[2m4 tests[22m[2m)[22m[90m 26[2mms[22m[39m
stderr | tests/geminiService.test.ts > geminiService > enhanceJobRequest falls back to heuristic on backend failure
[enhanceJobRequest] Fallback heuristic used due to AI backend error: TypeError: Cannot read properties of undefined (reading 'catch')
    at fetchFromBackend (C:\Users\JE\servio.ai\services\geminiService.ts:118:10)
    at Module.enhanceJobRequest (C:\Users\JE\servio.ai\services\geminiService.ts:134:16)
    at C:\Users\JE\servio.ai\tests\geminiService.test.ts:40:20
    at file:///C:/Users/JE/servio.ai/node_modules/@vitest/runner/dist/index.js:533:5
    at runTest (file:///C:/Users/JE/servio.ai/node_modules/@vitest/runner/dist/index.js:1056:11)
    at runSuite (file:///C:/Users/JE/servio.ai/node_modules/@vitest/runner/dist/index.js:1205:15)
    at runSuite (file:///C:/Users/JE/servio.ai/node_modules/@vitest/runner/dist/index.js:1205:15)
    at runFiles (file:///C:/Users/JE/servio.ai/node_modules/@vitest/runner/dist/index.js:1262:5)
    at startTests (file:///C:/Users/JE/servio.ai/node_modules/@vitest/runner/dist/index.js:1271:3)
    at file:///C:/Users/JE/servio.ai/node_modules/vitest/dist/chunks/runBaseTests.3qpJUEJM.js:126:11

 [32mÔ£ô[39m tests/ErrorBoundary.test.tsx [2m([22m[2m4 tests[22m[2m)[22m[33m 1214[2mms[22m[39m
   [33m[2mÔ£ô[22m[39m ErrorBoundary[2m > [22mexibe bot├úo "Tentar novamente" quando h├í erro [33m925[2mms[22m[39m
 [32mÔ£ô[39m tests/geminiService.test.ts [2m([22m[2m3 tests[22m[2m)[22m[33m 337[2mms[22m[39m
   [33m[2mÔ£ô[22m[39m geminiService[2m > [22menhanceJobRequest falls back to heuristic on backend failure [33m326[2mms[22m[39m
 [32mÔ£ô[39m tests/NotificationsPopover.test.tsx [2m([22m[2m4 tests[22m[2m)[22m[33m 1479[2mms[22m[39m
   [33m[2mÔ£ô[22m[39m NotificationsPopover[2m > [22mrenderiza lista e bot├úo de marcar todas quando h├í n├úo lidas [33m1136[2mms[22m[39m
 [32mÔ£ô[39m tests/NotificationsBell.test.tsx [2m([22m[2m3 tests[22m[2m)[22m[33m 3046[2mms[22m[39m
   [33m[2mÔ£ô[22m[39m NotificationsBell[2m > [22mexibe badge com contador de n├úo lidas e abre o popover ao clicar [33m1912[2mms[22m[39m
   [33m[2mÔ£ô[22m[39m NotificationsBell[2m > [22mmarca todas como lidas e fecha o popover [33m575[2mms[22m[39m
   [33m[2mÔ£ô[22m[39m NotificationsBell[2m > [22mfecha o popover ao clicar fora [33m551[2mms[22m[39m
stderr | tests/ProfileTips.test.tsx > ProfileTips > mostra mensagem padr├úo em caso de erro
Failed to fetch profile tip: Error: network
    at C:\Users\JE\servio.ai\tests\ProfileTips.test.tsx:39:58
    at file:///C:/Users/JE/servio.ai/node_modules/@vitest/runner/dist/index.js:146:14
    at file:///C:/Users/JE/servio.ai/node_modules/@vitest/runner/dist/index.js:533:11
    at runWithTimeout (file:///C:/Users/JE/servio.ai/node_modules/@vitest/runner/dist/index.js:39:7)
    at runTest (file:///C:/Users/JE/servio.ai/node_modules/@vitest/runner/dist/index.js:1056:17)
    at runSuite (file:///C:/Users/JE/servio.ai/node_modules/@vitest/runner/dist/index.js:1205:15)
    at runSuite (file:///C:/Users/JE/servio.ai/node_modules/@vitest/runner/dist/index.js:1205:15)
    at runFiles (file:///C:/Users/JE/servio.ai/node_modules/@vitest/runner/dist/index.js:1262:5)
    at startTests (file:///C:/Users/JE/servio.ai/node_modules/@vitest/runner/dist/index.js:1271:3)
    at file:///C:/Users/JE/servio.ai/node_modules/vitest/dist/chunks/runBaseTests.3qpJUEJM.js:126:11

 [32mÔ£ô[39m tests/api.admin.test.ts [2m([22m[2m3 tests[22m[2m)[22m[90m 32[2mms[22m[39m
 [32mÔ£ô[39m tests/OnboardingStepProfile.test.tsx [2m([22m[2m5 tests[22m[2m)[22m[33m 4038[2mms[22m[39m
   [33m[2mÔ£ô[22m[39m OnboardingStepProfile[2m > [22mdeve renderizar o t├¡tulo e o campo de input corretamente [33m1100[2mms[22m[39m
   [33m[2mÔ£ô[22m[39m OnboardingStepProfile[2m > [22mdeve permitir ao usu├írio adicionar uma nova especialidade [33m795[2mms[22m[39m
   [33m[2mÔ£ô[22m[39m OnboardingStepProfile[2m > [22mdeve limpar o input ap├│s adicionar uma especialidade [33m865[2mms[22m[39m
   [33m[2mÔ£ô[22m[39m OnboardingStepProfile[2m > [22mn├úo deve adicionar uma especialidade duplicada ou vazia [33m1070[2mms[22m[39m
 [32mÔ£ô[39m tests/firebaseConfig.test.ts [2m([22m[2m2 tests[22m[2m)[22m[90m 14[2mms[22m[39m
 [32mÔ£ô[39m tests/ProfileTips.test.tsx [2m([22m[2m3 tests[22m[2m)[22m[33m 1023[2mms[22m[39m
   [33m[2mÔ£ô[22m[39m ProfileTips[2m > [22mdispara onEditProfile ao clicar em Editar Perfil [33m787[2mms[22m[39m
 [32mÔ£ô[39m tests/ProfileStrength.test.tsx [2m([22m[2m3 tests[22m[2m)[22m[33m 1062[2mms[22m[39m
   [33m[2mÔ£ô[22m[39m ProfileStrength[2m > [22mmostra bot├úo para completar perfil quando incompleto [33m831[2mms[22m[39m
 [32mÔ£ô[39m tests/ItemCard.test.tsx [2m([22m[2m3 tests[22m[2m)[22m[33m 1352[2mms[22m[39m
   [33m[2mÔ£ô[22m[39m ItemCard[2m > [22mrenderiza com imagem quando imageUrl est├í presente [33m867[2mms[22m[39m
   [33m[2mÔ£ô[22m[39m ItemCard[2m > [22maciona onClick ao clicar [33m433[2mms[22m[39m
 [32mÔ£ô[39m tests/smoke.test.ts [2m([22m[2m1 test[22m[2m)[22m[90m 5[2mms[22m[39m
 [32mÔ£ô[39m tests/LocationMap.test.tsx [2m([22m[2m3 tests[22m[2m)[22m[90m 88[2mms[22m[39m
 [31mÔØ»[39m tests/ProfileModal.save.test.tsx [2m([22m[2m0 test[22m[2m)[22m

ÔÄ»ÔÄ»ÔÄ»ÔÄ»ÔÄ»ÔÄ» Failed Suites 3 ÔÄ»ÔÄ»ÔÄ»ÔÄ»ÔÄ»ÔÄ»ÔÄ»

 FAIL  tests/AIJobRequestWizard.test.tsx [ tests/AIJobRequestWizard.test.tsx ]
Error: Transform failed with 1 error:
C:/Users/JE/servio.ai/components/AIJobRequestWizard.tsx:75:2: ERROR: Unexpected "}"
  Plugin: vite:esbuild
  File: C:/Users/JE/servio.ai/components/AIJobRequestWizard.tsx:75:2
  
  Unexpected "}"
  73 |      }
  74 |    };}
  75 |    };
     |    ^
  76 |  
  77 |  
  
 ÔØ» failureErrorWithLog node_modules/esbuild/lib/main.js:1472:15
 ÔØ» node_modules/esbuild/lib/main.js:755:50
 ÔØ» responseCallbacks.<computed> node_modules/esbuild/lib/main.js:622:9
 ÔØ» handleIncomingPacket node_modules/esbuild/lib/main.js:677:12
 ÔØ» Socket.readFromStdout node_modules/esbuild/lib/main.js:600:7

ÔÄ»ÔÄ»ÔÄ»ÔÄ»ÔÄ»ÔÄ»ÔÄ»ÔÄ»ÔÄ»ÔÄ»ÔÄ»ÔÄ»ÔÄ»ÔÄ»ÔÄ»ÔÄ»ÔÄ»ÔÄ»ÔÄ»ÔÄ»ÔÄ»ÔÄ»ÔÄ»ÔÄ»[1/3]ÔÄ»

 FAIL  tests/ProfileModal.save.test.tsx [ tests/ProfileModal.save.test.tsx ]
 FAIL  tests/ProviderDashboard.test.tsx [ tests/ProviderDashboard.test.tsx ]
Error: Transform failed with 1 error:
C:/Users/JE/servio.ai/components/ProfileModal.tsx:74:2: ERROR: Unexpected "}"
  Plugin: vite:esbuild
  File: C:/Users/JE/servio.ai/components/ProfileModal.tsx:74:2
  
  Unexpected "}"
  72 |      }
  73 |    };}
  74 |    };
     |    ^
  75 |  
  76 |    const handleAddPortfolioItem = async () => {
  
 ÔØ» failureErrorWithLog node_modules/esbuild/lib/main.js:1472:15
 ÔØ» node_modules/esbuild/lib/main.js:755:50
 ÔØ» responseCallbacks.<computed> node_modules/esbuild/lib/main.js:622:9
 ÔØ» handleIncomingPacket node_modules/esbuild/lib/main.js:677:12
 ÔØ» Socket.readFromStdout node_modules/esbuild/lib/main.js:600:7

ÔÄ»ÔÄ»ÔÄ»ÔÄ»ÔÄ»ÔÄ»ÔÄ»ÔÄ»ÔÄ»ÔÄ»ÔÄ»ÔÄ»ÔÄ»ÔÄ»ÔÄ»ÔÄ»ÔÄ»ÔÄ»ÔÄ»ÔÄ»ÔÄ»ÔÄ»ÔÄ»ÔÄ»[2/3]ÔÄ»

[2m Test Files [22m [1m[31m3 failed[39m[22m[2m | [22m[1m[32m41 passed[39m[22m[90m (44)[39m
[2m      Tests [22m [1m[32m283 passed[39m[22m[90m (283)[39m
[2m   Start at [22m 11:59:19
[2m   Duration [22m 48.04s[2m (transform 16.26s, setup 101.08s, collect 44.88s, tests 125.07s, environment 273.60s, prepare 44.87s)[22m

