
> servio-ai-frontend@0.0.0 test
> vitest run --run


[1m[46m RUN [49m[22m [36mv4.0.16 [39m[90mC:/Users/Admin/Desktop/Talina/Servio.AI[39m

 [31mΓ¥»[39m tests/components/ProviderLandingPage.test.tsx [2m([22m[2m8 tests[22m[2m | [22m[31m1 failed[39m[2m)[22m[32m 145[2mms[22m[39m
       [32mΓ£ô[39m deve renderizar a p├ígina[32m 47[2mms[22m[39m
       [32mΓ£ô[39m deve renderizar t├¡tulo principal com destaque[32m 11[2mms[22m[39m
       [32mΓ£ô[39m deve renderizar descri├º├úo[32m 16[2mms[22m[39m
       [32mΓ£ô[39m deve renderizar bot├úo de registro[32m 27[2mms[22m[39m
[31m       [31m├ù[31m deve chamar onRegisterClick ao clicar no bot├úo[39m[32m 5[2mms[22m[39m
       [32mΓ£ô[39m bot├úo deve ter estilos corretos[32m 14[2mms[22m[39m
       [32mΓ£ô[39m deve renderizar se├º├úo hero[32m 14[2mms[22m[39m
       [32mΓ£ô[39m deve ter container com fundo branco[32m 6[2mms[22m[39m
 [31mΓ¥»[39m tests/DisputeModal.unit.test.tsx [2m([22m[2m10 tests[22m[2m | [22m[31m6 failed[39m[2m)[22m[32m 113[2mms[22m[39m
     [32mΓ£ô[39m renderiza cabe├ºalho e nota de pagamento pausado[32m 76[2mms[22m[39m
[31m     [31m├ù[31m envia mensagem ao submeter quando h├í texto e outra parte[39m[32m 6[2mms[22m[39m
[31m     [31m├ù[31m n├úo envia quando mensagem vazia ou s├│ espa├ºos[39m[32m 2[2mms[22m[39m
[31m     [31m├ù[31m n├úo envia se otherParty estiver ausente[39m[32m 1[2mms[22m[39m
[31m     [31m├ù[31m fecha ao clicar no bot├úo de fechar[39m[32m 1[2mms[22m[39m
     [32mΓ£ô[39m exibe nome da outra parte no cabe├ºalho[32m 7[2mms[22m[39m
     [32mΓ£ô[39m alinha mensagens conforme remetente (cliente ├á direita, prestador ├á esquerda)[32m 6[2mms[22m[39m
[31m     [31m├ù[31m fecha ao clicar no overlay[39m[32m 1[2mms[22m[39m
     [32mΓ£ô[39m mostra "Usu├írio" no cabe├ºalho quando otherParty n├úo ├⌐ fornecido[32m 8[2mms[22m[39m
[31m     [31m├ù[31m envia mensagem ao pressionar Enter[39m[32m 1[2mms[22m[39m
node.exe : [90mstderr[2m | tests/AuctionRoomModal.test.tsx[2m > 
[22m[2mAuctionRoomModal[2m > [22m[2mcontador encerra ap├│s expirar (fake timers)
No linha:1 caractere:1
+ & "C:\Program Files\nodejs/node.exe" "C:\Program Files\nodejs/node_mo ...
+ ~~~~~~~~~~~~~~~~~~~~~~~~~~~~~~~~~~~~~~~~~~~~~~~~~~~~~~~~~~~~~~~~~~~~~
    + CategoryInfo          : NotSpecified: ([90mstderr[2m...r (fake timers):String) [],     
RemoteException
    + FullyQualifiedErrorId : NativeCommandError
 
[22m[39mWarning: `ReactDOMTestUtils.act` is deprecated in favor of `React.act`. Import `act` 
from `react` instead of `react-dom/test-utils`. See 
https://react.dev/warnings/react-dom-test-utils for more info.

 [31mΓ¥»[39m tests/AuctionRoomModal.test.tsx [2m([22m[2m7 tests[22m[2m | [22m[31m1 failed[39m[2m)[22m[32m 217[2mms[22m[39m
     [32mΓ£ô[39m renderiza estrutura b├ísica (t├¡tulo, descri├º├úo, hist├│rico)[32m 39[2mms[22m[39m
     [32mΓ£ô[39m ordena lances por valor e destaca menor lance[32m 45[2mms[22m[39m
     [32mΓ£ô[39m anonimiza provedores e exibe r├│tulos sequenciais[32m 9[2mms[22m[39m
     [32mΓ£ô[39m n├úo renderiza formul├írio de lance na vis├úo do cliente[32m 7[2mms[22m[39m
[31m     [31m├ù[31m valida e envia lance menor que o menor existente[39m[32m 5[2mms[22m[39m
     [32mΓ£ô[39m exibe "Leil├úo Encerrado" quando data fim j├í passou[32m 7[2mms[22m[39m
     [32mΓ£ô[39m contador encerra ap├│s expirar (fake timers)[32m 102[2mms[22m[39m
 [31mΓ¥»[39m tests/components/ProfileStrength.test.tsx [2m([22m[2m16 tests[22m[2m | [22m[31m1 failed[39m[2m)[22m[32m 159[2mms[22m[39m
     [32mΓ£ô[39m renderiza t├¡tulo "For├ºa do Perfil"[32m 29[2mms[22m[39m
     [32mΓ£ô[39m calcula 0% para perfil vazio[32m 5[2mms[22m[39m
     [32mΓ£ô[39m calcula 13% para perfil com apenas nome (1/8)[32m 7[2mms[22m[39m
     [32mΓ£ô[39m calcula 50% para perfil com metade dos campos (4/8)[32m 9[2mms[22m[39m
     [32mΓ£ô[39m calcula 100% para perfil completo[32m 12[2mms[22m[39m
     [32mΓ£ô[39m aplica cor verde para perfil > 80%[32m 7[2mms[22m[39m
     [32mΓ£ô[39m aplica cor amarela para perfil entre 50% e 80%[32m 10[2mms[22m[39m
     [32mΓ£ô[39m aplica cor vermelha para perfil < 50%[32m 6[2mms[22m[39m
     [32mΓ£ô[39m renderiza todos os 8 itens do checklist[32m 9[2mms[22m[39m
     [32mΓ£ô[39m marca item como completo quando campo existe[32m 13[2mms[22m[39m
     [32mΓ£ô[39m renderiza bot├úo "Completar Perfil Agora" quando perfil incompleto[32m 7[2mms[22m[39m
[31m     [31m├ù[31m chama onEditProfile ao clicar no bot├úo[39m[32m 8[2mms[22m[39m
     [32mΓ£ô[39m exibe mensagem motivacional[32m 12[2mms[22m[39m
     [32mΓ£ô[39m exibe t├¡tulo do checklist[32m 7[2mms[22m[39m
     [32mΓ£ô[39m valida especialidades como array n├úo vazio[32m 7[2mms[22m[39m
     [32mΓ£ô[39m considera especialidades quando array tem itens[32m 8[2mms[22m[39m
[90mstderr[2m | tests/components/AdminFraudAlerts.test.tsx
[22m[39mΓòÉΓòÉΓòÉΓòÉΓòÉΓòÉΓòÉΓòÉΓòÉΓòÉΓòÉΓòÉΓòÉΓòÉΓòÉΓòÉΓòÉΓòÉΓòÉΓòÉΓòÉΓòÉΓòÉΓòÉΓòÉΓòÉΓòÉΓòÉΓ
òÉΓòÉΓòÉΓòÉΓòÉΓòÉΓòÉΓòÉΓòÉΓòÉΓòÉΓòÉΓòÉΓòÉΓòÉΓòÉΓòÉΓòÉΓòÉΓòÉΓòÉΓòÉΓòÉΓòÉΓòÉΓòÉΓòÉ
≡ƒöº API SERVICE INICIADO - VERS├âO 2026-01-09
ΓòÉΓòÉΓòÉΓòÉΓòÉΓòÉΓòÉΓòÉΓòÉΓòÉΓòÉΓòÉΓòÉΓòÉΓòÉΓòÉΓòÉΓòÉΓòÉΓòÉΓòÉΓòÉΓòÉΓòÉΓòÉΓòÉΓòÉΓòÉΓòÉΓòÉΓòÉΓò
ÉΓòÉΓòÉΓòÉΓòÉΓòÉΓòÉΓòÉΓòÉΓòÉΓòÉΓòÉΓòÉΓòÉΓòÉΓòÉΓòÉΓòÉΓòÉΓòÉΓòÉΓòÉΓòÉΓòÉ
≡ƒôï STAGING_MODE: true
≡ƒôï Project ID: servioai-staging
≡ƒôï Backend URL: https://us-central1-servioai-staging.cloudfunctions.net
≡ƒôï Use Mock: false
ΓòÉΓòÉΓòÉΓòÉΓòÉΓòÉΓòÉΓòÉΓòÉΓòÉΓòÉΓòÉΓòÉΓòÉΓòÉΓòÉΓòÉΓòÉΓòÉΓòÉΓòÉΓòÉΓòÉΓòÉΓòÉΓòÉΓòÉΓòÉΓòÉΓòÉΓòÉΓò
ÉΓòÉΓòÉΓòÉΓòÉΓòÉΓòÉΓòÉΓòÉΓòÉΓòÉΓòÉΓòÉΓòÉΓòÉΓòÉΓòÉΓòÉΓòÉΓòÉΓòÉΓòÉΓòÉΓòÉ
Γ£à STAGING MODE ATIVO - Backend DESABILITADO!
Γ£à Todas as opera├º├╡es de usu├írio usam Firestore direto!

 [31mΓ¥»[39m tests/components/ProviderCard.test.tsx [2m([22m[2m14 tests[22m[2m | [22m[31m1 failed[39m[2m)[22m[32m 199[2mms[22m[39m
     [32mΓ£ô[39m renderiza nome do prestador[32m 47[2mms[22m[39m
     [32mΓ£ô[39m renderiza headline do prestador[32m 10[2mms[22m[39m
     [32mΓ£ô[39m renderiza localiza├º├úo[32m 8[2mms[22m[39m
     [32mΓ£ô[39m mostra score de compatibilidade[32m 7[2mms[22m[39m
     [32mΓ£ô[39m renderiza 5 estrelas baseado no completionRate[32m 8[2mms[22m[39m
     [32mΓ£ô[39m mostra raz├úo da boa escolha[32m 9[2mms[22m[39m
     [32mΓ£ô[39m aplica classe verde para score > 0.85[32m 14[2mms[22m[39m
     [32mΓ£ô[39m aplica classe amarela para score entre 0.7 e 0.85[32m 12[2mms[22m[39m
     [32mΓ£ô[39m aplica classe vermelha para score < 0.7[32m 24[2mms[22m[39m
     [32mΓ£ô[39m renderiza bot├úo "Convidar para o Job" quando onInvite est├í presente[32m 15[2mms[22m[39m
[31m     [31m├ù[31m chama onInvite com email do prestador ao clicar[39m[32m 10[2mms[22m[39m
     [32mΓ£ô[39m desabilita bot├úo e mostra "Convite Enviado" quando isInvited=true[32m 13[2mms[22m[39m
     [32mΓ£ô[39m mostra bot├úo "Ver Perfil" quando onInvite n├úo est├í presente[32m 8[2mms[22m[39m
     [32mΓ£ô[39m aplica transforma├º├úo hover ao card[32m 8[2mms[22m[39m
[90mstderr[2m | tests/ClientDashboard.test.tsx
[22m[39mΓòÉΓòÉΓòÉΓòÉΓòÉΓòÉΓòÉΓòÉΓòÉΓòÉΓòÉΓòÉΓòÉΓòÉΓòÉΓòÉΓòÉΓòÉΓòÉΓòÉΓòÉΓòÉΓòÉΓòÉΓòÉΓòÉΓòÉΓòÉΓ
òÉΓòÉΓòÉΓòÉΓòÉΓòÉΓòÉΓòÉΓòÉΓòÉΓòÉΓòÉΓòÉΓòÉΓòÉΓòÉΓòÉΓòÉΓòÉΓòÉΓòÉΓòÉΓòÉΓòÉΓòÉΓòÉΓòÉ
≡ƒöº API SERVICE INICIADO - VERS├âO 2026-01-09
ΓòÉΓòÉΓòÉΓòÉΓòÉΓòÉΓòÉΓòÉΓòÉΓòÉΓòÉΓòÉΓòÉΓòÉΓòÉΓòÉΓòÉΓòÉΓòÉΓòÉΓòÉΓòÉΓòÉΓòÉΓòÉΓòÉΓòÉΓòÉΓòÉΓòÉΓòÉΓò
ÉΓòÉΓòÉΓòÉΓòÉΓòÉΓòÉΓòÉΓòÉΓòÉΓòÉΓòÉΓòÉΓòÉΓòÉΓòÉΓòÉΓòÉΓòÉΓòÉΓòÉΓòÉΓòÉΓòÉ
≡ƒôï STAGING_MODE: true
≡ƒôï Project ID: servioai-staging
≡ƒôï Backend URL: https://us-central1-servioai-staging.cloudfunctions.net
≡ƒôï Use Mock: false
ΓòÉΓòÉΓòÉΓòÉΓòÉΓòÉΓòÉΓòÉΓòÉΓòÉΓòÉΓòÉΓòÉΓòÉΓòÉΓòÉΓòÉΓòÉΓòÉΓòÉΓòÉΓòÉΓòÉΓòÉΓòÉΓòÉΓòÉΓòÉΓòÉΓòÉΓòÉΓò
ÉΓòÉΓòÉΓòÉΓòÉΓòÉΓòÉΓòÉΓòÉΓòÉΓòÉΓòÉΓòÉΓòÉΓòÉΓòÉΓòÉΓòÉΓòÉΓòÉΓòÉΓòÉΓòÉΓòÉ
Γ£à STAGING MODE ATIVO - Backend DESABILITADO!
Γ£à Todas as opera├º├╡es de usu├írio usam Firestore direto!

 [31mΓ¥»[39m tests/components/ProposalDetailCard.test.tsx [2m([22m[2m14 tests[22m[2m | [22m[31m2 failed[39m[2m)[22m[32m 212[2mms[22m[39m
     [32mΓ£ô[39m renderiza nome do prestador[32m 77[2mms[22m[39m
     [32mΓ£ô[39m mostra providerId quando provider n├úo est├í dispon├¡vel[32m 10[2mms[22m[39m
     [32mΓ£ô[39m renderiza valor da proposta em formato pt-BR[32m 18[2mms[22m[39m
     [32mΓ£ô[39m mostra badge "Pendente" para status pendente[32m 10[2mms[22m[39m
     [32mΓ£ô[39m mostra badge "Aceita" para status aceita[32m 7[2mms[22m[39m
     [32mΓ£ô[39m mostra badge "Recusada" para status recusada[32m 6[2mms[22m[39m
     [32mΓ£ô[39m mostra badge "Bloqueada" para status bloqueada[32m 10[2mms[22m[39m
     [32mΓ£ô[39m renderiza descri├º├úo da proposta[32m 8[2mms[22m[39m
[31m     [31m├ù[31m chama onViewProfile ao clicar no nome do prestador[39m[32m 14[2mms[22m[39m
     [32mΓ£ô[39m mostra bot├úo "Aceitar e Pagar com Seguran├ºa" quando pendente e job n├úo decidido[32m 9[2mms[22m[39m
[31m     [31m├ù[31m chama onAccept ao clicar em "Aceitar e Pagar com Seguran├ºa"[39m[32m 2[2mms[22m[39m
     [32mΓ£ô[39m n├úo mostra bot├úo quando job j├í foi decidido[32m 7[2mms[22m[39m
     [32mΓ£ô[39m n├úo mostra bot├úo quando proposta n├úo est├í pendente[32m 16[2mms[22m[39m
     [32mΓ£ô[39m aplica opacidade reduzida quando proposta n├úo est├í pendente[32m 8[2mms[22m[39m
 [31mΓ¥»[39m tests/PaymentModal.test.tsx [2m([22m[2m9 tests[22m[2m | [22m[31m7 failed[39m[2m)[22m[32m 121[2mms[22m[39m
     [32mΓ£ô[39m n├úo renderiza quando isOpen ├⌐ false[32m 26[2mms[22m[39m
     [32mΓ£ô[39m renderiza modal com informa├º├╡es corretas quando isOpen ├⌐ true[32m 74[2mms[22m[39m
[31m     [31m├ù[31m chama onClose quando clicar no bot├úo Cancelar[39m[32m 8[2mms[22m[39m
[31m     [31m├ù[31m chama onClose quando clicar no bot├úo X[39m[32m 2[2mms[22m[39m
[31m     [31m├ù[31m chama onConfirmPayment e exibe loading ao clicar em Pagar[39m[32m 1[2mms[22m[39m
[31m     [31m├ù[31m exibe mensagem de erro quando onConfirmPayment falha[39m[32m 1[2mms[22m[39m
[31m     [31m├ù[31m desabilita bot├╡es durante loading[39m[32m 1[2mms[22m[39m
[31m     [31m├ù[31m mostra a├º├úo de Tentar novamente quando erro for E_TIMEOUT e permite retry[39m[32m 1[2mms[22m[39m
[31m     [31m├ù[31m mostra a├º├úo de Tentar novamente quando erro for E_NETWORK[39m[32m 1[2mms[22m[39m
 [31mΓ¥»[39m tests/components/JobCard.test.tsx [2m([22m[2m20 tests[22m[2m | [22m[31m2 failed[39m[2m)[22m[32m 249[2mms[22m[39m
     [32mΓ£ô[39m renderiza categoria do job[32m 46[2mms[22m[39m
     [32mΓ£ô[39m renderiza ├¡cone da categoria[32m 8[2mms[22m[39m
     [32mΓ£ô[39m renderiza descri├º├úo do job[32m 7[2mms[22m[39m
     [32mΓ£ô[39m mostra badge "Personalizado" para serviceType personalizado[32m 7[2mms[22m[39m
     [32mΓ£ô[39m mostra badge "Tabelado" para serviceType tabelado[32m 8[2mms[22m[39m
     [32mΓ£ô[39m mostra badge "Diagn├│stico" para serviceType diagnostico[32m 8[2mms[22m[39m
     [32mΓ£ô[39m mostra pre├ºo fixo quando serviceType ├⌐ tabelado[32m 56[2mms[22m[39m
     [32mΓ£ô[39m mostra badge "Leil├úo" quando jobMode ├⌐ leilao[32m 6[2mms[22m[39m
     [32mΓ£ô[39m mostra menor lance atual em modo leil├úo[32m 10[2mms[22m[39m
     [32mΓ£ô[39m mostra "Nenhum lance" quando n├úo h├í bids no leil├úo[32m 6[2mms[22m[39m
     [32mΓ£ô[39m mostra tempo relativo de publica├º├úo[32m 9[2mms[22m[39m
     [32mΓ£ô[39m mostra bot├úo "Enviar Proposta" por padr├úo[32m 6[2mms[22m[39m
     [32mΓ£ô[39m mostra "Proposta Enviada" quando hasProposed=true[32m 7[2mms[22m[39m
     [32mΓ£ô[39m mostra "Dar Lance" em modo leil├úo[32m 9[2mms[22m[39m
     [32mΓ£ô[39m desabilita bot├úo no leil├úo quando j├í deu lance[32m 10[2mms[22m[39m
[31m     [31m├ù[31m chama onProposeClick ao clicar no bot├úo[39m[32m 10[2mms[22m[39m
     [32mΓ£ô[39m mostra bot├úo FAQ R├ípida quando n├úo ├⌐ leil├úo[32m 11[2mms[22m[39m
     [32mΓ£ô[39m n├úo mostra FAQ R├ípida em modo leil├úo[32m 12[2mms[22m[39m
[31m     [31m├ù[31m abre modal FAQ ao clicar no bot├úo[39m[32m 2[2mms[22m[39m
     [32mΓ£ô[39m usa categoria default quando categoria n├úo ├⌐ reconhecida[32m 7[2mms[22m[39m
 [31mΓ¥»[39m tests/components/PaymentSuccessPage.test.tsx [2m([22m[2m14 tests[22m[2m | [22m[31m1 failed[39m[2m)[22m[32m 219[2mms[22m[39m
       [32mΓ£ô[39m deve renderizar a p├ígina de sucesso[32m 48[2mms[22m[39m
       [32mΓ£ô[39m deve exibir mensagem de confirma├º├úo[32m 10[2mms[22m[39m
       [32mΓ£ô[39m deve exibir ID da sess├úo[32m 6[2mms[22m[39m
       [32mΓ£ô[39m deve renderizar bot├úo de voltar ao dashboard[32m 45[2mms[22m[39m
       [32mΓ£ô[39m deve renderizar ├¡cone de sucesso (checkmark)[32m 12[2mms[22m[39m
       [32mΓ£ô[39m deve chamar confirmPayment com session_id e job_id[32m 16[2mms[22m[39m
       [32mΓ£ô[39m n├úo deve chamar confirmPayment se session_id estiver ausente[32m 6[2mms[22m[39m
       [32mΓ£ô[39m n├úo deve chamar confirmPayment se job_id estiver ausente[32m 10[2mms[22m[39m
       [32mΓ£ô[39m deve lidar com erro de confirmPayment graciosamente[32m 16[2mms[22m[39m
[31m       [31m├ù[31m deve redirecionar para home ao clicar em voltar[39m[32m 14[2mms[22m[39m
       [32mΓ£ô[39m deve ter container centralizado[32m 7[2mms[22m[39m
       [32mΓ£ô[39m deve ter card com fundo branco[32m 7[2mms[22m[39m
       [32mΓ£ô[39m deve ter ├¡cone com fundo verde[32m 5[2mms[22m[39m
       [32mΓ£ô[39m deve exibir placeholder quando session_id n├úo existe[32m 10[2mms[22m[39m
 [31mΓ¥»[39m tests/ReviewModal.test.tsx [2m([22m[2m10 tests[22m[2m | [22m[31m6 failed[39m[2m)[22m[32m 186[2mms[22m[39m
     [32mΓ£ô[39m renderiza modal com t├¡tulo e campos[32m 105[2mms[22m[39m
[31m     [31m├ù[31m fecha modal ao clicar no bot├úo X[39m[32m 8[2mms[22m[39m
     [32mΓ£ô[39m n├úo permite submeter quando rating ├⌐ 0 (bot├úo desabilitado)[32m 26[2mms[22m[39m
[31m     [31m├ù[31m permite selecionar rating e submeter review[39m[32m 2[2mms[22m[39m
[31m     [31m├ù[31m permite submeter review sem coment├írio[39m[32m 2[2mms[22m[39m
[31m     [31m├ù[31m gera coment├írio com IA quando bot├úo ├⌐ clicado[39m[32m 1[2mms[22m[39m
[31m     [31m├ù[31m exibe erro quando IA falha ao gerar coment├írio[39m[32m 1[2mms[22m[39m
     [32mΓ£ô[39m desabilita bot├úo de gerar IA quando rating n├úo foi selecionado[32m 17[2mms[22m[39m
[31m     [31m├ù[31m exibe mensagem de erro ao tentar gerar IA sem rating[39m[32m 2[2mms[22m[39m
     [32mΓ£ô[39m desabilita bot├úo submit quando rating ├⌐ 0[32m 16[2mms[22m[39m
 [31mΓ¥»[39m tests/JobCard.test.tsx [2m([22m[2m9 tests[22m[2m | [22m[31m1 failed[39m[2m)[22m[32m 235[2mms[22m[39m
     [32mΓ£ô[39m renderiza informa├º├╡es b├ísicas e pre├ºo fixo quando tabelado[32m 143[2mms[22m[39m
[31m     [31m├ù[31m mostra bot├úo de FAQ e abre modal com FAQ gerada[39m[32m 11[2mms[22m[39m
     [32mΓ£ô[39m em modo leil├úo exibe menor lance atual[32m 20[2mms[22m[39m
     [32mΓ£ô[39m desabilita bot├úo em leil├úo quando j├í prop├┤s e mostra texto adequado[32m 11[2mms[22m[39m
     [32mΓ£ô[39m mostra "Nenhum lance" quando leil├úo sem lances[32m 8[2mms[22m[39m
     [32mΓ£ô[39m em servi├ºo n├úo-leil├úo, com proposta enviada, mant├⌐m bot├úo habilitado e altera o texto[32m 15[2mms[22m[39m
     [32mΓ£ô[39m n├úo exibe FAQ quando em leil├úo[32m 8[2mms[22m[39m
     [32mΓ£ô[39m exibe selo de Diagn├│stico e n├úo mostra pre├ºo fixo quando serviceType=diagnostico[32m 7[2mms[22m[39m
     [32mΓ£ô[39m renderiza tempo relativo (Publicado h├í Xh) baseado no createdAt[32m 8[2mms[22m[39m
[90mstderr[2m | tests/App.test.tsx[2m > [22m[2mApp Component[2m > [22m[2mshould render 
the App component
[22m[39mΓÜá∩╕Å React Router Future Flag Warning: React Router will begin wrapping state 
updates in `React.startTransition` in v7. You can use the `v7_startTransition` future flag to 
opt-in early. For more information, see 
https://reactrouter.com/v6/upgrading/future#v7_starttransition.
ΓÜá∩╕Å React Router Future Flag Warning: Relative route resolution within Splat routes is 
changing in v7. You can use the `v7_relativeSplatPath` future flag to opt-in early. For more 
information, see https://reactrouter.com/v6/upgrading/future#v7_relativesplatpath.

 [31mΓ¥»[39m tests/components/AdminFraudAlerts.test.tsx [2m([22m[2m15 tests[22m[2m | [22m[31m2 failed[39m[2m)[22m[33m 472[2mms[22m[39m
     [32mΓ£ô[39m should render loading state initially[32m 36[2mms[22m[39m
     [32mΓ£ô[39m should load and display fraud alerts[32m 123[2mms[22m[39m
     [32mΓ£ô[39m should display empty state when no alerts[32m 28[2mms[22m[39m
     [32mΓ£ô[39m should display provider names correctly[32m 31[2mms[22m[39m
     [32mΓ£ô[39m should display providerId when provider not found[32m 46[2mms[22m[39m
     [32mΓ£ô[39m should display risk scores correctly[32m 20[2mms[22m[39m
     [32mΓ£ô[39m should display status badges correctly[32m 27[2mms[22m[39m
     [32mΓ£ô[39m should show "Marcar como Revisado" button for novo alerts[32m 20[2mms[22m[39m
     [32mΓ£ô[39m should show "Marcar como Resolvido" button for revisado alerts[32m 26[2mms[22m[39m
     [32mΓ£ô[39m should not show action buttons for resolvido alerts[32m 14[2mms[22m[39m
[31m     [31m├ù[31m should update alert status to revisado when clicking button[39m[32m 17[2mms[22m[39m
[31m     [31m├ù[31m should update alert status to resolvido when clicking button[39m[32m 3[2mms[22m[39m
     [32mΓ£ô[39m should handle API errors gracefully[32m 18[2mms[22m[39m
     [32mΓ£ô[39m should display formatted dates correctly[32m 25[2mms[22m[39m
     [32mΓ£ô[39m should display table headers correctly[32m 34[2mms[22m[39m
[90mstderr[2m | tests/App.test.tsx[2m > [22m[2mApp Component[2m > [22m[2mshould handle 
successful authentication
[22m[39m[APP] handleAuthSuccess iniciado para: test@example.com tipo: cliente
[APP] Buscando usu├írio no Firestore...

[90mstderr[2m | tests/App.test.tsx[2m > [22m[2mApp Component[2m > [22m[2mshould handle 
successful authentication
[22m[39m[APP] Resultado fetchUserById: Usu├írio n├úo existe
[APP] Criando novo usu├írio...
[APP] Payload do novo usu├írio: {
  email: [32m'test@example.com'[39m,
  name: [32m'test'[39m,
  type: [32m'cliente'[39m,
  bio: [32m''[39m,
  location: [32m'S├úo Paulo, SP'[39m,
  status: [32m'ativo'[39m,
  verificationStatus: [90mundefined[39m
}

[90mstderr[2m | tests/App.test.tsx[2m > [22m[2mApp Component[2m > [22m[2mshould handle 
successful authentication
[22m[39m[APP] Usu├írio criado com sucesso: {
  email: [32m'test@example.com'[39m,
  name: [32m'Test User'[39m,
  type: [32m'cliente'[39m,
  status: [32m'ativo'[39m
}
[APP] Definindo currentUser: test@example.com
[APP] Login conclu├¡do com sucesso!

[90mstderr[2m | tests/App.test.tsx[2m > [22m[2mApp Component[2m > [22m[2mshould parse 
URL parameters for profile view
[22m[39mThe above error occurred in the <Routes> component:

    at Routes (C:\Users\Admin\Desktop\Talina\Servio.AI\node_modules\react-router\dist\umd\react
-router.development.js:1273:7)
    at Suspense
    at div
    at default (C:/Users/Admin/Desktop/Talina/Servio.AI/tests/App.test.tsx:98:15)
    at div
    at main
    at div
    at Router (C:\Users\Admin\Desktop\Talina\Servio.AI\node_modules\react-router\dist\umd\react
-router.development.js:1207:17)
    at BrowserRouter (C:\Users\Admin\Desktop\Talina\Servio.AI\node_modules\react-router-dom\dis
t\umd\react-router-dom.development.js:695:7)
    at div
    at ToastProvider (C:/Users/Admin/Desktop/Talina/Servio.AI/tests/App.test.tsx:105:21)
    at App (C:/Users/Admin/Desktop/Talina/Servio.AI/App.tsx:70:75)

Consider adding an error boundary to your tree to customize error handling behavior.
Visit https://reactjs.org/link/error-boundaries to learn more about error boundaries.

[90mstderr[2m | tests/App.test.tsx[2m > [22m[2mApp Component[2m > [22m[2mshould parse 
URL parameters for service landing
[22m[39mThe above error occurred in the <Routes> component:

    at Routes (C:\Users\Admin\Desktop\Talina\Servio.AI\node_modules\react-router\dist\umd\react
-router.development.js:1273:7)
    at Suspense
    at div
    at default (C:/Users/Admin/Desktop/Talina/Servio.AI/tests/App.test.tsx:98:15)
    at div
    at main
    at div
    at Router (C:\Users\Admin\Desktop\Talina\Servio.AI\node_modules\react-router\dist\umd\react
-router.development.js:1207:17)
    at BrowserRouter (C:\Users\Admin\Desktop\Talina\Servio.AI\node_modules\react-router-dom\dis
t\umd\react-router-dom.development.js:695:7)
    at div
    at ToastProvider (C:/Users/Admin/Desktop/Talina/Servio.AI/tests/App.test.tsx:105:21)
    at App (C:/Users/Admin/Desktop/Talina/Servio.AI/App.tsx:70:75)

Consider adding an error boundary to your tree to customize error handling behavior.
Visit https://reactjs.org/link/error-boundaries to learn more about error boundaries.

[90mstderr[2m | tests/App.test.tsx[2m > [22m[2mApp Component[2m > [22m[2mshould handle 
chunk loading errors gracefully
[22m[39mThe above error occurred in the <Routes> component:

    at Routes (C:\Users\Admin\Desktop\Talina\Servio.AI\node_modules\react-router\dist\umd\react
-router.development.js:1273:7)
    at Suspense
    at div
    at default (C:/Users/Admin/Desktop/Talina/Servio.AI/tests/App.test.tsx:98:15)
    at div
    at main
    at div
    at Router (C:\Users\Admin\Desktop\Talina\Servio.AI\node_modules\react-router\dist\umd\react
-router.development.js:1207:17)
    at BrowserRouter (C:\Users\Admin\Desktop\Talina\Servio.AI\node_modules\react-router-dom\dis
t\umd\react-router-dom.development.js:695:7)
    at div
    at ToastProvider (C:/Users/Admin/Desktop/Talina/Servio.AI/tests/App.test.tsx:105:21)
    at App (C:/Users/Admin/Desktop/Talina/Servio.AI/App.tsx:70:75)

Consider adding an error boundary to your tree to customize error handling behavior.
Visit https://reactjs.org/link/error-boundaries to learn more about error boundaries.

[90mstderr[2m | tests/App.test.tsx[2m > [22m[2mApp Component[2m > [22m[2mshould handle 
error events from chunk loading
[22m[39mThe above error occurred in the <Routes> component:

    at Routes (C:\Users\Admin\Desktop\Talina\Servio.AI\node_modules\react-router\dist\umd\react
-router.development.js:1273:7)
    at Suspense
    at div
    at default (C:/Users/Admin/Desktop/Talina/Servio.AI/tests/App.test.tsx:98:15)
    at div
    at main
    at div
    at Router (C:\Users\Admin\Desktop\Talina\Servio.AI\node_modules\react-router\dist\umd\react
-router.development.js:1207:17)
    at BrowserRouter (C:\Users\Admin\Desktop\Talina\Servio.AI\node_modules\react-router-dom\dis
t\umd\react-router-dom.development.js:695:7)
    at div
    at ToastProvider (C:/Users/Admin/Desktop/Talina/Servio.AI/tests/App.test.tsx:105:21)
    at App (C:/Users/Admin/Desktop/Talina/Servio.AI/App.tsx:70:75)

Consider adding an error boundary to your tree to customize error handling behavior.
Visit https://reactjs.org/link/error-boundaries to learn more about error boundaries.

[90mstderr[2m | tests/App.test.tsx[2m > [22m[2mApp Component[2m > [22m[2mshould 
prevent multiple reloads for chunk errors
[22m[39mThe above error occurred in the <Routes> component:

    at Routes (C:\Users\Admin\Desktop\Talina\Servio.AI\node_modules\react-router\dist\umd\react
-router.development.js:1273:7)
    at Suspense
    at div
    at default (C:/Users/Admin/Desktop/Talina/Servio.AI/tests/App.test.tsx:98:15)
    at div
    at main
    at div
    at Router (C:\Users\Admin\Desktop\Talina\Servio.AI\node_modules\react-router\dist\umd\react
-router.development.js:1207:17)
    at BrowserRouter (C:\Users\Admin\Desktop\Talina\Servio.AI\node_modules\react-router-dom\dis
t\umd\react-router-dom.development.js:695:7)
    at div
    at ToastProvider (C:/Users/Admin/Desktop/Talina/Servio.AI/tests/App.test.tsx:105:21)
    at App (C:/Users/Admin/Desktop/Talina/Servio.AI/App.tsx:70:75)

Consider adding an error boundary to your tree to customize error handling behavior.
Visit https://reactjs.org/link/error-boundaries to learn more about error boundaries.

[90mstderr[2m | tests/App.test.tsx[2m > [22m[2mApp Component[2m > [22m[2mshould clean 
up error listeners on unmount
[22m[39mThe above error occurred in the <Routes> component:

    at Routes (C:\Users\Admin\Desktop\Talina\Servio.AI\node_modules\react-router\dist\umd\react
-router.development.js:1273:7)
    at Suspense
    at div
    at default (C:/Users/Admin/Desktop/Talina/Servio.AI/tests/App.test.tsx:98:15)
    at div
    at main
    at div
    at Router (C:\Users\Admin\Desktop\Talina\Servio.AI\node_modules\react-router\dist\umd\react
-router.development.js:1207:17)
    at BrowserRouter (C:\Users\Admin\Desktop\Talina\Servio.AI\node_modules\react-router-dom\dis
t\umd\react-router-dom.development.js:695:7)
    at div
    at ToastProvider (C:/Users/Admin/Desktop/Talina/Servio.AI/tests/App.test.tsx:105:21)
    at App (C:/Users/Admin/Desktop/Talina/Servio.AI/App.tsx:70:75)

Consider adding an error boundary to your tree to customize error handling behavior.
Visit https://reactjs.org/link/error-boundaries to learn more about error boundaries.

[90mstderr[2m | tests/App.test.tsx[2m > [22m[2mApp Component[2m > [22m[2mshould fetch 
all users and jobs for find-providers view
[22m[39mThe above error occurred in the <Routes> component:

    at Routes (C:\Users\Admin\Desktop\Talina\Servio.AI\node_modules\react-router\dist\umd\react
-router.development.js:1273:7)
    at Suspense
    at div
    at default (C:/Users/Admin/Desktop/Talina/Servio.AI/tests/App.test.tsx:98:15)
    at div
    at main
    at div
    at Router (C:\Users\Admin\Desktop\Talina\Servio.AI\node_modules\react-router\dist\umd\react
-router.development.js:1207:17)
    at BrowserRouter (C:\Users\Admin\Desktop\Talina\Servio.AI\node_modules\react-router-dom\dis
t\umd\react-router-dom.development.js:695:7)
    at div
    at ToastProvider (C:/Users/Admin/Desktop/Talina/Servio.AI/tests/App.test.tsx:105:21)
    at App (C:/Users/Admin/Desktop/Talina/Servio.AI/App.tsx:70:75)

Consider adding an error boundary to your tree to customize error handling behavior.
Visit https://reactjs.org/link/error-boundaries to learn more about error boundaries.

[90mstderr[2m | tests/App.test.tsx[2m > [22m[2mApp Component[2m > [22m[2mshould handle 
view navigation
[22m[39mThe above error occurred in the <Routes> component:

    at Routes (C:\Users\Admin\Desktop\Talina\Servio.AI\node_modules\react-router\dist\umd\react
-router.development.js:1273:7)
    at Suspense
    at div
    at default (C:/Users/Admin/Desktop/Talina/Servio.AI/tests/App.test.tsx:98:15)
    at div
    at main
    at div
    at Router (C:\Users\Admin\Desktop\Talina\Servio.AI\node_modules\react-router\dist\umd\react
-router.development.js:1207:17)
    at BrowserRouter (C:\Users\Admin\Desktop\Talina\Servio.AI\node_modules\react-router-dom\dis
t\umd\react-router-dom.development.js:695:7)
    at div
    at ToastProvider (C:/Users/Admin/Desktop/Talina/Servio.AI/tests/App.test.tsx:105:21)
    at App (C:/Users/Admin/Desktop/Talina/Servio.AI/App.tsx:70:75)

Consider adding an error boundary to your tree to customize error handling behavior.
Visit https://reactjs.org/link/error-boundaries to learn more about error boundaries.

[90mstderr[2m | tests/App.test.tsx[2m > [22m[2mApp Component[2m > [22m[2mshould render 
Header with proper props
[22m[39mThe above error occurred in the <Routes> component:

    at Routes (C:\Users\Admin\Desktop\Talina\Servio.AI\node_modules\react-router\dist\umd\react
-router.development.js:1273:7)
    at Suspense
    at div
    at default (C:/Users/Admin/Desktop/Talina/Servio.AI/tests/App.test.tsx:98:15)
    at div
    at main
    at div
    at Router (C:\Users\Admin\Desktop\Talina\Servio.AI\node_modules\react-router\dist\umd\react
-router.development.js:1207:17)
    at BrowserRouter (C:\Users\Admin\Desktop\Talina\Servio.AI\node_modules\react-router-dom\dis
t\umd\react-router-dom.development.js:695:7)
    at div
    at ToastProvider (C:/Users/Admin/Desktop/Talina/Servio.AI/tests/App.test.tsx:105:21)
    at App (C:/Users/Admin/Desktop/Talina/Servio.AI/App.tsx:70:75)

Consider adding an error boundary to your tree to customize error handling behavior.
Visit https://reactjs.org/link/error-boundaries to learn more about error boundaries.

[90mstderr[2m | tests/App.test.tsx[2m > [22m[2mApp Component[2m > [22m[2mshould 
initialize with no current user
[22m[39mThe above error occurred in the <Routes> component:

    at Routes (C:\Users\Admin\Desktop\Talina\Servio.AI\node_modules\react-router\dist\umd\react
-router.development.js:1273:7)
    at Suspense
    at div
    at default (C:/Users/Admin/Desktop/Talina/Servio.AI/tests/App.test.tsx:98:15)
    at div
    at main
    at div
    at Router (C:\Users\Admin\Desktop\Talina\Servio.AI\node_modules\react-router\dist\umd\react
-router.development.js:1207:17)
    at BrowserRouter (C:\Users\Admin\Desktop\Talina\Servio.AI\node_modules\react-router-dom\dis
t\umd\react-router-dom.development.js:695:7)
    at div
    at ToastProvider (C:/Users/Admin/Desktop/Talina/Servio.AI/tests/App.test.tsx:105:21)
    at App (C:/Users/Admin/Desktop/Talina/Servio.AI/App.tsx:70:75)

Consider adding an error boundary to your tree to customize error handling behavior.
Visit https://reactjs.org/link/error-boundaries to learn more about error boundaries.

[90mstderr[2m | tests/App.test.tsx[2m > [22m[2mApp Component[2m > [22m[2mshould 
maintain maintained items state
[22m[39mThe above error occurred in the <Routes> component:

    at Routes (C:\Users\Admin\Desktop\Talina\Servio.AI\node_modules\react-router\dist\umd\react
-router.development.js:1273:7)
    at Suspense
    at div
    at default (C:/Users/Admin/Desktop/Talina/Servio.AI/tests/App.test.tsx:98:15)
    at div
    at main
    at div
    at Router (C:\Users\Admin\Desktop\Talina\Servio.AI\node_modules\react-router\dist\umd\react
-router.development.js:1207:17)
    at BrowserRouter (C:\Users\Admin\Desktop\Talina\Servio.AI\node_modules\react-router-dom\dis
t\umd\react-router-dom.development.js:695:7)
    at div
    at ToastProvider (C:/Users/Admin/Desktop/Talina/Servio.AI/tests/App.test.tsx:105:21)
    at App (C:/Users/Admin/Desktop/Talina/Servio.AI/App.tsx:70:75)

Consider adding an error boundary to your tree to customize error handling behavior.
Visit https://reactjs.org/link/error-boundaries to learn more about error boundaries.

[90mstderr[2m | tests/App.test.tsx[2m > [22m[2mApp Component[2m > [22m[2mshould 
maintain all notifications state
[22m[39mThe above error occurred in the <Routes> component:

    at Routes (C:\Users\Admin\Desktop\Talina\Servio.AI\node_modules\react-router\dist\umd\react
-router.development.js:1273:7)
    at Suspense
    at div
    at default (C:/Users/Admin/Desktop/Talina/Servio.AI/tests/App.test.tsx:98:15)
    at div
    at main
    at div
    at Router (C:\Users\Admin\Desktop\Talina\Servio.AI\node_modules\react-router\dist\umd\react
-router.development.js:1207:17)
    at BrowserRouter (C:\Users\Admin\Desktop\Talina\Servio.AI\node_modules\react-router-dom\dis
t\umd\react-router-dom.development.js:695:7)
    at div
    at ToastProvider (C:/Users/Admin/Desktop/Talina/Servio.AI/tests/App.test.tsx:105:21)
    at App (C:/Users/Admin/Desktop/Talina/Servio.AI/App.tsx:70:75)

Consider adding an error boundary to your tree to customize error handling behavior.
Visit https://reactjs.org/link/error-boundaries to learn more about error boundaries.

[90mstderr[2m | tests/App.test.tsx[2m > [22m[2mApp Component[2m > [22m[2mshould manage 
job data to create state
[22m[39mThe above error occurred in the <Routes> component:

    at Routes (C:\Users\Admin\Desktop\Talina\Servio.AI\node_modules\react-router\dist\umd\react
-router.development.js:1273:7)
    at Suspense
    at div
    at default (C:/Users/Admin/Desktop/Talina/Servio.AI/tests/App.test.tsx:98:15)
    at div
    at main
    at div
    at Router (C:\Users\Admin\Desktop\Talina\Servio.AI\node_modules\react-router\dist\umd\react
-router.development.js:1207:17)
    at BrowserRouter (C:\Users\Admin\Desktop\Talina\Servio.AI\node_modules\react-router-dom\dis
t\umd\react-router-dom.development.js:695:7)
    at div
    at ToastProvider (C:/Users/Admin/Desktop/Talina/Servio.AI/tests/App.test.tsx:105:21)
    at App (C:/Users/Admin/Desktop/Talina/Servio.AI/App.tsx:70:75)

Consider adding an error boundary to your tree to customize error handling behavior.
Visit https://reactjs.org/link/error-boundaries to learn more about error boundaries.

[90mstderr[2m | tests/App.test.tsx[2m > [22m[2mApp Component[2m > [22m[2mshould manage 
contact provider after login state
[22m[39mThe above error occurred in the <Routes> component:

    at Routes (C:\Users\Admin\Desktop\Talina\Servio.AI\node_modules\react-router\dist\umd\react
-router.development.js:1273:7)
    at Suspense
    at div
    at default (C:/Users/Admin/Desktop/Talina/Servio.AI/tests/App.test.tsx:98:15)
    at div
    at main
    at div
    at Router (C:\Users\Admin\Desktop\Talina\Servio.AI\node_modules\react-router\dist\umd\react
-router.development.js:1207:17)
    at BrowserRouter (C:\Users\Admin\Desktop\Talina\Servio.AI\node_modules\react-router-dom\dis
t\umd\react-router-dom.development.js:695:7)
    at div
    at ToastProvider (C:/Users/Admin/Desktop/Talina/Servio.AI/tests/App.test.tsx:105:21)
    at App (C:/Users/Admin/Desktop/Talina/Servio.AI/App.tsx:70:75)

Consider adding an error boundary to your tree to customize error handling behavior.
Visit https://reactjs.org/link/error-boundaries to learn more about error boundaries.

[90mstderr[2m | tests/App.test.tsx[2m > [22m[2mApp Component[2m > [22m[2mshould 
cleanup on component unmount
[22m[39mThe above error occurred in the <Routes> component:

    at Routes (C:\Users\Admin\Desktop\Talina\Servio.AI\node_modules\react-router\dist\umd\react
-router.development.js:1273:7)
    at Suspense
    at div
    at default (C:/Users/Admin/Desktop/Talina/Servio.AI/tests/App.test.tsx:98:15)
    at div
    at main
    at div
    at Router (C:\Users\Admin\Desktop\Talina\Servio.AI\node_modules\react-router\dist\umd\react
-router.development.js:1207:17)
    at BrowserRouter (C:\Users\Admin\Desktop\Talina\Servio.AI\node_modules\react-router-dom\dis
t\umd\react-router-dom.development.js:695:7)
    at div
    at ToastProvider (C:/Users/Admin/Desktop/Talina/Servio.AI/tests/App.test.tsx:105:21)
    at App (C:/Users/Admin/Desktop/Talina/Servio.AI/App.tsx:70:75)

Consider adding an error boundary to your tree to customize error handling behavior.
Visit https://reactjs.org/link/error-boundaries to learn more about error boundaries.

 [31mΓ¥»[39m tests/App.test.tsx [2m([22m[2m22 tests[22m[2m | [22m[31m15 failed[39m[2m)[22m[33m 420[2mms[22m[39m
     [32mΓ£ô[39m should render the App component[32m 62[2mms[22m[39m
     [32mΓ£ô[39m should render home view by default[32m 13[2mms[22m[39m
     [32mΓ£ô[39m should display loading fallback when suspense is loading[32m 10[2mms[22m[39m
     [32mΓ£ô[39m should have proper ToastProvider wrapping[32m 13[2mms[22m[39m
     [32mΓ£ô[39m should show auth modal when login is clicked[32m 45[2mms[22m[39m
     [32mΓ£ô[39m should close auth modal when close button is clicked[32m 37[2mms[22m[39m
     [32mΓ£ô[39m should handle successful authentication[32m 37[2mms[22m[39m
[31m     [31m├ù[31m should parse URL parameters for profile view[39m[32m 19[2mms[22m[39m
[31m     [31m├ù[31m should parse URL parameters for service landing[39m[32m 8[2mms[22m[39m
[31m     [31m├ù[31m should handle chunk loading errors gracefully[39m[32m 13[2mms[22m[39m
[31m     [31m├ù[31m should handle error events from chunk loading[39m[32m 18[2mms[22m[39m
[31m     [31m├ù[31m should prevent multiple reloads for chunk errors[39m[32m 9[2mms[22m[39m
[31m     [31m├ù[31m should clean up error listeners on unmount[39m[32m 16[2mms[22m[39m
[31m     [31m├ù[31m should fetch all users and jobs for find-providers view[39m[32m 18[2mms[22m[39m
[31m     [31m├ù[31m should handle view navigation[39m[32m 10[2mms[22m[39m
[31m     [31m├ù[31m should render Header with proper props[39m[32m 13[2mms[22m[39m
[31m     [31m├ù[31m should initialize with no current user[39m[32m 10[2mms[22m[39m
[31m     [31m├ù[31m should maintain maintained items state[39m[32m 11[2mms[22m[39m
[31m     [31m├ù[31m should maintain all notifications state[39m[32m 10[2mms[22m[39m
[31m     [31m├ù[31m should manage job data to create state[39m[32m 13[2mms[22m[39m
[31m     [31m├ù[31m should manage contact provider after login state[39m[32m 9[2mms[22m[39m
[31m     [31m├ù[31m should cleanup on component unmount[39m[32m 16[2mms[22m[39m
[90mstdout[2m | tests/ClientDashboard.test.tsx
[22m[39mXXX DEBUG: firebaseConfig loading
XXX DEBUG: import.meta.env.MODE: test

[90mstderr[2m | tests/ClientDashboard.test.tsx
[22m[39m[firebase] Usando mocks porque a configura├º├úo est├í ausente ou desativada.

 [31mΓ¥»[39m tests/ClientDashboard.test.tsx [2m([22m[2m7 tests[22m[2m | [22m[31m1 failed[39m[2m)[22m[33m 1137[2mms[22m[39m
     [32mΓ£ô[39m renderiza tabs e sauda├º├úo ap├│s o loading[32m 223[2mms[22m[39m
     [33m[2mΓ£ô[22m[39m altern├óncia de tabs e estados vazios (servi├ºos/itens/ajuda) [33m 350[2mms[22m[39m
     [32mΓ£ô[39m a├º├úo r├ípida "Solicitar Servi├ºo" dispara callback[32m 122[2mms[22m[39m
     [32mΓ£ô[39m bot├úo "+ Novo Servi├ºo" em "Meus Servi├ºos" dispara callback[32m 122[2mms[22m[39m
       [32mΓ£ô[39m deve abrir o modal de pagamento ao aceitar uma proposta[32m 126[2mms[22m[39m
[31m       [31m├ù[31m deve chamar a API de checkout e redirecionar ao confirmar o pagamento[39m[32m 21[2mms[22m[39m
       [32mΓ£ô[39m deve fechar o modal de pagamento ao clicar em cancelar[32m 165[2mms[22m[39m
 [31mΓ¥»[39m tests/components/StarRatingInput.test.tsx [2m([22m[2m15 tests[22m[2m | [22m[31m7 failed[39m[2m)[22m[32m 129[2mms[22m[39m
     [32mΓ£ô[39m renderiza 5 estrelas[32m 38[2mms[22m[39m
     [32mΓ£ô[39m mostra nenhuma estrela preenchida para rating 0[32m 9[2mms[22m[39m
     [32mΓ£ô[39m mostra 3 estrelas preenchidas para rating 3[32m 8[2mms[22m[39m
     [32mΓ£ô[39m mostra 5 estrelas preenchidas para rating 5[32m 12[2mms[22m[39m
[31m     [31m├ù[31m chama setRating ao clicar em uma estrela[39m[32m 8[2mms[22m[39m
[31m     [31m├ù[31m permite mudar o rating clicando em estrela diferente[39m[32m 2[2mms[22m[39m
[31m     [31m├ù[31m permite dar rating 1 clicando na primeira estrela[39m[32m 1[2mms[22m[39m
     [32mΓ£ô[39m aplica cursor pointer nas estrelas[32m 10[2mms[22m[39m
     [32mΓ£ô[39m aplica transi├º├úo de cores[32m 11[2mms[22m[39m
[31m     [31m├ù[31m mostra preview ao passar mouse sobre estrelas[39m[32m 2[2mms[22m[39m
[31m     [31m├ù[31m remove preview ao tirar mouse[39m[32m 1[2mms[22m[39m
[31m     [31m├ù[31m prioriza hover sobre rating atual[39m[32m 2[2mms[22m[39m
[31m     [31m├ù[31m permite rating reduzido[39m[32m 1[2mms[22m[39m
     [32mΓ£ô[39m renderiza espa├ºamento entre estrelas[32m 7[2mms[22m[39m
     [32mΓ£ô[39m centraliza estrelas[32m 11[2mms[22m[39m
 [31mΓ¥»[39m tests/components/ProviderJobCard.test.tsx [2m([22m[2m14 tests[22m[2m | [22m[31m4 failed[39m[2m)[22m[32m 130[2mms[22m[39m
     [32mΓ£ô[39m renderiza categoria do job[32m 45[2mms[22m[39m
     [32mΓ£ô[39m renderiza nome do cliente[32m 9[2mms[22m[39m
     [32mΓ£ô[39m mostra clientId quando client n├úo est├í dispon├¡vel[32m 7[2mms[22m[39m
     [32mΓ£ô[39m renderiza descri├º├úo do job[32m 9[2mms[22m[39m
     [32mΓ£ô[39m renderiza componente JobTimeline[32m 6[2mms[22m[39m
     [32mΓ£ô[39m mostra bot├úo "Estou a Caminho" quando status ├⌐ agendado[32m 6[2mms[22m[39m
[31m     [31m├ù[31m chama onUpdateStatus com status "a_caminho" ao clicar[39m[32m 10[2mms[22m[39m
     [32mΓ£ô[39m mostra bot├úo "Iniciar Servi├ºo" quando status ├⌐ a_caminho[32m 7[2mms[22m[39m
[31m     [31m├ù[31m chama onUpdateStatus com status "em_progresso" ao clicar em Iniciar[39m[32m 3[2mms[22m[39m
     [32mΓ£ô[39m mostra bot├úo "Ver Disputa" quando status ├⌐ em_disputa[32m 5[2mms[22m[39m
[31m     [31m├ù[31m chama onChat ao clicar em "Ver Disputa"[39m[32m 1[2mms[22m[39m
     [32mΓ£ô[39m mostra bot├úo "Abrir Chat com Cliente" quando n├úo est├í em disputa[32m 6[2mms[22m[39m
[31m     [31m├ù[31m chama onChat ao clicar em "Abrir Chat com Cliente"[39m[32m 1[2mms[22m[39m
     [32mΓ£ô[39m n├úo mostra bot├úo de progresso quando status ├⌐ em_progresso[32m 8[2mms[22m[39m
 [31mΓ¥»[39m tests/ProposalModal.test.tsx [2m([22m[2m9 tests[22m[2m | [22m[31m6 failed[39m[2m)[22m[32m 131[2mms[22m[39m
     [32mΓ£ô[39m renderiza modal com informa├º├╡es do job[32m 73[2mms[22m[39m
[31m     [31m├ù[31m fecha modal ao clicar no X[39m[32m 8[2mms[22m[39m
[31m     [31m├ù[31m permite enviar proposta com pre├ºo e mensagem[39m[32m 2[2mms[22m[39m
[31m     [31m├ù[31m exibe erro quando pre├ºo ├⌐ inv├ílido[39m[32m 2[2mms[22m[39m
     [32mΓ£ô[39m desabilita campo de pre├ºo quando serviceType ├⌐ tabelado[32m 20[2mms[22m[39m
[31m     [31m├ù[31m gera mensagem com IA quando bot├úo ├⌐ clicado[39m[32m 2[2mms[22m[39m
[31m     [31m├ù[31m exibe erro quando IA falha ao gerar mensagem[39m[32m 2[2mms[22m[39m
[31m     [31m├ù[31m permite submeter proposta sem mensagem[39m[32m 2[2mms[22m[39m
     [32mΓ£ô[39m exibe dica de seguran├ºa[32m 13[2mms[22m[39m
 [31mΓ¥»[39m tests/components/prospector/SmartFiltersBar.test.tsx [2m([22m[2m8 tests[22m[2m | [22m[31m2 failed[39m[2m)[22m[32m 126[2mms[22m[39m
       [32mΓ£ô[39m deve renderizar o componente[32m 53[2mms[22m[39m
       [32mΓ£ô[39m deve exibir filtros dispon├¡veis[32m 19[2mms[22m[39m
       [32mΓ£ô[39m deve calcular contagem de leads hot + high priority[32m 9[2mms[22m[39m
[31m       [31m├ù[31m deve chamar onFilterApply ao clicar em filtro[39m[32m 8[2mms[22m[39m
[31m       [31m├ù[31m deve chamar onClear ao clicar em limpar[39m[32m 2[2mms[22m[39m
       [32mΓ£ô[39m deve calcular negotiating corretamente[32m 10[2mms[22m[39m
       [32mΓ£ô[39m deve calcular high score (>=80) corretamente[32m 12[2mms[22m[39m
       [32mΓ£ô[39m deve funcionar com lista vazia de leads[32m 8[2mms[22m[39m
[90mstderr[2m | tests/ProfileTips.test.tsx[2m > [22m[2mProfileTips[2m > [22m[2mmostra 
mensagem padr├úo em caso de erro
[22m[39mFailed to fetch profile tip: Error: network
    at C:/Users/Admin/Desktop/Talina/Servio.AI/tests/ProfileTips.test.tsx:39:58
    at [90mfile:///C:/Users/Admin/Desktop/Talina/Servio.AI/[39mnode_modules/[4m@vitest/runne
r[24m/dist/index.js:145:11
    at [90mfile:///C:/Users/Admin/Desktop/Talina/Servio.AI/[39mnode_modules/[4m@vitest/runne
r[24m/dist/index.js:915:26
    at [90mfile:///C:/Users/Admin/Desktop/Talina/Servio.AI/[39mnode_modules/[4m@vitest/runne
r[24m/dist/index.js:1243:20
    at new Promise (<anonymous>)
    at runWithTimeout [90m(file:///C:/Users/Admin/Desktop/Talina/Servio.AI/[39mnode_modules/
[4m@vitest/runner[24m/dist/index.js:1209:10[90m)[39m
    at [90mfile:///C:/Users/Admin/Desktop/Talina/Servio.AI/[39mnode_modules/[4m@vitest/runne
r[24m/dist/index.js:1653:37
    at Traces.$ [90m(file:///C:/Users/Admin/Desktop/Talina/Servio.AI/[39mnode_modules/[4mvit
est[24m/dist/chunks/traces.U4xDYhzZ.js:115:27[90m)[39m
    at trace [90m(file:///C:/Users/Admin/Desktop/Talina/Servio.AI/[39mnode_modules/[4mvitest
[24m/dist/chunks/test.B8ej_ZHS.js:239:21[90m)[39m
    at runTest [90m(file:///C:/Users/Admin/Desktop/Talina/Servio.AI/[39mnode_modules/[4m@vit
est/runner[24m/dist/index.js:1653:12[90m)[39m

 [31mΓ¥»[39m tests/Header.test.tsx [2m([22m[2m10 tests[22m[2m | [22m[31m6 failed[39m[2m)[22m[32m 131[2mms[22m[39m
     [32mΓ£ô[39m renderiza logo e bot├╡es quando n├úo h├í usu├írio logado[32m 48[2mms[22m[39m
[31m     [31m├ù[31m chama onLoginClick ao clicar em "Entrar"[39m[32m 16[2mms[22m[39m
[31m     [31m├ù[31m chama onRegisterClick ao clicar em "Cadastre-se"[39m[32m 3[2mms[22m[39m
     [32mΓ£ô[39m renderiza nome do usu├írio e bot├úo "Sair" quando logado[32m 26[2mms[22m[39m
[31m     [31m├ù[31m chama onLogoutClick ao clicar em "Sair"[39m[32m 3[2mms[22m[39m
[31m     [31m├ù[31m chama onSetView ao clicar no logo[39m[32m 3[2mms[22m[39m
     [32mΓ£ô[39m exibe NotificationsBell quando h├í notifica├º├╡es e usu├írio est├í logado[32m 14[2mms[22m[39m
[31m     [31m├ù[31m renderiza link "Encontrar Profissionais"[39m[32m 1[2mms[22m[39m
[31m     [31m├ù[31m renderiza link "Seja um Prestador" quando n├úo logado[39m[32m 1[2mms[22m[39m
     [32mΓ£ô[39m n├úo renderiza link "Seja um Prestador" quando usu├írio est├í logado[32m 12[2mms[22m[39m
[90mstderr[2m | tests/ProfileTips.test.tsx[2m > [22m[2mProfileTips[2m > [22m[2mdispara 
onEditProfile ao clicar em Editar Perfil
[22m[39mWarning: An update to ProfileTips inside a test was not wrapped in act(...).

When testing, code that causes React state updates should be wrapped into act(...):

act(() => {
  /* fire events that update state */
});
/* assert on the output */

This ensures that you're testing the behavior the user would see in the browser. Learn more at 
https://reactjs.org/link/wrap-tests-with-act
    at ProfileTips (C:/Users/Admin/Desktop/Talina/Servio.AI/components/ProfileTips.tsx:8:24)
Warning: An update to ProfileTips inside a test was not wrapped in act(...).

When testing, code that causes React state updates should be wrapped into act(...):

act(() => {
  /* fire events that update state */
});
/* assert on the output */

This ensures that you're testing the behavior the user would see in the browser. Learn more at 
https://reactjs.org/link/wrap-tests-with-act
    at ProfileTips (C:/Users/Admin/Desktop/Talina/Servio.AI/components/ProfileTips.tsx:8:24)

 [31mΓ¥»[39m tests/ProfileTips.test.tsx [2m([22m[2m3 tests[22m[2m | [22m[31m1 failed[39m[2m)[22m[32m 136[2mms[22m[39m
     [32mΓ£ô[39m exibe loading e depois a dica gerada pela IA[32m 78[2mms[22m[39m
     [32mΓ£ô[39m mostra mensagem padr├úo em caso de erro[32m 24[2mms[22m[39m
[31m     [31m├ù[31m dispara onEditProfile ao clicar em Editar Perfil[39m[32m 29[2mms[22m[39m
[90mstderr[2m | tests/components/FindProvidersPage.smoke.test.tsx[2m > 
[22m[2mFindProvidersPage smoke[2m > [22m[2mrenderiza e permite buscar com IA
[22m[39mThe above error occurred in the <FindProvidersPage> component:

    at FindProvidersPage 
(C:/Users/Admin/Desktop/Talina/Servio.AI/components/FindProvidersPage.tsx:9:3)

Consider adding an error boundary to your tree to customize error handling behavior.
Visit https://reactjs.org/link/error-boundaries to learn more about error boundaries.

 [31mΓ¥»[39m tests/components/FindProvidersPage.smoke.test.tsx [2m([22m[2m1 test[22m[2m | [22m[31m1 failed[39m[2m)[22m[32m 229[2mms[22m[39m
[31m     [31m├ù[31m renderiza e permite buscar com IA[39m[32m 225[2mms[22m[39m
 [31mΓ¥»[39m tests/ProfileStrength.test.tsx [2m([22m[2m3 tests[22m[2m | [22m[31m1 failed[39m[2m)[22m[32m 136[2mms[22m[39m
     [32mΓ£ô[39m renderiza indicador de for├ºa do perfil[32m 75[2mms[22m[39m
[31m     [31m├ù[31m mostra bot├úo para completar perfil quando incompleto[39m[32m 19[2mms[22m[39m
     [32mΓ£ô[39m exibe 100% quando todos os itens est├úo completos e n├úo mostra bot├úo[32m 38[2mms[22m[39m
[90mstdout[2m | tests/ChatModal.test.tsx
[22m[39mXXX DEBUG: firebaseConfig loading
XXX DEBUG: import.meta.env.MODE: test

[90mstderr[2m | tests/ChatModal.test.tsx
[22m[39m[firebase] Usando mocks porque a configura├º├úo est├í ausente ou desativada.

 [31mΓ¥»[39m tests/components/AdminVerificationCard.test.tsx [2m([22m[2m9 tests[22m[2m | [22m[31m2 failed[39m[2m)[22m[32m 151[2mms[22m[39m
       [32mΓ£ô[39m deve renderizar o card[32m 72[2mms[22m[39m
       [32mΓ£ô[39m deve exibir email do provider[32m 10[2mms[22m[39m
       [32mΓ£ô[39m deve exibir badge de status pendente[32m 8[2mms[22m[39m
       [32mΓ£ô[39m deve exibir mensagem quando n├úo h├í imagem de documento[32m 8[2mms[22m[39m
       [32mΓ£ô[39m deve exibir imagem de documento quando dispon├¡vel[32m 12[2mms[22m[39m
       [32mΓ£ô[39m deve renderizar bot├╡es de aprovar e recusar[32m 15[2mms[22m[39m
[31m       [31m├ù[31m deve chamar onApprove ao clicar em Aprovar[39m[32m 9[2mms[22m[39m
[31m       [31m├ù[31m deve chamar onReject ao clicar em Recusar[39m[32m 2[2mms[22m[39m
       [32mΓ£ô[39m deve ter container com fundo branco e sombra[32m 9[2mms[22m[39m
 [31mΓ¥»[39m tests/components/MatchingResultsModal.test.tsx [2m([22m[2m7 tests[22m[2m | [22m[31m1 failed[39m[2m)[22m[32m 176[2mms[22m[39m
       [32mΓ£ô[39m deve renderizar o modal[32m 50[2mms[22m[39m
       [32mΓ£ô[39m deve renderizar todos os providers[32m 10[2mms[22m[39m
       [32mΓ£ô[39m deve renderizar bot├úo de fechar[32m 66[2mms[22m[39m
[31m       [31m├ù[31m deve chamar onClose ao clicar no overlay[39m[32m 11[2mms[22m[39m
       [32mΓ£ô[39m deve renderizar t├¡tulo do modal[32m 12[2mms[22m[39m
       [32mΓ£ô[39m deve ter role dialog[32m 14[2mms[22m[39m
       [32mΓ£ô[39m deve funcionar com lista vazia de resultados[32m 9[2mms[22m[39m
 [31mΓ¥»[39m tests/NotificationsPopover.test.tsx [2m([22m[2m4 tests[22m[2m | [22m[31m1 failed[39m[2m)[22m[32m 123[2mms[22m[39m
     [32mΓ£ô[39m renderiza lista e bot├úo de marcar todas quando h├í n├úo lidas[32m 74[2mms[22m[39m
     [32mΓ£ô[39m exibe estado vazio quando n├úo h├í notifica├º├╡es[32m 12[2mms[22m[39m
     [32mΓ£ô[39m formata timeAgo corretamente[32m 15[2mms[22m[39m
[31m     [31m├ù[31m aciona onMarkAsRead ao clicar em item[39m[32m 17[2mms[22m[39m
 [31mΓ¥»[39m tests/ChatModal.test.tsx [2m([22m[2m7 tests[22m[2m | [22m[31m6 failed[39m[2m)[22m[32m 175[2mms[22m[39m
     [32mΓ£ô[39m renderiza cabe├ºalho e mensagens b├ísicas[32m 151[2mms[22m[39m
[31m     [31m├ù[31m bloqueia envio quando outra parte n├úo existe[39m[32m 10[2mms[22m[39m
[31m     [31m├ù[31m envia mensagem de texto e limpa input[39m[32m 2[2mms[22m[39m
[31m     [31m├ù[31m mostra sugest├úo da IA e envia resumo como notifica├º├úo de sistema[39m[32m 2[2mms[22m[39m
[31m     [31m├ù[31m exibe sugest├úo de agendamento via IA (proposeScheduleFromChat) e confirma[39m[32m 2[2mms[22m[39m
[31m     [31m├ù[31m permite sugerir agendamento manual e envia schedule_proposal[39m[32m 2[2mms[22m[39m
[31m     [31m├ù[31m mostra proposta de agendamento recebida e permite confirmar[39m[32m 1[2mms[22m[39m
[90mstderr[2m | tests/AdminDashboard.navigation.test.tsx
[22m[39mΓòÉΓòÉΓòÉΓòÉΓòÉΓòÉΓòÉΓòÉΓòÉΓòÉΓòÉΓòÉΓòÉΓòÉΓòÉΓòÉΓòÉΓòÉΓòÉΓòÉΓòÉΓòÉΓòÉΓòÉΓòÉΓòÉΓòÉΓòÉΓ
òÉΓòÉΓòÉΓòÉΓòÉΓòÉΓòÉΓòÉΓòÉΓòÉΓòÉΓòÉΓòÉΓòÉΓòÉΓòÉΓòÉΓòÉΓòÉΓòÉΓòÉΓòÉΓòÉΓòÉΓòÉΓòÉΓòÉ
≡ƒöº API SERVICE INICIADO - VERS├âO 2026-01-09
ΓòÉΓòÉΓòÉΓòÉΓòÉΓòÉΓòÉΓòÉΓòÉΓòÉΓòÉΓòÉΓòÉΓòÉΓòÉΓòÉΓòÉΓòÉΓòÉΓòÉΓòÉΓòÉΓòÉΓòÉΓòÉΓòÉΓòÉΓòÉΓòÉΓòÉΓòÉΓò
ÉΓòÉΓòÉΓòÉΓòÉΓòÉΓòÉΓòÉΓòÉΓòÉΓòÉΓòÉΓòÉΓòÉΓòÉΓòÉΓòÉΓòÉΓòÉΓòÉΓòÉΓòÉΓòÉΓòÉ
≡ƒôï STAGING_MODE: true
≡ƒôï Project ID: servioai-staging
≡ƒôï Backend URL: https://us-central1-servioai-staging.cloudfunctions.net
≡ƒôï Use Mock: false
ΓòÉΓòÉΓòÉΓòÉΓòÉΓòÉΓòÉΓòÉΓòÉΓòÉΓòÉΓòÉΓòÉΓòÉΓòÉΓòÉΓòÉΓòÉΓòÉΓòÉΓòÉΓòÉΓòÉΓòÉΓòÉΓòÉΓòÉΓòÉΓòÉΓòÉΓòÉΓò
ÉΓòÉΓòÉΓòÉΓòÉΓòÉΓòÉΓòÉΓòÉΓòÉΓòÉΓòÉΓòÉΓòÉΓòÉΓòÉΓòÉΓòÉΓòÉΓòÉΓòÉΓòÉΓòÉΓòÉ
Γ£à STAGING MODE ATIVO - Backend DESABILITADO!
Γ£à Todas as opera├º├╡es de usu├írio usam Firestore direto!

[90mstderr[2m | tests/AdminDashboard.navigation.test.tsx[2m > [22m[2mAdminDashboard Tab 
Navigation[2m > [22m[2mdeve renderizar a aba "Analytics" como padr├úo e exibir seu conte├║do
[22m[39mΓÜá∩╕Å React Router Future Flag Warning: React Router will begin wrapping state 
updates in `React.startTransition` in v7. You can use the `v7_startTransition` future flag to 
opt-in early. For more information, see 
https://reactrouter.com/v6/upgrading/future#v7_starttransition.
ΓÜá∩╕Å React Router Future Flag Warning: Relative route resolution within Splat routes is 
changing in v7. You can use the `v7_relativeSplatPath` future flag to opt-in early. For more 
information, see https://reactrouter.com/v6/upgrading/future#v7_relativesplatpath.

 [31mΓ¥»[39m tests/AdminDashboard.navigation.test.tsx [2m([22m[2m3 tests[22m[2m | [22m[31m2 failed[39m[2m)[22m[32m 121[2mms[22m[39m
     [32mΓ£ô[39m deve renderizar a aba "Analytics" como padr├úo e exibir seu conte├║do[32m 77[2mms[22m[39m
[31m     [31m├ù[31m deve navegar para a aba "Jobs" e exibir seu conte├║do ao ser clicada[39m[32m 24[2mms[22m[39m
[31m     [31m├ù[31m deve navegar entre m├║ltiplas abas corretamente[39m[32m 10[2mms[22m[39m
 [31mΓ¥»[39m tests/ItemCard.test.tsx [2m([22m[2m3 tests[22m[2m | [22m[31m1 failed[39m[2m)[22m[32m 89[2mms[22m[39m
     [32mΓ£ô[39m renderiza com imagem quando imageUrl est├í presente[32m 63[2mms[22m[39m
     [32mΓ£ô[39m renderiza fallback quando n├úo h├í imagem[32m 13[2mms[22m[39m
[31m     [31m├ù[31m aciona onClick ao clicar[39m[32m 8[2mms[22m[39m
 [31mΓ¥»[39m tests/NotificationsBell.test.tsx [2m([22m[2m3 tests[22m[2m | [22m[31m3 failed[39m[2m)[22m[32m 18[2mms[22m[39m
[31m     [31m├ù[31m exibe badge com contador de n├úo lidas e abre o popover ao clicar[39m[32m 10[2mms[22m[39m
[31m     [31m├ù[31m marca todas como lidas e fecha o popover[39m[32m 2[2mms[22m[39m
[31m     [31m├ù[31m fecha o popover ao clicar fora[39m[32m 2[2mms[22m[39m
 [31mΓ¥»[39m tests/MatchingResults.test.tsx [2m([22m[2m22 tests[22m[2m | [22m[31m1 failed[39m[2m)[22m[33m 7003[2mms[22m[39m
       [32mΓ£ô[39m should display loading state initially[32m 53[2mms[22m[39m
       [32mΓ£ô[39m should have spinner animation during loading[32m 12[2mms[22m[39m
       [32mΓ£ô[39m should display empty state when no matches are found[32m 51[2mms[22m[39m
       [32mΓ£ô[39m should display empty state on 404 response[32m 28[2mms[22m[39m
       [33m[2mΓ£ô[22m[39m should display error message on fetch failure [33m 3070[2mms[22m[39m
       [32mΓ£ô[39m should display error when jobId is missing[32m 26[2mms[22m[39m
       [33m[2mΓ£ô[22m[39m should handle network errors gracefully [33m 3114[2mms[22m[39m
       [32mΓ£ô[39m should display matching results correctly[32m 43[2mms[22m[39m
       [32mΓ£ô[39m should display correct match count message[32m 47[2mms[22m[39m
       [32mΓ£ô[39m should display singular message for single match[32m 28[2mms[22m[39m
       [32mΓ£ô[39m should display provider information[32m 66[2mms[22m[39m
       [32mΓ£ô[39m should display match scores as percentages[32m 43[2mms[22m[39m
       [32mΓ£ô[39m should display provider location[32m 52[2mms[22m[39m
       [32mΓ£ô[39m should display specialties[32m 54[2mms[22m[39m
       [32mΓ£ô[39m should display completion rate and response time[32m 54[2mms[22m[39m
       [32mΓ£ô[39m should display match status badge[32m 28[2mms[22m[39m
       [32mΓ£ô[39m should have contact button for each match[32m 29[2mms[22m[39m
[31m       [31m├ù[31m should call contact handler when contact button clicked[39m[32m 9[2mms[22m[39m
       [32mΓ£ô[39m should fetch matches with correct jobId[32m 13[2mms[22m[39m
       [32mΓ£ô[39m should refetch when jobId changes[32m 63[2mms[22m[39m
       [32mΓ£ô[39m should have semantic HTML structure[32m 32[2mms[22m[39m
       [32mΓ£ô[39m should have descriptive button labels[32m 65[2mms[22m[39m
 [31mΓ¥»[39m tests/ProviderJobCard.test.tsx [2m([22m[2m5 tests[22m[2m | [22m[31m4 failed[39m[2m)[22m[32m 90[2mms[22m[39m
     [32mΓ£ô[39m renderiza categoria e cliente[32m 64[2mms[22m[39m
[31m     [31m├ù[31m chama onUpdateStatus para a_caminho quando status agendado[39m[32m 16[2mms[22m[39m
[31m     [31m├ù[31m chama onUpdateStatus para em_progresso quando status a_caminho[39m[32m 2[2mms[22m[39m
[31m     [31m├ù[31m mostra "Ver Disputa" e chama onChat quando em_disputa[39m[32m 2[2mms[22m[39m
[31m     [31m├ù[31m mostra bot├úo para abrir chat com cliente e chama onChat[39m[32m 1[2mms[22m[39m
[90mstderr[2m | tests/api.test.ts
[22m[39mΓòÉΓòÉΓòÉΓòÉΓòÉΓòÉΓòÉΓòÉΓòÉΓòÉΓòÉΓòÉΓòÉΓòÉΓòÉΓòÉΓòÉΓòÉΓòÉΓòÉΓòÉΓòÉΓòÉΓòÉΓòÉΓòÉΓòÉΓòÉΓ
òÉΓòÉΓòÉΓòÉΓòÉΓòÉΓòÉΓòÉΓòÉΓòÉΓòÉΓòÉΓòÉΓòÉΓòÉΓòÉΓòÉΓòÉΓòÉΓòÉΓòÉΓòÉΓòÉΓòÉΓòÉΓòÉΓòÉ
≡ƒöº API SERVICE INICIADO - VERS├âO 2026-01-09
ΓòÉΓòÉΓòÉΓòÉΓòÉΓòÉΓòÉΓòÉΓòÉΓòÉΓòÉΓòÉΓòÉΓòÉΓòÉΓòÉΓòÉΓòÉΓòÉΓòÉΓòÉΓòÉΓòÉΓòÉΓòÉΓòÉΓòÉΓòÉΓòÉΓòÉΓòÉΓò
ÉΓòÉΓòÉΓòÉΓòÉΓòÉΓòÉΓòÉΓòÉΓòÉΓòÉΓòÉΓòÉΓòÉΓòÉΓòÉΓòÉΓòÉΓòÉΓòÉΓòÉΓòÉΓòÉΓòÉ
≡ƒôï STAGING_MODE: true
≡ƒôï Project ID: servioai-staging
≡ƒôï Backend URL: https://us-central1-servioai-staging.cloudfunctions.net
≡ƒôï Use Mock: false
ΓòÉΓòÉΓòÉΓòÉΓòÉΓòÉΓòÉΓòÉΓòÉΓòÉΓòÉΓòÉΓòÉΓòÉΓòÉΓòÉΓòÉΓòÉΓòÉΓòÉΓòÉΓòÉΓòÉΓòÉΓòÉΓòÉΓòÉΓòÉΓòÉΓòÉΓòÉΓò
ÉΓòÉΓòÉΓòÉΓòÉΓòÉΓòÉΓòÉΓòÉΓòÉΓòÉΓòÉΓòÉΓòÉΓòÉΓòÉΓòÉΓòÉΓòÉΓòÉΓòÉΓòÉΓòÉΓòÉ
Γ£à STAGING MODE ATIVO - Backend DESABILITADO!
Γ£à Todas as opera├º├╡es de usu├írio usam Firestore direto!

[90mstderr[2m | tests/api.test.ts[2m > [22m[2mAPI Service[2m > 
[22m[2mfetchAllUsers[2m > [22m[2mdeve buscar usu├írios do backend com sucesso
[22m[39m≡ƒöº [API v3] Tentando: https://us-central1-servioai-staging.cloudfunctions.net/users

[90mstderr[2m | tests/api.edgecases.test.ts
[22m[39mΓòÉΓòÉΓòÉΓòÉΓòÉΓòÉΓòÉΓòÉΓòÉΓòÉΓòÉΓòÉΓòÉΓòÉΓòÉΓòÉΓòÉΓòÉΓòÉΓòÉΓòÉΓòÉΓòÉΓòÉΓòÉΓòÉΓòÉΓòÉΓ
òÉΓòÉΓòÉΓòÉΓòÉΓòÉΓòÉΓòÉΓòÉΓòÉΓòÉΓòÉΓòÉΓòÉΓòÉΓòÉΓòÉΓòÉΓòÉΓòÉΓòÉΓòÉΓòÉΓòÉΓòÉΓòÉΓòÉ
≡ƒöº API SERVICE INICIADO - VERS├âO 2026-01-09
ΓòÉΓòÉΓòÉΓòÉΓòÉΓòÉΓòÉΓòÉΓòÉΓòÉΓòÉΓòÉΓòÉΓòÉΓòÉΓòÉΓòÉΓòÉΓòÉΓòÉΓòÉΓòÉΓòÉΓòÉΓòÉΓòÉΓòÉΓòÉΓòÉΓòÉΓòÉΓò
ÉΓòÉΓòÉΓòÉΓòÉΓòÉΓòÉΓòÉΓòÉΓòÉΓòÉΓòÉΓòÉΓòÉΓòÉΓòÉΓòÉΓòÉΓòÉΓòÉΓòÉΓòÉΓòÉΓòÉ
≡ƒôï STAGING_MODE: true
≡ƒôï Project ID: servioai-staging
≡ƒôï Backend URL: https://us-central1-servioai-staging.cloudfunctions.net
≡ƒôï Use Mock: false
ΓòÉΓòÉΓòÉΓòÉΓòÉΓòÉΓòÉΓòÉΓòÉΓòÉΓòÉΓòÉΓòÉΓòÉΓòÉΓòÉΓòÉΓòÉΓòÉΓòÉΓòÉΓòÉΓòÉΓòÉΓòÉΓòÉΓòÉΓòÉΓòÉΓòÉΓòÉΓò
ÉΓòÉΓòÉΓòÉΓòÉΓòÉΓòÉΓòÉΓòÉΓòÉΓòÉΓòÉΓòÉΓòÉΓòÉΓòÉΓòÉΓòÉΓòÉΓòÉΓòÉΓòÉΓòÉΓòÉ
Γ£à STAGING MODE ATIVO - Backend DESABILITADO!
Γ£à Todas as opera├º├╡es de usu├írio usam Firestore direto!

[90mstderr[2m | tests/api.edgecases.test.ts[2m > [22m[2mAPI Service - Edge Cases[2m > 
[22m[2mError handling[2m > [22m[2mdeve lidar com erros de rede corretamente
[22m[39m≡ƒöº [API v3] Tentando: https://us-central1-servioai-staging.cloudfunctions.net/users

[90mstderr[2m | tests/ClientDashboard.scheduleAndChat.test.tsx
[22m[39mΓòÉΓòÉΓòÉΓòÉΓòÉΓòÉΓòÉΓòÉΓòÉΓòÉΓòÉΓòÉΓòÉΓòÉΓòÉΓòÉΓòÉΓòÉΓòÉΓòÉΓòÉΓòÉΓòÉΓòÉΓòÉΓòÉΓòÉΓòÉΓ
òÉΓòÉΓòÉΓòÉΓòÉΓòÉΓòÉΓòÉΓòÉΓòÉΓòÉΓòÉΓòÉΓòÉΓòÉΓòÉΓòÉΓòÉΓòÉΓòÉΓòÉΓòÉΓòÉΓòÉΓòÉΓòÉΓòÉ
≡ƒöº API SERVICE INICIADO - VERS├âO 2026-01-09
ΓòÉΓòÉΓòÉΓòÉΓòÉΓòÉΓòÉΓòÉΓòÉΓòÉΓòÉΓòÉΓòÉΓòÉΓòÉΓòÉΓòÉΓòÉΓòÉΓòÉΓòÉΓòÉΓòÉΓòÉΓòÉΓòÉΓòÉΓòÉΓòÉΓòÉΓòÉΓò
ÉΓòÉΓòÉΓòÉΓòÉΓòÉΓòÉΓòÉΓòÉΓòÉΓòÉΓòÉΓòÉΓòÉΓòÉΓòÉΓòÉΓòÉΓòÉΓòÉΓòÉΓòÉΓòÉΓòÉ
≡ƒôï STAGING_MODE: true
≡ƒôï Project ID: servioai-staging
≡ƒôï Backend URL: https://us-central1-servioai-staging.cloudfunctions.net
≡ƒôï Use Mock: false
ΓòÉΓòÉΓòÉΓòÉΓòÉΓòÉΓòÉΓòÉΓòÉΓòÉΓòÉΓòÉΓòÉΓòÉΓòÉΓòÉΓòÉΓòÉΓòÉΓòÉΓòÉΓòÉΓòÉΓòÉΓòÉΓòÉΓòÉΓòÉΓòÉΓòÉΓòÉΓò
ÉΓòÉΓòÉΓòÉΓòÉΓòÉΓòÉΓòÉΓòÉΓòÉΓòÉΓòÉΓòÉΓòÉΓòÉΓòÉΓòÉΓòÉΓòÉΓòÉΓòÉΓòÉΓòÉΓòÉ
Γ£à STAGING MODE ATIVO - Backend DESABILITADO!
Γ£à Todas as opera├º├╡es de usu├írio usam Firestore direto!

[90mstderr[2m | tests/CheckoutFlow.test.tsx[2m > [22m[2mCheckoutFlow[2m > [22m[2mStep 
1 - Cart Review[2m > [22m[2mdeve renderizar o carrinho com items
[22m[39mΓÜá∩╕Å React Router Future Flag Warning: React Router will begin wrapping state 
updates in `React.startTransition` in v7. You can use the `v7_startTransition` future flag to 
opt-in early. For more information, see 
https://reactrouter.com/v6/upgrading/future#v7_starttransition.
ΓÜá∩╕Å React Router Future Flag Warning: Relative route resolution within Splat routes is 
changing in v7. You can use the `v7_relativeSplatPath` future flag to opt-in early. For more 
information, see https://reactrouter.com/v6/upgrading/future#v7_relativesplatpath.

[90mstdout[2m | tests/ClientDashboard.scheduleAndChat.test.tsx
[22m[39mXXX DEBUG: firebaseConfig loading
XXX DEBUG: import.meta.env.MODE: test

[90mstderr[2m | tests/ClientDashboard.scheduleAndChat.test.tsx
[22m[39m[firebase] Usando mocks porque a configura├º├úo est├í ausente ou desativada.

[90mstdout[2m | tests/api.test.ts[2m > [22m[2mAPI Service[2m > [22m[2mfetchAllUsers[2m > [22m[2mdeve buscar usu├írios do backend com sucesso
[22m[39mXXX DEBUG: firebaseConfig loading
XXX DEBUG: import.meta.env.MODE: test

[90mstderr[2m | tests/api.test.ts[2m > [22m[2mAPI Service[2m > 
[22m[2mfetchAllUsers[2m > [22m[2mdeve buscar usu├írios do backend com sucesso
[22m[39m[firebase] Usando mocks porque a configura├º├úo est├í ausente ou desativada.

[90mstderr[2m | tests/api.test.ts[2m > [22m[2mAPI Service[2m > 
[22m[2mfetchAllUsers[2m > [22m[2mdeve retornar mock data quando backend falha
[22m[39m≡ƒöº [API v3] Tentando: https://us-central1-servioai-staging.cloudfunctions.net/users

[90mstderr[2m | tests/api.test.ts[2m > [22m[2mAPI Service[2m > 
[22m[2mfetchAllUsers[2m > [22m[2mdeve retornar mock data quando backend falha
[22m[39m≡ƒÜ¿ [API v2] ERRO detectado em /users - ACIONANDO FALLBACK! Error: Network error
    at C:/Users/Admin/Desktop/Talina/Servio.AI/tests/api.test.ts:49:39
    at [90mfile:///C:/Users/Admin/Desktop/Talina/Servio.AI/[39mnode_modules/[4m@vitest/runne
r[24m/dist/index.js:145:11
    at [90mfile:///C:/Users/Admin/Desktop/Talina/Servio.AI/[39mnode_modules/[4m@vitest/runne
r[24m/dist/index.js:915:26
    at [90mfile:///C:/Users/Admin/Desktop/Talina/Servio.AI/[39mnode_modules/[4m@vitest/runne
r[24m/dist/index.js:1243:20
    at new Promise (<anonymous>)
    at runWithTimeout [90m(file:///C:/Users/Admin/Desktop/Talina/Servio.AI/[39mnode_modules/
[4m@vitest/runner[24m/dist/index.js:1209:10[90m)[39m
    at [90mfile:///C:/Users/Admin/Desktop/Talina/Servio.AI/[39mnode_modules/[4m@vitest/runne
r[24m/dist/index.js:1653:37
    at Traces.$ [90m(file:///C:/Users/Admin/Desktop/Talina/Servio.AI/[39mnode_modules/[4mvit
est[24m/dist/chunks/traces.U4xDYhzZ.js:115:27[90m)[39m
    at trace [90m(file:///C:/Users/Admin/Desktop/Talina/Servio.AI/[39mnode_modules/[4mvitest
[24m/dist/chunks/test.B8ej_ZHS.js:239:21[90m)[39m
    at runTest [90m(file:///C:/Users/Admin/Desktop/Talina/Servio.AI/[39mnode_modules/[4m@vit
est/runner[24m/dist/index.js:1653:12[90m)[39m
[api] Backend unavailable for /users, triggering fallback Error: Network error
    at C:/Users/Admin/Desktop/Talina/Servio.AI/tests/api.test.ts:49:39
    at [90mfile:///C:/Users/Admin/Desktop/Talina/Servio.AI/[39mnode_modules/[4m@vitest/runne
r[24m/dist/index.js:145:11
    at [90mfile:///C:/Users/Admin/Desktop/Talina/Servio.AI/[39mnode_modules/[4m@vitest/runne
r[24m/dist/index.js:915:26
    at [90mfile:///C:/Users/Admin/Desktop/Talina/Servio.AI/[39mnode_modules/[4m@vitest/runne
r[24m/dist/index.js:1243:20
    at new Promise (<anonymous>)
    at runWithTimeout [90m(file:///C:/Users/Admin/Desktop/Talina/Servio.AI/[39mnode_modules/
[4m@vitest/runner[24m/dist/index.js:1209:10[90m)[39m
    at [90mfile:///C:/Users/Admin/Desktop/Talina/Servio.AI/[39mnode_modules/[4m@vitest/runne
r[24m/dist/index.js:1653:37
    at Traces.$ [90m(file:///C:/Users/Admin/Desktop/Talina/Servio.AI/[39mnode_modules/[4mvit
est[24m/dist/chunks/traces.U4xDYhzZ.js:115:27[90m)[39m
    at trace [90m(file:///C:/Users/Admin/Desktop/Talina/Servio.AI/[39mnode_modules/[4mvitest
[24m/dist/chunks/test.B8ej_ZHS.js:239:21[90m)[39m
    at runTest [90m(file:///C:/Users/Admin/Desktop/Talina/Servio.AI/[39mnode_modules/[4m@vit
est/runner[24m/dist/index.js:1653:12[90m)[39m

[90mstderr[2m | tests/api.test.ts[2m > [22m[2mAPI Service[2m > 
[22m[2mfetchAllUsers[2m > [22m[2mdeve retornar mock data quando backend falha
[22m[39mFailed to fetch users from backend, using mock data

[90mstderr[2m | tests/api.test.ts[2m > [22m[2mAPI Service[2m > 
[22m[2mfetchSentimentAlerts[2m > [22m[2mdeve buscar alertas de sentimento do backend
[22m[39m≡ƒöº [API v3] Tentando: 
https://us-central1-servioai-staging.cloudfunctions.net/sentiment-alerts

[90mstderr[2m | tests/api.test.ts[2m > [22m[2mAPI Service[2m > [22m[2mcreateJob[2m > 
[22m[2mdeve criar job com sucesso
[22m[39m≡ƒöº [API v3] Tentando: https://us-central1-servioai-staging.cloudfunctions.net/jobs

[90mstderr[2m | tests/api.test.ts[2m > [22m[2mAPI Service[2m > [22m[2mupdateJob[2m > 
[22m[2mdeve atualizar job com sucesso
[22m[39m≡ƒöº [API v3] Tentando: 
https://us-central1-servioai-staging.cloudfunctions.net/jobs/job123

[90mstderr[2m | tests/api.test.ts[2m > [22m[2mAPI Service[2m > 
[22m[2mfetchDisputes[2m > [22m[2mdeve buscar todas as disputas
[22m[39m≡ƒöº [API v3] Tentando: 
https://us-central1-servioai-staging.cloudfunctions.net/disputes

[90mstderr[2m | tests/api.test.ts[2m > [22m[2mAPI Service[2m > 
[22m[2mcreateProposal[2m > [22m[2mdeve criar proposta com sucesso
[22m[39m≡ƒöº [API v3] Tentando: 
https://us-central1-servioai-staging.cloudfunctions.net/proposals

[90mstderr[2m | tests/api.test.ts[2m > [22m[2mAPI Service[2m > 
[22m[2mcreateMessage[2m > [22m[2mdeve criar mensagem com sucesso
[22m[39m≡ƒöº [API v3] Tentando: 
https://us-central1-servioai-staging.cloudfunctions.net/messages

[90mstderr[2m | tests/api.test.ts[2m > [22m[2mAPI Service[2m > [22m[2mError 
handling[2m > [22m[2mdeve usar fallback para mock data em caso de erro de rede
[22m[39m≡ƒöº [API v3] Tentando: https://us-central1-servioai-staging.cloudfunctions.net/users

[90mstderr[2m | tests/api.test.ts[2m > [22m[2mAPI Service[2m > [22m[2mError 
handling[2m > [22m[2mdeve usar fallback para mock data em caso de erro de rede
[22m[39m≡ƒÜ¿ [API v2] ERRO detectado em /users - ACIONANDO FALLBACK! Error: Network timeout
    at C:/Users/Admin/Desktop/Talina/Servio.AI/tests/api.test.ts:239:39
    at [90mfile:///C:/Users/Admin/Desktop/Talina/Servio.AI/[39mnode_modules/[4m@vitest/runne
r[24m/dist/index.js:145:11
    at [90mfile:///C:/Users/Admin/Desktop/Talina/Servio.AI/[39mnode_modules/[4m@vitest/runne
r[24m/dist/index.js:915:26
    at [90mfile:///C:/Users/Admin/Desktop/Talina/Servio.AI/[39mnode_modules/[4m@vitest/runne
r[24m/dist/index.js:1243:20
    at new Promise (<anonymous>)
    at runWithTimeout [90m(file:///C:/Users/Admin/Desktop/Talina/Servio.AI/[39mnode_modules/
[4m@vitest/runner[24m/dist/index.js:1209:10[90m)[39m
    at [90mfile:///C:/Users/Admin/Desktop/Talina/Servio.AI/[39mnode_modules/[4m@vitest/runne
r[24m/dist/index.js:1653:37
    at Traces.$ [90m(file:///C:/Users/Admin/Desktop/Talina/Servio.AI/[39mnode_modules/[4mvit
est[24m/dist/chunks/traces.U4xDYhzZ.js:115:27[90m)[39m
    at trace [90m(file:///C:/Users/Admin/Desktop/Talina/Servio.AI/[39mnode_modules/[4mvitest
[24m/dist/chunks/test.B8ej_ZHS.js:239:21[90m)[39m
    at runTest [90m(file:///C:/Users/Admin/Desktop/Talina/Servio.AI/[39mnode_modules/[4m@vit
est/runner[24m/dist/index.js:1653:12[90m)[39m
[api] Backend unavailable for /users, triggering fallback Error: Network timeout
    at C:/Users/Admin/Desktop/Talina/Servio.AI/tests/api.test.ts:239:39
    at [90mfile:///C:/Users/Admin/Desktop/Talina/Servio.AI/[39mnode_modules/[4m@vitest/runne
r[24m/dist/index.js:145:11
    at [90mfile:///C:/Users/Admin/Desktop/Talina/Servio.AI/[39mnode_modules/[4m@vitest/runne
r[24m/dist/index.js:915:26
    at [90mfile:///C:/Users/Admin/Desktop/Talina/Servio.AI/[39mnode_modules/[4m@vitest/runne
r[24m/dist/index.js:1243:20
    at new Promise (<anonymous>)
    at runWithTimeout [90m(file:///C:/Users/Admin/Desktop/Talina/Servio.AI/[39mnode_modules/
[4m@vitest/runner[24m/dist/index.js:1209:10[90m)[39m
    at [90mfile:///C:/Users/Admin/Desktop/Talina/Servio.AI/[39mnode_modules/[4m@vitest/runne
r[24m/dist/index.js:1653:37
    at Traces.$ [90m(file:///C:/Users/Admin/Desktop/Talina/Servio.AI/[39mnode_modules/[4mvit
est[24m/dist/chunks/traces.U4xDYhzZ.js:115:27[90m)[39m
    at trace [90m(file:///C:/Users/Admin/Desktop/Talina/Servio.AI/[39mnode_modules/[4mvitest
[24m/dist/chunks/test.B8ej_ZHS.js:239:21[90m)[39m
    at runTest [90m(file:///C:/Users/Admin/Desktop/Talina/Servio.AI/[39mnode_modules/[4m@vit
est/runner[24m/dist/index.js:1653:12[90m)[39m

[90mstderr[2m | tests/api.test.ts[2m > [22m[2mAPI Service[2m > [22m[2mError 
handling[2m > [22m[2mdeve usar fallback para mock data em caso de erro de rede
[22m[39mFailed to fetch users from backend, using mock data

[90mstderr[2m | tests/api.test.ts[2m > [22m[2mAPI Service[2m > 
[22m[2mcreateNotification[2m > [22m[2mdeve criar notifica├º├úo com sucesso
[22m[39m≡ƒöº [API v3] Tentando: 
https://us-central1-servioai-staging.cloudfunctions.net/notifications

[90mstderr[2m | tests/api.test.ts[2m > [22m[2mAPI Service[2m > [22m[2mStripe 
Integration[2m > [22m[2mdeve criar conta Stripe Connect
[22m[39m≡ƒöº [API v3] Tentando: 
https://us-central1-servioai-staging.cloudfunctions.net/api/stripe/create-connect-account

[90mstderr[2m | tests/api.test.ts[2m > [22m[2mAPI Service[2m > [22m[2mStripe 
Integration[2m > [22m[2mdeve gerar link de onboarding Stripe
[22m[39m≡ƒöº [API v3] Tentando: 
https://us-central1-servioai-staging.cloudfunctions.net/api/stripe/create-account-link

[90mstderr[2m | tests/api.test.ts[2m > [22m[2mAPI Service[2m > [22m[2mStripe 
Integration[2m > [22m[2mdeve criar sess├úo de checkout
[22m[39m≡ƒöº [API v3] Tentando: 
https://us-central1-servioai-staging.cloudfunctions.net/create-checkout-session

[90mstderr[2m | tests/api.test.ts[2m > [22m[2mAPI Service[2m > [22m[2mStripe 
Integration[2m > [22m[2mdeve liberar pagamento ap├│s conclus├úo
[22m[39m≡ƒöº [API v3] Tentando: 
https://us-central1-servioai-staging.cloudfunctions.net/jobs/job123/release-payment

[90mstderr[2m | tests/api.test.ts[2m > [22m[2mAPI Service[2m > [22m[2mDispute 
Management[2m > [22m[2mdeve criar disputa
[22m[39m≡ƒöº [API v3] Tentando: 
https://us-central1-servioai-staging.cloudfunctions.net/api/disputes

[90mstderr[2m | tests/api.test.ts[2m > [22m[2mAPI Service[2m > [22m[2mDispute 
Management[2m > [22m[2mdeve resolver disputa com sucesso
[22m[39m≡ƒöº [API v3] Tentando: 
https://us-central1-servioai-staging.cloudfunctions.net/api/disputes/dispute123/resolve

[90mstderr[2m | tests/api.test.ts[2m > [22m[2mAPI Service[2m > [22m[2mDispute 
Management[2m > [22m[2mdeve buscar disputas do backend
[22m[39m≡ƒöº [API v3] Tentando: 
https://us-central1-servioai-staging.cloudfunctions.net/disputes

[90mstderr[2m | tests/api.test.ts[2m > [22m[2mAPI Service[2m > [22m[2mError 
Handling[2m > [22m[2mdeve retornar mock data quando API retorna 404
[22m[39m≡ƒöº [API v3] Tentando: https://us-central1-servioai-staging.cloudfunctions.net/users

[90mstderr[2m | tests/api.test.ts[2m > [22m[2mAPI Service[2m > [22m[2mError 
Handling[2m > [22m[2mdeve retornar mock data quando API retorna 404
[22m[39m≡ƒÜ¿ [API v2] ERRO detectado em /users - ACIONANDO FALLBACK! TypeError: 
response.json is not a function
    at apiCall (C:/Users/Admin/Desktop/Talina/Servio.AI/services/api.ts:141:38)
[90m    at processTicksAndRejections (node:internal/process/task_queues:103:5)[39m
    at Module.fetchAllUsers (C:/Users/Admin/Desktop/Talina/Servio.AI/services/api.ts:179:12)
    at C:/Users/Admin/Desktop/Talina/Servio.AI/tests/api.test.ts:436:21
    at [90mfile:///C:/Users/Admin/Desktop/Talina/Servio.AI/[39mnode_modules/[4m@vitest/runne
r[24m/dist/index.js:915:20
[api] Backend unavailable for /users, triggering fallback TypeError: response.json is not a 
function
    at apiCall (C:/Users/Admin/Desktop/Talina/Servio.AI/services/api.ts:141:38)
[90m    at processTicksAndRejections (node:internal/process/task_queues:103:5)[39m
    at Module.fetchAllUsers (C:/Users/Admin/Desktop/Talina/Servio.AI/services/api.ts:179:12)
    at C:/Users/Admin/Desktop/Talina/Servio.AI/tests/api.test.ts:436:21
    at [90mfile:///C:/Users/Admin/Desktop/Talina/Servio.AI/[39mnode_modules/[4m@vitest/runne
r[24m/dist/index.js:915:20

[90mstderr[2m | tests/api.test.ts[2m > [22m[2mAPI Service[2m > [22m[2mError 
Handling[2m > [22m[2mdeve retornar mock data quando API retorna 404
[22m[39mFailed to fetch users from backend, using mock data

[90mstderr[2m | tests/api.test.ts[2m > [22m[2mAPI Service[2m > [22m[2mError 
Handling[2m > [22m[2mdeve lan├ºar erro em opera├º├╡es cr├¡ticas sem fallback
[22m[39m≡ƒöº [API v3] Tentando: https://us-central1-servioai-staging.cloudfunctions.net/jobs

[90mstderr[2m | tests/api.test.ts[2m > [22m[2mAPI Service[2m > [22m[2mError 
Handling[2m > [22m[2mdeve lan├ºar erro em opera├º├╡es cr├¡ticas sem fallback
[22m[39m≡ƒÜ¿ [API v2] ERRO detectado em /jobs - ACIONANDO FALLBACK! Error: Network error
    at C:/Users/Admin/Desktop/Talina/Servio.AI/tests/api.test.ts:443:39
    at [90mfile:///C:/Users/Admin/Desktop/Talina/Servio.AI/[39mnode_modules/[4m@vitest/runne
r[24m/dist/index.js:145:11
    at [90mfile:///C:/Users/Admin/Desktop/Talina/Servio.AI/[39mnode_modules/[4m@vitest/runne
r[24m/dist/index.js:915:26
    at [90mfile:///C:/Users/Admin/Desktop/Talina/Servio.AI/[39mnode_modules/[4m@vitest/runne
r[24m/dist/index.js:1243:20
    at new Promise (<anonymous>)
    at runWithTimeout [90m(file:///C:/Users/Admin/Desktop/Talina/Servio.AI/[39mnode_modules/
[4m@vitest/runner[24m/dist/index.js:1209:10[90m)[39m
    at [90mfile:///C:/Users/Admin/Desktop/Talina/Servio.AI/[39mnode_modules/[4m@vitest/runne
r[24m/dist/index.js:1653:37
    at Traces.$ [90m(file:///C:/Users/Admin/Desktop/Talina/Servio.AI/[39mnode_modules/[4mvit
est[24m/dist/chunks/traces.U4xDYhzZ.js:115:27[90m)[39m
    at trace [90m(file:///C:/Users/Admin/Desktop/Talina/Servio.AI/[39mnode_modules/[4mvitest
[24m/dist/chunks/test.B8ej_ZHS.js:239:21[90m)[39m
    at runTest [90m(file:///C:/Users/Admin/Desktop/Talina/Servio.AI/[39mnode_modules/[4m@vit
est/runner[24m/dist/index.js:1653:12[90m)[39m
[api] Backend unavailable for /jobs, triggering fallback Error: Network error
    at C:/Users/Admin/Desktop/Talina/Servio.AI/tests/api.test.ts:443:39
    at [90mfile:///C:/Users/Admin/Desktop/Talina/Servio.AI/[39mnode_modules/[4m@vitest/runne
r[24m/dist/index.js:145:11
    at [90mfile:///C:/Users/Admin/Desktop/Talina/Servio.AI/[39mnode_modules/[4m@vitest/runne
r[24m/dist/index.js:915:26
    at [90mfile:///C:/Users/Admin/Desktop/Talina/Servio.AI/[39mnode_modules/[4m@vitest/runne
r[24m/dist/index.js:1243:20
    at new Promise (<anonymous>)
    at runWithTimeout [90m(file:///C:/Users/Admin/Desktop/Talina/Servio.AI/[39mnode_modules/
[4m@vitest/runner[24m/dist/index.js:1209:10[90m)[39m
    at [90mfile:///C:/Users/Admin/Desktop/Talina/Servio.AI/[39mnode_modules/[4m@vitest/runne
r[24m/dist/index.js:1653:37
    at Traces.$ [90m(file:///C:/Users/Admin/Desktop/Talina/Servio.AI/[39mnode_modules/[4mvit
est[24m/dist/chunks/traces.U4xDYhzZ.js:115:27[90m)[39m
    at trace [90m(file:///C:/Users/Admin/Desktop/Talina/Servio.AI/[39mnode_modules/[4mvitest
[24m/dist/chunks/test.B8ej_ZHS.js:239:21[90m)[39m
    at runTest [90m(file:///C:/Users/Admin/Desktop/Talina/Servio.AI/[39mnode_modules/[4m@vit
est/runner[24m/dist/index.js:1653:12[90m)[39m

[90mstderr[2m | tests/api.test.ts[2m > [22m[2mAPI Service[2m > [22m[2mError 
Handling[2m > [22m[2mdeve lan├ºar erro em opera├º├╡es cr├¡ticas sem fallback
[22m[39mFailed to create job: Error: Falha de rede. Verifique sua conex├úo.
    at makeApiError (C:/Users/Admin/Desktop/Talina/Servio.AI/services/api.ts:88:15)
    at apiCall (C:/Users/Admin/Desktop/Talina/Servio.AI/services/api.ts:164:11)
[90m    at processTicksAndRejections (node:internal/process/task_queues:103:5)[39m
    at Module.createJob (C:/Users/Admin/Desktop/Talina/Servio.AI/services/api.ts:858:12)
    at C:/Users/Admin/Desktop/Talina/Servio.AI/tests/api.test.ts:445:7
    at [90mfile:///C:/Users/Admin/Desktop/Talina/Servio.AI/[39mnode_modules/[4m@vitest/runne
r[24m/dist/index.js:915:20 {
  code: [32m'E_NETWORK'[39m
}

 [32mΓ£ô[39m tests/api.test.ts [2m([22m[2m19 tests[22m[2m)[22m[33m 869[2mms[22m[39m
       [33m[2mΓ£ô[22m[39m deve buscar usu├írios do backend com sucesso [33m 785[2mms[22m[39m
[90mstdout[2m | tests/api.edgecases.test.ts[2m > [22m[2mAPI Service - Edge Cases[2m > [22m[2mError handling[2m > [22m[2mdeve lidar com erros de rede corretamente
[22m[39mXXX DEBUG: firebaseConfig loading
XXX DEBUG: import.meta.env.MODE: test

[90mstderr[2m | tests/api.edgecases.test.ts[2m > [22m[2mAPI Service - Edge Cases[2m > 
[22m[2mError handling[2m > [22m[2mdeve lidar com erros de rede corretamente
[22m[39m[firebase] Usando mocks porque a configura├º├úo est├í ausente ou desativada.

[90mstderr[2m | tests/api.edgecases.test.ts[2m > [22m[2mAPI Service - Edge Cases[2m > 
[22m[2mError handling[2m > [22m[2mdeve lidar com erros de rede corretamente
[22m[39m≡ƒÜ¿ [API v2] ERRO detectado em /users - ACIONANDO FALLBACK! Error: Network timeout
    at C:/Users/Admin/Desktop/Talina/Servio.AI/tests/api.edgecases.test.ts:18:39
    at [90mfile:///C:/Users/Admin/Desktop/Talina/Servio.AI/[39mnode_modules/[4m@vitest/runne
r[24m/dist/index.js:145:11
    at [90mfile:///C:/Users/Admin/Desktop/Talina/Servio.AI/[39mnode_modules/[4m@vitest/runne
r[24m/dist/index.js:915:26
    at [90mfile:///C:/Users/Admin/Desktop/Talina/Servio.AI/[39mnode_modules/[4m@vitest/runne
r[24m/dist/index.js:1243:20
    at new Promise (<anonymous>)
    at runWithTimeout [90m(file:///C:/Users/Admin/Desktop/Talina/Servio.AI/[39mnode_modules/
[4m@vitest/runner[24m/dist/index.js:1209:10[90m)[39m
    at [90mfile:///C:/Users/Admin/Desktop/Talina/Servio.AI/[39mnode_modules/[4m@vitest/runne
r[24m/dist/index.js:1653:37
    at Traces.$ [90m(file:///C:/Users/Admin/Desktop/Talina/Servio.AI/[39mnode_modules/[4mvit
est[24m/dist/chunks/traces.U4xDYhzZ.js:115:27[90m)[39m
    at trace [90m(file:///C:/Users/Admin/Desktop/Talina/Servio.AI/[39mnode_modules/[4mvitest
[24m/dist/chunks/test.B8ej_ZHS.js:239:21[90m)[39m
    at runTest [90m(file:///C:/Users/Admin/Desktop/Talina/Servio.AI/[39mnode_modules/[4m@vit
est/runner[24m/dist/index.js:1653:12[90m)[39m
[api] Backend unavailable for /users, triggering fallback Error: Network timeout
    at C:/Users/Admin/Desktop/Talina/Servio.AI/tests/api.edgecases.test.ts:18:39
    at [90mfile:///C:/Users/Admin/Desktop/Talina/Servio.AI/[39mnode_modules/[4m@vitest/runne
r[24m/dist/index.js:145:11
    at [90mfile:///C:/Users/Admin/Desktop/Talina/Servio.AI/[39mnode_modules/[4m@vitest/runne
r[24m/dist/index.js:915:26
    at [90mfile:///C:/Users/Admin/Desktop/Talina/Servio.AI/[39mnode_modules/[4m@vitest/runne
r[24m/dist/index.js:1243:20
    at new Promise (<anonymous>)
    at runWithTimeout [90m(file:///C:/Users/Admin/Desktop/Talina/Servio.AI/[39mnode_modules/
[4m@vitest/runner[24m/dist/index.js:1209:10[90m)[39m
    at [90mfile:///C:/Users/Admin/Desktop/Talina/Servio.AI/[39mnode_modules/[4m@vitest/runne
r[24m/dist/index.js:1653:37
    at Traces.$ [90m(file:///C:/Users/Admin/Desktop/Talina/Servio.AI/[39mnode_modules/[4mvit
est[24m/dist/chunks/traces.U4xDYhzZ.js:115:27[90m)[39m
    at trace [90m(file:///C:/Users/Admin/Desktop/Talina/Servio.AI/[39mnode_modules/[4mvitest
[24m/dist/chunks/test.B8ej_ZHS.js:239:21[90m)[39m
    at runTest [90m(file:///C:/Users/Admin/Desktop/Talina/Servio.AI/[39mnode_modules/[4m@vit
est/runner[24m/dist/index.js:1653:12[90m)[39m

[90mstderr[2m | tests/api.edgecases.test.ts[2m > [22m[2mAPI Service - Edge Cases[2m > 
[22m[2mError handling[2m > [22m[2mdeve lidar com erros de rede corretamente
[22m[39mFailed to fetch users from backend, using mock data

[90mstderr[2m | tests/api.edgecases.test.ts[2m > [22m[2mAPI Service - Edge Cases[2m > 
[22m[2mError handling[2m > [22m[2mdeve lidar com resposta 500 do servidor
[22m[39m≡ƒöº [API v3] Tentando: https://us-central1-servioai-staging.cloudfunctions.net/users

[90mstderr[2m | tests/api.edgecases.test.ts[2m > [22m[2mAPI Service - Edge Cases[2m > 
[22m[2mError handling[2m > [22m[2mdeve lidar com resposta 500 do servidor
[22m[39m≡ƒÜ¿ [API v2] ERRO detectado em /users - ACIONANDO FALLBACK! Error: Erro interno do 
servidor. Tente mais tarde.
    at makeApiError (C:/Users/Admin/Desktop/Talina/Servio.AI/services/api.ts:88:15)
    at apiCall (C:/Users/Admin/Desktop/Talina/Servio.AI/services/api.ts:142:13)
[90m    at processTicksAndRejections (node:internal/process/task_queues:103:5)[39m
    at Module.fetchAllUsers (C:/Users/Admin/Desktop/Talina/Servio.AI/services/api.ts:179:12)
    at C:/Users/Admin/Desktop/Talina/Servio.AI/tests/api.edgecases.test.ts:36:21
    at [90mfile:///C:/Users/Admin/Desktop/Talina/Servio.AI/[39mnode_modules/[4m@vitest/runne
r[24m/dist/index.js:915:20 {
  code: [32m'E_SERVER'[39m,
  status: [33m500[39m,
  details: { error: [32m'Server error'[39m }
}
[api] Backend unavailable for /users, triggering fallback Error: Erro interno do servidor. 
Tente mais tarde.
    at makeApiError (C:/Users/Admin/Desktop/Talina/Servio.AI/services/api.ts:88:15)
    at apiCall (C:/Users/Admin/Desktop/Talina/Servio.AI/services/api.ts:142:13)
[90m    at processTicksAndRejections (node:internal/process/task_queues:103:5)[39m
    at Module.fetchAllUsers (C:/Users/Admin/Desktop/Talina/Servio.AI/services/api.ts:179:12)
    at C:/Users/Admin/Desktop/Talina/Servio.AI/tests/api.edgecases.test.ts:36:21
    at [90mfile:///C:/Users/Admin/Desktop/Talina/Servio.AI/[39mnode_modules/[4m@vitest/runne
r[24m/dist/index.js:915:20 {
  code: [32m'E_SERVER'[39m,
  status: [33m500[39m,
  details: { error: [32m'Server error'[39m }
}

[90mstderr[2m | tests/api.edgecases.test.ts[2m > [22m[2mAPI Service - Edge Cases[2m > 
[22m[2mError handling[2m > [22m[2mdeve lidar com resposta 500 do servidor
[22m[39mFailed to fetch users from backend, using mock data

[90mstderr[2m | tests/api.edgecases.test.ts[2m > [22m[2mAPI Service - Edge Cases[2m > 
[22m[2mError handling[2m > [22m[2mdeve lidar com resposta 404 n├úo encontrada
[22m[39m≡ƒöº [API v3] Tentando: https://us-central1-servioai-staging.cloudfunctions.net/users

[90mstderr[2m | tests/api.edgecases.test.ts[2m > [22m[2mAPI Service - Edge Cases[2m > 
[22m[2mError handling[2m > [22m[2mdeve lidar com resposta 404 n├úo encontrada
[22m[39m≡ƒÜ¿ [API v2] ERRO detectado em /users - ACIONANDO FALLBACK! Error: Recurso n├úo 
encontrado.
    at makeApiError (C:/Users/Admin/Desktop/Talina/Servio.AI/services/api.ts:88:15)
    at apiCall (C:/Users/Admin/Desktop/Talina/Servio.AI/services/api.ts:142:13)
[90m    at processTicksAndRejections (node:internal/process/task_queues:103:5)[39m
    at Module.fetchAllUsers (C:/Users/Admin/Desktop/Talina/Servio.AI/services/api.ts:179:12)
    at C:/Users/Admin/Desktop/Talina/Servio.AI/tests/api.edgecases.test.ts:48:21
    at [90mfile:///C:/Users/Admin/Desktop/Talina/Servio.AI/[39mnode_modules/[4m@vitest/runne
r[24m/dist/index.js:915:20 {
  code: [32m'E_NOT_FOUND'[39m,
  status: [33m404[39m,
  details: { error: [32m'Not found'[39m }
}
[api] Backend unavailable for /users, triggering fallback Error: Recurso n├úo encontrado.
    at makeApiError (C:/Users/Admin/Desktop/Talina/Servio.AI/services/api.ts:88:15)
    at apiCall (C:/Users/Admin/Desktop/Talina/Servio.AI/services/api.ts:142:13)
[90m    at processTicksAndRejections (node:internal/process/task_queues:103:5)[39m
    at Module.fetchAllUsers (C:/Users/Admin/Desktop/Talina/Servio.AI/services/api.ts:179:12)
    at C:/Users/Admin/Desktop/Talina/Servio.AI/tests/api.edgecases.test.ts:48:21
    at [90mfile:///C:/Users/Admin/Desktop/Talina/Servio.AI/[39mnode_modules/[4m@vitest/runne
r[24m/dist/index.js:915:20 {
  code: [32m'E_NOT_FOUND'[39m,
  status: [33m404[39m,
  details: { error: [32m'Not found'[39m }
}

[90mstderr[2m | tests/api.edgecases.test.ts[2m > [22m[2mAPI Service - Edge Cases[2m > 
[22m[2mError handling[2m > [22m[2mdeve lidar com resposta 404 n├úo encontrada
[22m[39mFailed to fetch users from backend, using mock data

[90mstderr[2m | tests/api.edgecases.test.ts[2m > [22m[2mAPI Service - Edge Cases[2m > 
[22m[2mError handling[2m > [22m[2mdeve lidar com JSON inv├ílido na resposta
[22m[39m≡ƒöº [API v3] Tentando: https://us-central1-servioai-staging.cloudfunctions.net/users

[90mstderr[2m | tests/api.edgecases.test.ts[2m > [22m[2mAPI Service - Edge Cases[2m > 
[22m[2mError handling[2m > [22m[2mdeve lidar com JSON inv├ílido na resposta
[22m[39m≡ƒÜ¿ [API v2] ERRO detectado em /users - ACIONANDO FALLBACK! Error: Invalid JSON
    at Object.json (C:/Users/Admin/Desktop/Talina/Servio.AI/tests/api.edgecases.test.ts:56:17)
    at apiCall (C:/Users/Admin/Desktop/Talina/Servio.AI/services/api.ts:144:27)
[90m    at processTicksAndRejections (node:internal/process/task_queues:103:5)[39m
    at Module.fetchAllUsers (C:/Users/Admin/Desktop/Talina/Servio.AI/services/api.ts:179:12)
    at C:/Users/Admin/Desktop/Talina/Servio.AI/tests/api.edgecases.test.ts:61:21
    at [90mfile:///C:/Users/Admin/Desktop/Talina/Servio.AI/[39mnode_modules/[4m@vitest/runne
r[24m/dist/index.js:915:20
[api] Backend unavailable for /users, triggering fallback Error: Invalid JSON
    at Object.json (C:/Users/Admin/Desktop/Talina/Servio.AI/tests/api.edgecases.test.ts:56:17)
    at apiCall (C:/Users/Admin/Desktop/Talina/Servio.AI/services/api.ts:144:27)
[90m    at processTicksAndRejections (node:internal/process/task_queues:103:5)[39m
    at Module.fetchAllUsers (C:/Users/Admin/Desktop/Talina/Servio.AI/services/api.ts:179:12)
    at C:/Users/Admin/Desktop/Talina/Servio.AI/tests/api.edgecases.test.ts:61:21
    at [90mfile:///C:/Users/Admin/Desktop/Talina/Servio.AI/[39mnode_modules/[4m@vitest/runne
r[24m/dist/index.js:915:20

[90mstderr[2m | tests/api.edgecases.test.ts[2m > [22m[2mAPI Service - Edge Cases[2m > 
[22m[2mError handling[2m > [22m[2mdeve lidar com JSON inv├ílido na resposta
[22m[39mFailed to fetch users from backend, using mock data

[90mstderr[2m | tests/api.edgecases.test.ts[2m > [22m[2mAPI Service - Edge Cases[2m > 
[22m[2mError handling[2m > [22m[2mdeve lidar com timeout de requisi├º├úo
[22m[39m≡ƒöº [API v3] Tentando: https://us-central1-servioai-staging.cloudfunctions.net/users

[90mstderr[2m | tests/week3/ProviderDashboard.expansion.test.tsx[2m > 
[22m[2mProviderDashboard - Expansion Test Suite[2m > [22m[2mRendering and Basic 
Functionality[2m > [22m[2mshould render provider dashboard
[22m[39mΓÜá∩╕Å React Router Future Flag Warning: React Router will begin wrapping state 
updates in `React.startTransition` in v7. You can use the `v7_startTransition` future flag to 
opt-in early. For more information, see 
https://reactrouter.com/v6/upgrading/future#v7_starttransition.
ΓÜá∩╕Å React Router Future Flag Warning: Relative route resolution within Splat routes is 
changing in v7. You can use the `v7_relativeSplatPath` future flag to opt-in early. For more 
information, see https://reactrouter.com/v6/upgrading/future#v7_relativesplatpath.

[90mstderr[2m | tests/api.edgecases.test.ts[2m > [22m[2mAPI Service - Edge Cases[2m > 
[22m[2mError handling[2m > [22m[2mdeve lidar com timeout de requisi├º├úo
[22m[39m≡ƒÜ¿ [API v2] ERRO detectado em /users - ACIONANDO FALLBACK! Error: Request timeout
    at Timeout._onTimeout 
(C:/Users/Admin/Desktop/Talina/Servio.AI/tests/api.edgecases.test.ts:69:62)
[90m    at listOnTimeout (node:internal/timers:605:17)[39m
[90m    at processTimers (node:internal/timers:541:7)[39m
[api] Backend unavailable for /users, triggering fallback Error: Request timeout
    at Timeout._onTimeout 
(C:/Users/Admin/Desktop/Talina/Servio.AI/tests/api.edgecases.test.ts:69:62)
[90m    at listOnTimeout (node:internal/timers:605:17)[39m
[90m    at processTimers (node:internal/timers:541:7)[39m

[90mstderr[2m | tests/api.edgecases.test.ts[2m > [22m[2mAPI Service - Edge Cases[2m > 
[22m[2mError handling[2m > [22m[2mdeve lidar com timeout de requisi├º├úo
[22m[39mFailed to fetch users from backend, using mock data

[90mstderr[2m | tests/api.edgecases.test.ts[2m > [22m[2mAPI Service - Edge Cases[2m > 
[22m[2mConcorr├¬ncia[2m > [22m[2mdeve lidar com m├║ltiplas requisi├º├╡es simult├óneas
[22m[39m≡ƒöº [API v3] Tentando: https://us-central1-servioai-staging.cloudfunctions.net/users
≡ƒöº [API v3] Tentando: https://us-central1-servioai-staging.cloudfunctions.net/users
≡ƒöº [API v3] Tentando: https://us-central1-servioai-staging.cloudfunctions.net/users

[90mstderr[2m | tests/api.edgecases.test.ts[2m > [22m[2mAPI Service - Edge Cases[2m > 
[22m[2mConcorr├¬ncia[2m > [22m[2mdeve manter isolamento entre requisi├º├╡es paralelas que 
falham
[22m[39m≡ƒöº [API v3] Tentando: https://us-central1-servioai-staging.cloudfunctions.net/users
≡ƒöº [API v3] Tentando: https://us-central1-servioai-staging.cloudfunctions.net/users
≡ƒöº [API v3] Tentando: https://us-central1-servioai-staging.cloudfunctions.net/users

[90mstderr[2m | tests/api.edgecases.test.ts[2m > [22m[2mAPI Service - Edge Cases[2m > 
[22m[2mConcorr├¬ncia[2m > [22m[2mdeve manter isolamento entre requisi├º├╡es paralelas que 
falham
[22m[39m≡ƒÜ¿ [API v2] ERRO detectado em /users - ACIONANDO FALLBACK! Error: Network error
    at C:/Users/Admin/Desktop/Talina/Servio.AI/tests/api.edgecases.test.ts:101:32
    at [90mfile:///C:/Users/Admin/Desktop/Talina/Servio.AI/[39mnode_modules/[4m@vitest/runne
r[24m/dist/index.js:145:11
    at [90mfile:///C:/Users/Admin/Desktop/Talina/Servio.AI/[39mnode_modules/[4m@vitest/runne
r[24m/dist/index.js:915:26
    at [90mfile:///C:/Users/Admin/Desktop/Talina/Servio.AI/[39mnode_modules/[4m@vitest/runne
r[24m/dist/index.js:1243:20
    at new Promise (<anonymous>)
    at runWithTimeout [90m(file:///C:/Users/Admin/Desktop/Talina/Servio.AI/[39mnode_modules/
[4m@vitest/runner[24m/dist/index.js:1209:10[90m)[39m
    at [90mfile:///C:/Users/Admin/Desktop/Talina/Servio.AI/[39mnode_modules/[4m@vitest/runne
r[24m/dist/index.js:1653:37
    at Traces.$ [90m(file:///C:/Users/Admin/Desktop/Talina/Servio.AI/[39mnode_modules/[4mvit
est[24m/dist/chunks/traces.U4xDYhzZ.js:115:27[90m)[39m
    at trace [90m(file:///C:/Users/Admin/Desktop/Talina/Servio.AI/[39mnode_modules/[4mvitest
[24m/dist/chunks/test.B8ej_ZHS.js:239:21[90m)[39m
    at runTest [90m(file:///C:/Users/Admin/Desktop/Talina/Servio.AI/[39mnode_modules/[4m@vit
est/runner[24m/dist/index.js:1653:12[90m)[39m
[api] Backend unavailable for /users, triggering fallback Error: Network error
    at C:/Users/Admin/Desktop/Talina/Servio.AI/tests/api.edgecases.test.ts:101:32
    at [90mfile:///C:/Users/Admin/Desktop/Talina/Servio.AI/[39mnode_modules/[4m@vitest/runne
r[24m/dist/index.js:145:11
    at [90mfile:///C:/Users/Admin/Desktop/Talina/Servio.AI/[39mnode_modules/[4m@vitest/runne
r[24m/dist/index.js:915:26
    at [90mfile:///C:/Users/Admin/Desktop/Talina/Servio.AI/[39mnode_modules/[4m@vitest/runne
r[24m/dist/index.js:1243:20
    at new Promise (<anonymous>)
    at runWithTimeout [90m(file:///C:/Users/Admin/Desktop/Talina/Servio.AI/[39mnode_modules/
[4m@vitest/runner[24m/dist/index.js:1209:10[90m)[39m
    at [90mfile:///C:/Users/Admin/Desktop/Talina/Servio.AI/[39mnode_modules/[4m@vitest/runne
r[24m/dist/index.js:1653:37
    at Traces.$ [90m(file:///C:/Users/Admin/Desktop/Talina/Servio.AI/[39mnode_modules/[4mvit
est[24m/dist/chunks/traces.U4xDYhzZ.js:115:27[90m)[39m
    at trace [90m(file:///C:/Users/Admin/Desktop/Talina/Servio.AI/[39mnode_modules/[4mvitest
[24m/dist/chunks/test.B8ej_ZHS.js:239:21[90m)[39m
    at runTest [90m(file:///C:/Users/Admin/Desktop/Talina/Servio.AI/[39mnode_modules/[4m@vit
est/runner[24m/dist/index.js:1653:12[90m)[39m

[90mstderr[2m | tests/api.edgecases.test.ts[2m > [22m[2mAPI Service - Edge Cases[2m > 
[22m[2mConcorr├¬ncia[2m > [22m[2mdeve manter isolamento entre requisi├º├╡es paralelas que 
falham
[22m[39mFailed to fetch users from backend, using mock data

[90mstderr[2m | tests/api.edgecases.test.ts[2m > [22m[2mAPI Service - Edge Cases[2m > 
[22m[2mRate limiting e retry[2m > [22m[2mdeve lidar com resposta 429 (Too Many Requests)
[22m[39m≡ƒöº [API v3] Tentando: https://us-central1-servioai-staging.cloudfunctions.net/users

[90mstderr[2m | tests/api.edgecases.test.ts[2m > [22m[2mAPI Service - Edge Cases[2m > 
[22m[2mRate limiting e retry[2m > [22m[2mdeve lidar com resposta 429 (Too Many Requests)
[22m[39m≡ƒÜ¿ [API v2] ERRO detectado em /users - ACIONANDO FALLBACK! Error: Erro interno do 
servidor. Tente mais tarde.
    at makeApiError (C:/Users/Admin/Desktop/Talina/Servio.AI/services/api.ts:88:15)
    at apiCall (C:/Users/Admin/Desktop/Talina/Servio.AI/services/api.ts:142:13)
    at Module.fetchAllUsers (C:/Users/Admin/Desktop/Talina/Servio.AI/services/api.ts:179:12)
    at C:/Users/Admin/Desktop/Talina/Servio.AI/tests/api.edgecases.test.ts:128:21
    at [90mfile:///C:/Users/Admin/Desktop/Talina/Servio.AI/[39mnode_modules/[4m@vitest/runne
r[24m/dist/index.js:915:20 {
  code: [32m'E_SERVER'[39m,
  status: [33m429[39m,
  details: { error: [32m'Rate limit exceeded'[39m }
}
[api] Backend unavailable for /users, triggering fallback Error: Erro interno do servidor. 
Tente mais tarde.
    at makeApiError (C:/Users/Admin/Desktop/Talina/Servio.AI/services/api.ts:88:15)
    at apiCall (C:/Users/Admin/Desktop/Talina/Servio.AI/services/api.ts:142:13)
    at Module.fetchAllUsers (C:/Users/Admin/Desktop/Talina/Servio.AI/services/api.ts:179:12)
    at C:/Users/Admin/Desktop/Talina/Servio.AI/tests/api.edgecases.test.ts:128:21
    at [90mfile:///C:/Users/Admin/Desktop/Talina/Servio.AI/[39mnode_modules/[4m@vitest/runne
r[24m/dist/index.js:915:20 {
  code: [32m'E_SERVER'[39m,
  status: [33m429[39m,
  details: { error: [32m'Rate limit exceeded'[39m }
}

[90mstderr[2m | tests/api.edgecases.test.ts[2m > [22m[2mAPI Service - Edge Cases[2m > 
[22m[2mRate limiting e retry[2m > [22m[2mdeve lidar com resposta 429 (Too Many Requests)
[22m[39mFailed to fetch users from backend, using mock data

[90mstderr[2m | tests/api.edgecases.test.ts[2m > [22m[2mAPI Service - Edge Cases[2m > 
[22m[2mRate limiting e retry[2m > [22m[2mdeve lidar com m├║ltiplas falhas consecutivas
[22m[39m≡ƒöº [API v3] Tentando: https://us-central1-servioai-staging.cloudfunctions.net/users

[90mstderr[2m | tests/api.edgecases.test.ts[2m > [22m[2mAPI Service - Edge Cases[2m > 
[22m[2mRate limiting e retry[2m > [22m[2mdeve lidar com m├║ltiplas falhas consecutivas
[22m[39m≡ƒÜ¿ [API v2] ERRO detectado em /users - ACIONANDO FALLBACK! Error: Fail 1
    at C:/Users/Admin/Desktop/Talina/Servio.AI/tests/api.edgecases.test.ts:134:32
    at [90mfile:///C:/Users/Admin/Desktop/Talina/Servio.AI/[39mnode_modules/[4m@vitest/runne
r[24m/dist/index.js:145:11
    at [90mfile:///C:/Users/Admin/Desktop/Talina/Servio.AI/[39mnode_modules/[4m@vitest/runne
r[24m/dist/index.js:915:26
    at [90mfile:///C:/Users/Admin/Desktop/Talina/Servio.AI/[39mnode_modules/[4m@vitest/runne
r[24m/dist/index.js:1243:20
    at new Promise (<anonymous>)
    at runWithTimeout [90m(file:///C:/Users/Admin/Desktop/Talina/Servio.AI/[39mnode_modules/
[4m@vitest/runner[24m/dist/index.js:1209:10[90m)[39m
    at [90mfile:///C:/Users/Admin/Desktop/Talina/Servio.AI/[39mnode_modules/[4m@vitest/runne
r[24m/dist/index.js:1653:37
    at Traces.$ [90m(file:///C:/Users/Admin/Desktop/Talina/Servio.AI/[39mnode_modules/[4mvit
est[24m/dist/chunks/traces.U4xDYhzZ.js:115:27[90m)[39m
    at trace [90m(file:///C:/Users/Admin/Desktop/Talina/Servio.AI/[39mnode_modules/[4mvitest
[24m/dist/chunks/test.B8ej_ZHS.js:239:21[90m)[39m
    at runTest [90m(file:///C:/Users/Admin/Desktop/Talina/Servio.AI/[39mnode_modules/[4m@vit
est/runner[24m/dist/index.js:1653:12[90m)[39m
[api] Backend unavailable for /users, triggering fallback Error: Fail 1
    at C:/Users/Admin/Desktop/Talina/Servio.AI/tests/api.edgecases.test.ts:134:32
    at [90mfile:///C:/Users/Admin/Desktop/Talina/Servio.AI/[39mnode_modules/[4m@vitest/runne
r[24m/dist/index.js:145:11
    at [90mfile:///C:/Users/Admin/Desktop/Talina/Servio.AI/[39mnode_modules/[4m@vitest/runne
r[24m/dist/index.js:915:26
    at [90mfile:///C:/Users/Admin/Desktop/Talina/Servio.AI/[39mnode_modules/[4m@vitest/runne
r[24m/dist/index.js:1243:20
    at new Promise (<anonymous>)
    at runWithTimeout [90m(file:///C:/Users/Admin/Desktop/Talina/Servio.AI/[39mnode_modules/
[4m@vitest/runner[24m/dist/index.js:1209:10[90m)[39m
    at [90mfile:///C:/Users/Admin/Desktop/Talina/Servio.AI/[39mnode_modules/[4m@vitest/runne
r[24m/dist/index.js:1653:37
    at Traces.$ [90m(file:///C:/Users/Admin/Desktop/Talina/Servio.AI/[39mnode_modules/[4mvit
est[24m/dist/chunks/traces.U4xDYhzZ.js:115:27[90m)[39m
    at trace [90m(file:///C:/Users/Admin/Desktop/Talina/Servio.AI/[39mnode_modules/[4mvitest
[24m/dist/chunks/test.B8ej_ZHS.js:239:21[90m)[39m
    at runTest [90m(file:///C:/Users/Admin/Desktop/Talina/Servio.AI/[39mnode_modules/[4m@vit
est/runner[24m/dist/index.js:1653:12[90m)[39m

[90mstderr[2m | tests/api.edgecases.test.ts[2m > [22m[2mAPI Service - Edge Cases[2m > 
[22m[2mRate limiting e retry[2m > [22m[2mdeve lidar com m├║ltiplas falhas consecutivas
[22m[39mFailed to fetch users from backend, using mock data

[90mstderr[2m | tests/api.edgecases.test.ts[2m > [22m[2mAPI Service - Edge Cases[2m > 
[22m[2mRate limiting e retry[2m > [22m[2mdeve lidar com m├║ltiplas falhas consecutivas
[22m[39m≡ƒöº [API v3] Tentando: https://us-central1-servioai-staging.cloudfunctions.net/users

[90mstderr[2m | tests/api.edgecases.test.ts[2m > [22m[2mAPI Service - Edge Cases[2m > 
[22m[2mRate limiting e retry[2m > [22m[2mdeve lidar com m├║ltiplas falhas consecutivas
[22m[39m≡ƒÜ¿ [API v2] ERRO detectado em /users - ACIONANDO FALLBACK! Error: Fail 2
    at C:/Users/Admin/Desktop/Talina/Servio.AI/tests/api.edgecases.test.ts:135:32
    at [90mfile:///C:/Users/Admin/Desktop/Talina/Servio.AI/[39mnode_modules/[4m@vitest/runne
r[24m/dist/index.js:145:11
    at [90mfile:///C:/Users/Admin/Desktop/Talina/Servio.AI/[39mnode_modules/[4m@vitest/runne
r[24m/dist/index.js:915:26
    at [90mfile:///C:/Users/Admin/Desktop/Talina/Servio.AI/[39mnode_modules/[4m@vitest/runne
r[24m/dist/index.js:1243:20
    at new Promise (<anonymous>)
    at runWithTimeout [90m(file:///C:/Users/Admin/Desktop/Talina/Servio.AI/[39mnode_modules/
[4m@vitest/runner[24m/dist/index.js:1209:10[90m)[39m
    at [90mfile:///C:/Users/Admin/Desktop/Talina/Servio.AI/[39mnode_modules/[4m@vitest/runne
r[24m/dist/index.js:1653:37
    at Traces.$ [90m(file:///C:/Users/Admin/Desktop/Talina/Servio.AI/[39mnode_modules/[4mvit
est[24m/dist/chunks/traces.U4xDYhzZ.js:115:27[90m)[39m
    at trace [90m(file:///C:/Users/Admin/Desktop/Talina/Servio.AI/[39mnode_modules/[4mvitest
[24m/dist/chunks/test.B8ej_ZHS.js:239:21[90m)[39m
    at runTest [90m(file:///C:/Users/Admin/Desktop/Talina/Servio.AI/[39mnode_modules/[4m@vit
est/runner[24m/dist/index.js:1653:12[90m)[39m
[api] Backend unavailable for /users, triggering fallback Error: Fail 2
    at C:/Users/Admin/Desktop/Talina/Servio.AI/tests/api.edgecases.test.ts:135:32
    at [90mfile:///C:/Users/Admin/Desktop/Talina/Servio.AI/[39mnode_modules/[4m@vitest/runne
r[24m/dist/index.js:145:11
    at [90mfile:///C:/Users/Admin/Desktop/Talina/Servio.AI/[39mnode_modules/[4m@vitest/runne
r[24m/dist/index.js:915:26
    at [90mfile:///C:/Users/Admin/Desktop/Talina/Servio.AI/[39mnode_modules/[4m@vitest/runne
r[24m/dist/index.js:1243:20
    at new Promise (<anonymous>)
    at runWithTimeout [90m(file:///C:/Users/Admin/Desktop/Talina/Servio.AI/[39mnode_modules/
[4m@vitest/runner[24m/dist/index.js:1209:10[90m)[39m
    at [90mfile:///C:/Users/Admin/Desktop/Talina/Servio.AI/[39mnode_modules/[4m@vitest/runne
r[24m/dist/index.js:1653:37
    at Traces.$ [90m(file:///C:/Users/Admin/Desktop/Talina/Servio.AI/[39mnode_modules/[4mvit
est[24m/dist/chunks/traces.U4xDYhzZ.js:115:27[90m)[39m
    at trace [90m(file:///C:/Users/Admin/Desktop/Talina/Servio.AI/[39mnode_modules/[4mvitest
[24m/dist/chunks/test.B8ej_ZHS.js:239:21[90m)[39m
    at runTest [90m(file:///C:/Users/Admin/Desktop/Talina/Servio.AI/[39mnode_modules/[4m@vit
est/runner[24m/dist/index.js:1653:12[90m)[39m

[90mstderr[2m | tests/api.edgecases.test.ts[2m > [22m[2mAPI Service - Edge Cases[2m > 
[22m[2mRate limiting e retry[2m > [22m[2mdeve lidar com m├║ltiplas falhas consecutivas
[22m[39mFailed to fetch users from backend, using mock data

[90mstderr[2m | tests/api.edgecases.test.ts[2m > [22m[2mAPI Service - Edge Cases[2m > 
[22m[2mValida├º├úo de dados[2m > [22m[2mdeve lidar com resposta vazia do servidor
[22m[39m≡ƒöº [API v3] Tentando: https://us-central1-servioai-staging.cloudfunctions.net/users

[90mstderr[2m | tests/api.edgecases.test.ts[2m > [22m[2mAPI Service - Edge Cases[2m > 
[22m[2mValida├º├úo de dados[2m > [22m[2mdeve lidar com resposta null
[22m[39m≡ƒöº [API v3] Tentando: https://us-central1-servioai-staging.cloudfunctions.net/users

[90mstderr[2m | tests/api.edgecases.test.ts[2m > [22m[2mAPI Service - Edge Cases[2m > 
[22m[2mValida├º├úo de dados[2m > [22m[2mdeve lidar com resposta com estrutura inesperada
[22m[39m≡ƒöº [API v3] Tentando: https://us-central1-servioai-staging.cloudfunctions.net/users

[90mstderr[2m | tests/api.edgecases.test.ts[2m > [22m[2mAPI Service - Edge Cases[2m > 
[22m[2mHeaders e autentica├º├úo[2m > [22m[2mdeve enviar headers corretos nas requisi├º├╡es
[22m[39m≡ƒöº [API v3] Tentando: https://us-central1-servioai-staging.cloudfunctions.net/users

[90mstderr[2m | tests/api.edgecases.test.ts[2m > [22m[2mAPI Service - Edge Cases[2m > 
[22m[2mHeaders e autentica├º├úo[2m > [22m[2mdeve lidar com erro de autentica├º├úo (401)
[22m[39m≡ƒöº [API v3] Tentando: https://us-central1-servioai-staging.cloudfunctions.net/users

[90mstderr[2m | tests/api.edgecases.test.ts[2m > [22m[2mAPI Service - Edge Cases[2m > 
[22m[2mHeaders e autentica├º├úo[2m > [22m[2mdeve lidar com erro de autentica├º├úo (401)
[22m[39m≡ƒÜ¿ [API v2] ERRO detectado em /users - ACIONANDO FALLBACK! Error: N├úo autorizado. 
Fa├ºa login novamente.
    at makeApiError (C:/Users/Admin/Desktop/Talina/Servio.AI/services/api.ts:88:15)
    at apiCall (C:/Users/Admin/Desktop/Talina/Servio.AI/services/api.ts:142:13)
    at Module.fetchAllUsers (C:/Users/Admin/Desktop/Talina/Servio.AI/services/api.ts:179:12)
    at C:/Users/Admin/Desktop/Talina/Servio.AI/tests/api.edgecases.test.ts:205:21
    at [90mfile:///C:/Users/Admin/Desktop/Talina/Servio.AI/[39mnode_modules/[4m@vitest/runne
r[24m/dist/index.js:915:20 {
  code: [32m'E_AUTH'[39m,
  status: [33m401[39m,
  details: { error: [32m'Authentication required'[39m }
}
[api] Backend unavailable for /users, triggering fallback Error: N├úo autorizado. Fa├ºa login 
novamente.
    at makeApiError (C:/Users/Admin/Desktop/Talina/Servio.AI/services/api.ts:88:15)
    at apiCall (C:/Users/Admin/Desktop/Talina/Servio.AI/services/api.ts:142:13)
    at Module.fetchAllUsers (C:/Users/Admin/Desktop/Talina/Servio.AI/services/api.ts:179:12)
    at C:/Users/Admin/Desktop/Talina/Servio.AI/tests/api.edgecases.test.ts:205:21
    at [90mfile:///C:/Users/Admin/Desktop/Talina/Servio.AI/[39mnode_modules/[4m@vitest/runne
r[24m/dist/index.js:915:20 {
  code: [32m'E_AUTH'[39m,
  status: [33m401[39m,
  details: { error: [32m'Authentication required'[39m }
}

[90mstderr[2m | tests/api.edgecases.test.ts[2m > [22m[2mAPI Service - Edge Cases[2m > 
[22m[2mHeaders e autentica├º├úo[2m > [22m[2mdeve lidar com erro de autentica├º├úo (401)
[22m[39mFailed to fetch users from backend, using mock data

[90mstderr[2m | tests/api.edgecases.test.ts[2m > [22m[2mAPI Service - Edge Cases[2m > 
[22m[2mHeaders e autentica├º├úo[2m > [22m[2mdeve lidar com erro de permiss├úo (403)
[22m[39m≡ƒöº [API v3] Tentando: https://us-central1-servioai-staging.cloudfunctions.net/users

[90mstderr[2m | tests/api.edgecases.test.ts[2m > [22m[2mAPI Service - Edge Cases[2m > 
[22m[2mHeaders e autentica├º├úo[2m > [22m[2mdeve lidar com erro de permiss├úo (403)
[22m[39m≡ƒÜ¿ [API v2] ERRO detectado em /users - ACIONANDO FALLBACK! Error: N├úo autorizado. 
Fa├ºa login novamente.
    at makeApiError (C:/Users/Admin/Desktop/Talina/Servio.AI/services/api.ts:88:15)
    at apiCall (C:/Users/Admin/Desktop/Talina/Servio.AI/services/api.ts:142:13)
    at Module.fetchAllUsers (C:/Users/Admin/Desktop/Talina/Servio.AI/services/api.ts:179:12)
    at C:/Users/Admin/Desktop/Talina/Servio.AI/tests/api.edgecases.test.ts:217:21
    at [90mfile:///C:/Users/Admin/Desktop/Talina/Servio.AI/[39mnode_modules/[4m@vitest/runne
r[24m/dist/index.js:915:20 {
  code: [32m'E_AUTH'[39m,
  status: [33m403[39m,
  details: { error: [32m'Insufficient permissions'[39m }
}
[api] Backend unavailable for /users, triggering fallback Error: N├úo autorizado. Fa├ºa login 
novamente.
    at makeApiError (C:/Users/Admin/Desktop/Talina/Servio.AI/services/api.ts:88:15)
    at apiCall (C:/Users/Admin/Desktop/Talina/Servio.AI/services/api.ts:142:13)
    at Module.fetchAllUsers (C:/Users/Admin/Desktop/Talina/Servio.AI/services/api.ts:179:12)
    at C:/Users/Admin/Desktop/Talina/Servio.AI/tests/api.edgecases.test.ts:217:21
    at [90mfile:///C:/Users/Admin/Desktop/Talina/Servio.AI/[39mnode_modules/[4m@vitest/runne
r[24m/dist/index.js:915:20 {
  code: [32m'E_AUTH'[39m,
  status: [33m403[39m,
  details: { error: [32m'Insufficient permissions'[39m }
}

[90mstderr[2m | tests/api.edgecases.test.ts[2m > [22m[2mAPI Service - Edge Cases[2m > 
[22m[2mHeaders e autentica├º├úo[2m > [22m[2mdeve lidar com erro de permiss├úo (403)
[22m[39mFailed to fetch users from backend, using mock data

[90mstderr[2m | tests/api.edgecases.test.ts[2m > [22m[2mAPI Service - Edge Cases[2m > 
[22m[2mFallback para mock data[2m > [22m[2mdeve usar mock data quando backend est├í 
indispon├¡vel
[22m[39m≡ƒöº [API v3] Tentando: https://us-central1-servioai-staging.cloudfunctions.net/users

[90mstderr[2m | tests/api.edgecases.test.ts[2m > [22m[2mAPI Service - Edge Cases[2m > 
[22m[2mFallback para mock data[2m > [22m[2mdeve usar mock data quando backend est├í 
indispon├¡vel
[22m[39m≡ƒÜ¿ [API v2] ERRO detectado em /users - ACIONANDO FALLBACK! Error: Connection 
refused
    at C:/Users/Admin/Desktop/Talina/Servio.AI/tests/api.edgecases.test.ts:224:39
    at [90mfile:///C:/Users/Admin/Desktop/Talina/Servio.AI/[39mnode_modules/[4m@vitest/runne
r[24m/dist/index.js:145:11
    at [90mfile:///C:/Users/Admin/Desktop/Talina/Servio.AI/[39mnode_modules/[4m@vitest/runne
r[24m/dist/index.js:915:26
    at [90mfile:///C:/Users/Admin/Desktop/Talina/Servio.AI/[39mnode_modules/[4m@vitest/runne
r[24m/dist/index.js:1243:20
    at new Promise (<anonymous>)
    at runWithTimeout [90m(file:///C:/Users/Admin/Desktop/Talina/Servio.AI/[39mnode_modules/
[4m@vitest/runner[24m/dist/index.js:1209:10[90m)[39m
    at [90mfile:///C:/Users/Admin/Desktop/Talina/Servio.AI/[39mnode_modules/[4m@vitest/runne
r[24m/dist/index.js:1653:37
    at Traces.$ [90m(file:///C:/Users/Admin/Desktop/Talina/Servio.AI/[39mnode_modules/[4mvit
est[24m/dist/chunks/traces.U4xDYhzZ.js:115:27[90m)[39m
    at trace [90m(file:///C:/Users/Admin/Desktop/Talina/Servio.AI/[39mnode_modules/[4mvitest
[24m/dist/chunks/test.B8ej_ZHS.js:239:21[90m)[39m
    at runTest [90m(file:///C:/Users/Admin/Desktop/Talina/Servio.AI/[39mnode_modules/[4m@vit
est/runner[24m/dist/index.js:1653:12[90m)[39m
[api] Backend unavailable for /users, triggering fallback Error: Connection refused
    at C:/Users/Admin/Desktop/Talina/Servio.AI/tests/api.edgecases.test.ts:224:39
    at [90mfile:///C:/Users/Admin/Desktop/Talina/Servio.AI/[39mnode_modules/[4m@vitest/runne
r[24m/dist/index.js:145:11
    at [90mfile:///C:/Users/Admin/Desktop/Talina/Servio.AI/[39mnode_modules/[4m@vitest/runne
r[24m/dist/index.js:915:26
    at [90mfile:///C:/Users/Admin/Desktop/Talina/Servio.AI/[39mnode_modules/[4m@vitest/runne
r[24m/dist/index.js:1243:20
    at new Promise (<anonymous>)
    at runWithTimeout [90m(file:///C:/Users/Admin/Desktop/Talina/Servio.AI/[39mnode_modules/
[4m@vitest/runner[24m/dist/index.js:1209:10[90m)[39m
    at [90mfile:///C:/Users/Admin/Desktop/Talina/Servio.AI/[39mnode_modules/[4m@vitest/runne
r[24m/dist/index.js:1653:37
    at Traces.$ [90m(file:///C:/Users/Admin/Desktop/Talina/Servio.AI/[39mnode_modules/[4mvit
est[24m/dist/chunks/traces.U4xDYhzZ.js:115:27[90m)[39m
    at trace [90m(file:///C:/Users/Admin/Desktop/Talina/Servio.AI/[39mnode_modules/[4mvitest
[24m/dist/chunks/test.B8ej_ZHS.js:239:21[90m)[39m
    at runTest [90m(file:///C:/Users/Admin/Desktop/Talina/Servio.AI/[39mnode_modules/[4m@vit
est/runner[24m/dist/index.js:1653:12[90m)[39m

[90mstderr[2m | tests/api.edgecases.test.ts[2m > [22m[2mAPI Service - Edge Cases[2m > 
[22m[2mFallback para mock data[2m > [22m[2mdeve usar mock data quando backend est├í 
indispon├¡vel
[22m[39mFailed to fetch users from backend, using mock data

[90mstderr[2m | tests/api.edgecases.test.ts[2m > [22m[2mAPI Service - Edge Cases[2m > 
[22m[2mFallback para mock data[2m > [22m[2mdeve usar mock data quando resposta ├⌐ 
inv├ílida
[22m[39m≡ƒöº [API v3] Tentando: https://us-central1-servioai-staging.cloudfunctions.net/users

[90mstderr[2m | tests/ClientDashboard.scheduleAndChat.test.tsx[2m > 
[22m[2mClientDashboard ΓÇô chat & agendamento (integra├º├úo leve)[2m > [22m[2mconfirma 
agendamento a partir de uma proposta recebida no chat
[22m[39m≡ƒöº [API v3] Tentando: 
https://us-central1-servioai-staging.cloudfunctions.net/messages?chatId=job-1

[90mstderr[2m | tests/api.edgecases.test.ts[2m > [22m[2mAPI Service - Edge Cases[2m > 
[22m[2mFallback para mock data[2m > [22m[2mdeve usar mock data quando resposta ├⌐ 
inv├ílida
[22m[39m≡ƒÜ¿ [API v2] ERRO detectado em /users - ACIONANDO FALLBACK! Error: Erro interno do 
servidor. Tente mais tarde.
    at makeApiError (C:/Users/Admin/Desktop/Talina/Servio.AI/services/api.ts:88:15)
    at apiCall (C:/Users/Admin/Desktop/Talina/Servio.AI/services/api.ts:142:13)
    at Module.fetchAllUsers (C:/Users/Admin/Desktop/Talina/Servio.AI/services/api.ts:179:12)
    at C:/Users/Admin/Desktop/Talina/Servio.AI/tests/api.edgecases.test.ts:244:21
    at [90mfile:///C:/Users/Admin/Desktop/Talina/Servio.AI/[39mnode_modules/[4m@vitest/runne
r[24m/dist/index.js:915:20 {
  code: [32m'E_SERVER'[39m,
  status: [33m503[39m,
  details: { message: [32m'Service Unavailable'[39m }
}
[api] Backend unavailable for /users, triggering fallback Error: Erro interno do servidor. 
Tente mais tarde.
    at makeApiError (C:/Users/Admin/Desktop/Talina/Servio.AI/services/api.ts:88:15)
    at apiCall (C:/Users/Admin/Desktop/Talina/Servio.AI/services/api.ts:142:13)
    at Module.fetchAllUsers (C:/Users/Admin/Desktop/Talina/Servio.AI/services/api.ts:179:12)
    at C:/Users/Admin/Desktop/Talina/Servio.AI/tests/api.edgecases.test.ts:244:21
    at [90mfile:///C:/Users/Admin/Desktop/Talina/Servio.AI/[39mnode_modules/[4m@vitest/runne
r[24m/dist/index.js:915:20 {
  code: [32m'E_SERVER'[39m,
  status: [33m503[39m,
  details: { message: [32m'Service Unavailable'[39m }
}
 [32mΓ£ô[39m tests/api.edgecases.test.ts [2m([22m[2m17 tests[22m[2m)[22m[33m 1025[2mms[22m[39m

       [33m[2mΓ£ô[22m[39m deve lidar com erros de rede corretamente [33m 847[2mms[22m[39m
[90mstderr[2m | tests/api.edgecases.test.ts[2m > [22m[2mAPI Service - Edge Cases[2m > 
[22m[2mFallback para mock data[2m > [22m[2mdeve usar mock data quando resposta ├⌐ 
inv├ílida
[22m[39mFailed to fetch users from backend, using mock data

 [32mΓ£ô[39m tests/services/geminiService.comprehensive.test.ts [2m([22m[2m15 tests[22m[2m)[22m[33m 1601[2mms[22m[39m
       [33m[2mΓ£ô[22m[39m should use fallback heuristic when the first API call fails [33m 311[2mms[22m[39m
       [33m[2mΓ£ô[22m[39m should use fallback and infer 'pintura' category [33m 314[2mms[22m[39m
       [33m[2mΓ£ô[22m[39m should use fallback and infer 'diagnostico' service type [33m 320[2mms[22m[39m
       [33m[2mΓ£ô[22m[39m should return an empty array on API failure [33m 312[2mms[22m[39m
       [33m[2mΓ£ô[22m[39m should throw an error on API failure [33m 312[2mms[22m[39m
OPTIONS https://us-central1-servioai-staging.cloudfunctions.net/messages?chatId=job-1 404 (Not 
Found)
Cross-Origin Request Blocked: The Same Origin Policy disallows reading the remote resource at 
"https://us-central1-servioai-staging.cloudfunctions.net/messages?chatId=job-1".
[90mstderr[2m | tests/api.inviteProvider.test.ts
[22m[39mΓòÉΓòÉΓòÉΓòÉΓòÉΓòÉΓòÉΓòÉΓòÉΓòÉΓòÉΓòÉΓòÉΓòÉΓòÉΓòÉΓòÉΓòÉΓòÉΓòÉΓòÉΓòÉΓòÉΓòÉΓòÉΓòÉΓòÉΓòÉΓ
òÉΓòÉΓòÉΓòÉΓòÉΓòÉΓòÉΓòÉΓòÉΓòÉΓòÉΓòÉΓòÉΓòÉΓòÉΓòÉΓòÉΓòÉΓòÉΓòÉΓòÉΓòÉΓòÉΓòÉΓòÉΓòÉΓòÉ
≡ƒöº API SERVICE INICIADO - VERS├âO 2026-01-09
ΓòÉΓòÉΓòÉΓòÉΓòÉΓòÉΓòÉΓòÉΓòÉΓòÉΓòÉΓòÉΓòÉΓòÉΓòÉΓòÉΓòÉΓòÉΓòÉΓòÉΓòÉΓòÉΓòÉΓòÉΓòÉΓòÉΓòÉΓòÉΓòÉΓòÉΓòÉΓò
ÉΓòÉΓòÉΓòÉΓòÉΓòÉΓòÉΓòÉΓòÉΓòÉΓòÉΓòÉΓòÉΓòÉΓòÉΓòÉΓòÉΓòÉΓòÉΓòÉΓòÉΓòÉΓòÉΓòÉ
≡ƒôï STAGING_MODE: true
≡ƒôï Project ID: servioai-staging
≡ƒôï Backend URL: https://us-central1-servioai-staging.cloudfunctions.net
≡ƒôï Use Mock: false
ΓòÉΓòÉΓòÉΓòÉΓòÉΓòÉΓòÉΓòÉΓòÉΓòÉΓòÉΓòÉΓòÉΓòÉΓòÉΓòÉΓòÉΓòÉΓòÉΓòÉΓòÉΓòÉΓòÉΓòÉΓòÉΓòÉΓòÉΓòÉΓòÉΓòÉΓòÉΓò
ÉΓòÉΓòÉΓòÉΓòÉΓòÉΓòÉΓòÉΓòÉΓòÉΓòÉΓòÉΓòÉΓòÉΓòÉΓòÉΓòÉΓòÉΓòÉΓòÉΓòÉΓòÉΓòÉΓòÉ
Γ£à STAGING MODE ATIVO - Backend DESABILITADO!
Γ£à Todas as opera├º├╡es de usu├írio usam Firestore direto!

[90mstderr[2m | tests/ClientDashboard.scheduleAndChat.test.tsx[2m > 
[22m[2mClientDashboard ΓÇô chat & agendamento (integra├º├úo leve)[2m > [22m[2mmostra 
aviso ao tentar salvar perfil sem campos obrigat├│rios
[22m[39m≡ƒÜ¿ [API v2] ERRO detectado em /messages?chatId=job-1 - ACIONANDO FALLBACK! 
DOMException [NetworkError]: Cross-Origin Request Blocked: The Same Origin Policy disallows 
reading the remote resource at 
"https://us-central1-servioai-staging.cloudfunctions.net/messages?chatId=job-1".
    at Fetch.send [90m(file:///C:/Users/Admin/Desktop/Talina/Servio.AI/[39mnode_modules/[4mh
appy-dom[24m/lib/fetch/Fetch.js:185:23[90m)[39m
[90m    at processTicksAndRejections (node:internal/process/task_queues:103:5)[39m
    at GlobalWindow.fetch [90m(file:///C:/Users/Admin/Desktop/Talina/Servio.AI/[39mnode_modul
es/[4mhappy-dom[24m/lib/window/BrowserWindow.js:1424:16[90m)[39m
    at apiCall (C:/Users/Admin/Desktop/Talina/Servio.AI/services/api.ts:129:22)
    at Module.fetchMessages (C:/Users/Admin/Desktop/Talina/Servio.AI/services/api.ts:977:12)
    at loadMessages 
(C:/Users/Admin/Desktop/Talina/Servio.AI/components/ClientDashboard.tsx:165:28)
[api] Backend unavailable for /messages?chatId=job-1, triggering fallback DOMException 
[NetworkError]: Cross-Origin Request Blocked: The Same Origin Policy disallows reading the 
remote resource at 
"https://us-central1-servioai-staging.cloudfunctions.net/messages?chatId=job-1".
    at Fetch.send [90m(file:///C:/Users/Admin/Desktop/Talina/Servio.AI/[39mnode_modules/[4mh
appy-dom[24m/lib/fetch/Fetch.js:185:23[90m)[39m
[90m    at processTicksAndRejections (node:internal/process/task_queues:103:5)[39m
    at GlobalWindow.fetch [90m(file:///C:/Users/Admin/Desktop/Talina/Servio.AI/[39mnode_modul
es/[4mhappy-dom[24m/lib/window/BrowserWindow.js:1424:16[90m)[39m
    at apiCall (C:/Users/Admin/Desktop/Talina/Servio.AI/services/api.ts:129:22)
    at Module.fetchMessages (C:/Users/Admin/Desktop/Talina/Servio.AI/services/api.ts:977:12)
    at loadMessages 
(C:/Users/Admin/Desktop/Talina/Servio.AI/components/ClientDashboard.tsx:165:28)

[90mstderr[2m | tests/ClientDashboard.scheduleAndChat.test.tsx[2m > 
[22m[2mClientDashboard ΓÇô chat & agendamento (integra├º├úo leve)[2m > [22m[2mmostra 
aviso ao tentar salvar perfil sem campos obrigat├│rios
[22m[39mFailed to fetch messages, using mock data

[90mstderr[2m | tests/api.inviteProvider.test.ts[2m > [22m[2minviteProvider[2m > 
[22m[2menvia convite com sucesso para o backend
[22m[39m≡ƒöº [API v3] Tentando: 
https://us-central1-servioai-staging.cloudfunctions.net/api/jobs/job-123/invite-provider

[90mstderr[2m | tests/ClientDashboard.scheduleAndChat.test.tsx[2m > 
[22m[2mClientDashboard ΓÇô chat & agendamento (integra├º├úo leve)[2m > [22m[2mexibe toast 
de erro ao falhar envio de mensagem
[22m[39m≡ƒöº [API v3] Tentando: 
https://us-central1-servioai-staging.cloudfunctions.net/messages?chatId=job-1

 [32mΓ£ô[39m tests/week3/ProviderDashboard.expansion.test.tsx [2m([22m[2m68 tests[22m[2m)[22m[33m 850[2mms[22m[39m
[90mstderr[2m | tests/geminiService.more.test.ts[2m > [22m[2mgeminiService ΓÇô resilience 
and URL resolution[2m > [22m[2mgetMatchingProviders falls back to [] on persistent failure
[22m[39m[match-providers] Fallback to empty list due to backend error: Error: first fail
    at fetchFromBackend 
(C:/Users/Admin/Desktop/Talina/Servio.AI/services/geminiService.ts:146:13)
    at Module.getMatchingProviders 
(C:/Users/Admin/Desktop/Talina/Servio.AI/services/geminiService.ts:219:12)
    at C:/Users/Admin/Desktop/Talina/Servio.AI/tests/geminiService.more.test.ts:35:17
    at [90mfile:///C:/Users/Admin/Desktop/Talina/Servio.AI/[39mnode_modules/[4m@vitest/runne
r[24m/dist/index.js:915:20

 [32mΓ£ô[39m tests/geminiService.more.test.ts [2m([22m[2m3 tests[22m[2m)[22m[33m 640[2mms[22m[39m
     [33m[2mΓ£ô[22m[39m generateJobFAQ retries once after network error and succeeds [33m 313[2mms[22m[39m
     [33m[2mΓ£ô[22m[39m getMatchingProviders falls back to [] on persistent failure [33m 320[2mms[22m[39m
 [32mΓ£ô[39m tests/ClientDashboard.scheduleAndChat.test.tsx [2m([22m[2m3 tests[22m[2m)[22m[33m 1386[2mms[22m[39m
     [33m[2mΓ£ô[22m[39m confirma agendamento a partir de uma proposta recebida no chat [33m 677[2mms[22m[39m
     [33m[2mΓ£ô[22m[39m mostra aviso ao tentar salvar perfil sem campos obrigat├│rios [33m 330[2mms[22m[39m
     [33m[2mΓ£ô[22m[39m exibe toast de erro ao falhar envio de mensagem [33m 371[2mms[22m[39m
DOMException [AbortError]: The operation was aborted.
    at Fetch.onAsyncTaskManagerAbort (file:///C:/Users/Admin/Desktop/Talina/Servio.AI/node_modu
les/happy-dom/lib/fetch/Fetch.js:546:23)
    at Object.<anonymous> (file:///C:/Users/Admin/Desktop/Talina/Servio.AI/node_modules/happy-d
om/lib/fetch/Fetch.js:416:101)
    at AsyncTaskManager.abortAll (file:///C:/Users/Admin/Desktop/Talina/Servio.AI/node_modules/
happy-dom/lib/async-task-manager/AsyncTaskManager.js:292:30)
    at AsyncTaskManager.abort (file:///C:/Users/Admin/Desktop/Talina/Servio.AI/node_modules/hap
py-dom/lib/async-task-manager/AsyncTaskManager.js:52:21)
    at DetachedBrowserFrame.abort (file:///C:/Users/Admin/Desktop/Talina/Servio.AI/node_modules
/happy-dom/lib/browser/detached-browser/DetachedBrowserFrame.js:112:58)
    at DetachedWindowAPI.abort (file:///C:/Users/Admin/Desktop/Talina/Servio.AI/node_modules/ha
ppy-dom/lib/window/DetachedWindowAPI.js:51:35)
    at teardownWindow (file:///C:/Users/Admin/Desktop/Talina/Servio.AI/node_modules/vitest/dist
/chunks/index.BspFP3mn.js:331:22)
    at Object.teardown (file:///C:/Users/Admin/Desktop/Talina/Servio.AI/node_modules/vitest/dis
t/chunks/index.BspFP3mn.js:392:10)
    at file:///C:/Users/Admin/Desktop/Talina/Servio.AI/node_modules/vitest/dist/chunks/base.Bin
-9uYm.js:130:65
    at Traces.$ (file:///C:/Users/Admin/Desktop/Talina/Servio.AI/node_modules/vitest/dist/chunk
s/traces.U4xDYhzZ.js:115:27)
[90mstderr[2m | apiCall (C:\Users\Admin\Desktop\Talina\Servio.AI\services\api.ts:149:13)
[22m[39m≡ƒÜ¿ [API v2] ERRO detectado em /messages?chatId=job-1 - ACIONANDO FALLBACK! 
DOMException [NetworkError]: Failed to execute "fetch()" on "Window" with URL 
"https://us-central1-servioai-staging.cloudfunctions.net/messages?chatId=job-1": The operation 
was aborted.
    at Fetch.onError [90m(file:///C:/Users/Admin/Desktop/Talina/Servio.AI/[39mnode_modules/[
4mhappy-dom[24m/lib/fetch/Fetch.js:540:21[90m)[39m
[90m    at ClientRequest.emit (node:events:508:28)[39m
[90m    at emitErrorEvent (node:_http_client:108:11)[39m
[90m    at TLSSocket.socketErrorListener (node:_http_client:575:5)[39m
[90m    at TLSSocket.emit (node:events:508:28)[39m
[90m    at emitErrorNT (node:internal/streams/destroy:170:8)[39m
[90m    at emitErrorCloseNT (node:internal/streams/destroy:129:3)[39m
[90m    at processTicksAndRejections (node:internal/process/task_queues:89:21)[39m

[90mstderr[2m | apiCall (C:\Users\Admin\Desktop\Talina\Servio.AI\services\api.ts:160:13)
[22m[39m[api] Backend unavailable for /messages?chatId=job-1, triggering fallback 
DOMException [NetworkError]: Failed to execute "fetch()" on "Window" with URL 
"https://us-central1-servioai-staging.cloudfunctions.net/messages?chatId=job-1": The operation 
was aborted.
    at Fetch.onError [90m(file:///C:/Users/Admin/Desktop/Talina/Servio.AI/[39mnode_modules/[
4mhappy-dom[24m/lib/fetch/Fetch.js:540:21[90m)[39m
[90m    at ClientRequest.emit (node:events:508:28)[39m
[90m    at emitErrorEvent (node:_http_client:108:11)[39m
[90m    at TLSSocket.socketErrorListener (node:_http_client:575:5)[39m
[90m    at TLSSocket.emit (node:events:508:28)[39m
[90m    at emitErrorNT (node:internal/streams/destroy:170:8)[39m
[90m    at emitErrorCloseNT (node:internal/streams/destroy:129:3)[39m
[90m    at processTicksAndRejections (node:internal/process/task_queues:89:21)[39m

[90mstderr[2m | Module.fetchMessages 
(C:\Users\Admin\Desktop\Talina\Servio.AI\services\api.ts:979:13)
[22m[39mFailed to fetch messages, using mock data

[90mstdout[2m | tests/api.inviteProvider.test.ts[2m > [22m[2minviteProvider[2m > [22m[2menvia convite com sucesso para o backend
[22m[39mXXX DEBUG: firebaseConfig loading
XXX DEBUG: import.meta.env.MODE: test

[90mstderr[2m | tests/api.inviteProvider.test.ts[2m > [22m[2minviteProvider[2m > 
[22m[2menvia convite com sucesso para o backend
[22m[39m[firebase] Usando mocks porque a configura├º├úo est├í ausente ou desativada.

[90mstderr[2m | tests/api.inviteProvider.test.ts[2m > [22m[2minviteProvider[2m > 
[22m[2mretorna { success: false } quando backend retorna erro
[22m[39m≡ƒöº [API v3] Tentando: 
https://us-central1-servioai-staging.cloudfunctions.net/api/jobs/job-123/invite-provider

[90mstderr[2m | tests/api.inviteProvider.test.ts[2m > [22m[2minviteProvider[2m > 
[22m[2mretorna { success: false } quando backend retorna erro
[22m[39m≡ƒÜ¿ [API v2] ERRO detectado em /api/jobs/job-123/invite-provider - ACIONANDO 
FALLBACK! Error: Erro interno do servidor. Tente mais tarde.
    at makeApiError (C:/Users/Admin/Desktop/Talina/Servio.AI/services/api.ts:88:15)
    at apiCall (C:/Users/Admin/Desktop/Talina/Servio.AI/services/api.ts:142:13)
[90m    at processTicksAndRejections (node:internal/process/task_queues:103:5)[39m
    at Module.inviteProvider (C:/Users/Admin/Desktop/Talina/Servio.AI/services/api.ts:1228:12)
    at C:/Users/Admin/Desktop/Talina/Servio.AI/tests/api.inviteProvider.test.ts:41:7
    at [90mfile:///C:/Users/Admin/Desktop/Talina/Servio.AI/[39mnode_modules/[4m@vitest/runne
r[24m/dist/index.js:915:20 {
  code: [32m'E_SERVER'[39m,
  status: [33m400[39m,
  details: { error: [32m'Invalid provider'[39m }
}
[api] Backend unavailable for /api/jobs/job-123/invite-provider, triggering fallback Error: 
Erro interno do servidor. Tente mais tarde.
    at makeApiError (C:/Users/Admin/Desktop/Talina/Servio.AI/services/api.ts:88:15)
    at apiCall (C:/Users/Admin/Desktop/Talina/Servio.AI/services/api.ts:142:13)
[90m    at processTicksAndRejections (node:internal/process/task_queues:103:5)[39m
    at Module.inviteProvider (C:/Users/Admin/Desktop/Talina/Servio.AI/services/api.ts:1228:12)
    at C:/Users/Admin/Desktop/Talina/Servio.AI/tests/api.inviteProvider.test.ts:41:7
    at [90mfile:///C:/Users/Admin/Desktop/Talina/Servio.AI/[39mnode_modules/[4m@vitest/runne
r[24m/dist/index.js:915:20 {
  code: [32m'E_SERVER'[39m,
  status: [33m400[39m,
  details: { error: [32m'Invalid provider'[39m }
}

[90mstderr[2m | tests/api.inviteProvider.test.ts[2m > [22m[2minviteProvider[2m > 
[22m[2mretorna { success: false } quando backend retorna erro
[22m[39mFailed to send provider invite, simulating success: Error: Erro interno do servidor. 
Tente mais tarde.
    at makeApiError (C:/Users/Admin/Desktop/Talina/Servio.AI/services/api.ts:88:15)
    at apiCall (C:/Users/Admin/Desktop/Talina/Servio.AI/services/api.ts:142:13)
[90m    at processTicksAndRejections (node:internal/process/task_queues:103:5)[39m
    at Module.inviteProvider (C:/Users/Admin/Desktop/Talina/Servio.AI/services/api.ts:1228:12)
    at C:/Users/Admin/Desktop/Talina/Servio.AI/tests/api.inviteProvider.test.ts:41:7
    at [90mfile:///C:/Users/Admin/Desktop/Talina/Servio.AI/[39mnode_modules/[4m@vitest/runne
r[24m/dist/index.js:915:20 {
  code: [32m'E_SERVER'[39m,
  status: [33m400[39m,
  details: { error: [32m'Invalid provider'[39m }
}

[90mstderr[2m | tests/api.inviteProvider.test.ts[2m > [22m[2minviteProvider[2m > 
[22m[2mfaz fallback para sucesso simulado quando rede falha
[22m[39m≡ƒöº [API v3] Tentando: 
https://us-central1-servioai-staging.cloudfunctions.net/api/jobs/job-123/invite-provider

[90mstderr[2m | tests/error-handling.test.ts
[22m[39mΓòÉΓòÉΓòÉΓòÉΓòÉΓòÉΓòÉΓòÉΓòÉΓòÉΓòÉΓòÉΓòÉΓòÉΓòÉΓòÉΓòÉΓòÉΓòÉΓòÉΓòÉΓòÉΓòÉΓòÉΓòÉΓòÉΓòÉΓòÉΓ
òÉΓòÉΓòÉΓòÉΓòÉΓòÉΓòÉΓòÉΓòÉΓòÉΓòÉΓòÉΓòÉΓòÉΓòÉΓòÉΓòÉΓòÉΓòÉΓòÉΓòÉΓòÉΓòÉΓòÉΓòÉΓòÉΓòÉ
≡ƒöº API SERVICE INICIADO - VERS├âO 2026-01-09
ΓòÉΓòÉΓòÉΓòÉΓòÉΓòÉΓòÉΓòÉΓòÉΓòÉΓòÉΓòÉΓòÉΓòÉΓòÉΓòÉΓòÉΓòÉΓòÉΓòÉΓòÉΓòÉΓòÉΓòÉΓòÉΓòÉΓòÉΓòÉΓòÉΓòÉΓòÉΓò
ÉΓòÉΓòÉΓòÉΓòÉΓòÉΓòÉΓòÉΓòÉΓòÉΓòÉΓòÉΓòÉΓòÉΓòÉΓòÉΓòÉΓòÉΓòÉΓòÉΓòÉΓòÉΓòÉΓòÉ
≡ƒôï STAGING_MODE: true
≡ƒôï Project ID: servioai-staging
≡ƒôï Backend URL: https://us-central1-servioai-staging.cloudfunctions.net
≡ƒôï Use Mock: false
ΓòÉΓòÉΓòÉΓòÉΓòÉΓòÉΓòÉΓòÉΓòÉΓòÉΓòÉΓòÉΓòÉΓòÉΓòÉΓòÉΓòÉΓòÉΓòÉΓòÉΓòÉΓòÉΓòÉΓòÉΓòÉΓòÉΓòÉΓòÉΓòÉΓòÉΓòÉΓò
ÉΓòÉΓòÉΓòÉΓòÉΓòÉΓòÉΓòÉΓòÉΓòÉΓòÉΓòÉΓòÉΓòÉΓòÉΓòÉΓòÉΓòÉΓòÉΓòÉΓòÉΓòÉΓòÉΓòÉ
Γ£à STAGING MODE ATIVO - Backend DESABILITADO!
Γ£à Todas as opera├º├╡es de usu├írio usam Firestore direto!

[90mstderr[2m | tests/api.inviteProvider.test.ts[2m > [22m[2minviteProvider[2m > 
[22m[2mfaz fallback para sucesso simulado quando rede falha
[22m[39m≡ƒÜ¿ [API v2] ERRO detectado em /api/jobs/job-123/invite-provider - ACIONANDO 
FALLBACK! Error: Network error
    at C:/Users/Admin/Desktop/Talina/Servio.AI/tests/api.inviteProvider.test.ts:50:53
    at [90mfile:///C:/Users/Admin/Desktop/Talina/Servio.AI/[39mnode_modules/[4m@vitest/runne
r[24m/dist/index.js:145:11
    at [90mfile:///C:/Users/Admin/Desktop/Talina/Servio.AI/[39mnode_modules/[4m@vitest/runne
r[24m/dist/index.js:915:26
    at [90mfile:///C:/Users/Admin/Desktop/Talina/Servio.AI/[39mnode_modules/[4m@vitest/runne
r[24m/dist/index.js:1243:20
    at new Promise (<anonymous>)
    at runWithTimeout [90m(file:///C:/Users/Admin/Desktop/Talina/Servio.AI/[39mnode_modules/
[4m@vitest/runner[24m/dist/index.js:1209:10[90m)[39m
    at [90mfile:///C:/Users/Admin/Desktop/Talina/Servio.AI/[39mnode_modules/[4m@vitest/runne
r[24m/dist/index.js:1653:37
    at Traces.$ [90m(file:///C:/Users/Admin/Desktop/Talina/Servio.AI/[39mnode_modules/[4mvit
est[24m/dist/chunks/traces.U4xDYhzZ.js:115:27[90m)[39m
    at trace [90m(file:///C:/Users/Admin/Desktop/Talina/Servio.AI/[39mnode_modules/[4mvitest
[24m/dist/chunks/test.B8ej_ZHS.js:239:21[90m)[39m
    at runTest [90m(file:///C:/Users/Admin/Desktop/Talina/Servio.AI/[39mnode_modules/[4m@vit
est/runner[24m/dist/index.js:1653:12[90m)[39m
[api] Backend unavailable for /api/jobs/job-123/invite-provider, triggering fallback Error: 
Network error
    at C:/Users/Admin/Desktop/Talina/Servio.AI/tests/api.inviteProvider.test.ts:50:53
    at [90mfile:///C:/Users/Admin/Desktop/Talina/Servio.AI/[39mnode_modules/[4m@vitest/runne
r[24m/dist/index.js:145:11
    at [90mfile:///C:/Users/Admin/Desktop/Talina/Servio.AI/[39mnode_modules/[4m@vitest/runne
r[24m/dist/index.js:915:26
    at [90mfile:///C:/Users/Admin/Desktop/Talina/Servio.AI/[39mnode_modules/[4m@vitest/runne
r[24m/dist/index.js:1243:20
    at new Promise (<anonymous>)
    at runWithTimeout [90m(file:///C:/Users/Admin/Desktop/Talina/Servio.AI/[39mnode_modules/
[4m@vitest/runner[24m/dist/index.js:1209:10[90m)[39m
    at [90mfile:///C:/Users/Admin/Desktop/Talina/Servio.AI/[39mnode_modules/[4m@vitest/runne
r[24m/dist/index.js:1653:37
    at Traces.$ [90m(file:///C:/Users/Admin/Desktop/Talina/Servio.AI/[39mnode_modules/[4mvit
est[24m/dist/chunks/traces.U4xDYhzZ.js:115:27[90m)[39m
    at trace [90m(file:///C:/Users/Admin/Desktop/Talina/Servio.AI/[39mnode_modules/[4mvitest
[24m/dist/chunks/test.B8ej_ZHS.js:239:21[90m)[39m
    at runTest [90m(file:///C:/Users/Admin/Desktop/Talina/Servio.AI/[39mnode_modules/[4m@vit
est/runner[24m/dist/index.js:1653:12[90m)[39m

[90mstderr[2m | tests/api.inviteProvider.test.ts[2m > [22m[2minviteProvider[2m > 
[22m[2mfaz fallback para sucesso simulado quando rede falha
[22m[39mFailed to send provider invite, simulating success: Error: Falha de rede. Verifique 
sua conex├úo.
    at makeApiError (C:/Users/Admin/Desktop/Talina/Servio.AI/services/api.ts:88:15)
    at apiCall (C:/Users/Admin/Desktop/Talina/Servio.AI/services/api.ts:164:11)
[90m    at processTicksAndRejections (node:internal/process/task_queues:103:5)[39m
    at Module.inviteProvider (C:/Users/Admin/Desktop/Talina/Servio.AI/services/api.ts:1228:12)
    at C:/Users/Admin/Desktop/Talina/Servio.AI/tests/api.inviteProvider.test.ts:52:20
    at [90mfile:///C:/Users/Admin/Desktop/Talina/Servio.AI/[39mnode_modules/[4m@vitest/runne
r[24m/dist/index.js:915:20 {
  code: [32m'E_NETWORK'[39m
}

[90mstderr[2m | tests/api.inviteProvider.test.ts[2m > [22m[2minviteProvider[2m > 
[22m[2mvalida que o corpo da requisi├º├úo cont├⌐m providerId correto
[22m[39m≡ƒöº [API v3] Tentando: 
https://us-central1-servioai-staging.cloudfunctions.net/api/jobs/job-123/invite-provider

[90mstderr[2m | tests/api.inviteProvider.test.ts[2m > [22m[2minviteProvider[2m > 
[22m[2musa m├⌐todo HTTP POST para o endpoint
[22m[39m≡ƒöº [API v3] Tentando: 
https://us-central1-servioai-staging.cloudfunctions.net/api/jobs/job-123/invite-provider

[90mstderr[2m | tests/api.inviteProvider.test.ts[2m > [22m[2minviteProvider[2m > 
[22m[2mtratamento de erro com fallback para sucesso
[22m[39m≡ƒöº [API v3] Tentando: 
https://us-central1-servioai-staging.cloudfunctions.net/api/jobs/job-123/invite-provider

[90mstderr[2m | tests/api.inviteProvider.test.ts[2m > [22m[2minviteProvider[2m > 
[22m[2mtratamento de erro com fallback para sucesso
[22m[39m≡ƒÜ¿ [API v2] ERRO detectado em /api/jobs/job-123/invite-provider - ACIONANDO 
FALLBACK! Error: Connection timeout
    at C:/Users/Admin/Desktop/Talina/Servio.AI/tests/api.inviteProvider.test.ts:86:53
    at [90mfile:///C:/Users/Admin/Desktop/Talina/Servio.AI/[39mnode_modules/[4m@vitest/runne
r[24m/dist/index.js:145:11
    at [90mfile:///C:/Users/Admin/Desktop/Talina/Servio.AI/[39mnode_modules/[4m@vitest/runne
r[24m/dist/index.js:915:26
    at [90mfile:///C:/Users/Admin/Desktop/Talina/Servio.AI/[39mnode_modules/[4m@vitest/runne
r[24m/dist/index.js:1243:20
    at new Promise (<anonymous>)
    at runWithTimeout [90m(file:///C:/Users/Admin/Desktop/Talina/Servio.AI/[39mnode_modules/
[4m@vitest/runner[24m/dist/index.js:1209:10[90m)[39m
    at [90mfile:///C:/Users/Admin/Desktop/Talina/Servio.AI/[39mnode_modules/[4m@vitest/runne
r[24m/dist/index.js:1653:37
    at Traces.$ [90m(file:///C:/Users/Admin/Desktop/Talina/Servio.AI/[39mnode_modules/[4mvit
est[24m/dist/chunks/traces.U4xDYhzZ.js:115:27[90m)[39m
    at trace [90m(file:///C:/Users/Admin/Desktop/Talina/Servio.AI/[39mnode_modules/[4mvitest
[24m/dist/chunks/test.B8ej_ZHS.js:239:21[90m)[39m
    at runTest [90m(file:///C:/Users/Admin/Desktop/Talina/Servio.AI/[39mnode_modules/[4m@vit
est/runner[24m/dist/index.js:1653:12[90m)[39m
[api] Backend unavailable for /api/jobs/job-123/invite-provider, triggering fallback Error: 
Connection timeout
    at C:/Users/Admin/Desktop/Talina/Servio.AI/tests/api.inviteProvider.test.ts:86:53
    at [90mfile:///C:/Users/Admin/Desktop/Talina/Servio.AI/[39mnode_modules/[4m@vitest/runne
r[24m/dist/index.js:145:11
    at [90mfile:///C:/Users/Admin/Desktop/Talina/Servio.AI/[39mnode_modules/[4m@vitest/runne
r[24m/dist/index.js:915:26
    at [90mfile:///C:/Users/Admin/Desktop/Talina/Servio.AI/[39mnode_modules/[4m@vitest/runne
r[24m/dist/index.js:1243:20
    at new Promise (<anonymous>)
    at runWithTimeout [90m(file:///C:/Users/Admin/Desktop/Talina/Servio.AI/[39mnode_modules/
[4m@vitest/runner[24m/dist/index.js:1209:10[90m)[39m
    at [90mfile:///C:/Users/Admin/Desktop/Talina/Servio.AI/[39mnode_modules/[4m@vitest/runne
r[24m/dist/index.js:1653:37
    at Traces.$ [90m(file:///C:/Users/Admin/Desktop/Talina/Servio.AI/[39mnode_modules/[4mvit
est[24m/dist/chunks/traces.U4xDYhzZ.js:115:27[90m)[39m
    at trace [90m(file:///C:/Users/Admin/Desktop/Talina/Servio.AI/[39mnode_modules/[4mvitest
[24m/dist/chunks/test.B8ej_ZHS.js:239:21[90m)[39m
    at runTest [90m(file:///C:/Users/Admin/Desktop/Talina/Servio.AI/[39mnode_modules/[4m@vit
est/runner[24m/dist/index.js:1653:12[90m)[39m

[90mstderr[2m | tests/api.inviteProvider.test.ts[2m > [22m[2minviteProvider[2m > 
[22m[2mtratamento de erro com fallback para sucesso
[22m[39mFailed to send provider invite, simulating success: Error: Falha de rede. Verifique 
sua conex├úo.
    at makeApiError (C:/Users/Admin/Desktop/Talina/Servio.AI/services/api.ts:88:15)
    at apiCall (C:/Users/Admin/Desktop/Talina/Servio.AI/services/api.ts:164:11)
[90m    at processTicksAndRejections (node:internal/process/task_queues:103:5)[39m
    at Module.inviteProvider (C:/Users/Admin/Desktop/Talina/Servio.AI/services/api.ts:1228:12)
    at C:/Users/Admin/Desktop/Talina/Servio.AI/tests/api.inviteProvider.test.ts:88:20
    at [90mfile:///C:/Users/Admin/Desktop/Talina/Servio.AI/[39mnode_modules/[4m@vitest/runne
r[24m/dist/index.js:915:20 {
  code: [32m'E_NETWORK'[39m
}

[90mstderr[2m | tests/api.inviteProvider.test.ts[2m > [22m[2minviteProvider[2m > 
[22m[2mloga warning quando backend falha e usa mock
[22m[39m≡ƒöº [API v3] Tentando: 
https://us-central1-servioai-staging.cloudfunctions.net/api/jobs/job-123/invite-provider

[90mstderr[2m | tests/api.inviteProvider.test.ts[2m > [22m[2minviteProvider[2m > 
[22m[2mloga warning quando backend falha e usa mock
[22m[39m≡ƒÜ¿ [API v2] ERRO detectado em /api/jobs/job-123/invite-provider - ACIONANDO 
FALLBACK! Error: API unavailable
    at C:/Users/Admin/Desktop/Talina/Servio.AI/tests/api.inviteProvider.test.ts:96:53
    at [90mfile:///C:/Users/Admin/Desktop/Talina/Servio.AI/[39mnode_modules/[4m@vitest/runne
r[24m/dist/index.js:145:11
    at [90mfile:///C:/Users/Admin/Desktop/Talina/Servio.AI/[39mnode_modules/[4m@vitest/runne
r[24m/dist/index.js:915:26
    at [90mfile:///C:/Users/Admin/Desktop/Talina/Servio.AI/[39mnode_modules/[4m@vitest/runne
r[24m/dist/index.js:1243:20
    at new Promise (<anonymous>)
    at runWithTimeout [90m(file:///C:/Users/Admin/Desktop/Talina/Servio.AI/[39mnode_modules/
[4m@vitest/runner[24m/dist/index.js:1209:10[90m)[39m
    at [90mfile:///C:/Users/Admin/Desktop/Talina/Servio.AI/[39mnode_modules/[4m@vitest/runne
r[24m/dist/index.js:1653:37
    at Traces.$ [90m(file:///C:/Users/Admin/Desktop/Talina/Servio.AI/[39mnode_modules/[4mvit
est[24m/dist/chunks/traces.U4xDYhzZ.js:115:27[90m)[39m
    at trace [90m(file:///C:/Users/Admin/Desktop/Talina/Servio.AI/[39mnode_modules/[4mvitest
[24m/dist/chunks/test.B8ej_ZHS.js:239:21[90m)[39m
    at runTest [90m(file:///C:/Users/Admin/Desktop/Talina/Servio.AI/[39mnode_modules/[4m@vit
est/runner[24m/dist/index.js:1653:12[90m)[39m
[api] Backend unavailable for /api/jobs/job-123/invite-provider, triggering fallback Error: 
API unavailable
    at C:/Users/Admin/Desktop/Talina/Servio.AI/tests/api.inviteProvider.test.ts:96:53
    at [90mfile:///C:/Users/Admin/Desktop/Talina/Servio.AI/[39mnode_modules/[4m@vitest/runne
r[24m/dist/index.js:145:11
    at [90mfile:///C:/Users/Admin/Desktop/Talina/Servio.AI/[39mnode_modules/[4m@vitest/runne
r[24m/dist/index.js:915:26
    at [90mfile:///C:/Users/Admin/Desktop/Talina/Servio.AI/[39mnode_modules/[4m@vitest/runne
r[24m/dist/index.js:1243:20
    at new Promise (<anonymous>)
    at runWithTimeout [90m(file:///C:/Users/Admin/Desktop/Talina/Servio.AI/[39mnode_modules/
[4m@vitest/runner[24m/dist/index.js:1209:10[90m)[39m
    at [90mfile:///C:/Users/Admin/Desktop/Talina/Servio.AI/[39mnode_modules/[4m@vitest/runne
r[24m/dist/index.js:1653:37
    at Traces.$ [90m(file:///C:/Users/Admin/Desktop/Talina/Servio.AI/[39mnode_modules/[4mvit
est[24m/dist/chunks/traces.U4xDYhzZ.js:115:27[90m)[39m
    at trace [90m(file:///C:/Users/Admin/Desktop/Talina/Servio.AI/[39mnode_modules/[4mvitest
[24m/dist/chunks/test.B8ej_ZHS.js:239:21[90m)[39m
    at runTest [90m(file:///C:/Users/Admin/Desktop/Talina/Servio.AI/[39mnode_modules/[4m@vit
est/runner[24m/dist/index.js:1653:12[90m)[39m

[90mstderr[2m | tests/error-handling.test.ts[2m > [22m[2m[E2E-SMOKE] Error Handling 
API[2m > [22m[2m404 ΓåÆ retorna fallback ou lan├ºa ApiError E_NOT_FOUND (jobs)
[22m[39m≡ƒöº [API v3] Tentando: 
https://us-central1-servioai-staging.cloudfunctions.net/jobs?status=ativo

[90mstderr[2m | tests/api.inviteProvider.test.ts[2m > [22m[2minviteProvider[2m > 
[22m[2mloga warning quando backend falha e usa mock
[22m[39mFailed to send provider invite, simulating success: Error: Falha de rede. Verifique 
sua conex├úo.
    at makeApiError (C:/Users/Admin/Desktop/Talina/Servio.AI/services/api.ts:88:15)
    at apiCall (C:/Users/Admin/Desktop/Talina/Servio.AI/services/api.ts:164:11)
[90m    at processTicksAndRejections (node:internal/process/task_queues:103:5)[39m
    at Module.inviteProvider (C:/Users/Admin/Desktop/Talina/Servio.AI/services/api.ts:1228:12)
    at C:/Users/Admin/Desktop/Talina/Servio.AI/tests/api.inviteProvider.test.ts:98:5
    at [90mfile:///C:/Users/Admin/Desktop/Talina/Servio.AI/[39mnode_modules/[4m@vitest/runne
r[24m/dist/index.js:915:20 {
  code: [32m'E_NETWORK'[39m
}

 [32mΓ£ô[39m tests/api.inviteProvider.test.ts [2m([22m[2m7 tests[22m[2m)[22m[33m 593[2mms[22m[39m
     [33m[2mΓ£ô[22m[39m envia convite com sucesso para o backend [33m 542[2mms[22m[39m
[90mstderr[2m | tests/CheckoutFlow.test.tsx[2m > [22m[2mCheckoutFlow[2m > 
[22m[2mProgress Bar[2m > [22m[2mdeve renderizar barra de progresso com todos os steps
[22m[39mWarning: An update to CheckoutFlow inside a test was not wrapped in act(...).

When testing, code that causes React state updates should be wrapped into act(...):

act(() => {
  /* fire events that update state */
});
/* assert on the output */

This ensures that you're testing the behavior the user would see in the browser. Learn more at 
https://reactjs.org/link/wrap-tests-with-act
    at CheckoutFlow 
(C:/Users/Admin/Desktop/Talina/Servio.AI/src/components/CheckoutFlow.tsx:10:25)
    at Router (C:\Users\Admin\Desktop\Talina\Servio.AI\node_modules\react-router\dist\umd\react
-router.development.js:1207:17)
    at BrowserRouter (C:\Users\Admin\Desktop\Talina\Servio.AI\node_modules\react-router-dom\dis
t\umd\react-router-dom.development.js:695:7)
Warning: An update to CheckoutFlow inside a test was not wrapped in act(...).

When testing, code that causes React state updates should be wrapped into act(...):

act(() => {
  /* fire events that update state */
});
/* assert on the output */

This ensures that you're testing the behavior the user would see in the browser. Learn more at 
https://reactjs.org/link/wrap-tests-with-act
    at CheckoutFlow 
(C:/Users/Admin/Desktop/Talina/Servio.AI/src/components/CheckoutFlow.tsx:10:25)
    at Router (C:\Users\Admin\Desktop\Talina\Servio.AI\node_modules\react-router\dist\umd\react
-router.development.js:1207:17)
    at BrowserRouter (C:\Users\Admin\Desktop\Talina\Servio.AI\node_modules\react-router-dom\dis
t\umd\react-router-dom.development.js:695:7)

[90mstderr[2m | tests/CheckoutFlow.test.tsx[2m > [22m[2mCheckoutFlow[2m > 
[22m[2mProgress Bar[2m > [22m[2mdeve destacar step atual
[22m[39mWarning: An update to CheckoutFlow inside a test was not wrapped in act(...).

When testing, code that causes React state updates should be wrapped into act(...):

act(() => {
  /* fire events that update state */
});
/* assert on the output */

This ensures that you're testing the behavior the user would see in the browser. Learn more at 
https://reactjs.org/link/wrap-tests-with-act
    at CheckoutFlow 
(C:/Users/Admin/Desktop/Talina/Servio.AI/src/components/CheckoutFlow.tsx:10:25)
    at Router (C:\Users\Admin\Desktop\Talina\Servio.AI\node_modules\react-router\dist\umd\react
-router.development.js:1207:17)
    at BrowserRouter (C:\Users\Admin\Desktop\Talina\Servio.AI\node_modules\react-router-dom\dis
t\umd\react-router-dom.development.js:695:7)
Warning: An update to CheckoutFlow inside a test was not wrapped in act(...).

When testing, code that causes React state updates should be wrapped into act(...):

act(() => {
  /* fire events that update state */
});
/* assert on the output */

This ensures that you're testing the behavior the user would see in the browser. Learn more at 
https://reactjs.org/link/wrap-tests-with-act
    at CheckoutFlow 
(C:/Users/Admin/Desktop/Talina/Servio.AI/src/components/CheckoutFlow.tsx:10:25)
    at Router (C:\Users\Admin\Desktop\Talina\Servio.AI\node_modules\react-router\dist\umd\react
-router.development.js:1207:17)
    at BrowserRouter (C:\Users\Admin\Desktop\Talina\Servio.AI\node_modules\react-router-dom\dis
t\umd\react-router-dom.development.js:695:7)

 [32mΓ£ô[39m tests/CheckoutFlow.test.tsx [2m([22m[2m26 tests[22m[2m)[22m[33m 2118[2mms[22m[39m
[90mstdout[2m | tests/error-handling.test.ts[2m > [22m[2m[E2E-SMOKE] Error Handling API[2m > [22m[2m404 ΓåÆ retorna fallback ou lan├ºa ApiError E_NOT_FOUND (jobs)
[22m[39mXXX DEBUG: firebaseConfig loading
XXX DEBUG: import.meta.env.MODE: test

[90mstderr[2m | tests/error-handling.test.ts[2m > [22m[2m[E2E-SMOKE] Error Handling 
API[2m > [22m[2m404 ΓåÆ retorna fallback ou lan├ºa ApiError E_NOT_FOUND (jobs)
[22m[39m[firebase] Usando mocks porque a configura├º├úo est├í ausente ou desativada.

[90mstderr[2m | tests/error-handling.test.ts[2m > [22m[2m[E2E-SMOKE] Error Handling 
API[2m > [22m[2m404 ΓåÆ retorna fallback ou lan├ºa ApiError E_NOT_FOUND (jobs)
[22m[39m≡ƒÜ¿ [API v2] ERRO detectado em /jobs?status=ativo - ACIONANDO FALLBACK! Error: 
Recurso n├úo encontrado.
    at makeApiError (C:/Users/Admin/Desktop/Talina/Servio.AI/services/api.ts:88:15)
    at apiCall (C:/Users/Admin/Desktop/Talina/Servio.AI/services/api.ts:142:13)
[90m    at processTicksAndRejections (node:internal/process/task_queues:103:5)[39m
    at Module.fetchOpenJobs (C:/Users/Admin/Desktop/Talina/Servio.AI/services/api.ts:789:20)
    at C:/Users/Admin/Desktop/Talina/Servio.AI/tests/error-handling.test.ts:18:18
    at [90mfile:///C:/Users/Admin/Desktop/Talina/Servio.AI/[39mnode_modules/[4m@vitest/runne
r[24m/dist/index.js:915:20 {
  code: [32m'E_NOT_FOUND'[39m,
  status: [33m404[39m,
  details: { message: [32m'x'[39m }
}
[api] Backend unavailable for /jobs?status=ativo, triggering fallback Error: Recurso n├úo 
encontrado.
    at makeApiError (C:/Users/Admin/Desktop/Talina/Servio.AI/services/api.ts:88:15)
    at apiCall (C:/Users/Admin/Desktop/Talina/Servio.AI/services/api.ts:142:13)
[90m    at processTicksAndRejections (node:internal/process/task_queues:103:5)[39m
    at Module.fetchOpenJobs (C:/Users/Admin/Desktop/Talina/Servio.AI/services/api.ts:789:20)
    at C:/Users/Admin/Desktop/Talina/Servio.AI/tests/error-handling.test.ts:18:18
    at [90mfile:///C:/Users/Admin/Desktop/Talina/Servio.AI/[39mnode_modules/[4m@vitest/runne
r[24m/dist/index.js:915:20 {
  code: [32m'E_NOT_FOUND'[39m,
  status: [33m404[39m,
  details: { message: [32m'x'[39m }
}

[90mstderr[2m | tests/error-handling.test.ts[2m > [22m[2m[E2E-SMOKE] Error Handling 
API[2m > [22m[2m404 ΓåÆ retorna fallback ou lan├ºa ApiError E_NOT_FOUND (jobs)
[22m[39mFailed to fetch open jobs from backend, using mock data

[90mstderr[2m | tests/error-handling.test.ts[2m > [22m[2m[E2E-SMOKE] Error Handling 
API[2m > [22m[2m500 ΓåÆ usa fallback de propostas mock (n├úo lan├ºa)
[22m[39m≡ƒöº [API v3] Tentando: 
https://us-central1-servioai-staging.cloudfunctions.net/proposals

[90mstderr[2m | tests/error-handling.test.ts[2m > [22m[2m[E2E-SMOKE] Error Handling 
API[2m > [22m[2m500 ΓåÆ usa fallback de propostas mock (n├úo lan├ºa)
[22m[39m≡ƒÜ¿ [API v2] ERRO detectado em /proposals - ACIONANDO FALLBACK! Error: Erro interno 
do servidor. Tente mais tarde.
    at makeApiError (C:/Users/Admin/Desktop/Talina/Servio.AI/services/api.ts:88:15)
    at apiCall (C:/Users/Admin/Desktop/Talina/Servio.AI/services/api.ts:142:13)
[90m    at processTicksAndRejections (node:internal/process/task_queues:103:5)[39m
    at Module.fetchProposals (C:/Users/Admin/Desktop/Talina/Servio.AI/services/api.ts:897:12)
    at C:/Users/Admin/Desktop/Talina/Servio.AI/tests/error-handling.test.ts:24:23
    at [90mfile:///C:/Users/Admin/Desktop/Talina/Servio.AI/[39mnode_modules/[4m@vitest/runne
r[24m/dist/index.js:915:20 {
  code: [32m'E_SERVER'[39m,
  status: [33m500[39m,
  details: { message: [32m'x'[39m }
}
[api] Backend unavailable for /proposals, triggering fallback Error: Erro interno do servidor. 
Tente mais tarde.
    at makeApiError (C:/Users/Admin/Desktop/Talina/Servio.AI/services/api.ts:88:15)
    at apiCall (C:/Users/Admin/Desktop/Talina/Servio.AI/services/api.ts:142:13)
[90m    at processTicksAndRejections (node:internal/process/task_queues:103:5)[39m
    at Module.fetchProposals (C:/Users/Admin/Desktop/Talina/Servio.AI/services/api.ts:897:12)
    at C:/Users/Admin/Desktop/Talina/Servio.AI/tests/error-handling.test.ts:24:23
    at [90mfile:///C:/Users/Admin/Desktop/Talina/Servio.AI/[39mnode_modules/[4m@vitest/runne
r[24m/dist/index.js:915:20 {
  code: [32m'E_SERVER'[39m,
  status: [33m500[39m,
  details: { message: [32m'x'[39m }
}

[90mstderr[2m | tests/error-handling.test.ts[2m > [22m[2m[E2E-SMOKE] Error Handling 
API[2m > [22m[2m500 ΓåÆ usa fallback de propostas mock (n├úo lan├ºa)
[22m[39mFailed to fetch proposals, using mock data

[90mstderr[2m | tests/error-handling.test.ts[2m > [22m[2m[E2E-SMOKE] Error Handling 
API[2m > [22m[2mTimeout ΓåÆ retorna lista b├ísica de providers (fallback)
[22m[39m≡ƒöº [API v3] Tentando: 
https://us-central1-servioai-staging.cloudfunctions.net/api/match-providers

[90mstderr[2m | tests/error-handling.test.ts[2m > [22m[2m[E2E-SMOKE] Error Handling 
API[2m > [22m[2mTimeout ΓåÆ retorna lista b├ísica de providers (fallback)
[22m[39m≡ƒÜ¿ [API v2] ERRO detectado em /api/match-providers - ACIONANDO FALLBACK! Error 
[AbortError]: Aborted
    at C:/Users/Admin/Desktop/Talina/Servio.AI/tests/error-handling.test.ts:34:38
    at bound bound fetch [90m(file:///C:/Users/Admin/Desktop/Talina/Servio.AI/[39mnode_module
s/[4m@vitest/spy[24m/dist/index.js:285:34[90m)[39m
    at apiCall (C:/Users/Admin/Desktop/Talina/Servio.AI/services/api.ts:129:28)
[90m    at processTicksAndRejections (node:internal/process/task_queues:103:5)[39m
    at Module.matchProvidersForJob 
(C:/Users/Admin/Desktop/Talina/Servio.AI/services/api.ts:1201:12)
    at C:/Users/Admin/Desktop/Talina/Servio.AI/tests/error-handling.test.ts:52:23
    at [90mfile:///C:/Users/Admin/Desktop/Talina/Servio.AI/[39mnode_modules/[4m@vitest/runne
r[24m/dist/index.js:915:20
[api] Timeout on /api/match-providers Error: Tempo de resposta excedido. Tente novamente.
    at makeApiError (C:/Users/Admin/Desktop/Talina/Servio.AI/services/api.ts:88:15)
    at apiCall (C:/Users/Admin/Desktop/Talina/Servio.AI/services/api.ts:154:22)
[90m    at processTicksAndRejections (node:internal/process/task_queues:103:5)[39m
    at Module.matchProvidersForJob 
(C:/Users/Admin/Desktop/Talina/Servio.AI/services/api.ts:1201:12)
    at C:/Users/Admin/Desktop/Talina/Servio.AI/tests/error-handling.test.ts:52:23
    at [90mfile:///C:/Users/Admin/Desktop/Talina/Servio.AI/[39mnode_modules/[4m@vitest/runne
r[24m/dist/index.js:915:20 {
  code: [32m'E_TIMEOUT'[39m
}

[90mstderr[2m | tests/error-handling.test.ts[2m > [22m[2m[E2E-SMOKE] Error Handling 
API[2m > [22m[2mTimeout ΓåÆ retorna lista b├ísica de providers (fallback)
[22m[39mAI matching failed, using basic local matching
≡ƒöº [API v3] Tentando: https://us-central1-servioai-staging.cloudfunctions.net/users?type=pres
tador&verificationStatus=verificado

[90mstderr[2m | tests/error-handling.test.ts[2m > [22m[2m[E2E-SMOKE] Error Handling 
API[2m > [22m[2mNetwork failure ΓåÆ retorna lista mock de usu├írios
[22m[39m≡ƒöº [API v3] Tentando: https://us-central1-servioai-staging.cloudfunctions.net/users

[90mstderr[2m | tests/error-handling.test.ts[2m > [22m[2m[E2E-SMOKE] Error Handling 
API[2m > [22m[2mNetwork failure ΓåÆ retorna lista mock de usu├írios
[22m[39m≡ƒÜ¿ [API v2] ERRO detectado em /users - ACIONANDO FALLBACK! TypeError: Network down
    at C:/Users/Admin/Desktop/Talina/Servio.AI/tests/error-handling.test.ts:59:57
    at [90mfile:///C:/Users/Admin/Desktop/Talina/Servio.AI/[39mnode_modules/[4m@vitest/runne
r[24m/dist/index.js:145:11
    at [90mfile:///C:/Users/Admin/Desktop/Talina/Servio.AI/[39mnode_modules/[4m@vitest/runne
r[24m/dist/index.js:915:26
    at [90mfile:///C:/Users/Admin/Desktop/Talina/Servio.AI/[39mnode_modules/[4m@vitest/runne
r[24m/dist/index.js:1243:20
    at new Promise (<anonymous>)
    at runWithTimeout [90m(file:///C:/Users/Admin/Desktop/Talina/Servio.AI/[39mnode_modules/
[4m@vitest/runner[24m/dist/index.js:1209:10[90m)[39m
    at [90mfile:///C:/Users/Admin/Desktop/Talina/Servio.AI/[39mnode_modules/[4m@vitest/runne
r[24m/dist/index.js:1653:37
    at Traces.$ [90m(file:///C:/Users/Admin/Desktop/Talina/Servio.AI/[39mnode_modules/[4mvit
est[24m/dist/chunks/traces.U4xDYhzZ.js:115:27[90m)[39m
    at trace [90m(file:///C:/Users/Admin/Desktop/Talina/Servio.AI/[39mnode_modules/[4mvitest
[24m/dist/chunks/test.B8ej_ZHS.js:239:21[90m)[39m
    at runTest [90m(file:///C:/Users/Admin/Desktop/Talina/Servio.AI/[39mnode_modules/[4m@vit
est/runner[24m/dist/index.js:1653:12[90m)[39m
[api] Backend unavailable for /users, triggering fallback TypeError: Network down
    at C:/Users/Admin/Desktop/Talina/Servio.AI/tests/error-handling.test.ts:59:57
    at [90mfile:///C:/Users/Admin/Desktop/Talina/Servio.AI/[39mnode_modules/[4m@vitest/runne
r[24m/dist/index.js:145:11
    at [90mfile:///C:/Users/Admin/Desktop/Talina/Servio.AI/[39mnode_modules/[4m@vitest/runne
r[24m/dist/index.js:915:26
    at [90mfile:///C:/Users/Admin/Desktop/Talina/Servio.AI/[39mnode_modules/[4m@vitest/runne
r[24m/dist/index.js:1243:20
    at new Promise (<anonymous>)
    at runWithTimeout [90m(file:///C:/Users/Admin/Desktop/Talina/Servio.AI/[39mnode_modules/
[4m@vitest/runner[24m/dist/index.js:1209:10[90m)[39m
    at [90mfile:///C:/Users/Admin/Desktop/Talina/Servio.AI/[39mnode_modules/[4m@vitest/runne
r[24m/dist/index.js:1653:37
    at Traces.$ [90m(file:///C:/Users/Admin/Desktop/Talina/Servio.AI/[39mnode_modules/[4mvit
est[24m/dist/chunks/traces.U4xDYhzZ.js:115:27[90m)[39m
    at trace [90m(file:///C:/Users/Admin/Desktop/Talina/Servio.AI/[39mnode_modules/[4mvitest
[24m/dist/chunks/test.B8ej_ZHS.js:239:21[90m)[39m
    at runTest [90m(file:///C:/Users/Admin/Desktop/Talina/Servio.AI/[39mnode_modules/[4m@vit
est/runner[24m/dist/index.js:1653:12[90m)[39m

[90mstderr[2m | tests/error-handling.test.ts[2m > [22m[2m[E2E-SMOKE] Error Handling 
API[2m > [22m[2mNetwork failure ΓåÆ retorna lista mock de usu├írios
[22m[39mFailed to fetch users from backend, using mock data

[90mstderr[2m | tests/error-handling.test.ts[2m > [22m[2m[E2E-SMOKE] Error Handling 
API[2m > [22m[2mAuth 401 ΓåÆ retorna notifica├º├╡es mock (fallback)
[22m[39m≡ƒöº [API v3] Tentando: 
https://us-central1-servioai-staging.cloudfunctions.net/notifications?userId=user@test

[90mstderr[2m | tests/error-handling.test.ts[2m > [22m[2m[E2E-SMOKE] Error Handling 
API[2m > [22m[2mAuth 401 ΓåÆ retorna notifica├º├╡es mock (fallback)
[22m[39m≡ƒÜ¿ [API v2] ERRO detectado em /notifications?userId=user@test - ACIONANDO 
FALLBACK! Error: N├úo autorizado. Fa├ºa login novamente.
    at makeApiError (C:/Users/Admin/Desktop/Talina/Servio.AI/services/api.ts:88:15)
    at apiCall (C:/Users/Admin/Desktop/Talina/Servio.AI/services/api.ts:142:13)
[90m    at processTicksAndRejections (node:internal/process/task_queues:103:5)[39m
    at Module.fetchNotifications 
(C:/Users/Admin/Desktop/Talina/Servio.AI/services/api.ts:1058:12)
    at C:/Users/Admin/Desktop/Talina/Servio.AI/tests/error-handling.test.ts:67:27
    at [90mfile:///C:/Users/Admin/Desktop/Talina/Servio.AI/[39mnode_modules/[4m@vitest/runne
r[24m/dist/index.js:915:20 {
  code: [32m'E_AUTH'[39m,
  status: [33m401[39m,
  details: { message: [32m'x'[39m }
}
[api] Backend unavailable for /notifications?userId=user@test, triggering fallback Error: N├úo 
autorizado. Fa├ºa login novamente.
    at makeApiError (C:/Users/Admin/Desktop/Talina/Servio.AI/services/api.ts:88:15)
    at apiCall (C:/Users/Admin/Desktop/Talina/Servio.AI/services/api.ts:142:13)
[90m    at processTicksAndRejections (node:internal/process/task_queues:103:5)[39m
    at Module.fetchNotifications 
(C:/Users/Admin/Desktop/Talina/Servio.AI/services/api.ts:1058:12)
    at C:/Users/Admin/Desktop/Talina/Servio.AI/tests/error-handling.test.ts:67:27
    at [90mfile:///C:/Users/Admin/Desktop/Talina/Servio.AI/[39mnode_modules/[4m@vitest/runne
r[24m/dist/index.js:915:20 {
  code: [32m'E_AUTH'[39m,
  status: [33m401[39m,
  details: { message: [32m'x'[39m }
}

[90mstderr[2m | tests/error-handling.test.ts[2m > [22m[2m[E2E-SMOKE] Error Handling 
API[2m > [22m[2mAuth 401 ΓåÆ retorna notifica├º├╡es mock (fallback)
[22m[39mFailed to fetch notifications, using mock data

 [32mΓ£ô[39m tests/error-handling.test.ts [2m([22m[2m5 tests[22m[2m)[22m[33m 558[2mms[22m[39m
     [33m[2mΓ£ô[22m[39m 404 ΓåÆ retorna fallback ou lan├ºa ApiError E_NOT_FOUND (jobs) [33m 529[2mms[22m[39m
[90mstderr[2m | tests/hooks/useAIRecommendations.test.ts[2m > [22m[2museAIRecommendations 
Hook[2m > [22m[2mshould handle fetch error
[22m[39mError fetching AI recommendations: Error: Network error
    at C:/Users/Admin/Desktop/Talina/Servio.AI/tests/hooks/useAIRecommendations.test.ts:67:49
    at [90mfile:///C:/Users/Admin/Desktop/Talina/Servio.AI/[39mnode_modules/[4m@vitest/runne
r[24m/dist/index.js:145:11
    at [90mfile:///C:/Users/Admin/Desktop/Talina/Servio.AI/[39mnode_modules/[4m@vitest/runne
r[24m/dist/index.js:915:26
    at [90mfile:///C:/Users/Admin/Desktop/Talina/Servio.AI/[39mnode_modules/[4m@vitest/runne
r[24m/dist/index.js:1243:20
    at new Promise (<anonymous>)
    at runWithTimeout [90m(file:///C:/Users/Admin/Desktop/Talina/Servio.AI/[39mnode_modules/
[4m@vitest/runner[24m/dist/index.js:1209:10[90m)[39m
    at [90mfile:///C:/Users/Admin/Desktop/Talina/Servio.AI/[39mnode_modules/[4m@vitest/runne
r[24m/dist/index.js:1653:37
    at Traces.$ [90m(file:///C:/Users/Admin/Desktop/Talina/Servio.AI/[39mnode_modules/[4mvit
est[24m/dist/chunks/traces.U4xDYhzZ.js:115:27[90m)[39m
    at trace [90m(file:///C:/Users/Admin/Desktop/Talina/Servio.AI/[39mnode_modules/[4mvitest
[24m/dist/chunks/test.B8ej_ZHS.js:239:21[90m)[39m
    at runTest [90m(file:///C:/Users/Admin/Desktop/Talina/Servio.AI/[39mnode_modules/[4m@vit
est/runner[24m/dist/index.js:1653:12[90m)[39m

[90mstderr[2m | tests/hooks/useAIRecommendations.test.ts[2m > [22m[2museAIRecommendations 
Hook[2m > [22m[2mshould handle 404 response
[22m[39mError fetching AI recommendations: Error: Failed to fetch recommendations: Not Found
    at C:/Users/Admin/Desktop/Talina/Servio.AI/src/hooks/useAIRecommendations.ts:81:15

[90mstderr[2m | tests/hooks/useAIRecommendations.test.ts[2m > [22m[2museAIRecommendations 
Hook[2m > [22m[2mshould allow manual refetch
[22m[39mWarning: An update to TestComponent inside a test was not wrapped in act(...).

When testing, code that causes React state updates should be wrapped into act(...):

act(() => {
  /* fire events that update state */
});
/* assert on the output */

This ensures that you're testing the behavior the user would see in the browser. Learn more at 
https://reactjs.org/link/wrap-tests-with-act
    at TestComponent (C:\Users\Admin\Desktop\Talina\Servio.AI\node_modules\@testing-library\rea
ct\dist\pure.js:328:5)
Warning: An update to TestComponent inside a test was not wrapped in act(...).

When testing, code that causes React state updates should be wrapped into act(...):

act(() => {
  /* fire events that update state */
});
/* assert on the output */

This ensures that you're testing the behavior the user would see in the browser. Learn more at 
https://reactjs.org/link/wrap-tests-with-act
    at TestComponent (C:\Users\Admin\Desktop\Talina\Servio.AI\node_modules\@testing-library\rea
ct\dist\pure.js:328:5)

[90mstderr[2m | tests/api.more.test.ts
[22m[39mΓòÉΓòÉΓòÉΓòÉΓòÉΓòÉΓòÉΓòÉΓòÉΓòÉΓòÉΓòÉΓòÉΓòÉΓòÉΓòÉΓòÉΓòÉΓòÉΓòÉΓòÉΓòÉΓòÉΓòÉΓòÉΓòÉΓòÉΓòÉΓ
òÉΓòÉΓòÉΓòÉΓòÉΓòÉΓòÉΓòÉΓòÉΓòÉΓòÉΓòÉΓòÉΓòÉΓòÉΓòÉΓòÉΓòÉΓòÉΓòÉΓòÉΓòÉΓòÉΓòÉΓòÉΓòÉΓòÉ
≡ƒöº API SERVICE INICIADO - VERS├âO 2026-01-09
ΓòÉΓòÉΓòÉΓòÉΓòÉΓòÉΓòÉΓòÉΓòÉΓòÉΓòÉΓòÉΓòÉΓòÉΓòÉΓòÉΓòÉΓòÉΓòÉΓòÉΓòÉΓòÉΓòÉΓòÉΓòÉΓòÉΓòÉΓòÉΓòÉΓòÉΓòÉΓò
ÉΓòÉΓòÉΓòÉΓòÉΓòÉΓòÉΓòÉΓòÉΓòÉΓòÉΓòÉΓòÉΓòÉΓòÉΓòÉΓòÉΓòÉΓòÉΓòÉΓòÉΓòÉΓòÉΓòÉ
≡ƒôï STAGING_MODE: true
≡ƒôï Project ID: servioai-staging
≡ƒôï Backend URL: https://us-central1-servioai-staging.cloudfunctions.net
≡ƒôï Use Mock: false
ΓòÉΓòÉΓòÉΓòÉΓòÉΓòÉΓòÉΓòÉΓòÉΓòÉΓòÉΓòÉΓòÉΓòÉΓòÉΓòÉΓòÉΓòÉΓòÉΓòÉΓòÉΓòÉΓòÉΓòÉΓòÉΓòÉΓòÉΓòÉΓòÉΓòÉΓòÉΓò
ÉΓòÉΓòÉΓòÉΓòÉΓòÉΓòÉΓòÉΓòÉΓòÉΓòÉΓòÉΓòÉΓòÉΓòÉΓòÉΓòÉΓòÉΓòÉΓòÉΓòÉΓòÉΓòÉΓòÉ
Γ£à STAGING MODE ATIVO - Backend DESABILITADO!
Γ£à Todas as opera├º├╡es de usu├írio usam Firestore direto!

[90mstderr[2m | tests/api.more.test.ts[2m > [22m[2mAPI Service ΓÇô additional 
coverage[2m > [22m[2mfetchOpenJobs[2m > [22m[2mcombina resultados de jobs ativos e em 
leil├úo do backend
[22m[39m≡ƒöº [API v3] Tentando: 
https://us-central1-servioai-staging.cloudfunctions.net/jobs?status=ativo

 [32mΓ£ô[39m tests/lib/firebaseLazy.integration.test.ts [2m([22m[2m29 tests[22m[2m)[22m[33m 513[2mms[22m[39m
       [33m[2mΓ£ô[22m[39m initFirebase should return object with auth and db properties [33m 419[2mms[22m[39m
 [32mΓ£ô[39m tests/AuthModal.test.tsx [2m([22m[2m9 tests[22m[2m)[22m[33m 535[2mms[22m[39m
 [32mΓ£ô[39m tests/hooks/useAIRecommendations.test.ts [2m([22m[2m13 tests[22m[2m)[22m[33m 735[2mms[22m[39m
[90mstdout[2m | tests/api.more.test.ts[2m > [22m[2mAPI Service ΓÇô additional coverage[2m > [22m[2mfetchOpenJobs[2m > [22m[2mcombina resultados de jobs ativos e em leil├úo do backend
[22m[39mXXX DEBUG: firebaseConfig loading
XXX DEBUG: import.meta.env.MODE: test

[90mstderr[2m | tests/api.more.test.ts[2m > [22m[2mAPI Service ΓÇô additional 
coverage[2m > [22m[2mfetchOpenJobs[2m > [22m[2mcombina resultados de jobs ativos e em 
leil├úo do backend
[22m[39m[firebase] Usando mocks porque a configura├º├úo est├í ausente ou desativada.

[90mstderr[2m | tests/api.more.test.ts[2m > [22m[2mAPI Service ΓÇô additional 
coverage[2m > [22m[2mfetchOpenJobs[2m > [22m[2mcombina resultados de jobs ativos e em 
leil├úo do backend
[22m[39m≡ƒöº [API v3] Tentando: 
https://us-central1-servioai-staging.cloudfunctions.net/jobs?status=em_leilao

[90mstderr[2m | tests/api.more.test.ts[2m > [22m[2mAPI Service ΓÇô additional 
coverage[2m > [22m[2mfetchOpenJobs[2m > [22m[2mfaz fallback para MOCK_JOBS quando o 
backend falha
[22m[39m≡ƒöº [API v3] Tentando: 
https://us-central1-servioai-staging.cloudfunctions.net/jobs?status=ativo

[90mstderr[2m | tests/api.more.test.ts[2m > [22m[2mAPI Service ΓÇô additional 
coverage[2m > [22m[2mfetchOpenJobs[2m > [22m[2mfaz fallback para MOCK_JOBS quando o 
backend falha
[22m[39m≡ƒÜ¿ [API v2] ERRO detectado em /jobs?status=ativo - ACIONANDO FALLBACK! Error: 
Network down
    at C:/Users/Admin/Desktop/Talina/Servio.AI/tests/api.more.test.ts:39:55
    at [90mfile:///C:/Users/Admin/Desktop/Talina/Servio.AI/[39mnode_modules/[4m@vitest/runne
r[24m/dist/index.js:145:11
    at [90mfile:///C:/Users/Admin/Desktop/Talina/Servio.AI/[39mnode_modules/[4m@vitest/runne
r[24m/dist/index.js:915:26
    at [90mfile:///C:/Users/Admin/Desktop/Talina/Servio.AI/[39mnode_modules/[4m@vitest/runne
r[24m/dist/index.js:1243:20
    at new Promise (<anonymous>)
    at runWithTimeout [90m(file:///C:/Users/Admin/Desktop/Talina/Servio.AI/[39mnode_modules/
[4m@vitest/runner[24m/dist/index.js:1209:10[90m)[39m
    at [90mfile:///C:/Users/Admin/Desktop/Talina/Servio.AI/[39mnode_modules/[4m@vitest/runne
r[24m/dist/index.js:1653:37
    at Traces.$ [90m(file:///C:/Users/Admin/Desktop/Talina/Servio.AI/[39mnode_modules/[4mvit
est[24m/dist/chunks/traces.U4xDYhzZ.js:115:27[90m)[39m
    at trace [90m(file:///C:/Users/Admin/Desktop/Talina/Servio.AI/[39mnode_modules/[4mvitest
[24m/dist/chunks/test.B8ej_ZHS.js:239:21[90m)[39m
    at runTest [90m(file:///C:/Users/Admin/Desktop/Talina/Servio.AI/[39mnode_modules/[4m@vit
est/runner[24m/dist/index.js:1653:12[90m)[39m
[api] Backend unavailable for /jobs?status=ativo, triggering fallback Error: Network down
    at C:/Users/Admin/Desktop/Talina/Servio.AI/tests/api.more.test.ts:39:55
    at [90mfile:///C:/Users/Admin/Desktop/Talina/Servio.AI/[39mnode_modules/[4m@vitest/runne
r[24m/dist/index.js:145:11
    at [90mfile:///C:/Users/Admin/Desktop/Talina/Servio.AI/[39mnode_modules/[4m@vitest/runne
r[24m/dist/index.js:915:26
    at [90mfile:///C:/Users/Admin/Desktop/Talina/Servio.AI/[39mnode_modules/[4m@vitest/runne
r[24m/dist/index.js:1243:20
    at new Promise (<anonymous>)
    at runWithTimeout [90m(file:///C:/Users/Admin/Desktop/Talina/Servio.AI/[39mnode_modules/
[4m@vitest/runner[24m/dist/index.js:1209:10[90m)[39m
    at [90mfile:///C:/Users/Admin/Desktop/Talina/Servio.AI/[39mnode_modules/[4m@vitest/runne
r[24m/dist/index.js:1653:37
    at Traces.$ [90m(file:///C:/Users/Admin/Desktop/Talina/Servio.AI/[39mnode_modules/[4mvit
est[24m/dist/chunks/traces.U4xDYhzZ.js:115:27[90m)[39m
    at trace [90m(file:///C:/Users/Admin/Desktop/Talina/Servio.AI/[39mnode_modules/[4mvitest
[24m/dist/chunks/test.B8ej_ZHS.js:239:21[90m)[39m
    at runTest [90m(file:///C:/Users/Admin/Desktop/Talina/Servio.AI/[39mnode_modules/[4m@vit
est/runner[24m/dist/index.js:1653:12[90m)[39m

[90mstderr[2m | tests/api.more.test.ts[2m > [22m[2mAPI Service ΓÇô additional 
coverage[2m > [22m[2mfetchOpenJobs[2m > [22m[2mfaz fallback para MOCK_JOBS quando o 
backend falha
[22m[39mFailed to fetch open jobs from backend, using mock data

[90mstderr[2m | tests/api.more.test.ts[2m > [22m[2mAPI Service ΓÇô additional 
coverage[2m > [22m[2mMaintained Items[2m > [22m[2mbusca itens mantidos para um cliente 
(sucesso)
[22m[39m≡ƒöº [API v3] Tentando: https://us-central1-servioai-staging.cloudfunctions.net/maint
ained-items?clientId=cliente@servio.ai

[90mstderr[2m | tests/api.more.test.ts[2m > [22m[2mAPI Service ΓÇô additional 
coverage[2m > [22m[2mMaintained Items[2m > [22m[2mfaz fallback para itens do mock quando 
o backend falha
[22m[39m≡ƒöº [API v3] Tentando: https://us-central1-servioai-staging.cloudfunctions.net/maint
ained-items?clientId=cliente@servio.ai

[90mstderr[2m | tests/api.more.test.ts[2m > [22m[2mAPI Service ΓÇô additional 
coverage[2m > [22m[2mMaintained Items[2m > [22m[2mfaz fallback para itens do mock quando 
o backend falha
[22m[39m≡ƒÜ¿ [API v2] ERRO detectado em /maintained-items?clientId=cliente@servio.ai - 
ACIONANDO FALLBACK! Error: timeout
    at C:/Users/Admin/Desktop/Talina/Servio.AI/tests/api.more.test.ts:65:55
    at [90mfile:///C:/Users/Admin/Desktop/Talina/Servio.AI/[39mnode_modules/[4m@vitest/runne
r[24m/dist/index.js:145:11
    at [90mfile:///C:/Users/Admin/Desktop/Talina/Servio.AI/[39mnode_modules/[4m@vitest/runne
r[24m/dist/index.js:915:26
    at [90mfile:///C:/Users/Admin/Desktop/Talina/Servio.AI/[39mnode_modules/[4m@vitest/runne
r[24m/dist/index.js:1243:20
    at new Promise (<anonymous>)
    at runWithTimeout [90m(file:///C:/Users/Admin/Desktop/Talina/Servio.AI/[39mnode_modules/
[4m@vitest/runner[24m/dist/index.js:1209:10[90m)[39m
    at [90mfile:///C:/Users/Admin/Desktop/Talina/Servio.AI/[39mnode_modules/[4m@vitest/runne
r[24m/dist/index.js:1653:37
    at Traces.$ [90m(file:///C:/Users/Admin/Desktop/Talina/Servio.AI/[39mnode_modules/[4mvit
est[24m/dist/chunks/traces.U4xDYhzZ.js:115:27[90m)[39m
    at trace [90m(file:///C:/Users/Admin/Desktop/Talina/Servio.AI/[39mnode_modules/[4mvitest
[24m/dist/chunks/test.B8ej_ZHS.js:239:21[90m)[39m
    at runTest [90m(file:///C:/Users/Admin/Desktop/Talina/Servio.AI/[39mnode_modules/[4m@vit
est/runner[24m/dist/index.js:1653:12[90m)[39m
[api] Backend unavailable for /maintained-items?clientId=cliente@servio.ai, triggering 
fallback Error: timeout
    at C:/Users/Admin/Desktop/Talina/Servio.AI/tests/api.more.test.ts:65:55
    at [90mfile:///C:/Users/Admin/Desktop/Talina/Servio.AI/[39mnode_modules/[4m@vitest/runne
r[24m/dist/index.js:145:11
    at [90mfile:///C:/Users/Admin/Desktop/Talina/Servio.AI/[39mnode_modules/[4m@vitest/runne
r[24m/dist/index.js:915:26
    at [90mfile:///C:/Users/Admin/Desktop/Talina/Servio.AI/[39mnode_modules/[4m@vitest/runne
r[24m/dist/index.js:1243:20
    at new Promise (<anonymous>)
    at runWithTimeout [90m(file:///C:/Users/Admin/Desktop/Talina/Servio.AI/[39mnode_modules/
[4m@vitest/runner[24m/dist/index.js:1209:10[90m)[39m
    at [90mfile:///C:/Users/Admin/Desktop/Talina/Servio.AI/[39mnode_modules/[4m@vitest/runne
r[24m/dist/index.js:1653:37
    at Traces.$ [90m(file:///C:/Users/Admin/Desktop/Talina/Servio.AI/[39mnode_modules/[4mvit
est[24m/dist/chunks/traces.U4xDYhzZ.js:115:27[90m)[39m
    at trace [90m(file:///C:/Users/Admin/Desktop/Talina/Servio.AI/[39mnode_modules/[4mvitest
[24m/dist/chunks/test.B8ej_ZHS.js:239:21[90m)[39m
    at runTest [90m(file:///C:/Users/Admin/Desktop/Talina/Servio.AI/[39mnode_modules/[4m@vit
est/runner[24m/dist/index.js:1653:12[90m)[39m

[90mstderr[2m | tests/api.more.test.ts[2m > [22m[2mAPI Service ΓÇô additional 
coverage[2m > [22m[2mMaintained Items[2m > [22m[2mfaz fallback para itens do mock quando 
o backend falha
[22m[39mFailed to fetch maintained items, using mock data

[90mstderr[2m | tests/api.more.test.ts[2m > [22m[2mAPI Service ΓÇô additional 
coverage[2m > [22m[2mMaintained Items[2m > [22m[2mcria novo item mantido (sucesso)
[22m[39m≡ƒöº [API v3] Tentando: 
https://us-central1-servioai-staging.cloudfunctions.net/maintained-items

[90mstderr[2m | tests/api.more.test.ts[2m > [22m[2mAPI Service ΓÇô additional 
coverage[2m > [22m[2mBids[2m > [22m[2mlista bids (sucesso)
[22m[39m≡ƒöº [API v3] Tentando: https://us-central1-servioai-staging.cloudfunctions.net/bids

[90mstderr[2m | tests/api.more.test.ts[2m > [22m[2mAPI Service ΓÇô additional 
coverage[2m > [22m[2mBids[2m > [22m[2mfaz fallback para MOCK_BIDS quando falha
[22m[39m≡ƒöº [API v3] Tentando: https://us-central1-servioai-staging.cloudfunctions.net/bids

[90mstderr[2m | tests/api.more.test.ts[2m > [22m[2mAPI Service ΓÇô additional 
coverage[2m > [22m[2mBids[2m > [22m[2mfaz fallback para MOCK_BIDS quando falha
[22m[39m≡ƒÜ¿ [API v2] ERRO detectado em /bids - ACIONANDO FALLBACK! Error: offline
    at C:/Users/Admin/Desktop/Talina/Servio.AI/tests/api.more.test.ts:116:55
    at [90mfile:///C:/Users/Admin/Desktop/Talina/Servio.AI/[39mnode_modules/[4m@vitest/runne
r[24m/dist/index.js:145:11
    at [90mfile:///C:/Users/Admin/Desktop/Talina/Servio.AI/[39mnode_modules/[4m@vitest/runne
r[24m/dist/index.js:915:26
    at [90mfile:///C:/Users/Admin/Desktop/Talina/Servio.AI/[39mnode_modules/[4m@vitest/runne
r[24m/dist/index.js:1243:20
    at new Promise (<anonymous>)
    at runWithTimeout [90m(file:///C:/Users/Admin/Desktop/Talina/Servio.AI/[39mnode_modules/
[4m@vitest/runner[24m/dist/index.js:1209:10[90m)[39m
    at [90mfile:///C:/Users/Admin/Desktop/Talina/Servio.AI/[39mnode_modules/[4m@vitest/runne
r[24m/dist/index.js:1653:37
    at Traces.$ [90m(file:///C:/Users/Admin/Desktop/Talina/Servio.AI/[39mnode_modules/[4mvit
est[24m/dist/chunks/traces.U4xDYhzZ.js:115:27[90m)[39m
    at trace [90m(file:///C:/Users/Admin/Desktop/Talina/Servio.AI/[39mnode_modules/[4mvitest
[24m/dist/chunks/test.B8ej_ZHS.js:239:21[90m)[39m
    at runTest [90m(file:///C:/Users/Admin/Desktop/Talina/Servio.AI/[39mnode_modules/[4m@vit
est/runner[24m/dist/index.js:1653:12[90m)[39m
[api] Backend unavailable for /bids, triggering fallback Error: offline
    at C:/Users/Admin/Desktop/Talina/Servio.AI/tests/api.more.test.ts:116:55
    at [90mfile:///C:/Users/Admin/Desktop/Talina/Servio.AI/[39mnode_modules/[4m@vitest/runne
r[24m/dist/index.js:145:11
    at [90mfile:///C:/Users/Admin/Desktop/Talina/Servio.AI/[39mnode_modules/[4m@vitest/runne
r[24m/dist/index.js:915:26
    at [90mfile:///C:/Users/Admin/Desktop/Talina/Servio.AI/[39mnode_modules/[4m@vitest/runne
r[24m/dist/index.js:1243:20
    at new Promise (<anonymous>)
    at runWithTimeout [90m(file:///C:/Users/Admin/Desktop/Talina/Servio.AI/[39mnode_modules/
[4m@vitest/runner[24m/dist/index.js:1209:10[90m)[39m
    at [90mfile:///C:/Users/Admin/Desktop/Talina/Servio.AI/[39mnode_modules/[4m@vitest/runne
r[24m/dist/index.js:1653:37
    at Traces.$ [90m(file:///C:/Users/Admin/Desktop/Talina/Servio.AI/[39mnode_modules/[4mvit
est[24m/dist/chunks/traces.U4xDYhzZ.js:115:27[90m)[39m
    at trace [90m(file:///C:/Users/Admin/Desktop/Talina/Servio.AI/[39mnode_modules/[4mvitest
[24m/dist/chunks/test.B8ej_ZHS.js:239:21[90m)[39m
    at runTest [90m(file:///C:/Users/Admin/Desktop/Talina/Servio.AI/[39mnode_modules/[4m@vit
est/runner[24m/dist/index.js:1653:12[90m)[39m

[90mstderr[2m | tests/api.more.test.ts[2m > [22m[2mAPI Service ΓÇô additional 
coverage[2m > [22m[2mBids[2m > [22m[2mfaz fallback para MOCK_BIDS quando falha
[22m[39mFailed to fetch bids, using mock data

[90mstderr[2m | tests/api.more.test.ts[2m > [22m[2mAPI Service ΓÇô additional 
coverage[2m > [22m[2mBids[2m > [22m[2mfiltra bids por provider no fallback
[22m[39m≡ƒöº [API v3] Tentando: https://us-central1-servioai-staging.cloudfunctions.net/bids?
providerId=fernanda.design@email.com

[90mstderr[2m | tests/api.more.test.ts[2m > [22m[2mAPI Service ΓÇô additional 
coverage[2m > [22m[2mBids[2m > [22m[2mfiltra bids por provider no fallback
[22m[39m≡ƒÜ¿ [API v2] ERRO detectado em /bids?providerId=fernanda.design@email.com - 
ACIONANDO FALLBACK! Error: nope
    at C:/Users/Admin/Desktop/Talina/Servio.AI/tests/api.more.test.ts:124:55
    at [90mfile:///C:/Users/Admin/Desktop/Talina/Servio.AI/[39mnode_modules/[4m@vitest/runne
r[24m/dist/index.js:145:11
    at [90mfile:///C:/Users/Admin/Desktop/Talina/Servio.AI/[39mnode_modules/[4m@vitest/runne
r[24m/dist/index.js:915:26
    at [90mfile:///C:/Users/Admin/Desktop/Talina/Servio.AI/[39mnode_modules/[4m@vitest/runne
r[24m/dist/index.js:1243:20
    at new Promise (<anonymous>)
    at runWithTimeout [90m(file:///C:/Users/Admin/Desktop/Talina/Servio.AI/[39mnode_modules/
[4m@vitest/runner[24m/dist/index.js:1209:10[90m)[39m
    at [90mfile:///C:/Users/Admin/Desktop/Talina/Servio.AI/[39mnode_modules/[4m@vitest/runne
r[24m/dist/index.js:1653:37
    at Traces.$ [90m(file:///C:/Users/Admin/Desktop/Talina/Servio.AI/[39mnode_modules/[4mvit
est[24m/dist/chunks/traces.U4xDYhzZ.js:115:27[90m)[39m
    at trace [90m(file:///C:/Users/Admin/Desktop/Talina/Servio.AI/[39mnode_modules/[4mvitest
[24m/dist/chunks/test.B8ej_ZHS.js:239:21[90m)[39m
    at runTest [90m(file:///C:/Users/Admin/Desktop/Talina/Servio.AI/[39mnode_modules/[4m@vit
est/runner[24m/dist/index.js:1653:12[90m)[39m
[api] Backend unavailable for /bids?providerId=fernanda.design@email.com, triggering fallback 
Error: nope
    at C:/Users/Admin/Desktop/Talina/Servio.AI/tests/api.more.test.ts:124:55
    at [90mfile:///C:/Users/Admin/Desktop/Talina/Servio.AI/[39mnode_modules/[4m@vitest/runne
r[24m/dist/index.js:145:11
    at [90mfile:///C:/Users/Admin/Desktop/Talina/Servio.AI/[39mnode_modules/[4m@vitest/runne
r[24m/dist/index.js:915:26
    at [90mfile:///C:/Users/Admin/Desktop/Talina/Servio.AI/[39mnode_modules/[4m@vitest/runne
r[24m/dist/index.js:1243:20
    at new Promise (<anonymous>)
    at runWithTimeout [90m(file:///C:/Users/Admin/Desktop/Talina/Servio.AI/[39mnode_modules/
[4m@vitest/runner[24m/dist/index.js:1209:10[90m)[39m
    at [90mfile:///C:/Users/Admin/Desktop/Talina/Servio.AI/[39mnode_modules/[4m@vitest/runne
r[24m/dist/index.js:1653:37
    at Traces.$ [90m(file:///C:/Users/Admin/Desktop/Talina/Servio.AI/[39mnode_modules/[4mvit
est[24m/dist/chunks/traces.U4xDYhzZ.js:115:27[90m)[39m
    at trace [90m(file:///C:/Users/Admin/Desktop/Talina/Servio.AI/[39mnode_modules/[4mvitest
[24m/dist/chunks/test.B8ej_ZHS.js:239:21[90m)[39m
    at runTest [90m(file:///C:/Users/Admin/Desktop/Talina/Servio.AI/[39mnode_modules/[4m@vit
est/runner[24m/dist/index.js:1653:12[90m)[39m

[90mstderr[2m | tests/api.more.test.ts[2m > [22m[2mAPI Service ΓÇô additional 
coverage[2m > [22m[2mBids[2m > [22m[2mfiltra bids por provider no fallback
[22m[39mFailed to fetch bids for provider fernanda.design@email.com from backend, using mock 
data

[90mstderr[2m | tests/api.more.test.ts[2m > [22m[2mAPI Service ΓÇô additional 
coverage[2m > [22m[2mfetchFraudAlerts (alias)[2m > [22m[2mretorna o mesmo resultado de 
fetchSentimentAlerts
[22m[39m≡ƒöº [API v3] Tentando: 
https://us-central1-servioai-staging.cloudfunctions.net/sentiment-alerts
≡ƒöº [API v3] Tentando: 
https://us-central1-servioai-staging.cloudfunctions.net/sentiment-alerts

 [32mΓ£ô[39m tests/api.more.test.ts [2m([22m[2m9 tests[22m[2m)[22m[33m 593[2mms[22m[39m
       [33m[2mΓ£ô[22m[39m combina resultados de jobs ativos e em leil├úo do backend [33m 548[2mms[22m[39m
 [32mΓ£ô[39m tests/AIJobRequestWizard.test.tsx [2m([22m[2m13 tests[22m[2m)[22m[33m 703[2mms[22m[39m
[90mstderr[2m | tests/api.errorHandling.test.ts
[22m[39mΓòÉΓòÉΓòÉΓòÉΓòÉΓòÉΓòÉΓòÉΓòÉΓòÉΓòÉΓòÉΓòÉΓòÉΓòÉΓòÉΓòÉΓòÉΓòÉΓòÉΓòÉΓòÉΓòÉΓòÉΓòÉΓòÉΓòÉΓòÉΓ
òÉΓòÉΓòÉΓòÉΓòÉΓòÉΓòÉΓòÉΓòÉΓòÉΓòÉΓòÉΓòÉΓòÉΓòÉΓòÉΓòÉΓòÉΓòÉΓòÉΓòÉΓòÉΓòÉΓòÉΓòÉΓòÉΓòÉ
≡ƒöº API SERVICE INICIADO - VERS├âO 2026-01-09
ΓòÉΓòÉΓòÉΓòÉΓòÉΓòÉΓòÉΓòÉΓòÉΓòÉΓòÉΓòÉΓòÉΓòÉΓòÉΓòÉΓòÉΓòÉΓòÉΓòÉΓòÉΓòÉΓòÉΓòÉΓòÉΓòÉΓòÉΓòÉΓòÉΓòÉΓòÉΓò
ÉΓòÉΓòÉΓòÉΓòÉΓòÉΓòÉΓòÉΓòÉΓòÉΓòÉΓòÉΓòÉΓòÉΓòÉΓòÉΓòÉΓòÉΓòÉΓòÉΓòÉΓòÉΓòÉΓòÉ
≡ƒôï STAGING_MODE: true
≡ƒôï Project ID: servioai-staging
≡ƒôï Backend URL: https://us-central1-servioai-staging.cloudfunctions.net
≡ƒôï Use Mock: false
ΓòÉΓòÉΓòÉΓòÉΓòÉΓòÉΓòÉΓòÉΓòÉΓòÉΓòÉΓòÉΓòÉΓòÉΓòÉΓòÉΓòÉΓòÉΓòÉΓòÉΓòÉΓòÉΓòÉΓòÉΓòÉΓòÉΓòÉΓòÉΓòÉΓòÉΓòÉΓò
ÉΓòÉΓòÉΓòÉΓòÉΓòÉΓòÉΓòÉΓòÉΓòÉΓòÉΓòÉΓòÉΓòÉΓòÉΓòÉΓòÉΓòÉΓòÉΓòÉΓòÉΓòÉΓòÉΓòÉ
Γ£à STAGING MODE ATIVO - Backend DESABILITADO!
Γ£à Todas as opera├º├╡es de usu├írio usam Firestore direto!

[90mstderr[2m | tests/api.errorHandling.test.ts[2m > [22m[2mapiCall - Error Handling[2m 
> [22m[2mE_TIMEOUT - AbortController[2m > [22m[2mdeve lan├ºar E_TIMEOUT quando AbortError 
ocorre
[22m[39m≡ƒöº [API v3] Tentando: 
https://us-central1-servioai-staging.cloudfunctions.net/api/stripe/create-connect-account

[90mstderr[2m | tests/components/ProspectorMaterials.test.tsx[2m > 
[22m[2mProspectorMaterials[2m > [22m[2mtemplate copying[2m > [22m[2mcopies template 
content to clipboard
[22m[39mWarning: An update to ProspectorMaterials inside a test was not wrapped in act(...).

When testing, code that causes React state updates should be wrapped into act(...):

act(() => {
  /* fire events that update state */
});
/* assert on the output */

This ensures that you're testing the behavior the user would see in the browser. Learn more at 
https://reactjs.org/link/wrap-tests-with-act
    at ProspectorMaterials 
(C:/Users/Admin/Desktop/Talina/Servio.AI/src/components/ProspectorMaterials.tsx:129:85)

[90mstderr[2m | tests/api.proposals.test.ts
[22m[39mΓòÉΓòÉΓòÉΓòÉΓòÉΓòÉΓòÉΓòÉΓòÉΓòÉΓòÉΓòÉΓòÉΓòÉΓòÉΓòÉΓòÉΓòÉΓòÉΓòÉΓòÉΓòÉΓòÉΓòÉΓòÉΓòÉΓòÉΓòÉΓ
òÉΓòÉΓòÉΓòÉΓòÉΓòÉΓòÉΓòÉΓòÉΓòÉΓòÉΓòÉΓòÉΓòÉΓòÉΓòÉΓòÉΓòÉΓòÉΓòÉΓòÉΓòÉΓòÉΓòÉΓòÉΓòÉΓòÉ
≡ƒöº API SERVICE INICIADO - VERS├âO 2026-01-09
ΓòÉΓòÉΓòÉΓòÉΓòÉΓòÉΓòÉΓòÉΓòÉΓòÉΓòÉΓòÉΓòÉΓòÉΓòÉΓòÉΓòÉΓòÉΓòÉΓòÉΓòÉΓòÉΓòÉΓòÉΓòÉΓòÉΓòÉΓòÉΓòÉΓòÉΓòÉΓò
ÉΓòÉΓòÉΓòÉΓòÉΓòÉΓòÉΓòÉΓòÉΓòÉΓòÉΓòÉΓòÉΓòÉΓòÉΓòÉΓòÉΓòÉΓòÉΓòÉΓòÉΓòÉΓòÉΓòÉ
≡ƒôï STAGING_MODE: true
≡ƒôï Project ID: servioai-staging
≡ƒôï Backend URL: https://us-central1-servioai-staging.cloudfunctions.net
≡ƒôï Use Mock: false
ΓòÉΓòÉΓòÉΓòÉΓòÉΓòÉΓòÉΓòÉΓòÉΓòÉΓòÉΓòÉΓòÉΓòÉΓòÉΓòÉΓòÉΓòÉΓòÉΓòÉΓòÉΓòÉΓòÉΓòÉΓòÉΓòÉΓòÉΓòÉΓòÉΓòÉΓòÉΓò
ÉΓòÉΓòÉΓòÉΓòÉΓòÉΓòÉΓòÉΓòÉΓòÉΓòÉΓòÉΓòÉΓòÉΓòÉΓòÉΓòÉΓòÉΓòÉΓòÉΓòÉΓòÉΓòÉΓòÉ
Γ£à STAGING MODE ATIVO - Backend DESABILITADO!
Γ£à Todas as opera├º├╡es de usu├írio usam Firestore direto!

[90mstderr[2m | tests/api.proposals.test.ts[2m > [22m[2mProposal Management[2m > 
[22m[2mcreateProposal[2m > [22m[2mcria proposta com sucesso quando backend responde
[22m[39m≡ƒöº [API v3] Tentando: 
https://us-central1-servioai-staging.cloudfunctions.net/proposals

[90mstdout[2m | tests/api.errorHandling.test.ts[2m > [22m[2mapiCall - Error Handling[2m > [22m[2mE_TIMEOUT - AbortController[2m > [22m[2mdeve lan├ºar E_TIMEOUT quando AbortError ocorre
[22m[39mXXX DEBUG: firebaseConfig loading
XXX DEBUG: import.meta.env.MODE: test

[90mstderr[2m | tests/api.errorHandling.test.ts[2m > [22m[2mapiCall - Error Handling[2m 
> [22m[2mE_TIMEOUT - AbortController[2m > [22m[2mdeve lan├ºar E_TIMEOUT quando AbortError 
ocorre
[22m[39m[firebase] Usando mocks porque a configura├º├úo est├í ausente ou desativada.

[90mstderr[2m | tests/api.errorHandling.test.ts[2m > [22m[2mapiCall - Error Handling[2m 
> [22m[2mE_TIMEOUT - AbortController[2m > [22m[2mdeve lan├ºar E_TIMEOUT quando AbortError 
ocorre
[22m[39m≡ƒÜ¿ [API v2] ERRO detectado em /api/stripe/create-connect-account - ACIONANDO 
FALLBACK! Error [AbortError]: The operation was aborted
    at C:/Users/Admin/Desktop/Talina/Servio.AI/tests/api.errorHandling.test.ts:32:26
    at [90mfile:///C:/Users/Admin/Desktop/Talina/Servio.AI/[39mnode_modules/[4m@vitest/runne
r[24m/dist/index.js:145:11
    at [90mfile:///C:/Users/Admin/Desktop/Talina/Servio.AI/[39mnode_modules/[4m@vitest/runne
r[24m/dist/index.js:915:26
    at [90mfile:///C:/Users/Admin/Desktop/Talina/Servio.AI/[39mnode_modules/[4m@vitest/runne
r[24m/dist/index.js:1243:20
    at new Promise (<anonymous>)
    at runWithTimeout [90m(file:///C:/Users/Admin/Desktop/Talina/Servio.AI/[39mnode_modules/
[4m@vitest/runner[24m/dist/index.js:1209:10[90m)[39m
    at [90mfile:///C:/Users/Admin/Desktop/Talina/Servio.AI/[39mnode_modules/[4m@vitest/runne
r[24m/dist/index.js:1653:37
    at Traces.$ [90m(file:///C:/Users/Admin/Desktop/Talina/Servio.AI/[39mnode_modules/[4mvit
est[24m/dist/chunks/traces.U4xDYhzZ.js:115:27[90m)[39m
    at trace [90m(file:///C:/Users/Admin/Desktop/Talina/Servio.AI/[39mnode_modules/[4mvitest
[24m/dist/chunks/test.B8ej_ZHS.js:239:21[90m)[39m
    at runTest [90m(file:///C:/Users/Admin/Desktop/Talina/Servio.AI/[39mnode_modules/[4m@vit
est/runner[24m/dist/index.js:1653:12[90m)[39m
[api] Timeout on /api/stripe/create-connect-account Error: Tempo de resposta excedido. Tente 
novamente.
    at makeApiError (C:/Users/Admin/Desktop/Talina/Servio.AI/services/api.ts:88:15)
    at apiCall (C:/Users/Admin/Desktop/Talina/Servio.AI/services/api.ts:154:22)
[90m    at processTicksAndRejections (node:internal/process/task_queues:103:5)[39m
    at C:/Users/Admin/Desktop/Talina/Servio.AI/tests/api.errorHandling.test.ts:38:9
    at [90mfile:///C:/Users/Admin/Desktop/Talina/Servio.AI/[39mnode_modules/[4m@vitest/runne
r[24m/dist/index.js:915:20 {
  code: [32m'E_TIMEOUT'[39m
}

[90mstderr[2m | tests/api.errorHandling.test.ts[2m > [22m[2mapiCall - Error Handling[2m 
> [22m[2mE_AUTH - 401/403[2m > [22m[2mdeve lan├ºar E_AUTH para status 401
[22m[39m≡ƒöº [API v3] Tentando: 
https://us-central1-servioai-staging.cloudfunctions.net/api/stripe/create-connect-account

[90mstderr[2m | tests/api.errorHandling.test.ts[2m > [22m[2mapiCall - Error Handling[2m 
> [22m[2mE_AUTH - 401/403[2m > [22m[2mdeve lan├ºar E_AUTH para status 401
[22m[39m≡ƒÜ¿ [API v2] ERRO detectado em /api/stripe/create-connect-account - ACIONANDO 
FALLBACK! Error: N├úo autorizado. Fa├ºa login novamente.
    at makeApiError (C:/Users/Admin/Desktop/Talina/Servio.AI/services/api.ts:88:15)
    at apiCall (C:/Users/Admin/Desktop/Talina/Servio.AI/services/api.ts:142:13)
[90m    at processTicksAndRejections (node:internal/process/task_queues:103:5)[39m
    at C:/Users/Admin/Desktop/Talina/Servio.AI/tests/api.errorHandling.test.ts:57:9
    at [90mfile:///C:/Users/Admin/Desktop/Talina/Servio.AI/[39mnode_modules/[4m@vitest/runne
r[24m/dist/index.js:915:20 {
  code: [32m'E_AUTH'[39m,
  status: [33m401[39m,
  details: { error: [32m'Token inv├ílido'[39m }
}
[api] Backend unavailable for /api/stripe/create-connect-account, triggering fallback Error: 
N├úo autorizado. Fa├ºa login novamente.
    at makeApiError (C:/Users/Admin/Desktop/Talina/Servio.AI/services/api.ts:88:15)
    at apiCall (C:/Users/Admin/Desktop/Talina/Servio.AI/services/api.ts:142:13)
[90m    at processTicksAndRejections (node:internal/process/task_queues:103:5)[39m
    at C:/Users/Admin/Desktop/Talina/Servio.AI/tests/api.errorHandling.test.ts:57:9
    at [90mfile:///C:/Users/Admin/Desktop/Talina/Servio.AI/[39mnode_modules/[4m@vitest/runne
r[24m/dist/index.js:915:20 {
  code: [32m'E_AUTH'[39m,
  status: [33m401[39m,
  details: { error: [32m'Token inv├ílido'[39m }
}

[90mstderr[2m | tests/api.errorHandling.test.ts[2m > [22m[2mapiCall - Error Handling[2m 
> [22m[2mE_AUTH - 401/403[2m > [22m[2mdeve lan├ºar E_AUTH para status 403
[22m[39m≡ƒöº [API v3] Tentando: 
https://us-central1-servioai-staging.cloudfunctions.net/api/stripe/create-account-link

[90mstderr[2m | tests/api.errorHandling.test.ts[2m > [22m[2mapiCall - Error Handling[2m 
> [22m[2mE_AUTH - 401/403[2m > [22m[2mdeve lan├ºar E_AUTH para status 403
[22m[39m≡ƒÜ¿ [API v2] ERRO detectado em /api/stripe/create-account-link - ACIONANDO 
FALLBACK! Error: N├úo autorizado. Fa├ºa login novamente.
    at makeApiError (C:/Users/Admin/Desktop/Talina/Servio.AI/services/api.ts:88:15)
    at apiCall (C:/Users/Admin/Desktop/Talina/Servio.AI/services/api.ts:142:13)
[90m    at processTicksAndRejections (node:internal/process/task_queues:103:5)[39m
    at C:/Users/Admin/Desktop/Talina/Servio.AI/tests/api.errorHandling.test.ts:76:9
    at [90mfile:///C:/Users/Admin/Desktop/Talina/Servio.AI/[39mnode_modules/[4m@vitest/runne
r[24m/dist/index.js:915:20 {
  code: [32m'E_AUTH'[39m,
  status: [33m403[39m,
  details: { error: [32m'Acesso negado'[39m }
}
[api] Backend unavailable for /api/stripe/create-account-link, triggering fallback Error: N├úo 
autorizado. Fa├ºa login novamente.
    at makeApiError (C:/Users/Admin/Desktop/Talina/Servio.AI/services/api.ts:88:15)
    at apiCall (C:/Users/Admin/Desktop/Talina/Servio.AI/services/api.ts:142:13)
[90m    at processTicksAndRejections (node:internal/process/task_queues:103:5)[39m
    at C:/Users/Admin/Desktop/Talina/Servio.AI/tests/api.errorHandling.test.ts:76:9
    at [90mfile:///C:/Users/Admin/Desktop/Talina/Servio.AI/[39mnode_modules/[4m@vitest/runne
r[24m/dist/index.js:915:20 {
  code: [32m'E_AUTH'[39m,
  status: [33m403[39m,
  details: { error: [32m'Acesso negado'[39m }
}

[90mstderr[2m | tests/api.errorHandling.test.ts[2m > [22m[2mapiCall - Error Handling[2m 
> [22m[2mE_NOT_FOUND - 404[2m > [22m[2mdeve lan├ºar E_NOT_FOUND para status 404
[22m[39m≡ƒöº [API v3] Tentando: 
https://us-central1-servioai-staging.cloudfunctions.net/jobs/job-123/release-payment

[90mstderr[2m | tests/api.errorHandling.test.ts[2m > [22m[2mapiCall - Error Handling[2m 
> [22m[2mE_NOT_FOUND - 404[2m > [22m[2mdeve lan├ºar E_NOT_FOUND para status 404
[22m[39m≡ƒÜ¿ [API v2] ERRO detectado em /jobs/job-123/release-payment - ACIONANDO FALLBACK! 
Error: Recurso n├úo encontrado.
    at makeApiError (C:/Users/Admin/Desktop/Talina/Servio.AI/services/api.ts:88:15)
    at apiCall (C:/Users/Admin/Desktop/Talina/Servio.AI/services/api.ts:142:13)
[90m    at processTicksAndRejections (node:internal/process/task_queues:103:5)[39m
    at C:/Users/Admin/Desktop/Talina/Servio.AI/tests/api.errorHandling.test.ts:96:9
    at [90mfile:///C:/Users/Admin/Desktop/Talina/Servio.AI/[39mnode_modules/[4m@vitest/runne
r[24m/dist/index.js:915:20 {
  code: [32m'E_NOT_FOUND'[39m,
  status: [33m404[39m,
  details: { error: [32m'Conta Stripe n├úo encontrada'[39m }
}
[api] Backend unavailable for /jobs/job-123/release-payment, triggering fallback Error: 
Recurso n├úo encontrado.
    at makeApiError (C:/Users/Admin/Desktop/Talina/Servio.AI/services/api.ts:88:15)
    at apiCall (C:/Users/Admin/Desktop/Talina/Servio.AI/services/api.ts:142:13)
[90m    at processTicksAndRejections (node:internal/process/task_queues:103:5)[39m
    at C:/Users/Admin/Desktop/Talina/Servio.AI/tests/api.errorHandling.test.ts:96:9
    at [90mfile:///C:/Users/Admin/Desktop/Talina/Servio.AI/[39mnode_modules/[4m@vitest/runne
r[24m/dist/index.js:915:20 {
  code: [32m'E_NOT_FOUND'[39m,
  status: [33m404[39m,
  details: { error: [32m'Conta Stripe n├úo encontrada'[39m }
}

[90mstderr[2m | tests/api.errorHandling.test.ts[2m > [22m[2mapiCall - Error Handling[2m 
> [22m[2mE_SERVER - 500+[2m > [22m[2mdeve lan├ºar E_SERVER para status 500
[22m[39m≡ƒöº [API v3] Tentando: 
https://us-central1-servioai-staging.cloudfunctions.net/api/stripe/create-connect-account

[90mstderr[2m | tests/api.errorHandling.test.ts[2m > [22m[2mapiCall - Error Handling[2m 
> [22m[2mE_SERVER - 500+[2m > [22m[2mdeve lan├ºar E_SERVER para status 500
[22m[39m≡ƒÜ¿ [API v2] ERRO detectado em /api/stripe/create-connect-account - ACIONANDO 
FALLBACK! Error: Erro interno do servidor. Tente mais tarde.
    at makeApiError (C:/Users/Admin/Desktop/Talina/Servio.AI/services/api.ts:88:15)
    at apiCall (C:/Users/Admin/Desktop/Talina/Servio.AI/services/api.ts:142:13)
[90m    at processTicksAndRejections (node:internal/process/task_queues:103:5)[39m
    at C:/Users/Admin/Desktop/Talina/Servio.AI/tests/api.errorHandling.test.ts:117:9
    at [90mfile:///C:/Users/Admin/Desktop/Talina/Servio.AI/[39mnode_modules/[4m@vitest/runne
r[24m/dist/index.js:915:20 {
  code: [32m'E_SERVER'[39m,
  status: [33m500[39m,
  details: { error: [32m'Stripe API error'[39m }
}
[api] Backend unavailable for /api/stripe/create-connect-account, triggering fallback Error: 
Erro interno do servidor. Tente mais tarde.
    at makeApiError (C:/Users/Admin/Desktop/Talina/Servio.AI/services/api.ts:88:15)
    at apiCall (C:/Users/Admin/Desktop/Talina/Servio.AI/services/api.ts:142:13)
[90m    at processTicksAndRejections (node:internal/process/task_queues:103:5)[39m
    at C:/Users/Admin/Desktop/Talina/Servio.AI/tests/api.errorHandling.test.ts:117:9
    at [90mfile:///C:/Users/Admin/Desktop/Talina/Servio.AI/[39mnode_modules/[4m@vitest/runne
r[24m/dist/index.js:915:20 {
  code: [32m'E_SERVER'[39m,
  status: [33m500[39m,
  details: { error: [32m'Stripe API error'[39m }
}

[90mstderr[2m | tests/api.errorHandling.test.ts[2m > [22m[2mapiCall - Error Handling[2m 
> [22m[2mE_SERVER - 500+[2m > [22m[2mdeve lan├ºar E_SERVER para status 503
[22m[39m≡ƒöº [API v3] Tentando: 
https://us-central1-servioai-staging.cloudfunctions.net/create-checkout-session

[90mstderr[2m | tests/api.errorHandling.test.ts[2m > [22m[2mapiCall - Error Handling[2m 
> [22m[2mE_SERVER - 500+[2m > [22m[2mdeve lan├ºar E_SERVER para status 503
[22m[39m≡ƒÜ¿ [API v2] ERRO detectado em /create-checkout-session - ACIONANDO FALLBACK! 
Error: Erro interno do servidor. Tente mais tarde.
    at makeApiError (C:/Users/Admin/Desktop/Talina/Servio.AI/services/api.ts:88:15)
    at apiCall (C:/Users/Admin/Desktop/Talina/Servio.AI/services/api.ts:142:13)
[90m    at processTicksAndRejections (node:internal/process/task_queues:103:5)[39m
    at C:/Users/Admin/Desktop/Talina/Servio.AI/tests/api.errorHandling.test.ts:136:9
    at [90mfile:///C:/Users/Admin/Desktop/Talina/Servio.AI/[39mnode_modules/[4m@vitest/runne
r[24m/dist/index.js:915:20 {
  code: [32m'E_SERVER'[39m,
  status: [33m503[39m,
  details: { error: [32m'Service temporarily unavailable'[39m }
}
[api] Backend unavailable for /create-checkout-session, triggering fallback Error: Erro 
interno do servidor. Tente mais tarde.
    at makeApiError (C:/Users/Admin/Desktop/Talina/Servio.AI/services/api.ts:88:15)
    at apiCall (C:/Users/Admin/Desktop/Talina/Servio.AI/services/api.ts:142:13)
[90m    at processTicksAndRejections (node:internal/process/task_queues:103:5)[39m
    at C:/Users/Admin/Desktop/Talina/Servio.AI/tests/api.errorHandling.test.ts:136:9
    at [90mfile:///C:/Users/Admin/Desktop/Talina/Servio.AI/[39mnode_modules/[4m@vitest/runne
r[24m/dist/index.js:915:20 {
  code: [32m'E_SERVER'[39m,
  status: [33m503[39m,
  details: { error: [32m'Service temporarily unavailable'[39m }
}

[90mstderr[2m | tests/api.errorHandling.test.ts[2m > [22m[2mapiCall - Error Handling[2m 
> [22m[2mE_SERVER - 500+[2m > [22m[2mdeve tratar erro quando json() falha
[22m[39m≡ƒöº [API v3] Tentando: 
https://us-central1-servioai-staging.cloudfunctions.net/jobs/job-123/release-payment

[90mstderr[2m | tests/api.errorHandling.test.ts[2m > [22m[2mapiCall - Error Handling[2m 
> [22m[2mE_SERVER - 500+[2m > [22m[2mdeve tratar erro quando json() falha
[22m[39m≡ƒÜ¿ [API v2] ERRO detectado em /jobs/job-123/release-payment - ACIONANDO FALLBACK! 
Error: Erro interno do servidor. Tente mais tarde.
    at makeApiError (C:/Users/Admin/Desktop/Talina/Servio.AI/services/api.ts:88:15)
    at apiCall (C:/Users/Admin/Desktop/Talina/Servio.AI/services/api.ts:142:13)
[90m    at processTicksAndRejections (node:internal/process/task_queues:103:5)[39m
    at C:/Users/Admin/Desktop/Talina/Servio.AI/tests/api.errorHandling.test.ts:156:9
    at [90mfile:///C:/Users/Admin/Desktop/Talina/Servio.AI/[39mnode_modules/[4m@vitest/runne
r[24m/dist/index.js:915:20 {
  code: [32m'E_SERVER'[39m,
  status: [33m500[39m,
  details: { message: [32m'Internal Server Error'[39m }
}
[api] Backend unavailable for /jobs/job-123/release-payment, triggering fallback Error: Erro 
interno do servidor. Tente mais tarde.
    at makeApiError (C:/Users/Admin/Desktop/Talina/Servio.AI/services/api.ts:88:15)
    at apiCall (C:/Users/Admin/Desktop/Talina/Servio.AI/services/api.ts:142:13)
[90m    at processTicksAndRejections (node:internal/process/task_queues:103:5)[39m
    at C:/Users/Admin/Desktop/Talina/Servio.AI/tests/api.errorHandling.test.ts:156:9
    at [90mfile:///C:/Users/Admin/Desktop/Talina/Servio.AI/[39mnode_modules/[4m@vitest/runne
r[24m/dist/index.js:915:20 {
  code: [32m'E_SERVER'[39m,
  status: [33m500[39m,
  details: { message: [32m'Internal Server Error'[39m }
}

[90mstderr[2m | tests/api.errorHandling.test.ts[2m > [22m[2mapiCall - Error Handling[2m 
> [22m[2mE_NETWORK - Network failures[2m > [22m[2mdeve lan├ºar E_NETWORK para TypeError 
(network error)
[22m[39m≡ƒöº [API v3] Tentando: 
https://us-central1-servioai-staging.cloudfunctions.net/api/stripe/create-connect-account

 [32mΓ£ô[39m tests/components/ProspectorMaterials.test.tsx [2m([22m[2m13 tests[22m[2m)[22m[33m 592[2mms[22m[39m
[90mstderr[2m | tests/api.errorHandling.test.ts[2m > [22m[2mapiCall - Error Handling[2m 
> [22m[2mE_NETWORK - Network failures[2m > [22m[2mdeve lan├ºar E_NETWORK para TypeError 
(network error)
[22m[39m≡ƒÜ¿ [API v2] ERRO detectado em /api/stripe/create-connect-account - ACIONANDO 
FALLBACK! TypeError: Failed to fetch
    at C:/Users/Admin/Desktop/Talina/Servio.AI/tests/api.errorHandling.test.ts:168:39
    at [90mfile:///C:/Users/Admin/Desktop/Talina/Servio.AI/[39mnode_modules/[4m@vitest/runne
r[24m/dist/index.js:145:11
    at [90mfile:///C:/Users/Admin/Desktop/Talina/Servio.AI/[39mnode_modules/[4m@vitest/runne
r[24m/dist/index.js:915:26
    at [90mfile:///C:/Users/Admin/Desktop/Talina/Servio.AI/[39mnode_modules/[4m@vitest/runne
r[24m/dist/index.js:1243:20
    at new Promise (<anonymous>)
    at runWithTimeout [90m(file:///C:/Users/Admin/Desktop/Talina/Servio.AI/[39mnode_modules/
[4m@vitest/runner[24m/dist/index.js:1209:10[90m)[39m
    at [90mfile:///C:/Users/Admin/Desktop/Talina/Servio.AI/[39mnode_modules/[4m@vitest/runne
r[24m/dist/index.js:1653:37
    at Traces.$ [90m(file:///C:/Users/Admin/Desktop/Talina/Servio.AI/[39mnode_modules/[4mvit
est[24m/dist/chunks/traces.U4xDYhzZ.js:115:27[90m)[39m
    at trace [90m(file:///C:/Users/Admin/Desktop/Talina/Servio.AI/[39mnode_modules/[4mvitest
[24m/dist/chunks/test.B8ej_ZHS.js:239:21[90m)[39m
    at runTest [90m(file:///C:/Users/Admin/Desktop/Talina/Servio.AI/[39mnode_modules/[4m@vit
est/runner[24m/dist/index.js:1653:12[90m)[39m
[api] Backend unavailable for /api/stripe/create-connect-account, triggering fallback 
TypeError: Failed to fetch
    at C:/Users/Admin/Desktop/Talina/Servio.AI/tests/api.errorHandling.test.ts:168:39
    at [90mfile:///C:/Users/Admin/Desktop/Talina/Servio.AI/[39mnode_modules/[4m@vitest/runne
r[24m/dist/index.js:145:11
    at [90mfile:///C:/Users/Admin/Desktop/Talina/Servio.AI/[39mnode_modules/[4m@vitest/runne
r[24m/dist/index.js:915:26
    at [90mfile:///C:/Users/Admin/Desktop/Talina/Servio.AI/[39mnode_modules/[4m@vitest/runne
r[24m/dist/index.js:1243:20
    at new Promise (<anonymous>)
    at runWithTimeout [90m(file:///C:/Users/Admin/Desktop/Talina/Servio.AI/[39mnode_modules/
[4m@vitest/runner[24m/dist/index.js:1209:10[90m)[39m
    at [90mfile:///C:/Users/Admin/Desktop/Talina/Servio.AI/[39mnode_modules/[4m@vitest/runne
r[24m/dist/index.js:1653:37
    at Traces.$ [90m(file:///C:/Users/Admin/Desktop/Talina/Servio.AI/[39mnode_modules/[4mvit
est[24m/dist/chunks/traces.U4xDYhzZ.js:115:27[90m)[39m
    at trace [90m(file:///C:/Users/Admin/Desktop/Talina/Servio.AI/[39mnode_modules/[4mvitest
[24m/dist/chunks/test.B8ej_ZHS.js:239:21[90m)[39m
    at runTest [90m(file:///C:/Users/Admin/Desktop/Talina/Servio.AI/[39mnode_modules/[4m@vit
est/runner[24m/dist/index.js:1653:12[90m)[39m

[90mstderr[2m | tests/api.errorHandling.test.ts[2m > [22m[2mapiCall - Error Handling[2m 
> [22m[2mE_NETWORK - Network failures[2m > [22m[2mdeve lan├ºar E_NETWORK para erro 
gen├⌐rico
[22m[39m≡ƒöº [API v3] Tentando: 
https://us-central1-servioai-staging.cloudfunctions.net/api/stripe/create-account-link

[90mstderr[2m | tests/api.errorHandling.test.ts[2m > [22m[2mapiCall - Error Handling[2m 
> [22m[2mE_NETWORK - Network failures[2m > [22m[2mdeve lan├ºar E_NETWORK para erro 
gen├⌐rico
[22m[39m≡ƒÜ¿ [API v2] ERRO detectado em /api/stripe/create-account-link - ACIONANDO 
FALLBACK! Error: Connection refused
    at C:/Users/Admin/Desktop/Talina/Servio.AI/tests/api.errorHandling.test.ts:180:39
    at [90mfile:///C:/Users/Admin/Desktop/Talina/Servio.AI/[39mnode_modules/[4m@vitest/runne
r[24m/dist/index.js:145:11
    at [90mfile:///C:/Users/Admin/Desktop/Talina/Servio.AI/[39mnode_modules/[4m@vitest/runne
r[24m/dist/index.js:915:26
    at [90mfile:///C:/Users/Admin/Desktop/Talina/Servio.AI/[39mnode_modules/[4m@vitest/runne
r[24m/dist/index.js:1243:20
    at new Promise (<anonymous>)
    at runWithTimeout [90m(file:///C:/Users/Admin/Desktop/Talina/Servio.AI/[39mnode_modules/
[4m@vitest/runner[24m/dist/index.js:1209:10[90m)[39m
    at [90mfile:///C:/Users/Admin/Desktop/Talina/Servio.AI/[39mnode_modules/[4m@vitest/runne
r[24m/dist/index.js:1653:37
    at Traces.$ [90m(file:///C:/Users/Admin/Desktop/Talina/Servio.AI/[39mnode_modules/[4mvit
est[24m/dist/chunks/traces.U4xDYhzZ.js:115:27[90m)[39m
    at trace [90m(file:///C:/Users/Admin/Desktop/Talina/Servio.AI/[39mnode_modules/[4mvitest
[24m/dist/chunks/test.B8ej_ZHS.js:239:21[90m)[39m
    at runTest [90m(file:///C:/Users/Admin/Desktop/Talina/Servio.AI/[39mnode_modules/[4m@vit
est/runner[24m/dist/index.js:1653:12[90m)[39m
[api] Backend unavailable for /api/stripe/create-account-link, triggering fallback Error: 
Connection refused
    at C:/Users/Admin/Desktop/Talina/Servio.AI/tests/api.errorHandling.test.ts:180:39
    at [90mfile:///C:/Users/Admin/Desktop/Talina/Servio.AI/[39mnode_modules/[4m@vitest/runne
r[24m/dist/index.js:145:11
    at [90mfile:///C:/Users/Admin/Desktop/Talina/Servio.AI/[39mnode_modules/[4m@vitest/runne
r[24m/dist/index.js:915:26
    at [90mfile:///C:/Users/Admin/Desktop/Talina/Servio.AI/[39mnode_modules/[4m@vitest/runne
r[24m/dist/index.js:1243:20
    at new Promise (<anonymous>)
    at runWithTimeout [90m(file:///C:/Users/Admin/Desktop/Talina/Servio.AI/[39mnode_modules/
[4m@vitest/runner[24m/dist/index.js:1209:10[90m)[39m
    at [90mfile:///C:/Users/Admin/Desktop/Talina/Servio.AI/[39mnode_modules/[4m@vitest/runne
r[24m/dist/index.js:1653:37
    at Traces.$ [90m(file:///C:/Users/Admin/Desktop/Talina/Servio.AI/[39mnode_modules/[4mvit
est[24m/dist/chunks/traces.U4xDYhzZ.js:115:27[90m)[39m
    at trace [90m(file:///C:/Users/Admin/Desktop/Talina/Servio.AI/[39mnode_modules/[4mvitest
[24m/dist/chunks/test.B8ej_ZHS.js:239:21[90m)[39m
    at runTest [90m(file:///C:/Users/Admin/Desktop/Talina/Servio.AI/[39mnode_modules/[4m@vit
est/runner[24m/dist/index.js:1653:12[90m)[39m

[90mstderr[2m | tests/api.errorHandling.test.ts[2m > [22m[2mapiCall - Error Handling[2m 
> [22m[2mE_NETWORK - Network failures[2m > [22m[2mdeve rethrow erro j├í estruturado
[22m[39m≡ƒöº [API v3] Tentando: 
https://us-central1-servioai-staging.cloudfunctions.net/create-checkout-session

[90mstderr[2m | tests/api.errorHandling.test.ts[2m > [22m[2mapiCall - Error Handling[2m 
> [22m[2mE_NETWORK - Network failures[2m > [22m[2mdeve rethrow erro j├í estruturado
[22m[39m≡ƒÜ¿ [API v2] ERRO detectado em /create-checkout-session - ACIONANDO FALLBACK! 
Error: Custom error
    at C:/Users/Admin/Desktop/Talina/Servio.AI/tests/api.errorHandling.test.ts:192:36
    at [90mfile:///C:/Users/Admin/Desktop/Talina/Servio.AI/[39mnode_modules/[4m@vitest/runne
r[24m/dist/index.js:145:11
    at [90mfile:///C:/Users/Admin/Desktop/Talina/Servio.AI/[39mnode_modules/[4m@vitest/runne
r[24m/dist/index.js:915:26
    at [90mfile:///C:/Users/Admin/Desktop/Talina/Servio.AI/[39mnode_modules/[4m@vitest/runne
r[24m/dist/index.js:1243:20
    at new Promise (<anonymous>)
    at runWithTimeout [90m(file:///C:/Users/Admin/Desktop/Talina/Servio.AI/[39mnode_modules/
[4m@vitest/runner[24m/dist/index.js:1209:10[90m)[39m
    at [90mfile:///C:/Users/Admin/Desktop/Talina/Servio.AI/[39mnode_modules/[4m@vitest/runne
r[24m/dist/index.js:1653:37
    at Traces.$ [90m(file:///C:/Users/Admin/Desktop/Talina/Servio.AI/[39mnode_modules/[4mvit
est[24m/dist/chunks/traces.U4xDYhzZ.js:115:27[90m)[39m
    at trace [90m(file:///C:/Users/Admin/Desktop/Talina/Servio.AI/[39mnode_modules/[4mvitest
[24m/dist/chunks/test.B8ej_ZHS.js:239:21[90m)[39m
    at runTest [90m(file:///C:/Users/Admin/Desktop/Talina/Servio.AI/[39mnode_modules/[4m@vit
est/runner[24m/dist/index.js:1653:12[90m)[39m {
  code: [32m'E_CUSTOM'[39m
}
[api] Backend unavailable for /create-checkout-session, triggering fallback Error: Custom error
    at C:/Users/Admin/Desktop/Talina/Servio.AI/tests/api.errorHandling.test.ts:192:36
    at [90mfile:///C:/Users/Admin/Desktop/Talina/Servio.AI/[39mnode_modules/[4m@vitest/runne
r[24m/dist/index.js:145:11
    at [90mfile:///C:/Users/Admin/Desktop/Talina/Servio.AI/[39mnode_modules/[4m@vitest/runne
r[24m/dist/index.js:915:26
    at [90mfile:///C:/Users/Admin/Desktop/Talina/Servio.AI/[39mnode_modules/[4m@vitest/runne
r[24m/dist/index.js:1243:20
    at new Promise (<anonymous>)
    at runWithTimeout [90m(file:///C:/Users/Admin/Desktop/Talina/Servio.AI/[39mnode_modules/
[4m@vitest/runner[24m/dist/index.js:1209:10[90m)[39m
    at [90mfile:///C:/Users/Admin/Desktop/Talina/Servio.AI/[39mnode_modules/[4m@vitest/runne
r[24m/dist/index.js:1653:37
    at Traces.$ [90m(file:///C:/Users/Admin/Desktop/Talina/Servio.AI/[39mnode_modules/[4mvit
est[24m/dist/chunks/traces.U4xDYhzZ.js:115:27[90m)[39m
    at trace [90m(file:///C:/Users/Admin/Desktop/Talina/Servio.AI/[39mnode_modules/[4mvitest
[24m/dist/chunks/test.B8ej_ZHS.js:239:21[90m)[39m
    at runTest [90m(file:///C:/Users/Admin/Desktop/Talina/Servio.AI/[39mnode_modules/[4m@vit
est/runner[24m/dist/index.js:1653:12[90m)[39m {
  code: [32m'E_CUSTOM'[39m
}

[90mstderr[2m | tests/api.errorHandling.test.ts[2m > [22m[2mapiCall - Error Handling[2m 
> [22m[2mE_SERVER - Other HTTP errors[2m > [22m[2mdeve lan├ºar E_SERVER para status 400 
(n├úo AUTH/NOT_FOUND)
[22m[39m≡ƒöº [API v3] Tentando: 
https://us-central1-servioai-staging.cloudfunctions.net/api/stripe/create-connect-account

[90mstderr[2m | tests/api.errorHandling.test.ts[2m > [22m[2mapiCall - Error Handling[2m 
> [22m[2mE_SERVER - Other HTTP errors[2m > [22m[2mdeve lan├ºar E_SERVER para status 400 
(n├úo AUTH/NOT_FOUND)
[22m[39m≡ƒÜ¿ [API v2] ERRO detectado em /api/stripe/create-connect-account - ACIONANDO 
FALLBACK! Error: Erro interno do servidor. Tente mais tarde.
    at makeApiError (C:/Users/Admin/Desktop/Talina/Servio.AI/services/api.ts:88:15)
    at apiCall (C:/Users/Admin/Desktop/Talina/Servio.AI/services/api.ts:142:13)
[90m    at processTicksAndRejections (node:internal/process/task_queues:103:5)[39m
    at C:/Users/Admin/Desktop/Talina/Servio.AI/tests/api.errorHandling.test.ts:217:9
    at [90mfile:///C:/Users/Admin/Desktop/Talina/Servio.AI/[39mnode_modules/[4m@vitest/runne
r[24m/dist/index.js:915:20 {
  code: [32m'E_SERVER'[39m,
  status: [33m400[39m,
  details: { error: [32m'Invalid userId format'[39m }
}
[api] Backend unavailable for /api/stripe/create-connect-account, triggering fallback Error: 
Erro interno do servidor. Tente mais tarde.
    at makeApiError (C:/Users/Admin/Desktop/Talina/Servio.AI/services/api.ts:88:15)
    at apiCall (C:/Users/Admin/Desktop/Talina/Servio.AI/services/api.ts:142:13)
[90m    at processTicksAndRejections (node:internal/process/task_queues:103:5)[39m
    at C:/Users/Admin/Desktop/Talina/Servio.AI/tests/api.errorHandling.test.ts:217:9
    at [90mfile:///C:/Users/Admin/Desktop/Talina/Servio.AI/[39mnode_modules/[4m@vitest/runne
r[24m/dist/index.js:915:20 {
  code: [32m'E_SERVER'[39m,
  status: [33m400[39m,
  details: { error: [32m'Invalid userId format'[39m }
}

[90mstderr[2m | tests/api.errorHandling.test.ts[2m > [22m[2mapiCall - Error Handling[2m 
> [22m[2mE_SERVER - Other HTTP errors[2m > [22m[2mdeve lan├ºar E_SERVER para status 422
[22m[39m≡ƒöº [API v3] Tentando: 
https://us-central1-servioai-staging.cloudfunctions.net/create-checkout-session

[90mstderr[2m | tests/api.errorHandling.test.ts[2m > [22m[2mapiCall - Error Handling[2m 
> [22m[2mE_SERVER - Other HTTP errors[2m > [22m[2mdeve lan├ºar E_SERVER para status 422
[22m[39m≡ƒÜ¿ [API v2] ERRO detectado em /create-checkout-session - ACIONANDO FALLBACK! 
Error: Erro interno do servidor. Tente mais tarde.
    at makeApiError (C:/Users/Admin/Desktop/Talina/Servio.AI/services/api.ts:88:15)
    at apiCall (C:/Users/Admin/Desktop/Talina/Servio.AI/services/api.ts:142:13)
[90m    at processTicksAndRejections (node:internal/process/task_queues:103:5)[39m
    at C:/Users/Admin/Desktop/Talina/Servio.AI/tests/api.errorHandling.test.ts:235:9
    at [90mfile:///C:/Users/Admin/Desktop/Talina/Servio.AI/[39mnode_modules/[4m@vitest/runne
r[24m/dist/index.js:915:20 {
  code: [32m'E_SERVER'[39m,
  status: [33m422[39m,
  details: { error: [32m'Validation failed: amount too low'[39m }
}
[api] Backend unavailable for /create-checkout-session, triggering fallback Error: Erro 
interno do servidor. Tente mais tarde.
    at makeApiError (C:/Users/Admin/Desktop/Talina/Servio.AI/services/api.ts:88:15)
    at apiCall (C:/Users/Admin/Desktop/Talina/Servio.AI/services/api.ts:142:13)
[90m    at processTicksAndRejections (node:internal/process/task_queues:103:5)[39m
    at C:/Users/Admin/Desktop/Talina/Servio.AI/tests/api.errorHandling.test.ts:235:9
    at [90mfile:///C:/Users/Admin/Desktop/Talina/Servio.AI/[39mnode_modules/[4m@vitest/runne
r[24m/dist/index.js:915:20 {
  code: [32m'E_SERVER'[39m,
  status: [33m422[39m,
  details: { error: [32m'Validation failed: amount too low'[39m }
}

[90mstderr[2m | tests/api.errorHandling.test.ts[2m > [22m[2mapiCall - Error Handling[2m 
> [22m[2mTimeout clearTimeout[2m > [22m[2mdeve limpar timeout quando requisi├º├úo ├⌐ 
bem-sucedida
[22m[39m≡ƒöº [API v3] Tentando: 
https://us-central1-servioai-staging.cloudfunctions.net/api/stripe/create-connect-account

[90mstderr[2m | tests/api.errorHandling.test.ts[2m > [22m[2mapiCall - Error Handling[2m 
> [22m[2mTimeout clearTimeout[2m > [22m[2mdeve limpar timeout quando requisi├º├úo falha
[22m[39m≡ƒöº [API v3] Tentando: 
https://us-central1-servioai-staging.cloudfunctions.net/api/stripe/create-connect-account

[90mstderr[2m | tests/api.errorHandling.test.ts[2m > [22m[2mapiCall - Error Handling[2m 
> [22m[2mTimeout clearTimeout[2m > [22m[2mdeve limpar timeout quando requisi├º├úo falha
[22m[39m≡ƒÜ¿ [API v2] ERRO detectado em /api/stripe/create-connect-account - ACIONANDO 
FALLBACK! Error: Erro interno do servidor. Tente mais tarde.
    at makeApiError (C:/Users/Admin/Desktop/Talina/Servio.AI/services/api.ts:88:15)
    at apiCall (C:/Users/Admin/Desktop/Talina/Servio.AI/services/api.ts:142:13)
[90m    at processTicksAndRejections (node:internal/process/task_queues:103:5)[39m
    at C:/Users/Admin/Desktop/Talina/Servio.AI/tests/api.errorHandling.test.ts:268:9
    at [90mfile:///C:/Users/Admin/Desktop/Talina/Servio.AI/[39mnode_modules/[4m@vitest/runne
r[24m/dist/index.js:915:20 {
  code: [32m'E_SERVER'[39m,
  status: [33m500[39m,
  details: { error: [32m'Server error'[39m }
}
[api] Backend unavailable for /api/stripe/create-connect-account, triggering fallback Error: 
Erro interno do servidor. Tente mais tarde.
    at makeApiError (C:/Users/Admin/Desktop/Talina/Servio.AI/services/api.ts:88:15)
    at apiCall (C:/Users/Admin/Desktop/Talina/Servio.AI/services/api.ts:142:13)
[90m    at processTicksAndRejections (node:internal/process/task_queues:103:5)[39m
    at C:/Users/Admin/Desktop/Talina/Servio.AI/tests/api.errorHandling.test.ts:268:9
    at [90mfile:///C:/Users/Admin/Desktop/Talina/Servio.AI/[39mnode_modules/[4m@vitest/runne
r[24m/dist/index.js:915:20 {
  code: [32m'E_SERVER'[39m,
  status: [33m500[39m,
  details: { error: [32m'Server error'[39m }
}

 [32mΓ£ô[39m tests/api.errorHandling.test.ts [2m([22m[2m14 tests[22m[2m)[22m[33m 679[2mms[22m[39m
       [33m[2mΓ£ô[22m[39m deve lan├ºar E_TIMEOUT quando AbortError ocorre [33m 605[2mms[22m[39m
[90mstderr[2m | tests/api.payments.test.ts
[22m[39mΓòÉΓòÉΓòÉΓòÉΓòÉΓòÉΓòÉΓòÉΓòÉΓòÉΓòÉΓòÉΓòÉΓòÉΓòÉΓòÉΓòÉΓòÉΓòÉΓòÉΓòÉΓòÉΓòÉΓòÉΓòÉΓòÉΓòÉΓòÉΓ
òÉΓòÉΓòÉΓòÉΓòÉΓòÉΓòÉΓòÉΓòÉΓòÉΓòÉΓòÉΓòÉΓòÉΓòÉΓòÉΓòÉΓòÉΓòÉΓòÉΓòÉΓòÉΓòÉΓòÉΓòÉΓòÉΓòÉ
≡ƒöº API SERVICE INICIADO - VERS├âO 2026-01-09
ΓòÉΓòÉΓòÉΓòÉΓòÉΓòÉΓòÉΓòÉΓòÉΓòÉΓòÉΓòÉΓòÉΓòÉΓòÉΓòÉΓòÉΓòÉΓòÉΓòÉΓòÉΓòÉΓòÉΓòÉΓòÉΓòÉΓòÉΓòÉΓòÉΓòÉΓòÉΓò
ÉΓòÉΓòÉΓòÉΓòÉΓòÉΓòÉΓòÉΓòÉΓòÉΓòÉΓòÉΓòÉΓòÉΓòÉΓòÉΓòÉΓòÉΓòÉΓòÉΓòÉΓòÉΓòÉΓòÉ
≡ƒôï STAGING_MODE: true
≡ƒôï Project ID: servioai-staging
≡ƒôï Backend URL: https://us-central1-servioai-staging.cloudfunctions.net
≡ƒôï Use Mock: false
ΓòÉΓòÉΓòÉΓòÉΓòÉΓòÉΓòÉΓòÉΓòÉΓòÉΓòÉΓòÉΓòÉΓòÉΓòÉΓòÉΓòÉΓòÉΓòÉΓòÉΓòÉΓòÉΓòÉΓòÉΓòÉΓòÉΓòÉΓòÉΓòÉΓòÉΓòÉΓò
ÉΓòÉΓòÉΓòÉΓòÉΓòÉΓòÉΓòÉΓòÉΓòÉΓòÉΓòÉΓòÉΓòÉΓòÉΓòÉΓòÉΓòÉΓòÉΓòÉΓòÉΓòÉΓòÉΓòÉ
Γ£à STAGING MODE ATIVO - Backend DESABILITADO!
Γ£à Todas as opera├º├╡es de usu├írio usam Firestore direto!

[90mstderr[2m | tests/api.payments.test.ts[2m > [22m[2mPayment & Escrow[2m > 
[22m[2mcreateCheckoutSession[2m > [22m[2mcria sess├úo de checkout com valor v├ílido
[22m[39m≡ƒöº [API v3] Tentando: 
https://us-central1-servioai-staging.cloudfunctions.net/create-checkout-session

[90mstderr[2m | tests/stripe-timeout-retry.test.ts
[22m[39mΓòÉΓòÉΓòÉΓòÉΓòÉΓòÉΓòÉΓòÉΓòÉΓòÉΓòÉΓòÉΓòÉΓòÉΓòÉΓòÉΓòÉΓòÉΓòÉΓòÉΓòÉΓòÉΓòÉΓòÉΓòÉΓòÉΓòÉΓòÉΓ
òÉΓòÉΓòÉΓòÉΓòÉΓòÉΓòÉΓòÉΓòÉΓòÉΓòÉΓòÉΓòÉΓòÉΓòÉΓòÉΓòÉΓòÉΓòÉΓòÉΓòÉΓòÉΓòÉΓòÉΓòÉΓòÉΓòÉ
≡ƒöº API SERVICE INICIADO - VERS├âO 2026-01-09
ΓòÉΓòÉΓòÉΓòÉΓòÉΓòÉΓòÉΓòÉΓòÉΓòÉΓòÉΓòÉΓòÉΓòÉΓòÉΓòÉΓòÉΓòÉΓòÉΓòÉΓòÉΓòÉΓòÉΓòÉΓòÉΓòÉΓòÉΓòÉΓòÉΓòÉΓòÉΓò
ÉΓòÉΓòÉΓòÉΓòÉΓòÉΓòÉΓòÉΓòÉΓòÉΓòÉΓòÉΓòÉΓòÉΓòÉΓòÉΓòÉΓòÉΓòÉΓòÉΓòÉΓòÉΓòÉΓòÉ
≡ƒôï STAGING_MODE: true
≡ƒôï Project ID: servioai-staging
≡ƒôï Backend URL: https://us-central1-servioai-staging.cloudfunctions.net
≡ƒôï Use Mock: false
ΓòÉΓòÉΓòÉΓòÉΓòÉΓòÉΓòÉΓòÉΓòÉΓòÉΓòÉΓòÉΓòÉΓòÉΓòÉΓòÉΓòÉΓòÉΓòÉΓòÉΓòÉΓòÉΓòÉΓòÉΓòÉΓòÉΓòÉΓòÉΓòÉΓòÉΓòÉΓò
ÉΓòÉΓòÉΓòÉΓòÉΓòÉΓòÉΓòÉΓòÉΓòÉΓòÉΓòÉΓòÉΓòÉΓòÉΓòÉΓòÉΓòÉΓòÉΓòÉΓòÉΓòÉΓòÉΓòÉ
Γ£à STAGING MODE ATIVO - Backend DESABILITADO!
Γ£à Todas as opera├º├╡es de usu├írio usam Firestore direto!

[90mstderr[2m | tests/stripe-timeout-retry.test.ts[2m > [22m[2m[E2E-SMOKE] Stripe Timeout 
+ Retry[2m > [22m[2mcreateCheckoutSession: 1┬¬ tentativa E_TIMEOUT ΓåÆ 2┬¬ tentativa sucesso
[22m[39m≡ƒöº [API v3] Tentando: 
https://us-central1-servioai-staging.cloudfunctions.net/create-checkout-session

[90mstdout[2m | tests/api.proposals.test.ts[2m > [22m[2mProposal Management[2m > [22m[2mcreateProposal[2m > [22m[2mcria proposta com sucesso quando backend responde
[22m[39mXXX DEBUG: firebaseConfig loading
XXX DEBUG: import.meta.env.MODE: test

[90mstderr[2m | tests/api.proposals.test.ts[2m > [22m[2mProposal Management[2m > 
[22m[2mcreateProposal[2m > [22m[2mcria proposta com sucesso quando backend responde
[22m[39m[firebase] Usando mocks porque a configura├º├úo est├í ausente ou desativada.

[90mstderr[2m | tests/api.proposals.test.ts[2m > [22m[2mProposal Management[2m > 
[22m[2mcreateProposal[2m > [22m[2mvalida pre├ºo m├¡nimo na proposta
[22m[39m≡ƒöº [API v3] Tentando: 
https://us-central1-servioai-staging.cloudfunctions.net/proposals

[90mstderr[2m | tests/api.proposals.test.ts[2m > [22m[2mProposal Management[2m > 
[22m[2mcreateProposal[2m > [22m[2mvalida pre├ºo m├¡nimo na proposta
[22m[39m≡ƒÜ¿ [API v2] ERRO detectado em /proposals - ACIONANDO FALLBACK! Error: Erro interno 
do servidor. Tente mais tarde.
    at makeApiError (C:/Users/Admin/Desktop/Talina/Servio.AI/services/api.ts:88:15)
    at apiCall (C:/Users/Admin/Desktop/Talina/Servio.AI/services/api.ts:142:13)
[90m    at processTicksAndRejections (node:internal/process/task_queues:103:5)[39m
    at createProposal (C:/Users/Admin/Desktop/Talina/Servio.AI/services/api.ts:934:12)
    at C:/Users/Admin/Desktop/Talina/Servio.AI/tests/api.proposals.test.ts:50:7
    at [90mfile:///C:/Users/Admin/Desktop/Talina/Servio.AI/[39mnode_modules/[4m@vitest/runne
r[24m/dist/index.js:915:20 {
  code: [32m'E_SERVER'[39m,
  details: { error: [32m'Pre├ºo m├¡nimo ├⌐ R$ 50'[39m }
}
[api] Backend unavailable for /proposals, triggering fallback Error: Erro interno do servidor. 
Tente mais tarde.
    at makeApiError (C:/Users/Admin/Desktop/Talina/Servio.AI/services/api.ts:88:15)
    at apiCall (C:/Users/Admin/Desktop/Talina/Servio.AI/services/api.ts:142:13)
[90m    at processTicksAndRejections (node:internal/process/task_queues:103:5)[39m
    at createProposal (C:/Users/Admin/Desktop/Talina/Servio.AI/services/api.ts:934:12)
    at C:/Users/Admin/Desktop/Talina/Servio.AI/tests/api.proposals.test.ts:50:7
    at [90mfile:///C:/Users/Admin/Desktop/Talina/Servio.AI/[39mnode_modules/[4m@vitest/runne
r[24m/dist/index.js:915:20 {
  code: [32m'E_SERVER'[39m,
  details: { error: [32m'Pre├ºo m├¡nimo ├⌐ R$ 50'[39m }
}

[90mstderr[2m | tests/api.proposals.test.ts[2m > [22m[2mProposal Management[2m > 
[22m[2mcreateProposal[2m > [22m[2mvalida pre├ºo m├¡nimo na proposta
[22m[39mFailed to create proposal: Error: Erro interno do servidor. Tente mais tarde.
    at makeApiError (C:/Users/Admin/Desktop/Talina/Servio.AI/services/api.ts:88:15)
    at apiCall (C:/Users/Admin/Desktop/Talina/Servio.AI/services/api.ts:142:13)
[90m    at processTicksAndRejections (node:internal/process/task_queues:103:5)[39m
    at createProposal (C:/Users/Admin/Desktop/Talina/Servio.AI/services/api.ts:934:12)
    at C:/Users/Admin/Desktop/Talina/Servio.AI/tests/api.proposals.test.ts:50:7
    at [90mfile:///C:/Users/Admin/Desktop/Talina/Servio.AI/[39mnode_modules/[4m@vitest/runne
r[24m/dist/index.js:915:20 {
  code: [32m'E_SERVER'[39m,
  details: { error: [32m'Pre├ºo m├¡nimo ├⌐ R$ 50'[39m }
}

[90mstderr[2m | tests/api.proposals.test.ts[2m > [22m[2mProposal Management[2m > 
[22m[2mcreateProposal[2m > [22m[2mvalida descri├º├úo obrigat├│ria
[22m[39m≡ƒöº [API v3] Tentando: 
https://us-central1-servioai-staging.cloudfunctions.net/proposals

[90mstderr[2m | tests/api.proposals.test.ts[2m > [22m[2mProposal Management[2m > 
[22m[2mcreateProposal[2m > [22m[2mvalida descri├º├úo obrigat├│ria
[22m[39m≡ƒÜ¿ [API v2] ERRO detectado em /proposals - ACIONANDO FALLBACK! TypeError: 
response.json is not a function
    at apiCall (C:/Users/Admin/Desktop/Talina/Servio.AI/services/api.ts:141:38)
[90m    at processTicksAndRejections (node:internal/process/task_queues:103:5)[39m
    at createProposal (C:/Users/Admin/Desktop/Talina/Servio.AI/services/api.ts:934:12)
    at C:/Users/Admin/Desktop/Talina/Servio.AI/tests/api.proposals.test.ts:61:7
    at [90mfile:///C:/Users/Admin/Desktop/Talina/Servio.AI/[39mnode_modules/[4m@vitest/runne
r[24m/dist/index.js:915:20
[api] Backend unavailable for /proposals, triggering fallback TypeError: response.json is not 
a function
    at apiCall (C:/Users/Admin/Desktop/Talina/Servio.AI/services/api.ts:141:38)
[90m    at processTicksAndRejections (node:internal/process/task_queues:103:5)[39m
    at createProposal (C:/Users/Admin/Desktop/Talina/Servio.AI/services/api.ts:934:12)
    at C:/Users/Admin/Desktop/Talina/Servio.AI/tests/api.proposals.test.ts:61:7
    at [90mfile:///C:/Users/Admin/Desktop/Talina/Servio.AI/[39mnode_modules/[4m@vitest/runne
r[24m/dist/index.js:915:20

[90mstderr[2m | tests/api.proposals.test.ts[2m > [22m[2mProposal Management[2m > 
[22m[2mcreateProposal[2m > [22m[2mvalida descri├º├úo obrigat├│ria
[22m[39mFailed to create proposal: Error: Falha de rede. Verifique sua conex├úo.
    at makeApiError (C:/Users/Admin/Desktop/Talina/Servio.AI/services/api.ts:88:15)
    at apiCall (C:/Users/Admin/Desktop/Talina/Servio.AI/services/api.ts:164:11)
[90m    at processTicksAndRejections (node:internal/process/task_queues:103:5)[39m
    at createProposal (C:/Users/Admin/Desktop/Talina/Servio.AI/services/api.ts:934:12)
    at C:/Users/Admin/Desktop/Talina/Servio.AI/tests/api.proposals.test.ts:61:7
    at [90mfile:///C:/Users/Admin/Desktop/Talina/Servio.AI/[39mnode_modules/[4m@vitest/runne
r[24m/dist/index.js:915:20 {
  code: [32m'E_NETWORK'[39m
}

[90mstderr[2m | tests/api.proposals.test.ts[2m > [22m[2mProposal Management[2m > 
[22m[2mcreateProposal[2m > [22m[2mprevine duplicata de proposta do mesmo provider
[22m[39m≡ƒöº [API v3] Tentando: 
https://us-central1-servioai-staging.cloudfunctions.net/proposals

[90mstderr[2m | tests/api.proposals.test.ts[2m > [22m[2mProposal Management[2m > 
[22m[2mcreateProposal[2m > [22m[2mprevine duplicata de proposta do mesmo provider
[22m[39m≡ƒÜ¿ [API v2] ERRO detectado em /proposals - ACIONANDO FALLBACK! Error: Erro interno 
do servidor. Tente mais tarde.
    at makeApiError (C:/Users/Admin/Desktop/Talina/Servio.AI/services/api.ts:88:15)
    at apiCall (C:/Users/Admin/Desktop/Talina/Servio.AI/services/api.ts:142:13)
[90m    at processTicksAndRejections (node:internal/process/task_queues:103:5)[39m
    at createProposal (C:/Users/Admin/Desktop/Talina/Servio.AI/services/api.ts:934:12)
    at C:/Users/Admin/Desktop/Talina/Servio.AI/tests/api.proposals.test.ts:71:7
    at [90mfile:///C:/Users/Admin/Desktop/Talina/Servio.AI/[39mnode_modules/[4m@vitest/runne
r[24m/dist/index.js:915:20 {
  code: [32m'E_SERVER'[39m,
  details: { error: [32m'Proposta j├í existe para este job'[39m }
}
[api] Backend unavailable for /proposals, triggering fallback Error: Erro interno do servidor. 
Tente mais tarde.
    at makeApiError (C:/Users/Admin/Desktop/Talina/Servio.AI/services/api.ts:88:15)
    at apiCall (C:/Users/Admin/Desktop/Talina/Servio.AI/services/api.ts:142:13)
[90m    at processTicksAndRejections (node:internal/process/task_queues:103:5)[39m
    at createProposal (C:/Users/Admin/Desktop/Talina/Servio.AI/services/api.ts:934:12)
    at C:/Users/Admin/Desktop/Talina/Servio.AI/tests/api.proposals.test.ts:71:7
    at [90mfile:///C:/Users/Admin/Desktop/Talina/Servio.AI/[39mnode_modules/[4m@vitest/runne
r[24m/dist/index.js:915:20 {
  code: [32m'E_SERVER'[39m,
  details: { error: [32m'Proposta j├í existe para este job'[39m }
}

[90mstderr[2m | tests/api.proposals.test.ts[2m > [22m[2mProposal Management[2m > 
[22m[2mcreateProposal[2m > [22m[2mprevine duplicata de proposta do mesmo provider
[22m[39mFailed to create proposal: Error: Erro interno do servidor. Tente mais tarde.
    at makeApiError (C:/Users/Admin/Desktop/Talina/Servio.AI/services/api.ts:88:15)
    at apiCall (C:/Users/Admin/Desktop/Talina/Servio.AI/services/api.ts:142:13)
[90m    at processTicksAndRejections (node:internal/process/task_queues:103:5)[39m
    at createProposal (C:/Users/Admin/Desktop/Talina/Servio.AI/services/api.ts:934:12)
    at C:/Users/Admin/Desktop/Talina/Servio.AI/tests/api.proposals.test.ts:71:7
    at [90mfile:///C:/Users/Admin/Desktop/Talina/Servio.AI/[39mnode_modules/[4m@vitest/runne
r[24m/dist/index.js:915:20 {
  code: [32m'E_SERVER'[39m,
  details: { error: [32m'Proposta j├í existe para este job'[39m }
}

[90mstderr[2m | tests/api.proposals.test.ts[2m > [22m[2mProposal Management[2m > 
[22m[2mupdateProposal (acceptProposal)[2m > [22m[2maceita proposta e atualiza status do 
job para in_progress
[22m[39m≡ƒöº [API v3] Tentando: 
https://us-central1-servioai-staging.cloudfunctions.net/proposals/prop-789

[90mstderr[2m | tests/api.proposals.test.ts[2m > [22m[2mProposal Management[2m > 
[22m[2mupdateProposal (acceptProposal)[2m > [22m[2mcria escrow ao aceitar proposta
[22m[39m≡ƒöº [API v3] Tentando: 
https://us-central1-servioai-staging.cloudfunctions.net/proposals/prop-789

[90mstderr[2m | tests/api.proposals.test.ts[2m > [22m[2mProposal Management[2m > 
[22m[2mupdateProposal (acceptProposal)[2m > [22m[2mrejeita outras propostas 
automaticamente ao aceitar uma
[22m[39m≡ƒöº [API v3] Tentando: 
https://us-central1-servioai-staging.cloudfunctions.net/proposals/prop-789

 [32mΓ£ô[39m tests/api.proposals.test.ts [2m([22m[2m7 tests[22m[2m)[22m[33m 685[2mms[22m[39m
       [33m[2mΓ£ô[22m[39m cria proposta com sucesso quando backend responde [33m 637[2mms[22m[39m
[90mstderr[2m | tests/api.positivePaths.test.ts
[22m[39mΓòÉΓòÉΓòÉΓòÉΓòÉΓòÉΓòÉΓòÉΓòÉΓòÉΓòÉΓòÉΓòÉΓòÉΓòÉΓòÉΓòÉΓòÉΓòÉΓòÉΓòÉΓòÉΓòÉΓòÉΓòÉΓòÉΓòÉΓòÉΓ
òÉΓòÉΓòÉΓòÉΓòÉΓòÉΓòÉΓòÉΓòÉΓòÉΓòÉΓòÉΓòÉΓòÉΓòÉΓòÉΓòÉΓòÉΓòÉΓòÉΓòÉΓòÉΓòÉΓòÉΓòÉΓòÉΓòÉ
≡ƒöº API SERVICE INICIADO - VERS├âO 2026-01-09
ΓòÉΓòÉΓòÉΓòÉΓòÉΓòÉΓòÉΓòÉΓòÉΓòÉΓòÉΓòÉΓòÉΓòÉΓòÉΓòÉΓòÉΓòÉΓòÉΓòÉΓòÉΓòÉΓòÉΓòÉΓòÉΓòÉΓòÉΓòÉΓòÉΓòÉΓòÉΓò
ÉΓòÉΓòÉΓòÉΓòÉΓòÉΓòÉΓòÉΓòÉΓòÉΓòÉΓòÉΓòÉΓòÉΓòÉΓòÉΓòÉΓòÉΓòÉΓòÉΓòÉΓòÉΓòÉΓòÉ
≡ƒôï STAGING_MODE: true
≡ƒôï Project ID: servioai-staging
≡ƒôï Backend URL: https://us-central1-servioai-staging.cloudfunctions.net
≡ƒôï Use Mock: false
ΓòÉΓòÉΓòÉΓòÉΓòÉΓòÉΓòÉΓòÉΓòÉΓòÉΓòÉΓòÉΓòÉΓòÉΓòÉΓòÉΓòÉΓòÉΓòÉΓòÉΓòÉΓòÉΓòÉΓòÉΓòÉΓòÉΓòÉΓòÉΓòÉΓòÉΓòÉΓò
ÉΓòÉΓòÉΓòÉΓòÉΓòÉΓòÉΓòÉΓòÉΓòÉΓòÉΓòÉΓòÉΓòÉΓòÉΓòÉΓòÉΓòÉΓòÉΓòÉΓòÉΓòÉΓòÉΓòÉ
Γ£à STAGING MODE ATIVO - Backend DESABILITADO!
Γ£à Todas as opera├º├╡es de usu├írio usam Firestore direto!

[90mstderr[2m | tests/api.positivePaths.test.ts[2m > [22m[2mAPI Service ΓÇô positive 
paths (no fallback)[2m > [22m[2mcreateStripeConnectAccount returns accountId on success
[22m[39m≡ƒöº [API v3] Tentando: 
https://us-central1-servioai-staging.cloudfunctions.net/api/stripe/create-connect-account

[90mstdout[2m | tests/api.payments.test.ts[2m > [22m[2mPayment & Escrow[2m > [22m[2mcreateCheckoutSession[2m > [22m[2mcria sess├úo de checkout com valor v├ílido
[22m[39mXXX DEBUG: firebaseConfig loading
XXX DEBUG: import.meta.env.MODE: test

[90mstderr[2m | tests/api.payments.test.ts[2m > [22m[2mPayment & Escrow[2m > 
[22m[2mcreateCheckoutSession[2m > [22m[2mcria sess├úo de checkout com valor v├ílido
[22m[39m[firebase] Usando mocks porque a configura├º├úo est├í ausente ou desativada.

[90mstderr[2m | tests/api.payments.test.ts[2m > [22m[2mPayment & Escrow[2m > 
[22m[2mcreateCheckoutSession[2m > [22m[2mvalida valor m├¡nimo de R$ 50
[22m[39m≡ƒöº [API v3] Tentando: 
https://us-central1-servioai-staging.cloudfunctions.net/create-checkout-session

[90mstderr[2m | tests/api.payments.test.ts[2m > [22m[2mPayment & Escrow[2m > 
[22m[2mcreateCheckoutSession[2m > [22m[2mvalida valor m├¡nimo de R$ 50
[22m[39m≡ƒÜ¿ [API v2] ERRO detectado em /create-checkout-session - ACIONANDO FALLBACK! 
TypeError: response.json is not a function
    at apiCall (C:/Users/Admin/Desktop/Talina/Servio.AI/services/api.ts:141:38)
[90m    at processTicksAndRejections (node:internal/process/task_queues:103:5)[39m
    at C:/Users/Admin/Desktop/Talina/Servio.AI/tests/api.payments.test.ts:52:7
    at [90mfile:///C:/Users/Admin/Desktop/Talina/Servio.AI/[39mnode_modules/[4m@vitest/runne
r[24m/dist/index.js:915:20
[api] Backend unavailable for /create-checkout-session, triggering fallback TypeError: 
response.json is not a function
    at apiCall (C:/Users/Admin/Desktop/Talina/Servio.AI/services/api.ts:141:38)
[90m    at processTicksAndRejections (node:internal/process/task_queues:103:5)[39m
    at C:/Users/Admin/Desktop/Talina/Servio.AI/tests/api.payments.test.ts:52:7
    at [90mfile:///C:/Users/Admin/Desktop/Talina/Servio.AI/[39mnode_modules/[4m@vitest/runne
r[24m/dist/index.js:915:20

[90mstderr[2m | tests/api.payments.test.ts[2m > [22m[2mPayment & Escrow[2m > 
[22m[2mcreateCheckoutSession[2m > [22m[2mvalida valor m├íximo de R$ 50.000
[22m[39m≡ƒöº [API v3] Tentando: 
https://us-central1-servioai-staging.cloudfunctions.net/create-checkout-session

[90mstderr[2m | tests/api.payments.test.ts[2m > [22m[2mPayment & Escrow[2m > 
[22m[2mcreateCheckoutSession[2m > [22m[2mvalida valor m├íximo de R$ 50.000
[22m[39m≡ƒÜ¿ [API v2] ERRO detectado em /create-checkout-session - ACIONANDO FALLBACK! 
TypeError: response.json is not a function
    at apiCall (C:/Users/Admin/Desktop/Talina/Servio.AI/services/api.ts:141:38)
[90m    at processTicksAndRejections (node:internal/process/task_queues:103:5)[39m
    at C:/Users/Admin/Desktop/Talina/Servio.AI/tests/api.payments.test.ts:61:7
    at [90mfile:///C:/Users/Admin/Desktop/Talina/Servio.AI/[39mnode_modules/[4m@vitest/runne
r[24m/dist/index.js:915:20
[api] Backend unavailable for /create-checkout-session, triggering fallback TypeError: 
response.json is not a function
    at apiCall (C:/Users/Admin/Desktop/Talina/Servio.AI/services/api.ts:141:38)
[90m    at processTicksAndRejections (node:internal/process/task_queues:103:5)[39m
    at C:/Users/Admin/Desktop/Talina/Servio.AI/tests/api.payments.test.ts:61:7
    at [90mfile:///C:/Users/Admin/Desktop/Talina/Servio.AI/[39mnode_modules/[4m@vitest/runne
r[24m/dist/index.js:915:20

[90mstderr[2m | tests/api.payments.test.ts[2m > [22m[2mPayment & Escrow[2m > 
[22m[2mconfirmPayment[2m > [22m[2mconfirma pagamento e atualiza status do job
[22m[39m≡ƒöº [API v3] Tentando: 
https://us-central1-servioai-staging.cloudfunctions.net/api/payments/confirm

[90mstderr[2m | tests/api.payments.test.ts[2m > [22m[2mPayment & Escrow[2m > 
[22m[2mreleasePayment[2m > [22m[2mlibera pagamento quando job ├⌐ completado
[22m[39m≡ƒöº [API v3] Tentando: 
https://us-central1-servioai-staging.cloudfunctions.net/jobs/job-complete-789/release-payment

[90mstderr[2m | tests/api.payments.test.ts[2m > [22m[2mPayment & Escrow[2m > 
[22m[2mreleasePayment[2m > [22m[2mbloqueia libera├º├úo se disputa estiver ativa
[22m[39m≡ƒöº [API v3] Tentando: 
https://us-central1-servioai-staging.cloudfunctions.net/jobs/job-with-dispute/release-payment

[90mstderr[2m | tests/api.payments.test.ts[2m > [22m[2mPayment & Escrow[2m > 
[22m[2mreleasePayment[2m > [22m[2mbloqueia libera├º├úo se disputa estiver ativa
[22m[39m≡ƒÜ¿ [API v2] ERRO detectado em /jobs/job-with-dispute/release-payment - ACIONANDO 
FALLBACK! Error: Erro interno do servidor. Tente mais tarde.
    at makeApiError (C:/Users/Admin/Desktop/Talina/Servio.AI/services/api.ts:88:15)
    at apiCall (C:/Users/Admin/Desktop/Talina/Servio.AI/services/api.ts:142:13)
[90m    at processTicksAndRejections (node:internal/process/task_queues:103:5)[39m
    at C:/Users/Admin/Desktop/Talina/Servio.AI/tests/api.payments.test.ts:103:7
    at [90mfile:///C:/Users/Admin/Desktop/Talina/Servio.AI/[39mnode_modules/[4m@vitest/runne
r[24m/dist/index.js:915:20 {
  code: [32m'E_SERVER'[39m,
  details: { error: [32m'N├úo ├⌐ poss├¡vel liberar pagamento com disputa ativa'[39m }
}
[api] Backend unavailable for /jobs/job-with-dispute/release-payment, triggering fallback 
Error: Erro interno do servidor. Tente mais tarde.
    at makeApiError (C:/Users/Admin/Desktop/Talina/Servio.AI/services/api.ts:88:15)
    at apiCall (C:/Users/Admin/Desktop/Talina/Servio.AI/services/api.ts:142:13)
[90m    at processTicksAndRejections (node:internal/process/task_queues:103:5)[39m
    at C:/Users/Admin/Desktop/Talina/Servio.AI/tests/api.payments.test.ts:103:7
    at [90mfile:///C:/Users/Admin/Desktop/Talina/Servio.AI/[39mnode_modules/[4m@vitest/runne
r[24m/dist/index.js:915:20 {
  code: [32m'E_SERVER'[39m,
  details: { error: [32m'N├úo ├⌐ poss├¡vel liberar pagamento com disputa ativa'[39m }
}

[90mstderr[2m | tests/api.payments.test.ts[2m > [22m[2mPayment & Escrow[2m > 
[22m[2mreleasePayment[2m > [22m[2mrequer review antes de completar job
[22m[39m≡ƒöº [API v3] Tentando: 
https://us-central1-servioai-staging.cloudfunctions.net/jobs/job-no-review/release-payment

[90mstderr[2m | tests/api.payments.test.ts[2m > [22m[2mPayment & Escrow[2m > 
[22m[2mreleasePayment[2m > [22m[2mrequer review antes de completar job
[22m[39m≡ƒÜ¿ [API v2] ERRO detectado em /jobs/job-no-review/release-payment - ACIONANDO 
FALLBACK! TypeError: response.json is not a function
    at apiCall (C:/Users/Admin/Desktop/Talina/Servio.AI/services/api.ts:141:38)
[90m    at processTicksAndRejections (node:internal/process/task_queues:103:5)[39m
    at C:/Users/Admin/Desktop/Talina/Servio.AI/tests/api.payments.test.ts:112:7
    at [90mfile:///C:/Users/Admin/Desktop/Talina/Servio.AI/[39mnode_modules/[4m@vitest/runne
r[24m/dist/index.js:915:20
[api] Backend unavailable for /jobs/job-no-review/release-payment, triggering fallback 
TypeError: response.json is not a function
    at apiCall (C:/Users/Admin/Desktop/Talina/Servio.AI/services/api.ts:141:38)
[90m    at processTicksAndRejections (node:internal/process/task_queues:103:5)[39m
    at C:/Users/Admin/Desktop/Talina/Servio.AI/tests/api.payments.test.ts:112:7
    at [90mfile:///C:/Users/Admin/Desktop/Talina/Servio.AI/[39mnode_modules/[4m@vitest/runne
r[24m/dist/index.js:915:20

[90mstderr[2m | tests/api.payments.test.ts[2m > [22m[2mPayment & Escrow[2m > 
[22m[2mDisputes[2m > [22m[2mcria disputa com evid├¬ncias
[22m[39m≡ƒöº [API v3] Tentando: 
https://us-central1-servioai-staging.cloudfunctions.net/api/disputes

[90mstderr[2m | tests/api.payments.test.ts[2m > [22m[2mPayment & Escrow[2m > 
[22m[2mDisputes[2m > [22m[2mresolve disputa com decis├úo admin
[22m[39m≡ƒöº [API v3] Tentando: 
https://us-central1-servioai-staging.cloudfunctions.net/api/disputes/disp-789/resolve

 [32mΓ£ô[39m tests/api.payments.test.ts [2m([22m[2m9 tests[22m[2m)[22m[33m 703[2mms[22m[39m
       [33m[2mΓ£ô[22m[39m cria sess├úo de checkout com valor v├ílido [33m 595[2mms[22m[39m
[90mstdout[2m | tests/stripe-timeout-retry.test.ts[2m > [22m[2m[E2E-SMOKE] Stripe Timeout + Retry[2m > [22m[2mcreateCheckoutSession: 1┬¬ tentativa E_TIMEOUT ΓåÆ 2┬¬ tentativa sucesso
[22m[39mXXX DEBUG: firebaseConfig loading
XXX DEBUG: import.meta.env.MODE: test

[90mstderr[2m | tests/stripe-timeout-retry.test.ts[2m > [22m[2m[E2E-SMOKE] Stripe Timeout 
+ Retry[2m > [22m[2mcreateCheckoutSession: 1┬¬ tentativa E_TIMEOUT ΓåÆ 2┬¬ tentativa sucesso
[22m[39m[firebase] Usando mocks porque a configura├º├úo est├í ausente ou desativada.

[90mstderr[2m | tests/stripe-timeout-retry.test.ts[2m > [22m[2m[E2E-SMOKE] Stripe Timeout 
+ Retry[2m > [22m[2mcreateCheckoutSession: 1┬¬ tentativa E_TIMEOUT ΓåÆ 2┬¬ tentativa sucesso
[22m[39m≡ƒÜ¿ [API v2] ERRO detectado em /create-checkout-session - ACIONANDO FALLBACK! Error 
[AbortError]: aborted
    at C:/Users/Admin/Desktop/Talina/Servio.AI/tests/stripe-timeout-retry.test.ts:17:22
    at [90mfile:///C:/Users/Admin/Desktop/Talina/Servio.AI/[39mnode_modules/[4m@vitest/runne
r[24m/dist/index.js:145:11
    at [90mfile:///C:/Users/Admin/Desktop/Talina/Servio.AI/[39mnode_modules/[4m@vitest/runne
r[24m/dist/index.js:915:26
    at [90mfile:///C:/Users/Admin/Desktop/Talina/Servio.AI/[39mnode_modules/[4m@vitest/runne
r[24m/dist/index.js:1243:20
    at new Promise (<anonymous>)
    at runWithTimeout [90m(file:///C:/Users/Admin/Desktop/Talina/Servio.AI/[39mnode_modules/
[4m@vitest/runner[24m/dist/index.js:1209:10[90m)[39m
    at [90mfile:///C:/Users/Admin/Desktop/Talina/Servio.AI/[39mnode_modules/[4m@vitest/runne
r[24m/dist/index.js:1653:37
    at Traces.$ [90m(file:///C:/Users/Admin/Desktop/Talina/Servio.AI/[39mnode_modules/[4mvit
est[24m/dist/chunks/traces.U4xDYhzZ.js:115:27[90m)[39m
    at trace [90m(file:///C:/Users/Admin/Desktop/Talina/Servio.AI/[39mnode_modules/[4mvitest
[24m/dist/chunks/test.B8ej_ZHS.js:239:21[90m)[39m
    at runTest [90m(file:///C:/Users/Admin/Desktop/Talina/Servio.AI/[39mnode_modules/[4m@vit
est/runner[24m/dist/index.js:1653:12[90m)[39m
[api] Timeout on /create-checkout-session Error: Tempo de resposta excedido. Tente novamente.
    at makeApiError (C:/Users/Admin/Desktop/Talina/Servio.AI/services/api.ts:88:15)
    at apiCall (C:/Users/Admin/Desktop/Talina/Servio.AI/services/api.ts:154:22)
[90m    at processTicksAndRejections (node:internal/process/task_queues:103:5)[39m
    at C:/Users/Admin/Desktop/Talina/Servio.AI/tests/stripe-timeout-retry.test.ts:28:5
    at [90mfile:///C:/Users/Admin/Desktop/Talina/Servio.AI/[39mnode_modules/[4m@vitest/runne
r[24m/dist/index.js:915:20 {
  code: [32m'E_TIMEOUT'[39m
}

[90mstderr[2m | tests/stripe-timeout-retry.test.ts[2m > [22m[2m[E2E-SMOKE] Stripe Timeout 
+ Retry[2m > [22m[2mcreateCheckoutSession: 1┬¬ tentativa E_TIMEOUT ΓåÆ 2┬¬ tentativa sucesso
[22m[39m≡ƒöº [API v3] Tentando: 
https://us-central1-servioai-staging.cloudfunctions.net/create-checkout-session

 [32mΓ£ô[39m tests/stripe-timeout-retry.test.ts [2m([22m[2m1 test[22m[2m)[22m[33m 608[2mms[22m[39m
     [33m[2mΓ£ô[22m[39m createCheckoutSession: 1┬¬ tentativa E_TIMEOUT ΓåÆ 2┬¬ tentativa sucesso [33m 604[2mms[22m[39m
[90mstdout[2m | tests/api.positivePaths.test.ts[2m > [22m[2mAPI Service ΓÇô positive paths (no fallback)[2m > [22m[2mcreateStripeConnectAccount returns accountId on success
[22m[39mXXX DEBUG: firebaseConfig loading
XXX DEBUG: import.meta.env.MODE: test

[90mstderr[2m | tests/api.positivePaths.test.ts[2m > [22m[2mAPI Service ΓÇô positive 
paths (no fallback)[2m > [22m[2mcreateStripeConnectAccount returns accountId on success
[22m[39m[firebase] Usando mocks porque a configura├º├úo est├í ausente ou desativada.

[90mstderr[2m | tests/api.positivePaths.test.ts[2m > [22m[2mAPI Service ΓÇô positive 
paths (no fallback)[2m > [22m[2mcreateStripeAccountLink returns url on success
[22m[39m≡ƒöº [API v3] Tentando: 
https://us-central1-servioai-staging.cloudfunctions.net/api/stripe/create-account-link

[90mstderr[2m | tests/api.positivePaths.test.ts[2m > [22m[2mAPI Service ΓÇô positive 
paths (no fallback)[2m > [22m[2mcreateCheckoutSession returns id on success
[22m[39m≡ƒöº [API v3] Tentando: 
https://us-central1-servioai-staging.cloudfunctions.net/create-checkout-session

[90mstderr[2m | tests/api.positivePaths.test.ts[2m > [22m[2mAPI Service ΓÇô positive 
paths (no fallback)[2m > [22m[2mreleasePayment returns success on success
[22m[39m≡ƒöº [API v3] Tentando: 
https://us-central1-servioai-staging.cloudfunctions.net/jobs/job-1/release-payment

 [32mΓ£ô[39m tests/api.positivePaths.test.ts [2m([22m[2m4 tests[22m[2m)[22m[33m 510[2mms[22m[39m
     [33m[2mΓ£ô[22m[39m createStripeConnectAccount returns accountId on success [33m 500[2mms[22m[39m
[90mstderr[2m | tests/payment-errors.test.ts
[22m[39mΓòÉΓòÉΓòÉΓòÉΓòÉΓòÉΓòÉΓòÉΓòÉΓòÉΓòÉΓòÉΓòÉΓòÉΓòÉΓòÉΓòÉΓòÉΓòÉΓòÉΓòÉΓòÉΓòÉΓòÉΓòÉΓòÉΓòÉΓòÉΓ
òÉΓòÉΓòÉΓòÉΓòÉΓòÉΓòÉΓòÉΓòÉΓòÉΓòÉΓòÉΓòÉΓòÉΓòÉΓòÉΓòÉΓòÉΓòÉΓòÉΓòÉΓòÉΓòÉΓòÉΓòÉΓòÉΓòÉ
≡ƒöº API SERVICE INICIADO - VERS├âO 2026-01-09
ΓòÉΓòÉΓòÉΓòÉΓòÉΓòÉΓòÉΓòÉΓòÉΓòÉΓòÉΓòÉΓòÉΓòÉΓòÉΓòÉΓòÉΓòÉΓòÉΓòÉΓòÉΓòÉΓòÉΓòÉΓòÉΓòÉΓòÉΓòÉΓòÉΓòÉΓòÉΓò
ÉΓòÉΓòÉΓòÉΓòÉΓòÉΓòÉΓòÉΓòÉΓòÉΓòÉΓòÉΓòÉΓòÉΓòÉΓòÉΓòÉΓòÉΓòÉΓòÉΓòÉΓòÉΓòÉΓòÉ
≡ƒôï STAGING_MODE: true
≡ƒôï Project ID: servioai-staging
≡ƒôï Backend URL: https://us-central1-servioai-staging.cloudfunctions.net
≡ƒôï Use Mock: false
ΓòÉΓòÉΓòÉΓòÉΓòÉΓòÉΓòÉΓòÉΓòÉΓòÉΓòÉΓòÉΓòÉΓòÉΓòÉΓòÉΓòÉΓòÉΓòÉΓòÉΓòÉΓòÉΓòÉΓòÉΓòÉΓòÉΓòÉΓòÉΓòÉΓòÉΓòÉΓò
ÉΓòÉΓòÉΓòÉΓòÉΓòÉΓòÉΓòÉΓòÉΓòÉΓòÉΓòÉΓòÉΓòÉΓòÉΓòÉΓòÉΓòÉΓòÉΓòÉΓòÉΓòÉΓòÉΓòÉ
Γ£à STAGING MODE ATIVO - Backend DESABILITADO!
Γ£à Todas as opera├º├╡es de usu├írio usam Firestore direto!

[90mstderr[2m | tests/payment-errors.test.ts[2m > [22m[2m[E2E-SMOKE] Pagamentos/Stripe 
Errors[2m > [22m[2mcheckout session 500 ΓåÆ ApiError E_SERVER
[22m[39m≡ƒöº [API v3] Tentando: 
https://us-central1-servioai-staging.cloudfunctions.net/create-checkout-session

[90mstderr[2m | tests/AdminDashboard.test.tsx
[22m[39mΓòÉΓòÉΓòÉΓòÉΓòÉΓòÉΓòÉΓòÉΓòÉΓòÉΓòÉΓòÉΓòÉΓòÉΓòÉΓòÉΓòÉΓòÉΓòÉΓòÉΓòÉΓòÉΓòÉΓòÉΓòÉΓòÉΓòÉΓòÉΓ
òÉΓòÉΓòÉΓòÉΓòÉΓòÉΓòÉΓòÉΓòÉΓòÉΓòÉΓòÉΓòÉΓòÉΓòÉΓòÉΓòÉΓòÉΓòÉΓòÉΓòÉΓòÉΓòÉΓòÉΓòÉΓòÉΓòÉ
≡ƒöº API SERVICE INICIADO - VERS├âO 2026-01-09
ΓòÉΓòÉΓòÉΓòÉΓòÉΓòÉΓòÉΓòÉΓòÉΓòÉΓòÉΓòÉΓòÉΓòÉΓòÉΓòÉΓòÉΓòÉΓòÉΓòÉΓòÉΓòÉΓòÉΓòÉΓòÉΓòÉΓòÉΓòÉΓòÉΓòÉΓòÉΓò
ÉΓòÉΓòÉΓòÉΓòÉΓòÉΓòÉΓòÉΓòÉΓòÉΓòÉΓòÉΓòÉΓòÉΓòÉΓòÉΓòÉΓòÉΓòÉΓòÉΓòÉΓòÉΓòÉΓòÉ
≡ƒôï STAGING_MODE: true
≡ƒôï Project ID: servioai-staging
≡ƒôï Backend URL: https://us-central1-servioai-staging.cloudfunctions.net
≡ƒôï Use Mock: false
ΓòÉΓòÉΓòÉΓòÉΓòÉΓòÉΓòÉΓòÉΓòÉΓòÉΓòÉΓòÉΓòÉΓòÉΓòÉΓòÉΓòÉΓòÉΓòÉΓòÉΓòÉΓòÉΓòÉΓòÉΓòÉΓòÉΓòÉΓòÉΓòÉΓòÉΓòÉΓò
ÉΓòÉΓòÉΓòÉΓòÉΓòÉΓòÉΓòÉΓòÉΓòÉΓòÉΓòÉΓòÉΓòÉΓòÉΓòÉΓòÉΓòÉΓòÉΓòÉΓòÉΓòÉΓòÉΓòÉ
Γ£à STAGING MODE ATIVO - Backend DESABILITADO!
Γ£à Todas as opera├º├╡es de usu├írio usam Firestore direto!

[90mstderr[2m | tests/api.matchProviders.test.ts
[22m[39mΓòÉΓòÉΓòÉΓòÉΓòÉΓòÉΓòÉΓòÉΓòÉΓòÉΓòÉΓòÉΓòÉΓòÉΓòÉΓòÉΓòÉΓòÉΓòÉΓòÉΓòÉΓòÉΓòÉΓòÉΓòÉΓòÉΓòÉΓòÉΓ
òÉΓòÉΓòÉΓòÉΓòÉΓòÉΓòÉΓòÉΓòÉΓòÉΓòÉΓòÉΓòÉΓòÉΓòÉΓòÉΓòÉΓòÉΓòÉΓòÉΓòÉΓòÉΓòÉΓòÉΓòÉΓòÉΓòÉ
≡ƒöº API SERVICE INICIADO - VERS├âO 2026-01-09
ΓòÉΓòÉΓòÉΓòÉΓòÉΓòÉΓòÉΓòÉΓòÉΓòÉΓòÉΓòÉΓòÉΓòÉΓòÉΓòÉΓòÉΓòÉΓòÉΓòÉΓòÉΓòÉΓòÉΓòÉΓòÉΓòÉΓòÉΓòÉΓòÉΓòÉΓòÉΓò
ÉΓòÉΓòÉΓòÉΓòÉΓòÉΓòÉΓòÉΓòÉΓòÉΓòÉΓòÉΓòÉΓòÉΓòÉΓòÉΓòÉΓòÉΓòÉΓòÉΓòÉΓòÉΓòÉΓòÉ
≡ƒôï STAGING_MODE: true
≡ƒôï Project ID: servioai-staging
≡ƒôï Backend URL: https://us-central1-servioai-staging.cloudfunctions.net
≡ƒôï Use Mock: false
ΓòÉΓòÉΓòÉΓòÉΓòÉΓòÉΓòÉΓòÉΓòÉΓòÉΓòÉΓòÉΓòÉΓòÉΓòÉΓòÉΓòÉΓòÉΓòÉΓòÉΓòÉΓòÉΓòÉΓòÉΓòÉΓòÉΓòÉΓòÉΓòÉΓòÉΓòÉΓò
ÉΓòÉΓòÉΓòÉΓòÉΓòÉΓòÉΓòÉΓòÉΓòÉΓòÉΓòÉΓòÉΓòÉΓòÉΓòÉΓòÉΓòÉΓòÉΓòÉΓòÉΓòÉΓòÉΓòÉ
Γ£à STAGING MODE ATIVO - Backend DESABILITADO!
Γ£à Todas as opera├º├╡es de usu├írio usam Firestore direto!

[90mstderr[2m | tests/api.matchProviders.test.ts[2m > [22m[2mmatchProvidersForJob[2m > 
[22m[2mretorna resultado do backend quando sucesso
[22m[39m≡ƒöº [API v3] Tentando: 
https://us-central1-servioai-staging.cloudfunctions.net/api/match-providers

[90mstderr[2m | tests/AdminDashboard.test.tsx[2m > [22m[2mAdminDashboard[2m > 
[22m[2mdeve renderizar o dashboard do admin com loading inicial
[22m[39mΓÜá∩╕Å React Router Future Flag Warning: React Router will begin wrapping state 
updates in `React.startTransition` in v7. You can use the `v7_startTransition` future flag to 
opt-in early. For more information, see 
https://reactrouter.com/v6/upgrading/future#v7_starttransition.
ΓÜá∩╕Å React Router Future Flag Warning: Relative route resolution within Splat routes is 
changing in v7. You can use the `v7_relativeSplatPath` future flag to opt-in early. For more 
information, see https://reactrouter.com/v6/upgrading/future#v7_relativesplatpath.

[90mstderr[2m | tests/AdminDashboard.test.tsx[2m > [22m[2mAdminDashboard[2m > 
[22m[2mdeve renderizar o dashboard do admin com loading inicial
[22m[39mWarning: An update to AdminAnalyticsDashboard inside a test was not wrapped in 
act(...).

When testing, code that causes React state updates should be wrapped into act(...):

act(() => {
  /* fire events that update state */
});
/* assert on the output */

This ensures that you're testing the behavior the user would see in the browser. Learn more at 
https://reactjs.org/link/wrap-tests-with-act
    at AdminAnalyticsDashboard 
(C:/Users/Admin/Desktop/Talina/Servio.AI/components/AdminAnalyticsDashboard.tsx:15:73)
    at div
    at div
    at AdminDashboard 
(C:/Users/Admin/Desktop/Talina/Servio.AI/components/AdminDashboard.tsx:32:27)
    at Router (C:\Users\Admin\Desktop\Talina\Servio.AI\node_modules\react-router\dist\umd\react
-router.development.js:1207:17)
    at BrowserRouter (C:\Users\Admin\Desktop\Talina\Servio.AI\node_modules\react-router-dom\dis
t\umd\react-router-dom.development.js:695:7)
Warning: An update to AdminAnalyticsDashboard inside a test was not wrapped in act(...).

When testing, code that causes React state updates should be wrapped into act(...):

act(() => {
  /* fire events that update state */
});
/* assert on the output */

This ensures that you're testing the behavior the user would see in the browser. Learn more at 
https://reactjs.org/link/wrap-tests-with-act
    at AdminAnalyticsDashboard 
(C:/Users/Admin/Desktop/Talina/Servio.AI/components/AdminAnalyticsDashboard.tsx:15:73)
    at div
    at div
    at AdminDashboard 
(C:/Users/Admin/Desktop/Talina/Servio.AI/components/AdminDashboard.tsx:32:27)
    at Router (C:\Users\Admin\Desktop\Talina\Servio.AI\node_modules\react-router\dist\umd\react
-router.development.js:1207:17)
    at BrowserRouter (C:\Users\Admin\Desktop\Talina\Servio.AI\node_modules\react-router-dom\dis
t\umd\react-router-dom.development.js:695:7)
Warning: An update to AdminAnalyticsDashboard inside a test was not wrapped in act(...).

When testing, code that causes React state updates should be wrapped into act(...):

act(() => {
  /* fire events that update state */
});
/* assert on the output */

This ensures that you're testing the behavior the user would see in the browser. Learn more at 
https://reactjs.org/link/wrap-tests-with-act
    at AdminAnalyticsDashboard 
(C:/Users/Admin/Desktop/Talina/Servio.AI/components/AdminAnalyticsDashboard.tsx:15:73)
    at div
    at div
    at AdminDashboard 
(C:/Users/Admin/Desktop/Talina/Servio.AI/components/AdminDashboard.tsx:32:27)
    at Router (C:\Users\Admin\Desktop\Talina\Servio.AI\node_modules\react-router\dist\umd\react
-router.development.js:1207:17)
    at BrowserRouter (C:\Users\Admin\Desktop\Talina\Servio.AI\node_modules\react-router-dom\dis
t\umd\react-router-dom.development.js:695:7)
Warning: An update to AdminAnalyticsDashboard inside a test was not wrapped in act(...).

When testing, code that causes React state updates should be wrapped into act(...):

act(() => {
  /* fire events that update state */
});
/* assert on the output */

This ensures that you're testing the behavior the user would see in the browser. Learn more at 
https://reactjs.org/link/wrap-tests-with-act
    at AdminAnalyticsDashboard 
(C:/Users/Admin/Desktop/Talina/Servio.AI/components/AdminAnalyticsDashboard.tsx:15:73)
    at div
    at div
    at AdminDashboard 
(C:/Users/Admin/Desktop/Talina/Servio.AI/components/AdminDashboard.tsx:32:27)
    at Router (C:\Users\Admin\Desktop\Talina\Servio.AI\node_modules\react-router\dist\umd\react
-router.development.js:1207:17)
    at BrowserRouter (C:\Users\Admin\Desktop\Talina\Servio.AI\node_modules\react-router-dom\dis
t\umd\react-router-dom.development.js:695:7)
Warning: An update to AdminAnalyticsDashboard inside a test was not wrapped in act(...).

When testing, code that causes React state updates should be wrapped into act(...):

act(() => {
  /* fire events that update state */
});
/* assert on the output */

This ensures that you're testing the behavior the user would see in the browser. Learn more at 
https://reactjs.org/link/wrap-tests-with-act
    at AdminAnalyticsDashboard 
(C:/Users/Admin/Desktop/Talina/Servio.AI/components/AdminAnalyticsDashboard.tsx:15:73)
    at div
    at div
    at AdminDashboard 
(C:/Users/Admin/Desktop/Talina/Servio.AI/components/AdminDashboard.tsx:32:27)
    at Router (C:\Users\Admin\Desktop\Talina\Servio.AI\node_modules\react-router\dist\umd\react
-router.development.js:1207:17)
    at BrowserRouter (C:\Users\Admin\Desktop\Talina\Servio.AI\node_modules\react-router-dom\dis
t\umd\react-router-dom.development.js:695:7)
Warning: An update to AdminAnalyticsDashboard inside a test was not wrapped in act(...).

When testing, code that causes React state updates should be wrapped into act(...):

act(() => {
  /* fire events that update state */
});
/* assert on the output */

This ensures that you're testing the behavior the user would see in the browser. Learn more at 
https://reactjs.org/link/wrap-tests-with-act
    at AdminAnalyticsDashboard 
(C:/Users/Admin/Desktop/Talina/Servio.AI/components/AdminAnalyticsDashboard.tsx:15:73)
    at div
    at div
    at AdminDashboard 
(C:/Users/Admin/Desktop/Talina/Servio.AI/components/AdminDashboard.tsx:32:27)
    at Router (C:\Users\Admin\Desktop\Talina\Servio.AI\node_modules\react-router\dist\umd\react
-router.development.js:1207:17)
    at BrowserRouter (C:\Users\Admin\Desktop\Talina\Servio.AI\node_modules\react-router-dom\dis
t\umd\react-router-dom.development.js:695:7)

[90mstderr[2m | tests/week2/AdminDashboard.suite.test.tsx
[22m[39mΓòÉΓòÉΓòÉΓòÉΓòÉΓòÉΓòÉΓòÉΓòÉΓòÉΓòÉΓòÉΓòÉΓòÉΓòÉΓòÉΓòÉΓòÉΓòÉΓòÉΓòÉΓòÉΓòÉΓòÉΓòÉΓòÉΓòÉΓòÉΓ
òÉΓòÉΓòÉΓòÉΓòÉΓòÉΓòÉΓòÉΓòÉΓòÉΓòÉΓòÉΓòÉΓòÉΓòÉΓòÉΓòÉΓòÉΓòÉΓòÉΓòÉΓòÉΓòÉΓòÉΓòÉΓòÉΓòÉ
≡ƒöº API SERVICE INICIADO - VERS├âO 2026-01-09
ΓòÉΓòÉΓòÉΓòÉΓòÉΓòÉΓòÉΓòÉΓòÉΓòÉΓòÉΓòÉΓòÉΓòÉΓòÉΓòÉΓòÉΓòÉΓòÉΓòÉΓòÉΓòÉΓòÉΓòÉΓòÉΓòÉΓòÉΓòÉΓòÉΓòÉΓòÉΓò
ÉΓòÉΓòÉΓòÉΓòÉΓòÉΓòÉΓòÉΓòÉΓòÉΓòÉΓòÉΓòÉΓòÉΓòÉΓòÉΓòÉΓòÉΓòÉΓòÉΓòÉΓòÉΓòÉΓòÉ
≡ƒôï STAGING_MODE: true
≡ƒôï Project ID: servioai-staging
≡ƒôï Backend URL: https://us-central1-servioai-staging.cloudfunctions.net
≡ƒôï Use Mock: false
ΓòÉΓòÉΓòÉΓòÉΓòÉΓòÉΓòÉΓòÉΓòÉΓòÉΓòÉΓòÉΓòÉΓòÉΓòÉΓòÉΓòÉΓòÉΓòÉΓòÉΓòÉΓòÉΓòÉΓòÉΓòÉΓòÉΓòÉΓòÉΓòÉΓòÉΓòÉΓò
ÉΓòÉΓòÉΓòÉΓòÉΓòÉΓòÉΓòÉΓòÉΓòÉΓòÉΓòÉΓòÉΓòÉΓòÉΓòÉΓòÉΓòÉΓòÉΓòÉΓòÉΓòÉΓòÉΓòÉ
Γ£à STAGING MODE ATIVO - Backend DESABILITADO!
Γ£à Todas as opera├º├╡es de usu├írio usam Firestore direto!

[90mstdout[2m | tests/payment-errors.test.ts[2m > [22m[2m[E2E-SMOKE] Pagamentos/Stripe Errors[2m > [22m[2mcheckout session 500 ΓåÆ ApiError E_SERVER
[22m[39mXXX DEBUG: firebaseConfig loading
XXX DEBUG: import.meta.env.MODE: test

[90mstderr[2m | tests/payment-errors.test.ts[2m > [22m[2m[E2E-SMOKE] Pagamentos/Stripe 
Errors[2m > [22m[2mcheckout session 500 ΓåÆ ApiError E_SERVER
[22m[39m[firebase] Usando mocks porque a configura├º├úo est├í ausente ou desativada.

[90mstderr[2m | tests/payment-errors.test.ts[2m > [22m[2m[E2E-SMOKE] Pagamentos/Stripe 
Errors[2m > [22m[2mcheckout session 500 ΓåÆ ApiError E_SERVER
[22m[39m≡ƒÜ¿ [API v2] ERRO detectado em /create-checkout-session - ACIONANDO FALLBACK! 
Error: Erro interno do servidor. Tente mais tarde.
    at makeApiError (C:/Users/Admin/Desktop/Talina/Servio.AI/services/api.ts:88:15)
    at apiCall (C:/Users/Admin/Desktop/Talina/Servio.AI/services/api.ts:142:13)
[90m    at processTicksAndRejections (node:internal/process/task_queues:103:5)[39m
    at C:/Users/Admin/Desktop/Talina/Servio.AI/tests/payment-errors.test.ts:14:5
    at [90mfile:///C:/Users/Admin/Desktop/Talina/Servio.AI/[39mnode_modules/[4m@vitest/runne
r[24m/dist/index.js:915:20 {
  code: [32m'E_SERVER'[39m,
  status: [33m500[39m,
  details: { message: [32m'x'[39m }
}
[api] Backend unavailable for /create-checkout-session, triggering fallback Error: Erro 
interno do servidor. Tente mais tarde.
    at makeApiError (C:/Users/Admin/Desktop/Talina/Servio.AI/services/api.ts:88:15)
    at apiCall (C:/Users/Admin/Desktop/Talina/Servio.AI/services/api.ts:142:13)
[90m    at processTicksAndRejections (node:internal/process/task_queues:103:5)[39m
    at C:/Users/Admin/Desktop/Talina/Servio.AI/tests/payment-errors.test.ts:14:5
    at [90mfile:///C:/Users/Admin/Desktop/Talina/Servio.AI/[39mnode_modules/[4m@vitest/runne
r[24m/dist/index.js:915:20 {
  code: [32m'E_SERVER'[39m,
  status: [33m500[39m,
  details: { message: [32m'x'[39m }
}

[90mstderr[2m | tests/payment-errors.test.ts[2m > [22m[2m[E2E-SMOKE] Pagamentos/Stripe 
Errors[2m > [22m[2mreleasePayment conflito 409 ΓåÆ ApiError E_SERVER (normalizado)
[22m[39m≡ƒöº [API v3] Tentando: 
https://us-central1-servioai-staging.cloudfunctions.net/jobs/job-2/release-payment

[90mstderr[2m | tests/payment-errors.test.ts[2m > [22m[2m[E2E-SMOKE] Pagamentos/Stripe 
Errors[2m > [22m[2mreleasePayment conflito 409 ΓåÆ ApiError E_SERVER (normalizado)
[22m[39m≡ƒÜ¿ [API v2] ERRO detectado em /jobs/job-2/release-payment - ACIONANDO FALLBACK! 
Error: Erro interno do servidor. Tente mais tarde.
    at makeApiError (C:/Users/Admin/Desktop/Talina/Servio.AI/services/api.ts:88:15)
    at apiCall (C:/Users/Admin/Desktop/Talina/Servio.AI/services/api.ts:142:13)
[90m    at processTicksAndRejections (node:internal/process/task_queues:103:5)[39m
    at C:/Users/Admin/Desktop/Talina/Servio.AI/tests/payment-errors.test.ts:21:5
    at [90mfile:///C:/Users/Admin/Desktop/Talina/Servio.AI/[39mnode_modules/[4m@vitest/runne
r[24m/dist/index.js:915:20 {
  code: [32m'E_SERVER'[39m,
  status: [33m409[39m,
  details: { message: [32m'x'[39m }
}
[api] Backend unavailable for /jobs/job-2/release-payment, triggering fallback Error: Erro 
interno do servidor. Tente mais tarde.
    at makeApiError (C:/Users/Admin/Desktop/Talina/Servio.AI/services/api.ts:88:15)
    at apiCall (C:/Users/Admin/Desktop/Talina/Servio.AI/services/api.ts:142:13)
[90m    at processTicksAndRejections (node:internal/process/task_queues:103:5)[39m
    at C:/Users/Admin/Desktop/Talina/Servio.AI/tests/payment-errors.test.ts:21:5
    at [90mfile:///C:/Users/Admin/Desktop/Talina/Servio.AI/[39mnode_modules/[4m@vitest/runne
r[24m/dist/index.js:915:20 {
  code: [32m'E_SERVER'[39m,
  status: [33m409[39m,
  details: { message: [32m'x'[39m }
}

[90mstderr[2m | tests/payment-errors.test.ts[2m > [22m[2m[E2E-SMOKE] Pagamentos/Stripe 
Errors[2m > [22m[2mnetwork failure ao confirmar pagamento ΓåÆ ApiError E_NETWORK
[22m[39m≡ƒöº [API v3] Tentando: 
https://us-central1-servioai-staging.cloudfunctions.net/api/payments/confirm

[90mstderr[2m | tests/payment-errors.test.ts[2m > [22m[2m[E2E-SMOKE] Pagamentos/Stripe 
Errors[2m > [22m[2mnetwork failure ao confirmar pagamento ΓåÆ ApiError E_NETWORK
[22m[39m≡ƒÜ¿ [API v2] ERRO detectado em /api/payments/confirm - ACIONANDO FALLBACK! 
TypeError: Network down
    at C:/Users/Admin/Desktop/Talina/Servio.AI/tests/payment-errors.test.ts:25:57
    at [90mfile:///C:/Users/Admin/Desktop/Talina/Servio.AI/[39mnode_modules/[4m@vitest/runne
r[24m/dist/index.js:145:11
    at [90mfile:///C:/Users/Admin/Desktop/Talina/Servio.AI/[39mnode_modules/[4m@vitest/runne
r[24m/dist/index.js:915:26
    at [90mfile:///C:/Users/Admin/Desktop/Talina/Servio.AI/[39mnode_modules/[4m@vitest/runne
r[24m/dist/index.js:1243:20
    at new Promise (<anonymous>)
    at runWithTimeout [90m(file:///C:/Users/Admin/Desktop/Talina/Servio.AI/[39mnode_modules/
[4m@vitest/runner[24m/dist/index.js:1209:10[90m)[39m
    at [90mfile:///C:/Users/Admin/Desktop/Talina/Servio.AI/[39mnode_modules/[4m@vitest/runne
r[24m/dist/index.js:1653:37
    at Traces.$ [90m(file:///C:/Users/Admin/Desktop/Talina/Servio.AI/[39mnode_modules/[4mvit
est[24m/dist/chunks/traces.U4xDYhzZ.js:115:27[90m)[39m
    at trace [90m(file:///C:/Users/Admin/Desktop/Talina/Servio.AI/[39mnode_modules/[4mvitest
[24m/dist/chunks/test.B8ej_ZHS.js:239:21[90m)[39m
    at runTest [90m(file:///C:/Users/Admin/Desktop/Talina/Servio.AI/[39mnode_modules/[4m@vit
est/runner[24m/dist/index.js:1653:12[90m)[39m
[api] Backend unavailable for /api/payments/confirm, triggering fallback TypeError: Network 
down
    at C:/Users/Admin/Desktop/Talina/Servio.AI/tests/payment-errors.test.ts:25:57
    at [90mfile:///C:/Users/Admin/Desktop/Talina/Servio.AI/[39mnode_modules/[4m@vitest/runne
r[24m/dist/index.js:145:11
    at [90mfile:///C:/Users/Admin/Desktop/Talina/Servio.AI/[39mnode_modules/[4m@vitest/runne
r[24m/dist/index.js:915:26
    at [90mfile:///C:/Users/Admin/Desktop/Talina/Servio.AI/[39mnode_modules/[4m@vitest/runne
r[24m/dist/index.js:1243:20
    at new Promise (<anonymous>)
    at runWithTimeout [90m(file:///C:/Users/Admin/Desktop/Talina/Servio.AI/[39mnode_modules/
[4m@vitest/runner[24m/dist/index.js:1209:10[90m)[39m
    at [90mfile:///C:/Users/Admin/Desktop/Talina/Servio.AI/[39mnode_modules/[4m@vitest/runne
r[24m/dist/index.js:1653:37
    at Traces.$ [90m(file:///C:/Users/Admin/Desktop/Talina/Servio.AI/[39mnode_modules/[4mvit
est[24m/dist/chunks/traces.U4xDYhzZ.js:115:27[90m)[39m
    at trace [90m(file:///C:/Users/Admin/Desktop/Talina/Servio.AI/[39mnode_modules/[4mvitest
[24m/dist/chunks/test.B8ej_ZHS.js:239:21[90m)[39m
    at runTest [90m(file:///C:/Users/Admin/Desktop/Talina/Servio.AI/[39mnode_modules/[4m@vit
est/runner[24m/dist/index.js:1653:12[90m)[39m

 [32mΓ£ô[39m tests/payment-errors.test.ts [2m([22m[2m3 tests[22m[2m)[22m[33m 516[2mms[22m[39m
     [33m[2mΓ£ô[22m[39m checkout session 500 ΓåÆ ApiError E_SERVER [33m 503[2mms[22m[39m
[90mstdout[2m | tests/api.matchProviders.test.ts[2m > [22m[2mmatchProvidersForJob[2m > [22m[2mretorna resultado do backend quando sucesso
[22m[39mXXX DEBUG: firebaseConfig loading
XXX DEBUG: import.meta.env.MODE: test

[90mstderr[2m | tests/week2/AdminDashboard.suite.test.tsx[2m > [22m[2mAdminDashboard[2m 
> [22m[2mSection Navigation[2m > [22m[2mshould navigate to users on click
[22m[39m≡ƒöº [API v3] Tentando: https://us-central1-servioai-staging.cloudfunctions.net/users

[90mstderr[2m | tests/api.matchProviders.test.ts[2m > [22m[2mmatchProvidersForJob[2m > 
[22m[2mretorna resultado do backend quando sucesso
[22m[39m[firebase] Usando mocks porque a configura├º├úo est├í ausente ou desativada.

[90mstderr[2m | tests/api.matchProviders.test.ts[2m > [22m[2mmatchProvidersForJob[2m > 
[22m[2mfaz fallback para matching b├ísico quando backend falha
[22m[39m≡ƒöº [API v3] Tentando: 
https://us-central1-servioai-staging.cloudfunctions.net/api/match-providers

[90mstderr[2m | tests/week2/AdminDashboard.suite.test.tsx[2m > [22m[2mAdminDashboard[2m 
> [22m[2mSection Navigation[2m > [22m[2mshould navigate to jobs on click
[22m[39m≡ƒöº [API v3] Tentando: https://us-central1-servioai-staging.cloudfunctions.net/jobs

[90mstderr[2m | tests/api.matchProviders.test.ts[2m > [22m[2mmatchProvidersForJob[2m > 
[22m[2mfaz fallback para matching b├ísico quando backend falha
[22m[39m≡ƒÜ¿ [API v2] ERRO detectado em /api/match-providers - ACIONANDO FALLBACK! Error: 
Network error
    at C:/Users/Admin/Desktop/Talina/Servio.AI/tests/api.matchProviders.test.ts:34:53
    at [90mfile:///C:/Users/Admin/Desktop/Talina/Servio.AI/[39mnode_modules/[4m@vitest/runne
r[24m/dist/index.js:145:11
    at [90mfile:///C:/Users/Admin/Desktop/Talina/Servio.AI/[39mnode_modules/[4m@vitest/runne
r[24m/dist/index.js:915:26
    at [90mfile:///C:/Users/Admin/Desktop/Talina/Servio.AI/[39mnode_modules/[4m@vitest/runne
r[24m/dist/index.js:1243:20
    at new Promise (<anonymous>)
    at runWithTimeout [90m(file:///C:/Users/Admin/Desktop/Talina/Servio.AI/[39mnode_modules/
[4m@vitest/runner[24m/dist/index.js:1209:10[90m)[39m
    at [90mfile:///C:/Users/Admin/Desktop/Talina/Servio.AI/[39mnode_modules/[4m@vitest/runne
r[24m/dist/index.js:1653:37
    at Traces.$ [90m(file:///C:/Users/Admin/Desktop/Talina/Servio.AI/[39mnode_modules/[4mvit
est[24m/dist/chunks/traces.U4xDYhzZ.js:115:27[90m)[39m
    at trace [90m(file:///C:/Users/Admin/Desktop/Talina/Servio.AI/[39mnode_modules/[4mvitest
[24m/dist/chunks/test.B8ej_ZHS.js:239:21[90m)[39m
    at runTest [90m(file:///C:/Users/Admin/Desktop/Talina/Servio.AI/[39mnode_modules/[4m@vit
est/runner[24m/dist/index.js:1653:12[90m)[39m
[api] Backend unavailable for /api/match-providers, triggering fallback Error: Network error
    at C:/Users/Admin/Desktop/Talina/Servio.AI/tests/api.matchProviders.test.ts:34:53
    at [90mfile:///C:/Users/Admin/Desktop/Talina/Servio.AI/[39mnode_modules/[4m@vitest/runne
r[24m/dist/index.js:145:11
    at [90mfile:///C:/Users/Admin/Desktop/Talina/Servio.AI/[39mnode_modules/[4m@vitest/runne
r[24m/dist/index.js:915:26
    at [90mfile:///C:/Users/Admin/Desktop/Talina/Servio.AI/[39mnode_modules/[4m@vitest/runne
r[24m/dist/index.js:1243:20
    at new Promise (<anonymous>)
    at runWithTimeout [90m(file:///C:/Users/Admin/Desktop/Talina/Servio.AI/[39mnode_modules/
[4m@vitest/runner[24m/dist/index.js:1209:10[90m)[39m
    at [90mfile:///C:/Users/Admin/Desktop/Talina/Servio.AI/[39mnode_modules/[4m@vitest/runne
r[24m/dist/index.js:1653:37
    at Traces.$ [90m(file:///C:/Users/Admin/Desktop/Talina/Servio.AI/[39mnode_modules/[4mvit
est[24m/dist/chunks/traces.U4xDYhzZ.js:115:27[90m)[39m
    at trace [90m(file:///C:/Users/Admin/Desktop/Talina/Servio.AI/[39mnode_modules/[4mvitest
[24m/dist/chunks/test.B8ej_ZHS.js:239:21[90m)[39m
    at runTest [90m(file:///C:/Users/Admin/Desktop/Talina/Servio.AI/[39mnode_modules/[4m@vit
est/runner[24m/dist/index.js:1653:12[90m)[39m

[90mstderr[2m | tests/api.matchProviders.test.ts[2m > [22m[2mmatchProvidersForJob[2m > 
[22m[2mfaz fallback para matching b├ísico quando backend falha
[22m[39mAI matching failed, using basic local matching
≡ƒöº [API v3] Tentando: https://us-central1-servioai-staging.cloudfunctions.net/users?type=pres
tador&verificationStatus=verificado

[90mstderr[2m | tests/api.matchProviders.test.ts[2m > [22m[2mmatchProvidersForJob[2m > 
[22m[2mfaz fallback para matching b├ísico quando backend falha
[22m[39m≡ƒÜ¿ [API v2] ERRO detectado em /users?type=prestador&verificationStatus=verificado 
- ACIONANDO FALLBACK! Error: Network error
    at C:/Users/Admin/Desktop/Talina/Servio.AI/tests/api.matchProviders.test.ts:38:53
    at [90mfile:///C:/Users/Admin/Desktop/Talina/Servio.AI/[39mnode_modules/[4m@vitest/runne
r[24m/dist/index.js:145:11
    at [90mfile:///C:/Users/Admin/Desktop/Talina/Servio.AI/[39mnode_modules/[4m@vitest/runne
r[24m/dist/index.js:915:26
    at [90mfile:///C:/Users/Admin/Desktop/Talina/Servio.AI/[39mnode_modules/[4m@vitest/runne
r[24m/dist/index.js:1243:20
    at new Promise (<anonymous>)
    at runWithTimeout [90m(file:///C:/Users/Admin/Desktop/Talina/Servio.AI/[39mnode_modules/
[4m@vitest/runner[24m/dist/index.js:1209:10[90m)[39m
    at [90mfile:///C:/Users/Admin/Desktop/Talina/Servio.AI/[39mnode_modules/[4m@vitest/runne
r[24m/dist/index.js:1653:37
    at Traces.$ [90m(file:///C:/Users/Admin/Desktop/Talina/Servio.AI/[39mnode_modules/[4mvit
est[24m/dist/chunks/traces.U4xDYhzZ.js:115:27[90m)[39m
    at trace [90m(file:///C:/Users/Admin/Desktop/Talina/Servio.AI/[39mnode_modules/[4mvitest
[24m/dist/chunks/test.B8ej_ZHS.js:239:21[90m)[39m
    at runTest [90m(file:///C:/Users/Admin/Desktop/Talina/Servio.AI/[39mnode_modules/[4m@vit
est/runner[24m/dist/index.js:1653:12[90m)[39m
[api] Backend unavailable for /users?type=prestador&verificationStatus=verificado, triggering 
fallback Error: Network error
    at C:/Users/Admin/Desktop/Talina/Servio.AI/tests/api.matchProviders.test.ts:38:53
    at [90mfile:///C:/Users/Admin/Desktop/Talina/Servio.AI/[39mnode_modules/[4m@vitest/runne
r[24m/dist/index.js:145:11
    at [90mfile:///C:/Users/Admin/Desktop/Talina/Servio.AI/[39mnode_modules/[4m@vitest/runne
r[24m/dist/index.js:915:26
    at [90mfile:///C:/Users/Admin/Desktop/Talina/Servio.AI/[39mnode_modules/[4m@vitest/runne
r[24m/dist/index.js:1243:20
    at new Promise (<anonymous>)
    at runWithTimeout [90m(file:///C:/Users/Admin/Desktop/Talina/Servio.AI/[39mnode_modules/
[4m@vitest/runner[24m/dist/index.js:1209:10[90m)[39m
    at [90mfile:///C:/Users/Admin/Desktop/Talina/Servio.AI/[39mnode_modules/[4m@vitest/runne
r[24m/dist/index.js:1653:37
    at Traces.$ [90m(file:///C:/Users/Admin/Desktop/Talina/Servio.AI/[39mnode_modules/[4mvit
est[24m/dist/chunks/traces.U4xDYhzZ.js:115:27[90m)[39m
    at trace [90m(file:///C:/Users/Admin/Desktop/Talina/Servio.AI/[39mnode_modules/[4mvitest
[24m/dist/chunks/test.B8ej_ZHS.js:239:21[90m)[39m
    at runTest [90m(file:///C:/Users/Admin/Desktop/Talina/Servio.AI/[39mnode_modules/[4m@vit
est/runner[24m/dist/index.js:1653:12[90m)[39m

[90mstderr[2m | tests/api.matchProviders.test.ts[2m > [22m[2mmatchProvidersForJob[2m > 
[22m[2mfaz fallback para matching b├ísico quando backend falha
[22m[39mFailed to fetch providers from backend, using mock data

[90mstderr[2m | tests/api.matchProviders.test.ts[2m > [22m[2mmatchProvidersForJob[2m > 
[22m[2mfiltra providers por dist├óncia quando especificado
[22m[39m≡ƒöº [API v3] Tentando: 
https://us-central1-servioai-staging.cloudfunctions.net/api/match-providers

[90mstderr[2m | tests/api.matchProviders.test.ts[2m > [22m[2mmatchProvidersForJob[2m > 
[22m[2mretorna array vazio quando nenhum provider est├í dispon├¡vel
[22m[39m≡ƒöº [API v3] Tentando: 
https://us-central1-servioai-staging.cloudfunctions.net/api/match-providers

[90mstderr[2m | tests/api.matchProviders.test.ts[2m > [22m[2mmatchProvidersForJob[2m > 
[22m[2mordena providers por score decrescente
[22m[39m≡ƒöº [API v3] Tentando: 
https://us-central1-servioai-staging.cloudfunctions.net/api/match-providers

[90mstderr[2m | tests/api.matchProviders.test.ts[2m > [22m[2mmatchProvidersForJob[2m > 
[22m[2minclui raz├úo do match para cada provider
[22m[39m≡ƒöº [API v3] Tentando: 
https://us-central1-servioai-staging.cloudfunctions.net/api/match-providers

 [32mΓ£ô[39m tests/api.matchProviders.test.ts [2m([22m[2m6 tests[22m[2m)[22m[33m 612[2mms[22m[39m
     [33m[2mΓ£ô[22m[39m retorna resultado do backend quando sucesso [33m 570[2mms[22m[39m
 [32mΓ£ô[39m tests/AdminDashboard.test.tsx [2m([22m[2m7 tests[22m[2m)[22m[33m 634[2mms[22m[39m
[90mstdout[2m | tests/ProspectorCRM.test.tsx
[22m[39mXXX DEBUG: firebaseConfig loading
XXX DEBUG: import.meta.env.MODE: test

[90mstderr[2m | tests/ProspectorCRM.test.tsx
[22m[39m[firebase] Usando mocks porque a configura├º├úo est├í ausente ou desativada.

 [32mΓ£ô[39m tests/week2/AdminDashboard.suite.test.tsx [2m([22m[2m32 tests[22m[2m)[22m[33m 622[2mms[22m[39m
[90mstderr[2m | tests/api.coverage.bump.test.ts
[22m[39mΓòÉΓòÉΓòÉΓòÉΓòÉΓòÉΓòÉΓòÉΓòÉΓòÉΓòÉΓòÉΓòÉΓòÉΓòÉΓòÉΓòÉΓòÉΓòÉΓòÉΓòÉΓòÉΓòÉΓòÉΓòÉΓòÉΓòÉΓòÉΓ
òÉΓòÉΓòÉΓòÉΓòÉΓòÉΓòÉΓòÉΓòÉΓòÉΓòÉΓòÉΓòÉΓòÉΓòÉΓòÉΓòÉΓòÉΓòÉΓòÉΓòÉΓòÉΓòÉΓòÉΓòÉΓòÉΓòÉ
≡ƒöº API SERVICE INICIADO - VERS├âO 2026-01-09
ΓòÉΓòÉΓòÉΓòÉΓòÉΓòÉΓòÉΓòÉΓòÉΓòÉΓòÉΓòÉΓòÉΓòÉΓòÉΓòÉΓòÉΓòÉΓòÉΓòÉΓòÉΓòÉΓòÉΓòÉΓòÉΓòÉΓòÉΓòÉΓòÉΓòÉΓòÉΓò
ÉΓòÉΓòÉΓòÉΓòÉΓòÉΓòÉΓòÉΓòÉΓòÉΓòÉΓòÉΓòÉΓòÉΓòÉΓòÉΓòÉΓòÉΓòÉΓòÉΓòÉΓòÉΓòÉΓòÉ
≡ƒôï STAGING_MODE: true
≡ƒôï Project ID: servioai-staging
≡ƒôï Backend URL: https://us-central1-servioai-staging.cloudfunctions.net
≡ƒôï Use Mock: false
ΓòÉΓòÉΓòÉΓòÉΓòÉΓòÉΓòÉΓòÉΓòÉΓòÉΓòÉΓòÉΓòÉΓòÉΓòÉΓòÉΓòÉΓòÉΓòÉΓòÉΓòÉΓòÉΓòÉΓòÉΓòÉΓòÉΓòÉΓòÉΓòÉΓòÉΓòÉΓò
ÉΓòÉΓòÉΓòÉΓòÉΓòÉΓòÉΓòÉΓòÉΓòÉΓòÉΓòÉΓòÉΓòÉΓòÉΓòÉΓòÉΓòÉΓòÉΓòÉΓòÉΓòÉΓòÉΓòÉ
Γ£à STAGING MODE ATIVO - Backend DESABILITADO!
Γ£à Todas as opera├º├╡es de usu├írio usam Firestore direto!

[90mstderr[2m | tests/api.coverage.bump.test.ts[2m > [22m[2mAPI Service ΓÇô cobertura 
adicional pontual[2m > [22m[2mfetchProposals: sucesso e fallback para MOCK_PROPOSALS quando 
falha
[22m[39m≡ƒöº [API v3] Tentando: 
https://us-central1-servioai-staging.cloudfunctions.net/proposals

[90mstderr[2m | tests/api.admin.test.ts
[22m[39mΓòÉΓòÉΓòÉΓòÉΓòÉΓòÉΓòÉΓòÉΓòÉΓòÉΓòÉΓòÉΓòÉΓòÉΓòÉΓòÉΓòÉΓòÉΓòÉΓòÉΓòÉΓòÉΓòÉΓòÉΓòÉΓòÉΓòÉΓòÉΓ
òÉΓòÉΓòÉΓòÉΓòÉΓòÉΓòÉΓòÉΓòÉΓòÉΓòÉΓòÉΓòÉΓòÉΓòÉΓòÉΓòÉΓòÉΓòÉΓòÉΓòÉΓòÉΓòÉΓòÉΓòÉΓòÉΓòÉ
≡ƒöº API SERVICE INICIADO - VERS├âO 2026-01-09
ΓòÉΓòÉΓòÉΓòÉΓòÉΓòÉΓòÉΓòÉΓòÉΓòÉΓòÉΓòÉΓòÉΓòÉΓòÉΓòÉΓòÉΓòÉΓòÉΓòÉΓòÉΓòÉΓòÉΓòÉΓòÉΓòÉΓòÉΓòÉΓòÉΓòÉΓòÉΓò
ÉΓòÉΓòÉΓòÉΓòÉΓòÉΓòÉΓòÉΓòÉΓòÉΓòÉΓòÉΓòÉΓòÉΓòÉΓòÉΓòÉΓòÉΓòÉΓòÉΓòÉΓòÉΓòÉΓòÉ
≡ƒôï STAGING_MODE: true
≡ƒôï Project ID: servioai-staging
≡ƒôï Backend URL: https://us-central1-servioai-staging.cloudfunctions.net
≡ƒôï Use Mock: false
ΓòÉΓòÉΓòÉΓòÉΓòÉΓòÉΓòÉΓòÉΓòÉΓòÉΓòÉΓòÉΓòÉΓòÉΓòÉΓòÉΓòÉΓòÉΓòÉΓòÉΓòÉΓòÉΓòÉΓòÉΓòÉΓòÉΓòÉΓòÉΓòÉΓòÉΓòÉΓò
ÉΓòÉΓòÉΓòÉΓòÉΓòÉΓòÉΓòÉΓòÉΓòÉΓòÉΓòÉΓòÉΓòÉΓòÉΓòÉΓòÉΓòÉΓòÉΓòÉΓòÉΓòÉΓòÉΓòÉ
Γ£à STAGING MODE ATIVO - Backend DESABILITADO!
Γ£à Todas as opera├º├╡es de usu├írio usam Firestore direto!

[90mstderr[2m | tests/api.admin.test.ts[2m > [22m[2mAdmin Provider Management[2m > 
[22m[2msuspende um provedor com motivo
[22m[39m≡ƒöº [API v3] Tentando: 
https://us-central1-servioai-staging.cloudfunctions.net/admin/providers/prov@test.com/suspend

 [32mΓ£ô[39m tests/components/AddItemModal.test.tsx [2m([22m[2m7 tests[22m[2m)[22m[33m 453[2mms[22m[39m
[90mstderr[2m | tests/ProspectorCRM.test.tsx[2m > [22m[2mProspectorCRM[2m > 
[22m[2mshows loading indicator initially
[22m[39mWarning: An update to ProspectorCRM inside a test was not wrapped in act(...).

When testing, code that causes React state updates should be wrapped into act(...):

act(() => {
  /* fire events that update state */
});
/* assert on the output */

This ensures that you're testing the behavior the user would see in the browser. Learn more at 
https://reactjs.org/link/wrap-tests-with-act
    at ProspectorCRM 
(C:/Users/Admin/Desktop/Talina/Servio.AI/src/components/ProspectorCRM.tsx:17:26)
Warning: An update to ProspectorCRM inside a test was not wrapped in act(...).

When testing, code that causes React state updates should be wrapped into act(...):

act(() => {
  /* fire events that update state */
});
/* assert on the output */

This ensures that you're testing the behavior the user would see in the browser. Learn more at 
https://reactjs.org/link/wrap-tests-with-act
    at ProspectorCRM 
(C:/Users/Admin/Desktop/Talina/Servio.AI/src/components/ProspectorCRM.tsx:17:26)

[90mstderr[2m | tests/ProspectorCRM.test.tsx[2m > [22m[2mProspectorCRM[2m > 
[22m[2mhandles Firebase errors gracefully
[22m[39m[ProspectorCRM] Error loading leads: Error: Firebase error
    at C:/Users/Admin/Desktop/Talina/Servio.AI/tests/ProspectorCRM.test.tsx:259:57
    at [90mfile:///C:/Users/Admin/Desktop/Talina/Servio.AI/[39mnode_modules/[4m@vitest/runne
r[24m/dist/index.js:145:11
    at [90mfile:///C:/Users/Admin/Desktop/Talina/Servio.AI/[39mnode_modules/[4m@vitest/runne
r[24m/dist/index.js:915:26
    at [90mfile:///C:/Users/Admin/Desktop/Talina/Servio.AI/[39mnode_modules/[4m@vitest/runne
r[24m/dist/index.js:1243:20
    at new Promise (<anonymous>)
    at runWithTimeout [90m(file:///C:/Users/Admin/Desktop/Talina/Servio.AI/[39mnode_modules/
[4m@vitest/runner[24m/dist/index.js:1209:10[90m)[39m
    at [90mfile:///C:/Users/Admin/Desktop/Talina/Servio.AI/[39mnode_modules/[4m@vitest/runne
r[24m/dist/index.js:1653:37
    at Traces.$ [90m(file:///C:/Users/Admin/Desktop/Talina/Servio.AI/[39mnode_modules/[4mvit
est[24m/dist/chunks/traces.U4xDYhzZ.js:115:27[90m)[39m
    at trace [90m(file:///C:/Users/Admin/Desktop/Talina/Servio.AI/[39mnode_modules/[4mvitest
[24m/dist/chunks/test.B8ej_ZHS.js:239:21[90m)[39m
    at runTest [90m(file:///C:/Users/Admin/Desktop/Talina/Servio.AI/[39mnode_modules/[4m@vit
est/runner[24m/dist/index.js:1653:12[90m)[39m

[90mstdout[2m | tests/api.coverage.bump.test.ts[2m > [22m[2mAPI Service ΓÇô cobertura adicional pontual[2m > [22m[2mfetchProposals: sucesso e fallback para MOCK_PROPOSALS quando falha
[22m[39mXXX DEBUG: firebaseConfig loading
XXX DEBUG: import.meta.env.MODE: test

[90mstderr[2m | tests/api.coverage.bump.test.ts[2m > [22m[2mAPI Service ΓÇô cobertura 
adicional pontual[2m > [22m[2mfetchProposals: sucesso e fallback para MOCK_PROPOSALS quando 
falha
[22m[39m[firebase] Usando mocks porque a configura├º├úo est├í ausente ou desativada.

[90mstderr[2m | tests/api.coverage.bump.test.ts[2m > [22m[2mAPI Service ΓÇô cobertura 
adicional pontual[2m > [22m[2mfetchProposals: sucesso e fallback para MOCK_PROPOSALS quando 
falha
[22m[39m≡ƒöº [API v3] Tentando: 
https://us-central1-servioai-staging.cloudfunctions.net/proposals

[90mstderr[2m | tests/api.coverage.bump.test.ts[2m > [22m[2mAPI Service ΓÇô cobertura 
adicional pontual[2m > [22m[2mfetchProposals: sucesso e fallback para MOCK_PROPOSALS quando 
falha
[22m[39m≡ƒÜ¿ [API v2] ERRO detectado em /proposals - ACIONANDO FALLBACK! Error: down
    at C:/Users/Admin/Desktop/Talina/Servio.AI/tests/api.coverage.bump.test.ts:26:53
[90m    at processTicksAndRejections (node:internal/process/task_queues:103:5)[39m
    at [90mfile:///C:/Users/Admin/Desktop/Talina/Servio.AI/[39mnode_modules/[4m@vitest/runne
r[24m/dist/index.js:915:20
[api] Backend unavailable for /proposals, triggering fallback Error: down
    at C:/Users/Admin/Desktop/Talina/Servio.AI/tests/api.coverage.bump.test.ts:26:53
[90m    at processTicksAndRejections (node:internal/process/task_queues:103:5)[39m
    at [90mfile:///C:/Users/Admin/Desktop/Talina/Servio.AI/[39mnode_modules/[4m@vitest/runne
r[24m/dist/index.js:915:20

[90mstderr[2m | tests/api.coverage.bump.test.ts[2m > [22m[2mAPI Service ΓÇô cobertura 
adicional pontual[2m > [22m[2mfetchProposals: sucesso e fallback para MOCK_PROPOSALS quando 
falha
[22m[39mFailed to fetch proposals, using mock data

[90mstderr[2m | tests/api.coverage.bump.test.ts[2m > [22m[2mAPI Service ΓÇô cobertura 
adicional pontual[2m > [22m[2mfetchDisputes: fallback para [] quando backend falha
[22m[39m≡ƒöº [API v3] Tentando: 
https://us-central1-servioai-staging.cloudfunctions.net/disputes

[90mstderr[2m | tests/api.coverage.bump.test.ts[2m > [22m[2mAPI Service ΓÇô cobertura 
adicional pontual[2m > [22m[2mfetchDisputes: fallback para [] quando backend falha
[22m[39m≡ƒÜ¿ [API v2] ERRO detectado em /disputes - ACIONANDO FALLBACK! Error: offline
    at C:/Users/Admin/Desktop/Talina/Servio.AI/tests/api.coverage.bump.test.ts:33:53
    at [90mfile:///C:/Users/Admin/Desktop/Talina/Servio.AI/[39mnode_modules/[4m@vitest/runne
r[24m/dist/index.js:145:11
    at [90mfile:///C:/Users/Admin/Desktop/Talina/Servio.AI/[39mnode_modules/[4m@vitest/runne
r[24m/dist/index.js:915:26
    at [90mfile:///C:/Users/Admin/Desktop/Talina/Servio.AI/[39mnode_modules/[4m@vitest/runne
r[24m/dist/index.js:1243:20
    at new Promise (<anonymous>)
    at runWithTimeout [90m(file:///C:/Users/Admin/Desktop/Talina/Servio.AI/[39mnode_modules/
[4m@vitest/runner[24m/dist/index.js:1209:10[90m)[39m
    at [90mfile:///C:/Users/Admin/Desktop/Talina/Servio.AI/[39mnode_modules/[4m@vitest/runne
r[24m/dist/index.js:1653:37
    at Traces.$ [90m(file:///C:/Users/Admin/Desktop/Talina/Servio.AI/[39mnode_modules/[4mvit
est[24m/dist/chunks/traces.U4xDYhzZ.js:115:27[90m)[39m
    at trace [90m(file:///C:/Users/Admin/Desktop/Talina/Servio.AI/[39mnode_modules/[4mvitest
[24m/dist/chunks/test.B8ej_ZHS.js:239:21[90m)[39m
    at runTest [90m(file:///C:/Users/Admin/Desktop/Talina/Servio.AI/[39mnode_modules/[4m@vit
est/runner[24m/dist/index.js:1653:12[90m)[39m
[api] Backend unavailable for /disputes, triggering fallback Error: offline
    at C:/Users/Admin/Desktop/Talina/Servio.AI/tests/api.coverage.bump.test.ts:33:53
    at [90mfile:///C:/Users/Admin/Desktop/Talina/Servio.AI/[39mnode_modules/[4m@vitest/runne
r[24m/dist/index.js:145:11
    at [90mfile:///C:/Users/Admin/Desktop/Talina/Servio.AI/[39mnode_modules/[4m@vitest/runne
r[24m/dist/index.js:915:26
    at [90mfile:///C:/Users/Admin/Desktop/Talina/Servio.AI/[39mnode_modules/[4m@vitest/runne
r[24m/dist/index.js:1243:20
    at new Promise (<anonymous>)
    at runWithTimeout [90m(file:///C:/Users/Admin/Desktop/Talina/Servio.AI/[39mnode_modules/
[4m@vitest/runner[24m/dist/index.js:1209:10[90m)[39m
    at [90mfile:///C:/Users/Admin/Desktop/Talina/Servio.AI/[39mnode_modules/[4m@vitest/runne
r[24m/dist/index.js:1653:37
    at Traces.$ [90m(file:///C:/Users/Admin/Desktop/Talina/Servio.AI/[39mnode_modules/[4mvit
est[24m/dist/chunks/traces.U4xDYhzZ.js:115:27[90m)[39m
    at trace [90m(file:///C:/Users/Admin/Desktop/Talina/Servio.AI/[39mnode_modules/[4mvitest
[24m/dist/chunks/test.B8ej_ZHS.js:239:21[90m)[39m
    at runTest [90m(file:///C:/Users/Admin/Desktop/Talina/Servio.AI/[39mnode_modules/[4m@vit
est/runner[24m/dist/index.js:1653:12[90m)[39m

[90mstderr[2m | tests/api.coverage.bump.test.ts[2m > [22m[2mAPI Service ΓÇô cobertura 
adicional pontual[2m > [22m[2mfetchDisputes: fallback para [] quando backend falha
[22m[39mFailed to fetch disputes from backend, using mock data

 [32mΓ£ô[39m tests/ProspectorCRM.test.tsx [2m([22m[2m28 tests[22m[2m)[22m[33m 602[2mms[22m[39m
[90mstderr[2m | tests/api.coverage.bump.test.ts[2m > [22m[2mAPI Service ΓÇô cobertura 
adicional pontual[2m > [22m[2mfetchJobById: sucesso e fallback quando backend falha
[22m[39m≡ƒöº [API v3] Tentando: 
https://us-central1-servioai-staging.cloudfunctions.net/jobs/job-3

[90mstderr[2m | tests/api.coverage.bump.test.ts[2m > [22m[2mAPI Service ΓÇô cobertura 
adicional pontual[2m > [22m[2mfetchJobById: sucesso e fallback quando backend falha
[22m[39m≡ƒöº [API v3] Tentando: 
https://us-central1-servioai-staging.cloudfunctions.net/jobs/job-3

[90mstderr[2m | tests/api.coverage.bump.test.ts[2m > [22m[2mAPI Service ΓÇô cobertura 
adicional pontual[2m > [22m[2mfetchJobById: sucesso e fallback quando backend falha
[22m[39m≡ƒÜ¿ [API v2] ERRO detectado em /jobs/job-3 - ACIONANDO FALLBACK! Error: timeout
    at C:/Users/Admin/Desktop/Talina/Servio.AI/tests/api.coverage.bump.test.ts:48:53
[90m    at processTicksAndRejections (node:internal/process/task_queues:103:5)[39m
    at [90mfile:///C:/Users/Admin/Desktop/Talina/Servio.AI/[39mnode_modules/[4m@vitest/runne
r[24m/dist/index.js:915:20
[api] Backend unavailable for /jobs/job-3, triggering fallback Error: timeout
    at C:/Users/Admin/Desktop/Talina/Servio.AI/tests/api.coverage.bump.test.ts:48:53
[90m    at processTicksAndRejections (node:internal/process/task_queues:103:5)[39m
    at [90mfile:///C:/Users/Admin/Desktop/Talina/Servio.AI/[39mnode_modules/[4m@vitest/runne
r[24m/dist/index.js:915:20

[90mstderr[2m | tests/api.coverage.bump.test.ts[2m > [22m[2mAPI Service ΓÇô cobertura 
adicional pontual[2m > [22m[2mfetchJobById: sucesso e fallback quando backend falha
[22m[39mFailed to fetch job job-3, using mock data

 [32mΓ£ô[39m tests/api.coverage.bump.test.ts [2m([22m[2m3 tests[22m[2m)[22m[33m 529[2mms[22m[39m
     [33m[2mΓ£ô[22m[39m fetchProposals: sucesso e fallback para MOCK_PROPOSALS quando falha [33m 513[2mms[22m[39m
[90mstdout[2m | tests/api.admin.test.ts[2m > [22m[2mAdmin Provider Management[2m > [22m[2msuspende um provedor com motivo
[22m[39mXXX DEBUG: firebaseConfig loading
XXX DEBUG: import.meta.env.MODE: test

[90mstderr[2m | tests/api.admin.test.ts[2m > [22m[2mAdmin Provider Management[2m > 
[22m[2msuspende um provedor com motivo
[22m[39m[firebase] Usando mocks porque a configura├º├úo est├í ausente ou desativada.

[90mstderr[2m | tests/api.admin.test.ts[2m > [22m[2mAdmin Provider Management[2m > 
[22m[2mreativa um provedor
[22m[39m≡ƒöº [API v3] Tentando: https://us-central1-servioai-staging.cloudfunctions.net/admin
/providers/prov@test.com/reactivate

[90mstderr[2m | tests/api.admin.test.ts[2m > [22m[2mAdmin Provider Management[2m > 
[22m[2matualiza status de verifica├º├úo
[22m[39m≡ƒöº [API v3] Tentando: https://us-central1-servioai-staging.cloudfunctions.net/admin
/providers/prov@test.com/verification

 [32mΓ£ô[39m tests/api.admin.test.ts [2m([22m[2m3 tests[22m[2m)[22m[33m 497[2mms[22m[39m
     [33m[2mΓ£ô[22m[39m suspende um provedor com motivo [33m 479[2mms[22m[39m
AggregateError: 
    at internalConnectMultiple (node:net:1134:18)
    at afterConnectMultiple (node:net:1715:7) {
  code: 'ECONNREFUSED',
  [errors]: [
    Error: connect ECONNREFUSED ::1:5173
        at createConnectionError (node:net:1678:14)
        at afterConnectMultiple (node:net:1708:16) {
      errno: -4078,
      code: 'ECONNREFUSED',
      syscall: 'connect',
      address: '::1',
      port: 5173
    },
    Error: connect ECONNREFUSED 127.0.0.1:5173
        at createConnectionError (node:net:1678:14)
        at afterConnectMultiple (node:net:1708:16) {
      errno: -4078,
      code: 'ECONNREFUSED',
      syscall: 'connect',
      address: '127.0.0.1',
      port: 5173
    }
  ]
}
[90mstderr[2m | tests/ai-fallback.test.ts[2m > [22m[2m[E2E-SMOKE] AI Fallback[2m > 
[22m[2menhanceJobRequest ΓåÆ retorna objeto heur├¡stico quando backend falha
[22m[39m[enhanceJobRequest] Fallback heuristic used due to AI backend error: Error: Gemini 
endpoint unreachable
    at fetchFromBackend 
(C:/Users/Admin/Desktop/Talina/Servio.AI/services/geminiService.ts:146:13)
[90m    at processTicksAndRejections (node:internal/process/task_queues:103:5)[39m
    at enhanceJobRequest 
(C:/Users/Admin/Desktop/Talina/Servio.AI/services/geminiService.ts:162:12)
    at C:/Users/Admin/Desktop/Talina/Servio.AI/tests/ai-fallback.test.ts:12:20
    at [90mfile:///C:/Users/Admin/Desktop/Talina/Servio.AI/[39mnode_modules/[4m@vitest/runne
r[24m/dist/index.js:915:20

AggregateError: 
    at internalConnectMultiple (node:net:1134:18)
    at afterConnectMultiple (node:net:1715:7) {
  code: 'ECONNREFUSED',
  [errors]: [
    Error: connect ECONNREFUSED ::1:5173
        at createConnectionError (node:net:1678:14)
        at afterConnectMultiple (node:net:1708:16) {
      errno: -4078,
      code: 'ECONNREFUSED',
      syscall: 'connect',
      address: '::1',
      port: 5173
    },
    Error: connect ECONNREFUSED 127.0.0.1:5173
        at createConnectionError (node:net:1678:14)
        at afterConnectMultiple (node:net:1708:16) {
      errno: -4078,
      code: 'ECONNREFUSED',
      syscall: 'connect',
      address: '127.0.0.1',
      port: 5173
    }
  ]
}
 [32mΓ£ô[39m tests/ai-fallback.test.ts [2m([22m[2m2 tests[22m[2m)[22m[33m 448[2mms[22m[39m
     [33m[2mΓ£ô[22m[39m enhanceJobRequest ΓåÆ retorna objeto heur├¡stico quando backend falha [33m 434[2mms[22m[39m
 [32mΓ£ô[39m tests/ProviderDashboard.actions.test.tsx [2m([22m[2m6 tests[22m[2m)[22m[33m 366[2mms[22m[39m
[90mstderr[2m | tests/hooks/useProspectorStats.test.ts[2m > [22m[2museProspectorStats[2m 
> [22m[2mreturns initial loading state
[22m[39mWarning: An update to TestComponent inside a test was not wrapped in act(...).

When testing, code that causes React state updates should be wrapped into act(...):

act(() => {
  /* fire events that update state */
});
/* assert on the output */

This ensures that you're testing the behavior the user would see in the browser. Learn more at 
https://reactjs.org/link/wrap-tests-with-act
    at TestComponent (C:\Users\Admin\Desktop\Talina\Servio.AI\node_modules\@testing-library\rea
ct\dist\pure.js:328:5)
Warning: An update to TestComponent inside a test was not wrapped in act(...).

When testing, code that causes React state updates should be wrapped into act(...):

act(() => {
  /* fire events that update state */
});
/* assert on the output */

This ensures that you're testing the behavior the user would see in the browser. Learn more at 
https://reactjs.org/link/wrap-tests-with-act
    at TestComponent (C:\Users\Admin\Desktop\Talina\Servio.AI\node_modules\@testing-library\rea
ct\dist\pure.js:328:5)
Warning: An update to TestComponent inside a test was not wrapped in act(...).

When testing, code that causes React state updates should be wrapped into act(...):

act(() => {
  /* fire events that update state */
});
/* assert on the output */

This ensures that you're testing the behavior the user would see in the browser. Learn more at 
https://reactjs.org/link/wrap-tests-with-act
    at TestComponent (C:\Users\Admin\Desktop\Talina\Servio.AI\node_modules\@testing-library\rea
ct\dist\pure.js:328:5)
Warning: An update to TestComponent inside a test was not wrapped in act(...).

When testing, code that causes React state updates should be wrapped into act(...):

act(() => {
  /* fire events that update state */
});
/* assert on the output */

This ensures that you're testing the behavior the user would see in the browser. Learn more at 
https://reactjs.org/link/wrap-tests-with-act
    at TestComponent (C:\Users\Admin\Desktop\Talina\Servio.AI\node_modules\@testing-library\rea
ct\dist\pure.js:328:5)

 [32mΓ£ô[39m tests/components/HeroSection.test.tsx [2m([22m[2m12 tests[22m[2m)[22m[33m 479[2mms[22m[39m
[90mstderr[2m | tests/hooks/useProspectorStats.test.ts[2m > [22m[2museProspectorStats[2m 
> [22m[2mreloads data when reload is called
[22m[39mWarning: An update to TestComponent inside a test was not wrapped in act(...).

When testing, code that causes React state updates should be wrapped into act(...):

act(() => {
  /* fire events that update state */
});
/* assert on the output */

This ensures that you're testing the behavior the user would see in the browser. Learn more at 
https://reactjs.org/link/wrap-tests-with-act
    at TestComponent (C:\Users\Admin\Desktop\Talina\Servio.AI\node_modules\@testing-library\rea
ct\dist\pure.js:328:5)
Warning: An update to TestComponent inside a test was not wrapped in act(...).

When testing, code that causes React state updates should be wrapped into act(...):

act(() => {
  /* fire events that update state */
});
/* assert on the output */

This ensures that you're testing the behavior the user would see in the browser. Learn more at 
https://reactjs.org/link/wrap-tests-with-act
    at TestComponent (C:\Users\Admin\Desktop\Talina\Servio.AI\node_modules\@testing-library\rea
ct\dist\pure.js:328:5)

 [32mΓ£ô[39m tests/hooks/useProspectorStats.test.ts [2m([22m[2m5 tests[22m[2m)[22m[32m 277[2mms[22m[39m
 [32mΓ£ô[39m tests/components/ReviewModal.test.tsx [2m([22m[2m11 tests[22m[2m)[22m[32m 292[2mms[22m[39m
 [32mΓ£ô[39m tests/components/Chart_AnalyticsCard.comprehensive.test.tsx [2m([22m[2m53 tests[22m[2m)[22m[33m 361[2mms[22m[39m
 [32mΓ£ô[39m tests/components/LeadScoreCard.test.tsx [2m([22m[2m16 tests[22m[2m)[22m[33m 320[2mms[22m[39m
[90mstderr[2m | tests/geminiService.test.ts[2m > [22m[2mgeminiService[2m > 
[22m[2menhanceJobRequest falls back to heuristic on backend failure
[22m[39m[enhanceJobRequest] Fallback heuristic used due to AI backend error: TypeError: 
Cannot read properties of undefined (reading 'catch')
    at fetchFromBackend 
(C:/Users/Admin/Desktop/Talina/Servio.AI/services/geminiService.ts:143:6)
    at enhanceJobRequest 
(C:/Users/Admin/Desktop/Talina/Servio.AI/services/geminiService.ts:162:12)
    at C:/Users/Admin/Desktop/Talina/Servio.AI/tests/geminiService.test.ts:40:20
    at [90mfile:///C:/Users/Admin/Desktop/Talina/Servio.AI/[39mnode_modules/[4m@vitest/runne
r[24m/dist/index.js:915:20

 [32mΓ£ô[39m tests/geminiService.test.ts [2m([22m[2m3 tests[22m[2m)[22m[33m 343[2mms[22m[39m
     [33m[2mΓ£ô[22m[39m enhanceJobRequest falls back to heuristic on backend failure [33m 336[2mms[22m[39m
[90mstderr[2m | tests/components/AdminFinancials.test.tsx
[22m[39mΓòÉΓòÉΓòÉΓòÉΓòÉΓòÉΓòÉΓòÉΓòÉΓòÉΓòÉΓòÉΓòÉΓòÉΓòÉΓòÉΓòÉΓòÉΓòÉΓòÉΓòÉΓòÉΓòÉΓòÉΓòÉΓòÉΓòÉΓòÉΓ
òÉΓòÉΓòÉΓòÉΓòÉΓòÉΓòÉΓòÉΓòÉΓòÉΓòÉΓòÉΓòÉΓòÉΓòÉΓòÉΓòÉΓòÉΓòÉΓòÉΓòÉΓòÉΓòÉΓòÉΓòÉΓòÉΓòÉ
≡ƒöº API SERVICE INICIADO - VERS├âO 2026-01-09
ΓòÉΓòÉΓòÉΓòÉΓòÉΓòÉΓòÉΓòÉΓòÉΓòÉΓòÉΓòÉΓòÉΓòÉΓòÉΓòÉΓòÉΓòÉΓòÉΓòÉΓòÉΓòÉΓòÉΓòÉΓòÉΓòÉΓòÉΓòÉΓòÉΓòÉΓòÉΓò
ÉΓòÉΓòÉΓòÉΓòÉΓòÉΓòÉΓòÉΓòÉΓòÉΓòÉΓòÉΓòÉΓòÉΓòÉΓòÉΓòÉΓòÉΓòÉΓòÉΓòÉΓòÉΓòÉΓòÉ
≡ƒôï STAGING_MODE: true
≡ƒôï Project ID: servioai-staging
≡ƒôï Backend URL: https://us-central1-servioai-staging.cloudfunctions.net
≡ƒôï Use Mock: false
ΓòÉΓòÉΓòÉΓòÉΓòÉΓòÉΓòÉΓòÉΓòÉΓòÉΓòÉΓòÉΓòÉΓòÉΓòÉΓòÉΓòÉΓòÉΓòÉΓòÉΓòÉΓòÉΓòÉΓòÉΓòÉΓòÉΓòÉΓòÉΓòÉΓòÉΓòÉΓò
ÉΓòÉΓòÉΓòÉΓòÉΓòÉΓòÉΓòÉΓòÉΓòÉΓòÉΓòÉΓòÉΓòÉΓòÉΓòÉΓòÉΓòÉΓòÉΓòÉΓòÉΓòÉΓòÉΓòÉ
Γ£à STAGING MODE ATIVO - Backend DESABILITADO!
Γ£à Todas as opera├º├╡es de usu├írio usam Firestore direto!

 [32mΓ£ô[39m tests/components/Dashboard.test.tsx [2m([22m[2m9 tests[22m[2m)[22m[33m 383[2mms[22m[39m
 [32mΓ£ô[39m tests/components/AdminFinancials.test.tsx [2m([22m[2m10 tests[22m[2m)[22m[33m 428[2mms[22m[39m
 [32mΓ£ô[39m tests/components/AdminAnalytics.test.tsx [2m([22m[2m18 tests[22m[2m)[22m[33m 303[2mms[22m[39m
[90mstderr[2m | tests/components/CollapsibleSidebar.test.tsx[2m > 
[22m[2mCollapsibleSidebar Component[2m > [22m[2mrenderiza 5 itens de navega├º├úo (├¡cones)
[22m[39mWarning: Each child in a list should have a unique "key" prop.

Check the render method of `CollapsibleSidebar`. See https://reactjs.org/link/warning-keys for 
more information.
    at Tooltip (C:/Users/Admin/Desktop/Talina/Servio.AI/components/Tooltip.tsx:6:20)
    at CollapsibleSidebar 
(C:/Users/Admin/Desktop/Talina/Servio.AI/components/CollapsibleSidebar.tsx:17:31)

 [32mΓ£ô[39m tests/components/NotificationSettings.test.tsx [2m([22m[2m8 tests[22m[2m)[22m[32m 257[2mms[22m[39m
 [32mΓ£ô[39m tests/modals.test.tsx [2m([22m[2m5 tests[22m[2m)[22m[33m 345[2mms[22m[39m
 [32mΓ£ô[39m tests/components/CollapsibleSidebar.test.tsx [2m([22m[2m8 tests[22m[2m)[22m[32m 247[2mms[22m[39m
 [32mΓ£ô[39m tests/FindProvidersPage.test.tsx [2m([22m[2m2 tests[22m[2m)[22m[33m 397[2mms[22m[39m
[90mstdout[2m | tests/ProviderDashboard.test.tsx
[22m[39mXXX DEBUG: firebaseConfig loading
XXX DEBUG: import.meta.env.MODE: test

[90mstderr[2m | tests/ProviderDashboard.test.tsx
[22m[39m[firebase] Usando mocks porque a configura├º├úo est├í ausente ou desativada.

[90mstderr[2m | tests/ProviderDashboard.test.tsx
[22m[39mΓòÉΓòÉΓòÉΓòÉΓòÉΓòÉΓòÉΓòÉΓòÉΓòÉΓòÉΓòÉΓòÉΓòÉΓòÉΓòÉΓòÉΓòÉΓòÉΓòÉΓòÉΓòÉΓòÉΓòÉΓòÉΓòÉΓòÉΓòÉΓ
òÉΓòÉΓòÉΓòÉΓòÉΓòÉΓòÉΓòÉΓòÉΓòÉΓòÉΓòÉΓòÉΓòÉΓòÉΓòÉΓòÉΓòÉΓòÉΓòÉΓòÉΓòÉΓòÉΓòÉΓòÉΓòÉΓòÉ
≡ƒöº API SERVICE INICIADO - VERS├âO 2026-01-09
ΓòÉΓòÉΓòÉΓòÉΓòÉΓòÉΓòÉΓòÉΓòÉΓòÉΓòÉΓòÉΓòÉΓòÉΓòÉΓòÉΓòÉΓòÉΓòÉΓòÉΓòÉΓòÉΓòÉΓòÉΓòÉΓòÉΓòÉΓòÉΓòÉΓòÉΓòÉΓò
ÉΓòÉΓòÉΓòÉΓòÉΓòÉΓòÉΓòÉΓòÉΓòÉΓòÉΓòÉΓòÉΓòÉΓòÉΓòÉΓòÉΓòÉΓòÉΓòÉΓòÉΓòÉΓòÉΓòÉ
≡ƒôï STAGING_MODE: true
≡ƒôï Project ID: servioai-staging
≡ƒôï Backend URL: https://us-central1-servioai-staging.cloudfunctions.net
≡ƒôï Use Mock: false
ΓòÉΓòÉΓòÉΓòÉΓòÉΓòÉΓòÉΓòÉΓòÉΓòÉΓòÉΓòÉΓòÉΓòÉΓòÉΓòÉΓòÉΓòÉΓòÉΓòÉΓòÉΓòÉΓòÉΓòÉΓòÉΓòÉΓòÉΓòÉΓòÉΓòÉΓòÉΓò
ÉΓòÉΓòÉΓòÉΓòÉΓòÉΓòÉΓòÉΓòÉΓòÉΓòÉΓòÉΓòÉΓòÉΓòÉΓòÉΓòÉΓòÉΓòÉΓòÉΓòÉΓòÉΓòÉΓòÉ
Γ£à STAGING MODE ATIVO - Backend DESABILITADO!
Γ£à Todas as opera├º├╡es de usu├írio usam Firestore direto!

[90mstderr[2m | tests/ProviderDashboard.test.tsx[2m > [22m[2mProviderDashboard[2m > 
[22m[2mrenderiza dashboard do provedor sem erros
[22m[39mΓÜá∩╕Å React Router Future Flag Warning: React Router will begin wrapping state 
updates in `React.startTransition` in v7. You can use the `v7_startTransition` future flag to 
opt-in early. For more information, see 
https://reactrouter.com/v6/upgrading/future#v7_starttransition.
ΓÜá∩╕Å React Router Future Flag Warning: Relative route resolution within Splat routes is 
changing in v7. You can use the `v7_relativeSplatPath` future flag to opt-in early. For more 
information, see https://reactrouter.com/v6/upgrading/future#v7_relativesplatpath.

 [32mΓ£ô[39m tests/components/ReferralProgram.test.tsx [2m([22m[2m13 tests[22m[2m)[22m[32m 279[2mms[22m[39m
 [32mΓ£ô[39m tests/ProviderDashboard.test.tsx [2m([22m[2m3 tests[22m[2m)[22m[32m 283[2mms[22m[39m
 [32mΓ£ô[39m tests/components/ProviderEarningsCard.test.tsx [2m([22m[2m12 tests[22m[2m)[22m[32m 255[2mms[22m[39m
 [32mΓ£ô[39m tests/components/admin/AnalyticsTimeSeriesChart.test.tsx [2m([22m[2m15 tests[22m[2m)[22m[33m 333[2mms[22m[39m
[90mstderr[2m | tests/components/PaymentSetupCard.test.tsx[2m > 
[22m[2mPaymentSetupCard[2m > [22m[2mfor connected account, shows manage button
[22m[39mWarning: An update to PaymentSetupCard inside a test was not wrapped in act(...).

When testing, code that causes React state updates should be wrapped into act(...):

act(() => {
  /* fire events that update state */
});
/* assert on the output */

This ensures that you're testing the behavior the user would see in the browser. Learn more at 
https://reactjs.org/link/wrap-tests-with-act
    at PaymentSetupCard 
(C:/Users/Admin/Desktop/Talina/Servio.AI/components/PaymentSetupCard.tsx:12:29)

[90mstderr[2m | tests/components/PaymentSetupCard.test.tsx[2m > 
[22m[2mPaymentSetupCard[2m > [22m[2mshows toast on API error
[22m[39mFailed to start Stripe onboarding: Error: network
    at 
C:/Users/Admin/Desktop/Talina/Servio.AI/tests/components/PaymentSetupCard.test.tsx:122:64
    at [90mfile:///C:/Users/Admin/Desktop/Talina/Servio.AI/[39mnode_modules/[4m@vitest/runne
r[24m/dist/index.js:145:11
    at [90mfile:///C:/Users/Admin/Desktop/Talina/Servio.AI/[39mnode_modules/[4m@vitest/runne
r[24m/dist/index.js:915:26
    at [90mfile:///C:/Users/Admin/Desktop/Talina/Servio.AI/[39mnode_modules/[4m@vitest/runne
r[24m/dist/index.js:1243:20
    at new Promise (<anonymous>)
    at runWithTimeout [90m(file:///C:/Users/Admin/Desktop/Talina/Servio.AI/[39mnode_modules/
[4m@vitest/runner[24m/dist/index.js:1209:10[90m)[39m
    at [90mfile:///C:/Users/Admin/Desktop/Talina/Servio.AI/[39mnode_modules/[4m@vitest/runne
r[24m/dist/index.js:1653:37
    at Traces.$ [90m(file:///C:/Users/Admin/Desktop/Talina/Servio.AI/[39mnode_modules/[4mvit
est[24m/dist/chunks/traces.U4xDYhzZ.js:115:27[90m)[39m
    at trace [90m(file:///C:/Users/Admin/Desktop/Talina/Servio.AI/[39mnode_modules/[4mvitest
[24m/dist/chunks/test.B8ej_ZHS.js:239:21[90m)[39m
    at runTest [90m(file:///C:/Users/Admin/Desktop/Talina/Servio.AI/[39mnode_modules/[4m@vit
est/runner[24m/dist/index.js:1653:12[90m)[39m
Warning: An update to PaymentSetupCard inside a test was not wrapped in act(...).

When testing, code that causes React state updates should be wrapped into act(...):

act(() => {
  /* fire events that update state */
});
/* assert on the output */

This ensures that you're testing the behavior the user would see in the browser. Learn more at 
https://reactjs.org/link/wrap-tests-with-act
    at PaymentSetupCard 
(C:/Users/Admin/Desktop/Talina/Servio.AI/components/PaymentSetupCard.tsx:12:29)

 [32mΓ£ô[39m tests/components/PaymentSetupCard.test.tsx [2m([22m[2m3 tests[22m[2m)[22m[32m 232[2mms[22m[39m
 [32mΓ£ô[39m tests/components/ClientJobCard.test.tsx [2m([22m[2m9 tests[22m[2m)[22m[32m 251[2mms[22m[39m
 [32mΓ£ô[39m tests/components/ServiceRequestForm.test.tsx [2m([22m[2m3 tests[22m[2m)[22m[32m 224[2mms[22m[39m
 [32mΓ£ô[39m tests/components/AIActionCard.test.tsx [2m([22m[2m32 tests[22m[2m)[22m[32m 229[2mms[22m[39m
 [32mΓ£ô[39m tests/services/analyticsService.test.ts [2m([22m[2m36 tests[22m[2m)[22m[32m 250[2mms[22m[39m
[90mstderr[2m | tests/AdminDashboard.errors.test.tsx[2m > [22m[2mAdminDashboard ΓÇô 
cen├írios de erro[2m > [22m[2mexibe toast de erro ao falhar resolver disputa e fecha modal 
no finally
[22m[39mFalha ao resolver a disputa: Error: fail
    at C:/Users/Admin/Desktop/Talina/Servio.AI/tests/AdminDashboard.errors.test.tsx:84:57
    at [90mfile:///C:/Users/Admin/Desktop/Talina/Servio.AI/[39mnode_modules/[4m@vitest/runne
r[24m/dist/index.js:145:11
    at [90mfile:///C:/Users/Admin/Desktop/Talina/Servio.AI/[39mnode_modules/[4m@vitest/runne
r[24m/dist/index.js:915:26
    at [90mfile:///C:/Users/Admin/Desktop/Talina/Servio.AI/[39mnode_modules/[4m@vitest/runne
r[24m/dist/index.js:1243:20
    at new Promise (<anonymous>)
    at runWithTimeout [90m(file:///C:/Users/Admin/Desktop/Talina/Servio.AI/[39mnode_modules/
[4m@vitest/runner[24m/dist/index.js:1209:10[90m)[39m
    at [90mfile:///C:/Users/Admin/Desktop/Talina/Servio.AI/[39mnode_modules/[4m@vitest/runne
r[24m/dist/index.js:1653:37
    at Traces.$ [90m(file:///C:/Users/Admin/Desktop/Talina/Servio.AI/[39mnode_modules/[4mvit
est[24m/dist/chunks/traces.U4xDYhzZ.js:115:27[90m)[39m
    at trace [90m(file:///C:/Users/Admin/Desktop/Talina/Servio.AI/[39mnode_modules/[4mvitest
[24m/dist/chunks/test.B8ej_ZHS.js:239:21[90m)[39m
    at runTest [90m(file:///C:/Users/Admin/Desktop/Talina/Servio.AI/[39mnode_modules/[4m@vit
est/runner[24m/dist/index.js:1653:12[90m)[39m

 [32mΓ£ô[39m tests/AdminDashboard.errors.test.tsx [2m([22m[2m2 tests[22m[2m)[22m[32m 204[2mms[22m[39m
[90mstderr[2m | tests/components/ReferralLinkGenerator.test.tsx[2m > 
[22m[2mReferralLinkGenerator[2m > [22m[2mshows error state when loading fails
[22m[39mError loading referral link: Error: Network error
    at 
C:/Users/Admin/Desktop/Talina/Servio.AI/tests/components/ReferralLinkGenerator.test.tsx:35:55
[90m    at processTicksAndRejections (node:internal/process/task_queues:103:5)[39m
    at [90mfile:///C:/Users/Admin/Desktop/Talina/Servio.AI/[39mnode_modules/[4m@vitest/runne
r[24m/dist/index.js:915:20

 [32mΓ£ô[39m tests/hooks/useAdvancedFilters.test.ts [2m([22m[2m21 tests[22m[2m)[22m[32m 211[2mms[22m[39m
 [32mΓ£ô[39m tests/master_document/parser.test.ts [2m([22m[2m23 tests[22m[2m)[22m[32m 245[2mms[22m[39m
 [32mΓ£ô[39m tests/components/ReferralLinkGenerator.test.tsx [2m([22m[2m6 tests[22m[2m)[22m[32m 264[2mms[22m[39m
 [32mΓ£ô[39m tests/components/skeletons/ProspectorDashboardSkeleton.test.tsx [2m([22m[2m15 tests[22m[2m)[22m[32m 246[2mms[22m[39m
 [32mΓ£ô[39m tests/components/DisputeModal.test.tsx [2m([22m[2m7 tests[22m[2m)[22m[32m 267[2mms[22m[39m
 [32mΓ£ô[39m tests/components/CompletedJobCard.test.tsx [2m([22m[2m13 tests[22m[2m)[22m[32m 196[2mms[22m[39m
 [32mΓ£ô[39m tests/hooks/useSeoMeta.test.ts [2m([22m[2m8 tests[22m[2m)[22m[32m 235[2mms[22m[39m
[90mstderr[2m | tests/components/ProfileTips.test.tsx[2m > [22m[2mProfileTips 
Component[2m > [22m[2mrenderiza o t├¡tulo
[22m[39mWarning: An update to ProfileTips inside a test was not wrapped in act(...).

When testing, code that causes React state updates should be wrapped into act(...):

act(() => {
  /* fire events that update state */
});
/* assert on the output */

This ensures that you're testing the behavior the user would see in the browser. Learn more at 
https://reactjs.org/link/wrap-tests-with-act
    at ProfileTips (C:/Users/Admin/Desktop/Talina/Servio.AI/components/ProfileTips.tsx:8:24)
Warning: An update to ProfileTips inside a test was not wrapped in act(...).

When testing, code that causes React state updates should be wrapped into act(...):

act(() => {
  /* fire events that update state */
});
/* assert on the output */

This ensures that you're testing the behavior the user would see in the browser. Learn more at 
https://reactjs.org/link/wrap-tests-with-act
    at ProfileTips (C:/Users/Admin/Desktop/Talina/Servio.AI/components/ProfileTips.tsx:8:24)

[90mstderr[2m | tests/components/ProfileTips.test.tsx[2m > [22m[2mProfileTips 
Component[2m > [22m[2mmostra dica padr├úo quando h├í erro
[22m[39mFailed to fetch profile tip: Error: AI failed
    at C:/Users/Admin/Desktop/Talina/Servio.AI/tests/components/ProfileTips.test.tsx:62:67
    at [90mfile:///C:/Users/Admin/Desktop/Talina/Servio.AI/[39mnode_modules/[4m@vitest/runne
r[24m/dist/index.js:145:11
    at [90mfile:///C:/Users/Admin/Desktop/Talina/Servio.AI/[39mnode_modules/[4m@vitest/runne
r[24m/dist/index.js:915:26
    at [90mfile:///C:/Users/Admin/Desktop/Talina/Servio.AI/[39mnode_modules/[4m@vitest/runne
r[24m/dist/index.js:1243:20
    at new Promise (<anonymous>)
    at runWithTimeout [90m(file:///C:/Users/Admin/Desktop/Talina/Servio.AI/[39mnode_modules/
[4m@vitest/runner[24m/dist/index.js:1209:10[90m)[39m
    at [90mfile:///C:/Users/Admin/Desktop/Talina/Servio.AI/[39mnode_modules/[4m@vitest/runne
r[24m/dist/index.js:1653:37
    at Traces.$ [90m(file:///C:/Users/Admin/Desktop/Talina/Servio.AI/[39mnode_modules/[4mvit
est[24m/dist/chunks/traces.U4xDYhzZ.js:115:27[90m)[39m
    at trace [90m(file:///C:/Users/Admin/Desktop/Talina/Servio.AI/[39mnode_modules/[4mvitest
[24m/dist/chunks/test.B8ej_ZHS.js:239:21[90m)[39m
    at runTest [90m(file:///C:/Users/Admin/Desktop/Talina/Servio.AI/[39mnode_modules/[4m@vit
est/runner[24m/dist/index.js:1653:12[90m)[39m

[90mstderr[2m | tests/components/ProfileTips.test.tsx[2m > [22m[2mProfileTips 
Component[2m > [22m[2mtem ├¡cone de l├ómpada (≡ƒÆí)
[22m[39mWarning: An update to ProfileTips inside a test was not wrapped in act(...).

When testing, code that causes React state updates should be wrapped into act(...):

act(() => {
  /* fire events that update state */
});
/* assert on the output */

This ensures that you're testing the behavior the user would see in the browser. Learn more at 
https://reactjs.org/link/wrap-tests-with-act
    at ProfileTips (C:/Users/Admin/Desktop/Talina/Servio.AI/components/ProfileTips.tsx:8:24)
Warning: An update to ProfileTips inside a test was not wrapped in act(...).

When testing, code that causes React state updates should be wrapped into act(...):

act(() => {
  /* fire events that update state */
});
/* assert on the output */

This ensures that you're testing the behavior the user would see in the browser. Learn more at 
https://reactjs.org/link/wrap-tests-with-act
    at ProfileTips (C:/Users/Admin/Desktop/Talina/Servio.AI/components/ProfileTips.tsx:8:24)

[90mstderr[2m | tests/components/ProfileTips.test.tsx[2m > [22m[2mProfileTips 
Component[2m > [22m[2mtem classes de gradiente azul para roxo
[22m[39mWarning: An update to ProfileTips inside a test was not wrapped in act(...).

When testing, code that causes React state updates should be wrapped into act(...):

act(() => {
  /* fire events that update state */
});
/* assert on the output */

This ensures that you're testing the behavior the user would see in the browser. Learn more at 
https://reactjs.org/link/wrap-tests-with-act
    at ProfileTips (C:/Users/Admin/Desktop/Talina/Servio.AI/components/ProfileTips.tsx:8:24)
Warning: An update to ProfileTips inside a test was not wrapped in act(...).

When testing, code that causes React state updates should be wrapped into act(...):

act(() => {
  /* fire events that update state */
});
/* assert on the output */

This ensures that you're testing the behavior the user would see in the browser. Learn more at 
https://reactjs.org/link/wrap-tests-with-act
    at ProfileTips (C:/Users/Admin/Desktop/Talina/Servio.AI/components/ProfileTips.tsx:8:24)

 [32mΓ£ô[39m tests/components/ProfileTips.test.tsx [2m([22m[2m8 tests[22m[2m)[22m[32m 156[2mms[22m[39m
 [32mΓ£ô[39m tests/components/ProposalListModal.test.tsx [2m([22m[2m8 tests[22m[2m)[22m[32m 234[2mms[22m[39m
 [32mΓ£ô[39m tests/services/fcmService.test.ts [2m([22m[2m15 tests[22m[2m)[22m[32m 131[2mms[22m[39m
 [32mΓ£ô[39m tests/components/DisputeDetailsModal.test.tsx [2m([22m[2m7 tests[22m[2m)[22m[32m 249[2mms[22m[39m
 [32mΓ£ô[39m tests/components/skeletons/ProviderDashboardSkeleton.test.tsx [2m([22m[2m13 tests[22m[2m)[22m[32m 274[2mms[22m[39m
 [32mΓ£ô[39m tests/AdminDashboard.actions.test.tsx [2m([22m[2m2 tests[22m[2m)[22m[32m 153[2mms[22m[39m
 [32mΓ£ô[39m tests/ProfileModal.save.test.tsx [2m([22m[2m1 test[22m[2m)[22m[32m 248[2mms[22m[39m
 [32mΓ£ô[39m tests/components/ProspectingNotificationModal.test.tsx [2m([22m[2m9 tests[22m[2m)[22m[32m 190[2mms[22m[39m
 [32mΓ£ô[39m tests/components/Pagination.test.tsx [2m([22m[2m13 tests[22m[2m)[22m[32m 194[2mms[22m[39m
 [32mΓ£ô[39m tests/components/ItemCard.complete.test.tsx [2m([22m[2m10 tests[22m[2m)[22m[32m 192[2mms[22m[39m
 [32mΓ£ô[39m tests/components/skeletons/AdminDashboardSkeleton.test.tsx [2m([22m[2m12 tests[22m[2m)[22m[32m 158[2mms[22m[39m
 [32mΓ£ô[39m tests/components/ProgressBar.test.tsx [2m([22m[2m17 tests[22m[2m)[22m[32m 170[2mms[22m[39m
 [32mΓ£ô[39m tests/components/JobTimeline.test.tsx [2m([22m[2m9 tests[22m[2m)[22m[32m 142[2mms[22m[39m
 [32mΓ£ô[39m tests/task_manager.test.ts [2m([22m[2m17 tests[22m[2m)[22m[32m 145[2mms[22m[39m
 [32mΓ£ô[39m tests/components/skeletons/ClientDashboardSkeleton.test.tsx [2m([22m[2m15 tests[22m[2m)[22m[32m 167[2mms[22m[39m
 [32mΓ£ô[39m tests/components/ProspectorStatistics.test.tsx [2m([22m[2m6 tests[22m[2m)[22m[32m 147[2mms[22m[39m
 [32mΓ£ô[39m tests/week3/ServiceIntegration.fcm.test.tsx [2m([22m[2m26 tests[22m[2m)[22m[32m 139[2mms[22m[39m
 [32mΓ£ô[39m tests/components/Tooltip.test.tsx [2m([22m[2m9 tests[22m[2m)[22m[32m 158[2mms[22m[39m
 [32mΓ£ô[39m tests/components/ToastContainer.test.tsx [2m([22m[2m17 tests[22m[2m)[22m[32m 180[2mms[22m[39m
 [32mΓ£ô[39m tests/hooks/useKeyboardShortcuts.test.ts [2m([22m[2m20 tests[22m[2m)[22m[32m 106[2mms[22m[39m
 [32mΓ£ô[39m tests/components/ProspectorLayout.test.tsx [2m([22m[2m8 tests[22m[2m)[22m[32m 192[2mms[22m[39m
 [32mΓ£ô[39m tests/components/Avatar.test.tsx [2m([22m[2m16 tests[22m[2m)[22m[32m 122[2mms[22m[39m
 [32mΓ£ô[39m tests/ErrorBoundary.test.tsx [2m([22m[2m4 tests[22m[2m)[22m[32m 132[2mms[22m[39m
[90mstderr[2m | tests/components/ServiceLandingPage.test.tsx
[22m[39mΓòÉΓòÉΓòÉΓòÉΓòÉΓòÉΓòÉΓòÉΓòÉΓòÉΓòÉΓòÉΓòÉΓòÉΓòÉΓòÉΓòÉΓòÉΓòÉΓòÉΓòÉΓòÉΓòÉΓòÉΓòÉΓòÉΓòÉΓòÉΓ
òÉΓòÉΓòÉΓòÉΓòÉΓòÉΓòÉΓòÉΓòÉΓòÉΓòÉΓòÉΓòÉΓòÉΓòÉΓòÉΓòÉΓòÉΓòÉΓòÉΓòÉΓòÉΓòÉΓòÉΓòÉΓòÉΓòÉ
≡ƒöº API SERVICE INICIADO - VERS├âO 2026-01-09
ΓòÉΓòÉΓòÉΓòÉΓòÉΓòÉΓòÉΓòÉΓòÉΓòÉΓòÉΓòÉΓòÉΓòÉΓòÉΓòÉΓòÉΓòÉΓòÉΓòÉΓòÉΓòÉΓòÉΓòÉΓòÉΓòÉΓòÉΓòÉΓòÉΓòÉΓòÉΓò
ÉΓòÉΓòÉΓòÉΓòÉΓòÉΓòÉΓòÉΓòÉΓòÉΓòÉΓòÉΓòÉΓòÉΓòÉΓòÉΓòÉΓòÉΓòÉΓòÉΓòÉΓòÉΓòÉΓòÉ
≡ƒôï STAGING_MODE: true
≡ƒôï Project ID: servioai-staging
≡ƒôï Backend URL: https://us-central1-servioai-staging.cloudfunctions.net
≡ƒôï Use Mock: false
ΓòÉΓòÉΓòÉΓòÉΓòÉΓòÉΓòÉΓòÉΓòÉΓòÉΓòÉΓòÉΓòÉΓòÉΓòÉΓòÉΓòÉΓòÉΓòÉΓòÉΓòÉΓòÉΓòÉΓòÉΓòÉΓòÉΓòÉΓòÉΓòÉΓòÉΓòÉΓò
ÉΓòÉΓòÉΓòÉΓòÉΓòÉΓòÉΓòÉΓòÉΓòÉΓòÉΓòÉΓòÉΓòÉΓòÉΓòÉΓòÉΓòÉΓòÉΓòÉΓòÉΓòÉΓòÉΓòÉ
Γ£à STAGING MODE ATIVO - Backend DESABILITADO!
Γ£à Todas as opera├º├╡es de usu├írio usam Firestore direto!

 [32mΓ£ô[39m tests/components/ServiceLandingPage.test.tsx [2m([22m[2m3 tests[22m[2m)[22m[32m 134[2mms[22m[39m
[90mstdout[2m | tests/ProviderDashboard.verify.test.tsx
[22m[39mXXX DEBUG: firebaseConfig loading
XXX DEBUG: import.meta.env.MODE: test

[90mstderr[2m | tests/ProviderDashboard.verify.test.tsx
[22m[39m[firebase] Usando mocks porque a configura├º├úo est├í ausente ou desativada.

[90mstderr[2m | tests/ProviderDashboard.verify.test.tsx
[22m[39mΓòÉΓòÉΓòÉΓòÉΓòÉΓòÉΓòÉΓòÉΓòÉΓòÉΓòÉΓòÉΓòÉΓòÉΓòÉΓòÉΓòÉΓòÉΓòÉΓòÉΓòÉΓòÉΓòÉΓòÉΓòÉΓòÉΓòÉΓòÉΓ
òÉΓòÉΓòÉΓòÉΓòÉΓòÉΓòÉΓòÉΓòÉΓòÉΓòÉΓòÉΓòÉΓòÉΓòÉΓòÉΓòÉΓòÉΓòÉΓòÉΓòÉΓòÉΓòÉΓòÉΓòÉΓòÉΓòÉ
≡ƒöº API SERVICE INICIADO - VERS├âO 2026-01-09
ΓòÉΓòÉΓòÉΓòÉΓòÉΓòÉΓòÉΓòÉΓòÉΓòÉΓòÉΓòÉΓòÉΓòÉΓòÉΓòÉΓòÉΓòÉΓòÉΓòÉΓòÉΓòÉΓòÉΓòÉΓòÉΓòÉΓòÉΓòÉΓòÉΓòÉΓòÉΓò
ÉΓòÉΓòÉΓòÉΓòÉΓòÉΓòÉΓòÉΓòÉΓòÉΓòÉΓòÉΓòÉΓòÉΓòÉΓòÉΓòÉΓòÉΓòÉΓòÉΓòÉΓòÉΓòÉΓòÉ
≡ƒôï STAGING_MODE: true
≡ƒôï Project ID: servioai-staging
≡ƒôï Backend URL: https://us-central1-servioai-staging.cloudfunctions.net
≡ƒôï Use Mock: false
ΓòÉΓòÉΓòÉΓòÉΓòÉΓòÉΓòÉΓòÉΓòÉΓòÉΓòÉΓòÉΓòÉΓòÉΓòÉΓòÉΓòÉΓòÉΓòÉΓòÉΓòÉΓòÉΓòÉΓòÉΓòÉΓòÉΓòÉΓòÉΓòÉΓòÉΓòÉΓò
ÉΓòÉΓòÉΓòÉΓòÉΓòÉΓòÉΓòÉΓòÉΓòÉΓòÉΓòÉΓòÉΓòÉΓòÉΓòÉΓòÉΓòÉΓòÉΓòÉΓòÉΓòÉΓòÉΓòÉ
Γ£à STAGING MODE ATIVO - Backend DESABILITADO!
Γ£à Todas as opera├º├╡es de usu├írio usam Firestore direto!

 [32mΓ£ô[39m tests/components/LoadingSpinner.test.tsx [2m([22m[2m5 tests[22m[2m)[22m[32m 88[2mms[22m[39m
 [32mΓ£ô[39m tests/components/MaintenanceSuggestions.test.tsx [2m([22m[2m2 tests[22m[2m)[22m[32m 123[2mms[22m[39m
 [32mΓ£ô[39m tests/ProviderDashboard.verify.test.tsx [2m([22m[2m3 tests[22m[2m)[22m[32m 160[2mms[22m[39m
 [32mΓ£ô[39m tests/components/skeletons/JobCardSkeleton.test.tsx [2m([22m[2m15 tests[22m[2m)[22m[32m 126[2mms[22m[39m
 [32mΓ£ô[39m tests/components/ItemCard.test.tsx [2m([22m[2m5 tests[22m[2m)[22m[32m 116[2mms[22m[39m
 [32mΓ£ô[39m tests/components/skeletons/SkeletonBlock.test.tsx [2m([22m[2m10 tests[22m[2m)[22m[32m 89[2mms[22m[39m
 [32mΓ£ô[39m tests/components/ConfirmDialog.test.tsx [2m([22m[2m10 tests[22m[2m)[22m[32m 142[2mms[22m[39m
 [32mΓ£ô[39m tests/ProviderDashboard.profileStrength.test.tsx [2m([22m[2m1 test[22m[2m)[22m[32m 130[2mms[22m[39m
 [32mΓ£ô[39m tests/components/ProfilePage.smoke.test.tsx [2m([22m[2m1 test[22m[2m)[22m[32m 108[2mms[22m[39m
 [32mΓ£ô[39m tests/components/StatCard.test.tsx [2m([22m[2m7 tests[22m[2m)[22m[32m 106[2mms[22m[39m
 [32mΓ£ô[39m tests/components/StatusBadge.test.tsx [2m([22m[2m8 tests[22m[2m)[22m[32m 123[2mms[22m[39m
 [32mΓ£ô[39m tests/components/Chart.test.tsx [2m([22m[2m7 tests[22m[2m)[22m[32m 114[2mms[22m[39m
 [32mΓ£ô[39m tests/prospector/leadScoring.test.ts [2m([22m[2m61 tests[22m[2m)[22m[32m 109[2mms[22m[39m
 [32mΓ£ô[39m tests/components/EmptyState.test.tsx [2m([22m[2m7 tests[22m[2m)[22m[32m 94[2mms[22m[39m
 [32mΓ£ô[39m tests/components/AISchedulingAssistant.test.tsx [2m([22m[2m1 test[22m[2m)[22m[32m 129[2mms[22m[39m
 [32mΓ£ô[39m tests/components/TimePeriodFilter.test.tsx [2m([22m[2m1 test[22m[2m)[22m[32m 89[2mms[22m[39m
 [32mΓ£ô[39m tests/LocationMap.test.tsx [2m([22m[2m3 tests[22m[2m)[22m[32m 81[2mms[22m[39m
[90mstderr[2m | tests/providers/PublicPageDataProvider.test.tsx[2m > 
[22m[2mPublicPageDataProvider[2m > [22m[2musePublicPageData hook[2m > [22m[2mthrows 
error when used outside provider
[22m[39mThe above error occurred in the <TestComponent> component:

    at TestComponent (C:\Users\Admin\Desktop\Talina\Servio.AI\node_modules\@testing-library\rea
ct\dist\pure.js:328:5)

Consider adding an error boundary to your tree to customize error handling behavior.
Visit https://reactjs.org/link/error-boundaries to learn more about error boundaries.

[90mstderr[2m | tests/api.usersAndMessages.test.ts
[22m[39mΓòÉΓòÉΓòÉΓòÉΓòÉΓòÉΓòÉΓòÉΓòÉΓòÉΓòÉΓòÉΓòÉΓòÉΓòÉΓòÉΓòÉΓòÉΓòÉΓòÉΓòÉΓòÉΓòÉΓòÉΓòÉΓòÉΓòÉΓòÉΓ
òÉΓòÉΓòÉΓòÉΓòÉΓòÉΓòÉΓòÉΓòÉΓòÉΓòÉΓòÉΓòÉΓòÉΓòÉΓòÉΓòÉΓòÉΓòÉΓòÉΓòÉΓòÉΓòÉΓòÉΓòÉΓòÉΓòÉ
≡ƒöº API SERVICE INICIADO - VERS├âO 2026-01-09
ΓòÉΓòÉΓòÉΓòÉΓòÉΓòÉΓòÉΓòÉΓòÉΓòÉΓòÉΓòÉΓòÉΓòÉΓòÉΓòÉΓòÉΓòÉΓòÉΓòÉΓòÉΓòÉΓòÉΓòÉΓòÉΓòÉΓòÉΓòÉΓòÉΓòÉΓòÉΓò
ÉΓòÉΓòÉΓòÉΓòÉΓòÉΓòÉΓòÉΓòÉΓòÉΓòÉΓòÉΓòÉΓòÉΓòÉΓòÉΓòÉΓòÉΓòÉΓòÉΓòÉΓòÉΓòÉΓòÉ
≡ƒôï STAGING_MODE: true
≡ƒôï Project ID: servioai-staging
≡ƒôï Backend URL: https://us-central1-servioai-staging.cloudfunctions.net
≡ƒôï Use Mock: false
ΓòÉΓòÉΓòÉΓòÉΓòÉΓòÉΓòÉΓòÉΓòÉΓòÉΓòÉΓòÉΓòÉΓòÉΓòÉΓòÉΓòÉΓòÉΓòÉΓòÉΓòÉΓòÉΓòÉΓòÉΓòÉΓòÉΓòÉΓòÉΓòÉΓòÉΓòÉΓò
ÉΓòÉΓòÉΓòÉΓòÉΓòÉΓòÉΓòÉΓòÉΓòÉΓòÉΓòÉΓòÉΓòÉΓòÉΓòÉΓòÉΓòÉΓòÉΓòÉΓòÉΓòÉΓòÉΓòÉ
Γ£à STAGING MODE ATIVO - Backend DESABILITADO!
Γ£à Todas as opera├º├╡es de usu├írio usam Firestore direto!

[90mstderr[2m | tests/api.usersAndMessages.test.ts[2m > [22m[2mAPI Service ΓÇô Users, 
Jobs, Messages & Notifications[2m > [22m[2mUsers[2m > [22m[2mfetchProviders: busca 
apenas prestadores verificados (sucesso)
[22m[39m≡ƒöº [API v3] Tentando: https://us-central1-servioai-staging.cloudfunctions.net/users
?type=prestador&verificationStatus=verificado

 [32mΓ£ô[39m tests/providers/PublicPageDataProvider.test.tsx [2m([22m[2m10 tests[22m[2m)[22m[32m 87[2mms[22m[39m
[90mstderr[2m | tests/api.usersAndMessages.test.ts[2m > [22m[2mAPI Service ΓÇô Users, 
Jobs, Messages & Notifications[2m > [22m[2mUsers[2m > [22m[2mfetchProviders: busca 
apenas prestadores verificados (sucesso)
[22m[39m[API v3] N├úo foi poss├¡vel obter token de autentica├º├úo: TypeError: 
auth.currentUser.getIdToken is not a function
    at apiCall (C:/Users/Admin/Desktop/Talina/Servio.AI/services/api.ts:111:42)
[90m    at processTicksAndRejections (node:internal/process/task_queues:103:5)[39m
    at Module.fetchProviders (C:/Users/Admin/Desktop/Talina/Servio.AI/services/api.ts:193:12)
    at C:/Users/Admin/Desktop/Talina/Servio.AI/tests/api.usersAndMessages.test.ts:52:22
    at [90mfile:///C:/Users/Admin/Desktop/Talina/Servio.AI/[39mnode_modules/[4m@vitest/runne
r[24m/dist/index.js:915:20

[90mstderr[2m | tests/api.usersAndMessages.test.ts[2m > [22m[2mAPI Service ΓÇô Users, 
Jobs, Messages & Notifications[2m > [22m[2mUsers[2m > [22m[2mfetchUserById: retorna 
usu├írio do backend (sucesso) e cai para mock quando falha
[22m[39mΓ£à [STAGING] Usando Firestore direto para buscar usu├írio cliente@servio.ai

[90mstderr[2m | tests/api.usersAndMessages.test.ts[2m > [22m[2mAPI Service ΓÇô Users, 
Jobs, Messages & Notifications[2m > [22m[2mUsers[2m > [22m[2mfetchUserById: retorna 
usu├írio do backend (sucesso) e cai para mock quando falha
[22m[39mΓ£à [STAGING] User cliente@servio.ai carregado do Firestore com sucesso

[90mstderr[2m | tests/api.usersAndMessages.test.ts[2m > [22m[2mAPI Service ΓÇô Users, 
Jobs, Messages & Notifications[2m > [22m[2mUsers[2m > [22m[2mcreateUser: cria usu├írio 
(POST) com sucesso
[22m[39mΓ£à [STAGING] Criando usu├írio direto no Firestore: novo@test.com

[90mstderr[2m | tests/api.usersAndMessages.test.ts[2m > [22m[2mAPI Service ΓÇô Users, 
Jobs, Messages & Notifications[2m > [22m[2mUsers[2m > [22m[2mcreateUser: cria usu├írio 
(POST) com sucesso
[22m[39mΓ£à [STAGING] Dados para Firestore: {
  email: [32m'novo@test.com'[39m,
  name: [32m'Novo'[39m,
  type: [32m'cliente'[39m,
  memberSince: [32m'2026-02-19T20:01:27.151Z'[39m,
  uid: [32m'test-uid-123'[39m
}

[90mstderr[2m | tests/api.usersAndMessages.test.ts[2m > [22m[2mAPI Service ΓÇô Users, 
Jobs, Messages & Notifications[2m > [22m[2mUsers[2m > [22m[2mcreateUser: cria usu├írio 
(POST) com sucesso
[22m[39mΓ£à [STAGING] User novo@test.com criado no Firestore com sucesso

[90mstderr[2m | tests/api.usersAndMessages.test.ts[2m > [22m[2mAPI Service ΓÇô Users, 
Jobs, Messages & Notifications[2m > [22m[2mUsers[2m > [22m[2mupdateUser: atualiza 
usu├írio (PUT) com sucesso
[22m[39m≡ƒöº [API v3] Tentando: 
https://us-central1-servioai-staging.cloudfunctions.net/users/cliente@servio.ai

[90mstderr[2m | tests/api.usersAndMessages.test.ts[2m > [22m[2mAPI Service ΓÇô Users, 
Jobs, Messages & Notifications[2m > [22m[2mUsers[2m > [22m[2mupdateUser: atualiza 
usu├írio (PUT) com sucesso
[22m[39m[API v3] N├úo foi poss├¡vel obter token de autentica├º├úo: TypeError: 
auth.currentUser.getIdToken is not a function
    at apiCall (C:/Users/Admin/Desktop/Talina/Servio.AI/services/api.ts:111:42)
[90m    at processTicksAndRejections (node:internal/process/task_queues:103:5)[39m
    at Module.updateUser (C:/Users/Admin/Desktop/Talina/Servio.AI/services/api.ts:378:12)
    at C:/Users/Admin/Desktop/Talina/Servio.AI/tests/api.usersAndMessages.test.ts:97:22
    at [90mfile:///C:/Users/Admin/Desktop/Talina/Servio.AI/[39mnode_modules/[4m@vitest/runne
r[24m/dist/index.js:915:20

[90mstderr[2m | tests/api.usersAndMessages.test.ts[2m > [22m[2mAPI Service ΓÇô Users, 
Jobs, Messages & Notifications[2m > [22m[2mJobs[2m > [22m[2mfetchJobs: busca lista de 
jobs (sucesso) e faz fallback quando falha
[22m[39m≡ƒöº [API v3] Tentando: https://us-central1-servioai-staging.cloudfunctions.net/jobs

[90mstderr[2m | tests/api.usersAndMessages.test.ts[2m > [22m[2mAPI Service ΓÇô Users, 
Jobs, Messages & Notifications[2m > [22m[2mJobs[2m > [22m[2mfetchJobs: busca lista de 
jobs (sucesso) e faz fallback quando falha
[22m[39m[API v3] N├úo foi poss├¡vel obter token de autentica├º├úo: TypeError: 
auth.currentUser.getIdToken is not a function
    at apiCall (C:/Users/Admin/Desktop/Talina/Servio.AI/services/api.ts:111:42)
[90m    at processTicksAndRejections (node:internal/process/task_queues:103:5)[39m
    at Module.fetchJobs (C:/Users/Admin/Desktop/Talina/Servio.AI/services/api.ts:760:12)
    at C:/Users/Admin/Desktop/Talina/Servio.AI/tests/api.usersAndMessages.test.ts:114:18
    at [90mfile:///C:/Users/Admin/Desktop/Talina/Servio.AI/[39mnode_modules/[4m@vitest/runne
r[24m/dist/index.js:915:20

[90mstderr[2m | tests/api.usersAndMessages.test.ts[2m > [22m[2mAPI Service ΓÇô Users, 
Jobs, Messages & Notifications[2m > [22m[2mJobs[2m > [22m[2mfetchJobs: busca lista de 
jobs (sucesso) e faz fallback quando falha
[22m[39m≡ƒöº [API v3] Tentando: https://us-central1-servioai-staging.cloudfunctions.net/jobs

[90mstderr[2m | tests/api.usersAndMessages.test.ts[2m > [22m[2mAPI Service ΓÇô Users, 
Jobs, Messages & Notifications[2m > [22m[2mJobs[2m > [22m[2mfetchJobs: busca lista de 
jobs (sucesso) e faz fallback quando falha
[22m[39m[API v3] N├úo foi poss├¡vel obter token de autentica├º├úo: TypeError: 
auth.currentUser.getIdToken is not a function
    at apiCall (C:/Users/Admin/Desktop/Talina/Servio.AI/services/api.ts:111:42)
[90m    at processTicksAndRejections (node:internal/process/task_queues:103:5)[39m
    at Module.fetchJobs (C:/Users/Admin/Desktop/Talina/Servio.AI/services/api.ts:760:12)
    at C:/Users/Admin/Desktop/Talina/Servio.AI/tests/api.usersAndMessages.test.ts:118:18
    at [90mfile:///C:/Users/Admin/Desktop/Talina/Servio.AI/[39mnode_modules/[4m@vitest/runne
r[24m/dist/index.js:915:20

[90mstderr[2m | tests/api.usersAndMessages.test.ts[2m > [22m[2mAPI Service ΓÇô Users, 
Jobs, Messages & Notifications[2m > [22m[2mJobs[2m > [22m[2mfetchJobs: busca lista de 
jobs (sucesso) e faz fallback quando falha
[22m[39m≡ƒÜ¿ [API v2] ERRO detectado em /jobs - ACIONANDO FALLBACK! Error: network
    at C:/Users/Admin/Desktop/Talina/Servio.AI/tests/api.usersAndMessages.test.ts:117:55
[90m    at processTicksAndRejections (node:internal/process/task_queues:103:5)[39m
    at [90mfile:///C:/Users/Admin/Desktop/Talina/Servio.AI/[39mnode_modules/[4m@vitest/runne
r[24m/dist/index.js:915:20
[api] Backend unavailable for /jobs, triggering fallback Error: network
    at C:/Users/Admin/Desktop/Talina/Servio.AI/tests/api.usersAndMessages.test.ts:117:55
[90m    at processTicksAndRejections (node:internal/process/task_queues:103:5)[39m
    at [90mfile:///C:/Users/Admin/Desktop/Talina/Servio.AI/[39mnode_modules/[4m@vitest/runne
r[24m/dist/index.js:915:20

[90mstderr[2m | tests/api.usersAndMessages.test.ts[2m > [22m[2mAPI Service ΓÇô Users, 
Jobs, Messages & Notifications[2m > [22m[2mJobs[2m > [22m[2mfetchJobs: busca lista de 
jobs (sucesso) e faz fallback quando falha
[22m[39mFailed to fetch jobs from backend, using mock data

[90mstderr[2m | tests/api.usersAndMessages.test.ts[2m > [22m[2mAPI Service ΓÇô Users, 
Jobs, Messages & Notifications[2m > [22m[2mJobs[2m > [22m[2mfetchJobsForUser: busca jobs 
do cliente (sucesso) e faz fallback quando falha
[22m[39m≡ƒöº [API v3] Tentando: 
https://us-central1-servioai-staging.cloudfunctions.net/jobs?clientId=cliente@servio.ai

[90mstderr[2m | tests/api.usersAndMessages.test.ts[2m > [22m[2mAPI Service ΓÇô Users, 
Jobs, Messages & Notifications[2m > [22m[2mJobs[2m > [22m[2mfetchJobsForUser: busca jobs 
do cliente (sucesso) e faz fallback quando falha
[22m[39m[API v3] N├úo foi poss├¡vel obter token de autentica├º├úo: TypeError: 
auth.currentUser.getIdToken is not a function
    at apiCall (C:/Users/Admin/Desktop/Talina/Servio.AI/services/api.ts:111:42)
[90m    at processTicksAndRejections (node:internal/process/task_queues:103:5)[39m
    at Module.fetchJobsForUser (C:/Users/Admin/Desktop/Talina/Servio.AI/services/api.ts:774:12)
    at C:/Users/Admin/Desktop/Talina/Servio.AI/tests/api.usersAndMessages.test.ts:135:18
    at [90mfile:///C:/Users/Admin/Desktop/Talina/Servio.AI/[39mnode_modules/[4m@vitest/runne
r[24m/dist/index.js:915:20

[90mstderr[2m | tests/api.usersAndMessages.test.ts[2m > [22m[2mAPI Service ΓÇô Users, 
Jobs, Messages & Notifications[2m > [22m[2mJobs[2m > [22m[2mfetchJobsForUser: busca jobs 
do cliente (sucesso) e faz fallback quando falha
[22m[39m≡ƒöº [API v3] Tentando: 
https://us-central1-servioai-staging.cloudfunctions.net/jobs?clientId=cliente@servio.ai

[90mstderr[2m | tests/api.usersAndMessages.test.ts[2m > [22m[2mAPI Service ΓÇô Users, 
Jobs, Messages & Notifications[2m > [22m[2mJobs[2m > [22m[2mfetchJobsForUser: busca jobs 
do cliente (sucesso) e faz fallback quando falha
[22m[39m[API v3] N├úo foi poss├¡vel obter token de autentica├º├úo: TypeError: 
auth.currentUser.getIdToken is not a function
    at apiCall (C:/Users/Admin/Desktop/Talina/Servio.AI/services/api.ts:111:42)
[90m    at processTicksAndRejections (node:internal/process/task_queues:103:5)[39m
    at Module.fetchJobsForUser (C:/Users/Admin/Desktop/Talina/Servio.AI/services/api.ts:774:12)
    at C:/Users/Admin/Desktop/Talina/Servio.AI/tests/api.usersAndMessages.test.ts:139:18
    at [90mfile:///C:/Users/Admin/Desktop/Talina/Servio.AI/[39mnode_modules/[4m@vitest/runne
r[24m/dist/index.js:915:20

[90mstderr[2m | tests/api.usersAndMessages.test.ts[2m > [22m[2mAPI Service ΓÇô Users, 
Jobs, Messages & Notifications[2m > [22m[2mJobs[2m > [22m[2mfetchJobsForUser: busca jobs 
do cliente (sucesso) e faz fallback quando falha
[22m[39m≡ƒÜ¿ [API v2] ERRO detectado em /jobs?clientId=cliente@servio.ai - ACIONANDO 
FALLBACK! Error: down
    at C:/Users/Admin/Desktop/Talina/Servio.AI/tests/api.usersAndMessages.test.ts:138:55
[90m    at processTicksAndRejections (node:internal/process/task_queues:103:5)[39m
    at [90mfile:///C:/Users/Admin/Desktop/Talina/Servio.AI/[39mnode_modules/[4m@vitest/runne
r[24m/dist/index.js:915:20
[api] Backend unavailable for /jobs?clientId=cliente@servio.ai, triggering fallback Error: down
    at C:/Users/Admin/Desktop/Talina/Servio.AI/tests/api.usersAndMessages.test.ts:138:55
[90m    at processTicksAndRejections (node:internal/process/task_queues:103:5)[39m
    at [90mfile:///C:/Users/Admin/Desktop/Talina/Servio.AI/[39mnode_modules/[4m@vitest/runne
r[24m/dist/index.js:915:20

[90mstderr[2m | tests/api.usersAndMessages.test.ts[2m > [22m[2mAPI Service ΓÇô Users, 
Jobs, Messages & Notifications[2m > [22m[2mJobs[2m > [22m[2mfetchJobsForUser: busca jobs 
do cliente (sucesso) e faz fallback quando falha
[22m[39mFailed to fetch jobs for user cliente@servio.ai from backend, using mock data

[90mstderr[2m | tests/api.usersAndMessages.test.ts[2m > [22m[2mAPI Service ΓÇô Users, 
Jobs, Messages & Notifications[2m > [22m[2mMessages[2m > [22m[2mfetchMessages: busca 
todas as mensagens quando chatId n├úo ├⌐ passado
[22m[39m≡ƒöº [API v3] Tentando: 
https://us-central1-servioai-staging.cloudfunctions.net/messages

[90mstderr[2m | tests/api.usersAndMessages.test.ts[2m > [22m[2mAPI Service ΓÇô Users, 
Jobs, Messages & Notifications[2m > [22m[2mMessages[2m > [22m[2mfetchMessages: busca 
todas as mensagens quando chatId n├úo ├⌐ passado
[22m[39m[API v3] N├úo foi poss├¡vel obter token de autentica├º├úo: TypeError: 
auth.currentUser.getIdToken is not a function
    at apiCall (C:/Users/Admin/Desktop/Talina/Servio.AI/services/api.ts:111:42)
[90m    at processTicksAndRejections (node:internal/process/task_queues:103:5)[39m
    at Module.fetchMessages (C:/Users/Admin/Desktop/Talina/Servio.AI/services/api.ts:977:12)
    at C:/Users/Admin/Desktop/Talina/Servio.AI/tests/api.usersAndMessages.test.ts:156:22
    at [90mfile:///C:/Users/Admin/Desktop/Talina/Servio.AI/[39mnode_modules/[4m@vitest/runne
r[24m/dist/index.js:915:20

[90mstderr[2m | tests/api.usersAndMessages.test.ts[2m > [22m[2mAPI Service ΓÇô Users, 
Jobs, Messages & Notifications[2m > [22m[2mMessages[2m > [22m[2mfetchMessages: busca 
mensagens por chatId, com fallback em caso de falha
[22m[39m≡ƒöº [API v3] Tentando: 
https://us-central1-servioai-staging.cloudfunctions.net/messages?chatId=chat-abc

[90mstderr[2m | tests/api.usersAndMessages.test.ts[2m > [22m[2mAPI Service ΓÇô Users, 
Jobs, Messages & Notifications[2m > [22m[2mMessages[2m > [22m[2mfetchMessages: busca 
mensagens por chatId, com fallback em caso de falha
[22m[39m[API v3] N├úo foi poss├¡vel obter token de autentica├º├úo: TypeError: 
auth.currentUser.getIdToken is not a function
    at apiCall (C:/Users/Admin/Desktop/Talina/Servio.AI/services/api.ts:111:42)
[90m    at processTicksAndRejections (node:internal/process/task_queues:103:5)[39m
    at Module.fetchMessages (C:/Users/Admin/Desktop/Talina/Servio.AI/services/api.ts:977:12)
    at C:/Users/Admin/Desktop/Talina/Servio.AI/tests/api.usersAndMessages.test.ts:169:18
    at [90mfile:///C:/Users/Admin/Desktop/Talina/Servio.AI/[39mnode_modules/[4m@vitest/runne
r[24m/dist/index.js:915:20

[90mstderr[2m | tests/api.usersAndMessages.test.ts[2m > [22m[2mAPI Service ΓÇô Users, 
Jobs, Messages & Notifications[2m > [22m[2mMessages[2m > [22m[2mfetchMessages: busca 
mensagens por chatId, com fallback em caso de falha
[22m[39m≡ƒöº [API v3] Tentando: 
https://us-central1-servioai-staging.cloudfunctions.net/messages?chatId=chat-abc

[90mstderr[2m | tests/api.usersAndMessages.test.ts[2m > [22m[2mAPI Service ΓÇô Users, 
Jobs, Messages & Notifications[2m > [22m[2mMessages[2m > [22m[2mfetchMessages: busca 
mensagens por chatId, com fallback em caso de falha
[22m[39m[API v3] N├úo foi poss├¡vel obter token de autentica├º├úo: TypeError: 
auth.currentUser.getIdToken is not a function
    at apiCall (C:/Users/Admin/Desktop/Talina/Servio.AI/services/api.ts:111:42)
[90m    at processTicksAndRejections (node:internal/process/task_queues:103:5)[39m
    at Module.fetchMessages (C:/Users/Admin/Desktop/Talina/Servio.AI/services/api.ts:977:12)
    at C:/Users/Admin/Desktop/Talina/Servio.AI/tests/api.usersAndMessages.test.ts:174:18
    at [90mfile:///C:/Users/Admin/Desktop/Talina/Servio.AI/[39mnode_modules/[4m@vitest/runne
r[24m/dist/index.js:915:20

[90mstderr[2m | tests/api.usersAndMessages.test.ts[2m > [22m[2mAPI Service ΓÇô Users, 
Jobs, Messages & Notifications[2m > [22m[2mMessages[2m > [22m[2mfetchMessages: busca 
mensagens por chatId, com fallback em caso de falha
[22m[39m≡ƒÜ¿ [API v2] ERRO detectado em /messages?chatId=chat-abc - ACIONANDO FALLBACK! 
Error: timeout
    at C:/Users/Admin/Desktop/Talina/Servio.AI/tests/api.usersAndMessages.test.ts:173:55
[90m    at processTicksAndRejections (node:internal/process/task_queues:103:5)[39m
    at [90mfile:///C:/Users/Admin/Desktop/Talina/Servio.AI/[39mnode_modules/[4m@vitest/runne
r[24m/dist/index.js:915:20
[api] Backend unavailable for /messages?chatId=chat-abc, triggering fallback Error: timeout
    at C:/Users/Admin/Desktop/Talina/Servio.AI/tests/api.usersAndMessages.test.ts:173:55
[90m    at processTicksAndRejections (node:internal/process/task_queues:103:5)[39m
    at [90mfile:///C:/Users/Admin/Desktop/Talina/Servio.AI/[39mnode_modules/[4m@vitest/runne
r[24m/dist/index.js:915:20

[90mstderr[2m | tests/api.usersAndMessages.test.ts[2m > [22m[2mAPI Service ΓÇô Users, 
Jobs, Messages & Notifications[2m > [22m[2mMessages[2m > [22m[2mfetchMessages: busca 
mensagens por chatId, com fallback em caso de falha
[22m[39mFailed to fetch messages, using mock data

[90mstderr[2m | tests/api.usersAndMessages.test.ts[2m > [22m[2mAPI Service ΓÇô Users, 
Jobs, Messages & Notifications[2m > [22m[2mNotifications[2m > [22m[2mfetchNotifications: 
busca por usu├írio (sucesso) e faz fallback quando falha
[22m[39m≡ƒöº [API v3] Tentando: 
https://us-central1-servioai-staging.cloudfunctions.net/notifications?userId=cliente@servio.ai

[90mstderr[2m | tests/api.usersAndMessages.test.ts[2m > [22m[2mAPI Service ΓÇô Users, 
Jobs, Messages & Notifications[2m > [22m[2mNotifications[2m > [22m[2mfetchNotifications: 
busca por usu├írio (sucesso) e faz fallback quando falha
[22m[39m[API v3] N├úo foi poss├¡vel obter token de autentica├º├úo: TypeError: 
auth.currentUser.getIdToken is not a function
    at apiCall (C:/Users/Admin/Desktop/Talina/Servio.AI/services/api.ts:111:42)
[90m    at processTicksAndRejections (node:internal/process/task_queues:103:5)[39m
    at Module.fetchNotifications 
(C:/Users/Admin/Desktop/Talina/Servio.AI/services/api.ts:1058:12)
    at C:/Users/Admin/Desktop/Talina/Servio.AI/tests/api.usersAndMessages.test.ts:190:18
    at [90mfile:///C:/Users/Admin/Desktop/Talina/Servio.AI/[39mnode_modules/[4m@vitest/runne
r[24m/dist/index.js:915:20

[90mstderr[2m | tests/api.usersAndMessages.test.ts[2m > [22m[2mAPI Service ΓÇô Users, 
Jobs, Messages & Notifications[2m > [22m[2mNotifications[2m > [22m[2mfetchNotifications: 
busca por usu├írio (sucesso) e faz fallback quando falha
[22m[39m≡ƒöº [API v3] Tentando: 
https://us-central1-servioai-staging.cloudfunctions.net/notifications?userId=cliente@servio.ai

[90mstderr[2m | tests/api.usersAndMessages.test.ts[2m > [22m[2mAPI Service ΓÇô Users, 
Jobs, Messages & Notifications[2m > [22m[2mNotifications[2m > [22m[2mfetchNotifications: 
busca por usu├írio (sucesso) e faz fallback quando falha
[22m[39m[API v3] N├úo foi poss├¡vel obter token de autentica├º├úo: TypeError: 
auth.currentUser.getIdToken is not a function
    at apiCall (C:/Users/Admin/Desktop/Talina/Servio.AI/services/api.ts:111:42)
[90m    at processTicksAndRejections (node:internal/process/task_queues:103:5)[39m
    at Module.fetchNotifications 
(C:/Users/Admin/Desktop/Talina/Servio.AI/services/api.ts:1058:12)
    at C:/Users/Admin/Desktop/Talina/Servio.AI/tests/api.usersAndMessages.test.ts:194:18
    at [90mfile:///C:/Users/Admin/Desktop/Talina/Servio.AI/[39mnode_modules/[4m@vitest/runne
r[24m/dist/index.js:915:20

[90mstderr[2m | tests/api.usersAndMessages.test.ts[2m > [22m[2mAPI Service ΓÇô Users, 
Jobs, Messages & Notifications[2m > [22m[2mNotifications[2m > [22m[2mfetchNotifications: 
busca por usu├írio (sucesso) e faz fallback quando falha
[22m[39m≡ƒÜ¿ [API v2] ERRO detectado em /notifications?userId=cliente@servio.ai - ACIONANDO 
FALLBACK! Error: nope
    at C:/Users/Admin/Desktop/Talina/Servio.AI/tests/api.usersAndMessages.test.ts:193:55
[90m    at processTicksAndRejections (node:internal/process/task_queues:103:5)[39m
    at [90mfile:///C:/Users/Admin/Desktop/Talina/Servio.AI/[39mnode_modules/[4m@vitest/runne
r[24m/dist/index.js:915:20
[api] Backend unavailable for /notifications?userId=cliente@servio.ai, triggering fallback 
Error: nope
    at C:/Users/Admin/Desktop/Talina/Servio.AI/tests/api.usersAndMessages.test.ts:193:55
[90m    at processTicksAndRejections (node:internal/process/task_queues:103:5)[39m
    at [90mfile:///C:/Users/Admin/Desktop/Talina/Servio.AI/[39mnode_modules/[4m@vitest/runne
r[24m/dist/index.js:915:20

[90mstderr[2m | tests/api.usersAndMessages.test.ts[2m > [22m[2mAPI Service ΓÇô Users, 
Jobs, Messages & Notifications[2m > [22m[2mNotifications[2m > [22m[2mfetchNotifications: 
busca por usu├írio (sucesso) e faz fallback quando falha
[22m[39mFailed to fetch notifications, using mock data

 [32mΓ£ô[39m tests/api.usersAndMessages.test.ts [2m([22m[2m9 tests[22m[2m)[22m[32m 105[2mms[22m[39m
 [32mΓ£ô[39m tests/ProviderSearchResultCard.test.tsx [2m([22m[2m1 test[22m[2m)[22m[32m 98[2mms[22m[39m
 [32mΓ£ô[39m tests/components/PortfolioGallery.test.tsx [2m([22m[2m2 tests[22m[2m)[22m[32m 110[2mms[22m[39m
[90mstderr[2m | tests/contexts/SelectionContext.test.tsx[2m > [22m[2mSelectionContext[2m 
> [22m[2museSelection hook[2m > [22m[2mthrows error when used outside provider
[22m[39mThe above error occurred in the <TestComponent> component:

    at TestComponent (C:\Users\Admin\Desktop\Talina\Servio.AI\node_modules\@testing-library\rea
ct\dist\pure.js:328:5)

Consider adding an error boundary to your tree to customize error handling behavior.
Visit https://reactjs.org/link/error-boundaries to learn more about error boundaries.

 [32mΓ£ô[39m tests/contexts/SelectionContext.test.tsx [2m([22m[2m9 tests[22m[2m)[22m[32m 100[2mms[22m[39m
 [32mΓ£ô[39m tests/hooks/useNotificationSettings.test.ts [2m([22m[2m16 tests[22m[2m)[22m[32m 96[2mms[22m[39m
[90mstderr[2m | tests/services/conversionAnalyticsService.test.ts[2m > 
[22m[2mConversionAnalyticsService[2m > [22m[2mtrackEvent[2m > [22m[2mdeve lan├ºar erro 
se falhar ao registrar evento
[22m[39mErro ao rastrear evento job_created: Error: Firestore error
    at C:/Users/Admin/Desktop/Talina/Servio.AI/tests/services/conversionAnalyticsService.test.t
s:110:40
    at [90mfile:///C:/Users/Admin/Desktop/Talina/Servio.AI/[39mnode_modules/[4m@vitest/runne
r[24m/dist/index.js:145:11
    at [90mfile:///C:/Users/Admin/Desktop/Talina/Servio.AI/[39mnode_modules/[4m@vitest/runne
r[24m/dist/index.js:915:26
    at [90mfile:///C:/Users/Admin/Desktop/Talina/Servio.AI/[39mnode_modules/[4m@vitest/runne
r[24m/dist/index.js:1243:20
    at new Promise (<anonymous>)
    at runWithTimeout [90m(file:///C:/Users/Admin/Desktop/Talina/Servio.AI/[39mnode_modules/
[4m@vitest/runner[24m/dist/index.js:1209:10[90m)[39m
    at [90mfile:///C:/Users/Admin/Desktop/Talina/Servio.AI/[39mnode_modules/[4m@vitest/runne
r[24m/dist/index.js:1653:37
    at Traces.$ [90m(file:///C:/Users/Admin/Desktop/Talina/Servio.AI/[39mnode_modules/[4mvit
est[24m/dist/chunks/traces.U4xDYhzZ.js:115:27[90m)[39m
    at trace [90m(file:///C:/Users/Admin/Desktop/Talina/Servio.AI/[39mnode_modules/[4mvitest
[24m/dist/chunks/test.B8ej_ZHS.js:239:21[90m)[39m
    at runTest [90m(file:///C:/Users/Admin/Desktop/Talina/Servio.AI/[39mnode_modules/[4m@vit
est/runner[24m/dist/index.js:1653:12[90m)[39m

[90mstderr[2m | tests/services/conversionAnalyticsService.test.ts[2m > 
[22m[2mConversionAnalyticsService[2m > [22m[2mtrackEvent[2m > [22m[2mn├úo deve falhar 
se atualiza├º├úo de m├⌐tricas falhar
[22m[39mErro ao atualizar m├⌐tricas: Error: Metrics error
    at C:/Users/Admin/Desktop/Talina/Servio.AI/tests/services/conversionAnalyticsService.test.t
s:123:43
    at [90mfile:///C:/Users/Admin/Desktop/Talina/Servio.AI/[39mnode_modules/[4m@vitest/runne
r[24m/dist/index.js:145:11
    at [90mfile:///C:/Users/Admin/Desktop/Talina/Servio.AI/[39mnode_modules/[4m@vitest/runne
r[24m/dist/index.js:915:26
    at [90mfile:///C:/Users/Admin/Desktop/Talina/Servio.AI/[39mnode_modules/[4m@vitest/runne
r[24m/dist/index.js:1243:20
    at new Promise (<anonymous>)
    at runWithTimeout [90m(file:///C:/Users/Admin/Desktop/Talina/Servio.AI/[39mnode_modules/
[4m@vitest/runner[24m/dist/index.js:1209:10[90m)[39m
    at [90mfile:///C:/Users/Admin/Desktop/Talina/Servio.AI/[39mnode_modules/[4m@vitest/runne
r[24m/dist/index.js:1653:37
    at Traces.$ [90m(file:///C:/Users/Admin/Desktop/Talina/Servio.AI/[39mnode_modules/[4mvit
est[24m/dist/chunks/traces.U4xDYhzZ.js:115:27[90m)[39m
    at trace [90m(file:///C:/Users/Admin/Desktop/Talina/Servio.AI/[39mnode_modules/[4mvitest
[24m/dist/chunks/test.B8ej_ZHS.js:239:21[90m)[39m
    at runTest [90m(file:///C:/Users/Admin/Desktop/Talina/Servio.AI/[39mnode_modules/[4m@vit
est/runner[24m/dist/index.js:1653:12[90m)[39m

 [32mΓ£ô[39m tests/services/conversionAnalyticsService.test.ts [2m([22m[2m32 tests[22m[2m)[22m[32m 84[2mms[22m[39m
 [32mΓ£ô[39m src/hooks/__tests__/useAdvancedFilters.test.ts [2m([22m[2m25 tests[22m[2m)[22m[32m 100[2mms[22m[39m
 [32mΓ£ô[39m tests/components/Spinner.test.tsx [2m([22m[2m9 tests[22m[2m)[22m[32m 122[2mms[22m[39m
 [32mΓ£ô[39m tests/contexts/ToastContext.test.tsx [2m([22m[2m7 tests[22m[2m)[22m[32m 86[2mms[22m[39m
 [32mΓ£ô[39m tests/components/PublicContactCTA.test.tsx [2m([22m[2m1 test[22m[2m)[22m[32m 77[2mms[22m[39m
 [32mΓ£ô[39m tests/critical-components-coverage.test.ts [2m([22m[2m28 tests[22m[2m)[22m[32m 80[2mms[22m[39m
 [32mΓ£ô[39m tests/CompletedJobCard.test.tsx [2m([22m[2m2 tests[22m[2m)[22m[32m 70[2mms[22m[39m
[90mstderr[2m | tests/services/notificationService.test.ts[2m > 
[22m[2mnotificationService[2m > [22m[2mrequestNotificationPermission[2m > [22m[2mdeve 
verificar suporte do navegador
[22m[39m[FCM] Browser does not support notifications

[90mstderr[2m | tests/services/notificationService.test.ts[2m > 
[22m[2mnotificationService[2m > [22m[2mrequestNotificationPermission[2m > [22m[2mdeve 
retornar null se permiss├úo negada
[22m[39m[FCM] Notification permission denied

[90mstderr[2m | tests/services/notificationService.test.ts[2m > 
[22m[2mnotificationService[2m > [22m[2mrequestNotificationPermission[2m > [22m[2mdeve 
retornar null se falhar ao obter token
[22m[39m[FCM] Failed to get FCM token

 [32mΓ£ô[39m tests/coverage-boost.test.ts [2m([22m[2m21 tests[22m[2m)[22m[32m 77[2mms[22m[39m
[90mstderr[2m | tests/services/notificationService.test.ts[2m > 
[22m[2mnotificationService[2m > [22m[2mrequestNotificationPermission[2m > [22m[2mdeve 
lidar com erro graciosamente
[22m[39m[FCM] Error requesting notification permission: Error: Firebase error
    at 
C:/Users/Admin/Desktop/Talina/Servio.AI/tests/services/notificationService.test.ts:112:42
    at [90mfile:///C:/Users/Admin/Desktop/Talina/Servio.AI/[39mnode_modules/[4m@vitest/runne
r[24m/dist/index.js:145:11
    at [90mfile:///C:/Users/Admin/Desktop/Talina/Servio.AI/[39mnode_modules/[4m@vitest/runne
r[24m/dist/index.js:915:26
    at [90mfile:///C:/Users/Admin/Desktop/Talina/Servio.AI/[39mnode_modules/[4m@vitest/runne
r[24m/dist/index.js:1243:20
    at new Promise (<anonymous>)
    at runWithTimeout [90m(file:///C:/Users/Admin/Desktop/Talina/Servio.AI/[39mnode_modules/
[4m@vitest/runner[24m/dist/index.js:1209:10[90m)[39m
    at [90mfile:///C:/Users/Admin/Desktop/Talina/Servio.AI/[39mnode_modules/[4m@vitest/runne
r[24m/dist/index.js:1653:37
    at Traces.$ [90m(file:///C:/Users/Admin/Desktop/Talina/Servio.AI/[39mnode_modules/[4mvit
est[24m/dist/chunks/traces.U4xDYhzZ.js:115:27[90m)[39m
    at trace [90m(file:///C:/Users/Admin/Desktop/Talina/Servio.AI/[39mnode_modules/[4mvitest
[24m/dist/chunks/test.B8ej_ZHS.js:239:21[90m)[39m
    at runTest [90m(file:///C:/Users/Admin/Desktop/Talina/Servio.AI/[39mnode_modules/[4m@vit
est/runner[24m/dist/index.js:1653:12[90m)[39m

 [32mΓ£ô[39m tests/services/notificationService.test.ts [2m([22m[2m28 tests[22m[2m)[22m[32m 104[2mms[22m[39m
[90mstderr[2m | tests/components/CheckoutFlow.smoke.test.tsx[2m > [22m[2mCheckoutFlow 
smoke[2m > [22m[2mrenderiza passos do checkout
[22m[39mWarning: An update to CheckoutFlow inside a test was not wrapped in act(...).

When testing, code that causes React state updates should be wrapped into act(...):

act(() => {
  /* fire events that update state */
});
/* assert on the output */

This ensures that you're testing the behavior the user would see in the browser. Learn more at 
https://reactjs.org/link/wrap-tests-with-act
    at CheckoutFlow 
(C:/Users/Admin/Desktop/Talina/Servio.AI/src/components/CheckoutFlow.tsx:10:25)
Warning: An update to CheckoutFlow inside a test was not wrapped in act(...).

When testing, code that causes React state updates should be wrapped into act(...):

act(() => {
  /* fire events that update state */
});
/* assert on the output */

This ensures that you're testing the behavior the user would see in the browser. Learn more at 
https://reactjs.org/link/wrap-tests-with-act
    at CheckoutFlow 
(C:/Users/Admin/Desktop/Talina/Servio.AI/src/components/CheckoutFlow.tsx:10:25)

 [32mΓ£ô[39m tests/components/CheckoutFlow.smoke.test.tsx [2m([22m[2m1 test[22m[2m)[22m[32m 82[2mms[22m[39m
[90mstderr[2m | tests/services/smartActionsService.test.ts[2m > 
[22m[2msmartActionsService[2m > [22m[2mgenerateSmartActions - API Failure Fallback[2m > 
[22m[2mdeve usar regras locais quando API retorna erro
[22m[39m[A├º├╡esInteligentes] Erro na API backend, usando regras locais

[90mstderr[2m | tests/services/smartActionsService.test.ts[2m > 
[22m[2msmartActionsService[2m > [22m[2mgenerateSmartActions - API Failure Fallback[2m > 
[22m[2mdeve usar regras locais quando fetch lan├ºa erro
[22m[39m[A├º├╡esInteligentes] Erro ao chamar backend: Error: Network error
    at 
C:/Users/Admin/Desktop/Talina/Servio.AI/tests/services/smartActionsService.test.ts:146:38
    at [90mfile:///C:/Users/Admin/Desktop/Talina/Servio.AI/[39mnode_modules/[4m@vitest/runne
r[24m/dist/index.js:145:11
    at [90mfile:///C:/Users/Admin/Desktop/Talina/Servio.AI/[39mnode_modules/[4m@vitest/runne
r[24m/dist/index.js:915:26
    at [90mfile:///C:/Users/Admin/Desktop/Talina/Servio.AI/[39mnode_modules/[4m@vitest/runne
r[24m/dist/index.js:1243:20
    at new Promise (<anonymous>)
    at runWithTimeout [90m(file:///C:/Users/Admin/Desktop/Talina/Servio.AI/[39mnode_modules/
[4m@vitest/runner[24m/dist/index.js:1209:10[90m)[39m
    at [90mfile:///C:/Users/Admin/Desktop/Talina/Servio.AI/[39mnode_modules/[4m@vitest/runne
r[24m/dist/index.js:1653:37
    at Traces.$ [90m(file:///C:/Users/Admin/Desktop/Talina/Servio.AI/[39mnode_modules/[4mvit
est[24m/dist/chunks/traces.U4xDYhzZ.js:115:27[90m)[39m
    at trace [90m(file:///C:/Users/Admin/Desktop/Talina/Servio.AI/[39mnode_modules/[4mvitest
[24m/dist/chunks/test.B8ej_ZHS.js:239:21[90m)[39m
    at runTest [90m(file:///C:/Users/Admin/Desktop/Talina/Servio.AI/[39mnode_modules/[4m@vit
est/runner[24m/dist/index.js:1653:12[90m)[39m

[90mstderr[2m | tests/services/smartActionsService.test.ts[2m > 
[22m[2msmartActionsService[2m > [22m[2mgenerateRuleBasedActions - Inactive Leads[2m > 
[22m[2mdeve detectar leads inativos h├í 7+ dias
[22m[39m[A├º├╡esInteligentes] Erro na API backend, usando regras locais

[90mstderr[2m | tests/services/smartActionsService.test.ts[2m > 
[22m[2msmartActionsService[2m > [22m[2mgenerateRuleBasedActions - Inactive Leads[2m > 
[22m[2mdeve contar m├║ltiplos leads inativos
[22m[39m[A├º├╡esInteligentes] Erro na API backend, usando regras locais

[90mstderr[2m | tests/services/smartActionsService.test.ts[2m > 
[22m[2msmartActionsService[2m > [22m[2mgenerateRuleBasedActions - Inactive Leads[2m > 
[22m[2mn├úo deve incluir leads won/lost como inativos
[22m[39m[A├º├╡esInteligentes] Erro na API backend, usando regras locais

[90mstderr[2m | tests/services/smartActionsService.test.ts[2m > 
[22m[2msmartActionsService[2m > [22m[2mgenerateRuleBasedActions - Share Referral[2m > 
[22m[2mdeve sugerir compartilhamento ap├│s 3 dias
[22m[39m[A├º├╡esInteligentes] Erro na API backend, usando regras locais

[90mstderr[2m | tests/services/smartActionsService.test.ts[2m > 
[22m[2msmartActionsService[2m > [22m[2mgenerateRuleBasedActions - Share Referral[2m > 
[22m[2mdeve aumentar prioridade ap├│s 7 dias sem compartilhar
[22m[39m[A├º├╡esInteligentes] Erro na API backend, usando regras locais

[90mstderr[2m | tests/services/smartActionsService.test.ts[2m > 
[22m[2msmartActionsService[2m > [22m[2mgenerateRuleBasedActions - Share Referral[2m > 
[22m[2mdeve usar prioridade medium entre 3-6 dias
[22m[39m[A├º├╡esInteligentes] Erro na API backend, usando regras locais

[90mstderr[2m | tests/services/smartActionsService.test.ts[2m > 
[22m[2msmartActionsService[2m > [22m[2mgenerateRuleBasedActions - Share Referral[2m > 
[22m[2mdeve sugerir compartilhamento se nunca compartilhou
[22m[39m[A├º├╡esInteligentes] Erro na API backend, usando regras locais

[90mstderr[2m | tests/services/smartActionsService.test.ts[2m > 
[22m[2msmartActionsService[2m > [22m[2mgenerateRuleBasedActions - Badge Progress[2m > 
[22m[2mdeve sugerir a├º├úo quando progresso > 70%
[22m[39m[A├º├╡esInteligentes] Erro na API backend, usando regras locais

[90mstderr[2m | tests/services/smartActionsService.test.ts[2m > 
[22m[2msmartActionsService[2m > [22m[2mgenerateRuleBasedActions - Badge Progress[2m > 
[22m[2mdeve aumentar prioridade quando restam < 20%
[22m[39m[A├º├╡esInteligentes] Erro na API backend, usando regras locais

[90mstderr[2m | tests/services/smartActionsService.test.ts[2m > 
[22m[2msmartActionsService[2m > [22m[2mgenerateRuleBasedActions - Badge Progress[2m > 
[22m[2mn├úo deve sugerir badge se progresso <= 70%
[22m[39m[A├º├╡esInteligentes] Erro na API backend, usando regras locais

[90mstderr[2m | tests/services/smartActionsService.test.ts[2m > 
[22m[2msmartActionsService[2m > [22m[2mgenerateRuleBasedActions - Hot Leads[2m > 
[22m[2mdeve detectar leads em negocia├º├úo
[22m[39m[A├º├╡esInteligentes] Erro na API backend, usando regras locais

[90mstderr[2m | tests/services/smartActionsService.test.ts[2m > 
[22m[2msmartActionsService[2m > [22m[2mgenerateRuleBasedActions - Hot Leads[2m > 
[22m[2mdeve contar m├║ltiplos leads em negocia├º├úo
[22m[39m[A├º├╡esInteligentes] Erro na API backend, usando regras locais

[90mstderr[2m | tests/services/smartActionsService.test.ts[2m > 
[22m[2msmartActionsService[2m > [22m[2mgenerateRuleBasedActions - Goal Tracking[2m > 
[22m[2mdeve incluir a├º├úo de meta semanal
[22m[39m[A├º├╡esInteligentes] Erro na API backend, usando regras locais

[90mstderr[2m | tests/services/smartActionsService.test.ts[2m > 
[22m[2msmartActionsService[2m > [22m[2mgenerateRuleBasedActions - Priority Sorting[2m > 
[22m[2mdeve retornar no m├íximo 3 a├º├╡es
[22m[39m[A├º├╡esInteligentes] Erro na API backend, usando regras locais

[90mstderr[2m | tests/services/smartActionsService.test.ts[2m > 
[22m[2msmartActionsService[2m > [22m[2mgenerateRuleBasedActions - Priority Sorting[2m > 
[22m[2mdeve ordenar por prioridade (high > medium > low)
[22m[39m[A├º├╡esInteligentes] Erro na API backend, usando regras locais

[90mstderr[2m | tests/services/smartActionsService.test.ts[2m > 
[22m[2msmartActionsService[2m > [22m[2mEdge Cases[2m > [22m[2mdeve funcionar com 
arrays vazios
[22m[39m[A├º├╡esInteligentes] Erro na API backend, usando regras locais

[90mstderr[2m | tests/services/smartActionsService.test.ts[2m > 
[22m[2msmartActionsService[2m > [22m[2mEdge Cases[2m > [22m[2mdeve funcionar sem 
progressToNextBadge
[22m[39m[A├º├╡esInteligentes] Erro na API backend, usando regras locais

 [32mΓ£ô[39m tests/services/smartActionsService.test.ts [2m([22m[2m24 tests[22m[2m)[22m[32m 68[2mms[22m[39m
[90mstderr[2m | tests/services/errorMessages.test.ts[2m > [22m[2mError Messages[2m > 
[22m[2mcreateErrorHandler[2m > [22m[2mdeve retornar message e action
[22m[39m[Error] {
  timestamp: [32m'2026-02-19T20:01:30.870Z'[39m,
  context: [32m'unknown'[39m,
  code: [32m'E_NETWORK'[39m,
  message: [32m'Network error'[39m,
  status: [33m0[39m,
  details: [90mundefined[39m,
  stack: [90mundefined[39m
}

[90mstderr[2m | tests/services/errorMessages.test.ts[2m > [22m[2mError Messages[2m > 
[22m[2mcreateErrorHandler[2m > [22m[2mdeve retornar canRetry
[22m[39m[Error] {
  timestamp: [32m'2026-02-19T20:01:30.876Z'[39m,
  context: [32m'unknown'[39m,
  code: [32m'E_NETWORK'[39m,
  message: [32m'Network error'[39m,
  status: [33m0[39m,
  details: [90mundefined[39m,
  stack: [90mundefined[39m
}

[90mstderr[2m | tests/services/errorMessages.test.ts[2m > [22m[2mError Messages[2m > 
[22m[2mcreateErrorHandler[2m > [22m[2mdeve usar contexto fornecido
[22m[39m[Error] {
  timestamp: [32m'2026-02-19T20:01:30.878Z'[39m,
  context: [32m'payment'[39m,
  code: [32m'E_NETWORK'[39m,
  message: [32m'Network error'[39m,
  status: [33m0[39m,
  details: [90mundefined[39m,
  stack: [90mundefined[39m
}

[90mstderr[2m | tests/services/errorMessages.test.ts[2m > [22m[2mError Messages[2m > 
[22m[2mcreateErrorHandler[2m > [22m[2mdeve chamar onRetry quando action ├⌐ retry
[22m[39m[Error] {
  timestamp: [32m'2026-02-19T20:01:30.881Z'[39m,
  context: [32m'unknown'[39m,
  code: [32m'E_NETWORK'[39m,
  message: [32m'Network error'[39m,
  status: [33m0[39m,
  details: [90mundefined[39m,
  stack: [90mundefined[39m
}

[90mstderr[2m | tests/services/errorMessages.test.ts[2m > [22m[2mError Messages[2m > 
[22m[2mcreateErrorHandler[2m > [22m[2mdeve chamar onAuth quando action ├⌐ login
[22m[39m[Error] {
  timestamp: [32m'2026-02-19T20:01:30.883Z'[39m,
  context: [32m'unknown'[39m,
  code: [32m'E_AUTH'[39m,
  message: [32m'Unauthorized'[39m,
  status: [33m401[39m,
  details: [90mundefined[39m,
  stack: [90mundefined[39m
}

[90mstderr[2m | tests/services/errorMessages.test.ts[2m > [22m[2mError Messages[2m > 
[22m[2mcreateErrorHandler[2m > [22m[2mn├úo deve lan├ºar erro quando callbacks n├úo 
fornecidos
[22m[39m[Error] {
  timestamp: [32m'2026-02-19T20:01:30.885Z'[39m,
  context: [32m'unknown'[39m,
  code: [32m'E_NETWORK'[39m,
  message: [32m'Network error'[39m,
  status: [33m0[39m,
  details: [90mundefined[39m,
  stack: [90mundefined[39m
}

[90mstderr[2m | tests/services/errorMessages.test.ts[2m > [22m[2mError Messages[2m > 
[22m[2mcreateErrorHandler[2m > [22m[2mdeve lidar com erro gen├⌐rico
[22m[39m[Error] {
  timestamp: [32m'2026-02-19T20:01:30.888Z'[39m,
  context: [32m'unknown'[39m,
  code: [32m'UNKNOWN'[39m,
  message: [32m'Generic error'[39m,
  status: [90mundefined[39m,
  details: [90mundefined[39m,
  stack: [32m'Error: Generic error\n'[39m +
    [32m'    at 
C:/Users/Admin/Desktop/Talina/Servio.AI/tests/services/errorMessages.test.ts:503:21\n'[39m +
    [32m'    at file:///C:/Users/Admin/Desktop/Talina/Servio.AI/node_modules/@vitest/runner/di
st/index.js:145:11\n'[39m +
    [32m'    at file:///C:/Users/Admin/Desktop/Talina/Servio.AI/node_modules/@vitest/runner/di
st/index.js:915:26\n'[39m +
    [32m'    at file:///C:/Users/Admin/Desktop/Talina/Servio.AI/node_modules/@vitest/runner/di
st/index.js:1243:20\n'[39m +
    [32m'    at new Promise (<anonymous>)\n'[39m +
    [32m'    at runWithTimeout (file:///C:/Users/Admin/Desktop/Talina/Servio.AI/node_modules/@
vitest/runner/dist/index.js:1209:10)\n'[39m +
    [32m'    at file:///C:/Users/Admin/Desktop/Talina/Servio.AI/node_modules/@vitest/runner/di
st/index.js:1653:37\n'[39m +
    [32m'    at Traces.$ (file:///C:/Users/Admin/Desktop/Talina/Servio.AI/node_modules/vitest/
dist/chunks/traces.U4xDYhzZ.js:115:27)\n'[39m +
    [32m'    at trace (file:///C:/Users/Admin/Desktop/Talina/Servio.AI/node_modules/vitest/dis
t/chunks/test.B8ej_ZHS.js:239:21)\n'[39m +
    [32m'    at runTest (file:///C:/Users/Admin/Desktop/Talina/Servio.AI/node_modules/@vitest/
runner/dist/index.js:1653:12)'[39m
}

[90mstderr[2m | tests/services/errorMessages.test.ts[2m > [22m[2mError Messages[2m > 
[22m[2mcreateErrorHandler[2m > [22m[2monAction n├úo deve fazer nada para action=back
[22m[39m[Error] {
  timestamp: [32m'2026-02-19T20:01:30.891Z'[39m,
  context: [32m'unknown'[39m,
  code: [32m'E_NOT_FOUND'[39m,
  message: [32m'Not found'[39m,
  status: [33m404[39m,
  details: [90mundefined[39m,
  stack: [90mundefined[39m
}

[90mstderr[2m | tests/services/errorMessages.test.ts[2m > [22m[2mError Messages[2m > 
[22m[2mEdge Cases[2m > [22m[2mcreateErrorHandler deve lidar com m├║ltiplas chamadas
[22m[39m[Error] {
  timestamp: [32m'2026-02-19T20:01:30.896Z'[39m,
  context: [32m'unknown'[39m,
  code: [32m'E_NETWORK'[39m,
  message: [32m'Network error'[39m,
  status: [33m0[39m,
  details: [90mundefined[39m,
  stack: [90mundefined[39m
}
[Error] {
  timestamp: [32m'2026-02-19T20:01:30.896Z'[39m,
  context: [32m'unknown'[39m,
  code: [32m'E_AUTH'[39m,
  message: [32m'Unauthorized'[39m,
  status: [33m401[39m,
  details: [90mundefined[39m,
  stack: [90mundefined[39m
}

 [32mΓ£ô[39m tests/services/errorMessages.test.ts [2m([22m[2m68 tests[22m[2m)[22m[32m 99[2mms[22m[39m
 [32mΓ£ô[39m tests/components/LocationMap.test.tsx [2m([22m[2m1 test[22m[2m)[22m[32m 60[2mms[22m[39m
 [32mΓ£ô[39m tests/adminMetrics.test.ts [2m([22m[2m16 tests[22m[2m)[22m[32m 67[2mms[22m[39m
 [32mΓ£ô[39m tests/analyticsService.test.ts [2m([22m[2m20 tests[22m[2m)[22m[32m 61[2mms[22m[39m
 [32mΓ£ô[39m tests/services/referralLinkService.test.ts [2m([22m[2m39 tests[22m[2m)[22m[32m 60[2mms[22m[39m
 [32mΓ£ô[39m tests/prospectorMaterialKit.test.ts [2m([22m[2m35 tests[22m[2m)[22m[32m 41[2mms[22m[39m
 [32mΓ£ô[39m tests/services/prospectingService.comprehensive.test.ts [2m([22m[2m19 tests[22m[2m)[22m[32m 56[2mms[22m[39m
 [32mΓ£ô[39m tests/prospector/analytics.test.ts [2m([22m[2m24 tests[22m[2m)[22m[32m 66[2mms[22m[39m
 [32mΓ£ô[39m tests/components/utils/a11yHelpers.test.ts [2m([22m[2m42 tests[22m[2m)[22m[32m 53[2mms[22m[39m
 [32mΓ£ô[39m tests/utils/logger.test.ts [2m([22m[2m20 tests[22m[2m)[22m[32m 51[2mms[22m[39m
 [32mΓ£ô[39m tests/prospector/dedupe.test.ts [2m([22m[2m52 tests[22m[2m)[22m[32m 59[2mms[22m[39m
 [32mΓ£ô[39m tests/prospectorHelpers.test.ts [2m([22m[2m40 tests[22m[2m)[22m[32m 45[2mms[22m[39m
 [32mΓ£ô[39m tests/components/StructuredDataSEO.test.tsx [2m([22m[2m1 test[22m[2m)[22m[32m 54[2mms[22m[39m
 [32mΓ£ô[39m tests/prospector/sequencer.test.ts [2m([22m[2m25 tests[22m[2m)[22m[32m 52[2mms[22m[39m
 [32mΓ£ô[39m tests/services/stripeService.test.ts [2m([22m[2m34 tests[22m[2m)[22m[32m 40[2mms[22m[39m
 [32mΓ£ô[39m tests/services/errorTranslator.test.ts [2m([22m[2m61 tests[22m[2m)[22m[32m 46[2mms[22m[39m
 [32mΓ£ô[39m tests/week3/ServiceIntegration.gemini.test.tsx [2m([22m[2m25 tests[22m[2m)[22m[32m 42[2mms[22m[39m
[90mstdout[2m | tests/services/messagingService.test.ts
[22m[39mXXX DEBUG: firebaseConfig loading
XXX DEBUG: import.meta.env.MODE: test

[90mstderr[2m | tests/services/messagingService.test.ts
[22m[39m[firebase] Usando mocks porque a configura├º├úo est├í ausente ou desativada.

[90mstderr[2m | tests/services/messagingService.test.ts
[22m[39mΓÜá∩╕Å Storage mock ativo: opera├º├úo ignorada.
ΓÜá∩╕Å Storage mock ativo: opera├º├úo ignorada.
ΓÜá∩╕Å Storage mock ativo: opera├º├úo ignorada.

 [32mΓ£ô[39m tests/types.comprehensive.test.ts [2m([22m[2m33 tests[22m[2m)[22m[32m 36[2mms[22m[39m
[90mstderr[2m | tests/services/messagingService.test.ts
[22m[39mΓòÉΓòÉΓòÉΓòÉΓòÉΓòÉΓòÉΓòÉΓòÉΓòÉΓòÉΓòÉΓòÉΓòÉΓòÉΓòÉΓòÉΓòÉΓòÉΓòÉΓòÉΓòÉΓòÉΓòÉΓòÉΓòÉΓòÉΓòÉΓ
òÉΓòÉΓòÉΓòÉΓòÉΓòÉΓòÉΓòÉΓòÉΓòÉΓòÉΓòÉΓòÉΓòÉΓòÉΓòÉΓòÉΓòÉΓòÉΓòÉΓòÉΓòÉΓòÉΓòÉΓòÉΓòÉΓòÉ
≡ƒöº API SERVICE INICIADO - VERS├âO 2026-01-09
ΓòÉΓòÉΓòÉΓòÉΓòÉΓòÉΓòÉΓòÉΓòÉΓòÉΓòÉΓòÉΓòÉΓòÉΓòÉΓòÉΓòÉΓòÉΓòÉΓòÉΓòÉΓòÉΓòÉΓòÉΓòÉΓòÉΓòÉΓòÉΓòÉΓòÉΓòÉΓò
ÉΓòÉΓòÉΓòÉΓòÉΓòÉΓòÉΓòÉΓòÉΓòÉΓòÉΓòÉΓòÉΓòÉΓòÉΓòÉΓòÉΓòÉΓòÉΓòÉΓòÉΓòÉΓòÉΓòÉ
≡ƒôï STAGING_MODE: true
≡ƒôï Project ID: servioai-staging
≡ƒôï Backend URL: https://us-central1-servioai-staging.cloudfunctions.net
≡ƒôï Use Mock: false
ΓòÉΓòÉΓòÉΓòÉΓòÉΓòÉΓòÉΓòÉΓòÉΓòÉΓòÉΓòÉΓòÉΓòÉΓòÉΓòÉΓòÉΓòÉΓòÉΓòÉΓòÉΓòÉΓòÉΓòÉΓòÉΓòÉΓòÉΓòÉΓòÉΓòÉΓòÉΓò
ÉΓòÉΓòÉΓòÉΓòÉΓòÉΓòÉΓòÉΓòÉΓòÉΓòÉΓòÉΓòÉΓòÉΓòÉΓòÉΓòÉΓòÉΓòÉΓòÉΓòÉΓòÉΓòÉΓòÉ
Γ£à STAGING MODE ATIVO - Backend DESABILITADO!
Γ£à Todas as opera├º├╡es de usu├írio usam Firestore direto!

[90mstderr[2m | tests/services/messagingService.test.ts[2m > [22m[2mmessagingService[2m 
> [22m[2mgetFcmToken[2m > [22m[2mshould return null when Firebase is in mock mode
[22m[39m[FCM] Firebase mock ativo. Push notifications desativadas em CI/teste.

[90mstderr[2m | tests/services/messagingService.test.ts[2m > [22m[2mmessagingService[2m 
> [22m[2mgetFcmToken[2m > [22m[2mshould return null when messaging is not supported
[22m[39m[FCM] Messaging not supported in this browser.

[90mstderr[2m | tests/services/messagingService.test.ts[2m > [22m[2mmessagingService[2m 
> [22m[2mgetFcmToken[2m > [22m[2mshould return null when getToken fails
[22m[39m[FCM] Failed to get token: Error: Token error
    at C:/Users/Admin/Desktop/Talina/Servio.AI/tests/services/messagingService.test.ts:86:55
    at [90mfile:///C:/Users/Admin/Desktop/Talina/Servio.AI/[39mnode_modules/[4m@vitest/runne
r[24m/dist/index.js:145:11
    at [90mfile:///C:/Users/Admin/Desktop/Talina/Servio.AI/[39mnode_modules/[4m@vitest/runne
r[24m/dist/index.js:915:26
    at [90mfile:///C:/Users/Admin/Desktop/Talina/Servio.AI/[39mnode_modules/[4m@vitest/runne
r[24m/dist/index.js:1243:20
    at new Promise (<anonymous>)
    at runWithTimeout [90m(file:///C:/Users/Admin/Desktop/Talina/Servio.AI/[39mnode_modules/
[4m@vitest/runner[24m/dist/index.js:1209:10[90m)[39m
    at [90mfile:///C:/Users/Admin/Desktop/Talina/Servio.AI/[39mnode_modules/[4m@vitest/runne
r[24m/dist/index.js:1653:37
    at Traces.$ [90m(file:///C:/Users/Admin/Desktop/Talina/Servio.AI/[39mnode_modules/[4mvit
est[24m/dist/chunks/traces.U4xDYhzZ.js:115:27[90m)[39m
    at trace [90m(file:///C:/Users/Admin/Desktop/Talina/Servio.AI/[39mnode_modules/[4mvitest
[24m/dist/chunks/test.B8ej_ZHS.js:239:21[90m)[39m
    at runTest [90m(file:///C:/Users/Admin/Desktop/Talina/Servio.AI/[39mnode_modules/[4m@vit
est/runner[24m/dist/index.js:1653:12[90m)[39m

[90mstderr[2m | tests/services/messagingService.test.ts[2m > [22m[2mmessagingService[2m 
> [22m[2mregisterUserFcmToken[2m > [22m[2mshould return null when getFcmToken returns null
[22m[39m[FCM] Firebase mock ativo. Push notifications desativadas em CI/teste.

 [32mΓ£ô[39m tests/services/messagingService.test.ts [2m([22m[2m14 tests[22m[2m)[22m[32m 42[2mms[22m[39m
 [32mΓ£ô[39m tests/services/protocolMetricsService.test.ts [2m([22m[2m29 tests[22m[2m)[22m[32m 40[2mms[22m[39m
 [32mΓ£ô[39m tests/utils/prospectorHelpers.test.ts [2m([22m[2m43 tests[22m[2m)[22m[32m 41[2mms[22m[39m
[90mstderr[2m | tests/prospecting.enhanced.test.ts[2m > [22m[2mEnhanced Prospecting 
Service[2m > [22m[2manalyzeProspectWithAI[2m > [22m[2mshould fallback to basic scoring 
if AI fails
[22m[39m[ProspectingService] AI analysis failed: Error: AI service down
    at C:/Users/Admin/Desktop/Talina/Servio.AI/tests/prospecting.enhanced.test.ts:64:51
    at [90mfile:///C:/Users/Admin/Desktop/Talina/Servio.AI/[39mnode_modules/[4m@vitest/runne
r[24m/dist/index.js:145:11
    at [90mfile:///C:/Users/Admin/Desktop/Talina/Servio.AI/[39mnode_modules/[4m@vitest/runne
r[24m/dist/index.js:915:26
    at [90mfile:///C:/Users/Admin/Desktop/Talina/Servio.AI/[39mnode_modules/[4m@vitest/runne
r[24m/dist/index.js:1243:20
    at new Promise (<anonymous>)
    at runWithTimeout [90m(file:///C:/Users/Admin/Desktop/Talina/Servio.AI/[39mnode_modules/
[4m@vitest/runner[24m/dist/index.js:1209:10[90m)[39m
    at [90mfile:///C:/Users/Admin/Desktop/Talina/Servio.AI/[39mnode_modules/[4m@vitest/runne
r[24m/dist/index.js:1653:37
    at Traces.$ [90m(file:///C:/Users/Admin/Desktop/Talina/Servio.AI/[39mnode_modules/[4mvit
est[24m/dist/chunks/traces.U4xDYhzZ.js:115:27[90m)[39m
    at trace [90m(file:///C:/Users/Admin/Desktop/Talina/Servio.AI/[39mnode_modules/[4mvitest
[24m/dist/chunks/test.B8ej_ZHS.js:239:21[90m)[39m
    at runTest [90m(file:///C:/Users/Admin/Desktop/Talina/Servio.AI/[39mnode_modules/[4m@vit
est/runner[24m/dist/index.js:1653:12[90m)[39m

[90mstderr[2m | tests/prospecting.enhanced.test.ts[2m > [22m[2mEnhanced Prospecting 
Service[2m > [22m[2manalyzeProspectWithAI[2m > [22m[2mshould handle prospect without 
rating
[22m[39m[ProspectingService] AI analysis failed: Error: No rating
    at C:/Users/Admin/Desktop/Talina/Servio.AI/tests/prospecting.enhanced.test.ts:79:51
    at [90mfile:///C:/Users/Admin/Desktop/Talina/Servio.AI/[39mnode_modules/[4m@vitest/runne
r[24m/dist/index.js:145:11
    at [90mfile:///C:/Users/Admin/Desktop/Talina/Servio.AI/[39mnode_modules/[4m@vitest/runne
r[24m/dist/index.js:915:26
    at [90mfile:///C:/Users/Admin/Desktop/Talina/Servio.AI/[39mnode_modules/[4m@vitest/runne
r[24m/dist/index.js:1243:20
    at new Promise (<anonymous>)
    at runWithTimeout [90m(file:///C:/Users/Admin/Desktop/Talina/Servio.AI/[39mnode_modules/
[4m@vitest/runner[24m/dist/index.js:1209:10[90m)[39m
    at [90mfile:///C:/Users/Admin/Desktop/Talina/Servio.AI/[39mnode_modules/[4m@vitest/runne
r[24m/dist/index.js:1653:37
    at Traces.$ [90m(file:///C:/Users/Admin/Desktop/Talina/Servio.AI/[39mnode_modules/[4mvit
est[24m/dist/chunks/traces.U4xDYhzZ.js:115:27[90m)[39m
    at trace [90m(file:///C:/Users/Admin/Desktop/Talina/Servio.AI/[39mnode_modules/[4mvitest
[24m/dist/chunks/test.B8ej_ZHS.js:239:21[90m)[39m
    at runTest [90m(file:///C:/Users/Admin/Desktop/Talina/Servio.AI/[39mnode_modules/[4m@vit
est/runner[24m/dist/index.js:1653:12[90m)[39m

[90mstderr[2m | tests/prospecting.enhanced.test.ts[2m > [22m[2mEnhanced Prospecting 
Service[2m > [22m[2mgeneratePersonalizedEmail[2m > [22m[2mshould fallback to basic 
template if AI fails
[22m[39m[ProspectingService] Email generation failed: Error: AI unavailable
    at C:/Users/Admin/Desktop/Talina/Servio.AI/tests/prospecting.enhanced.test.ts:129:51
    at [90mfile:///C:/Users/Admin/Desktop/Talina/Servio.AI/[39mnode_modules/[4m@vitest/runne
r[24m/dist/index.js:145:11
    at [90mfile:///C:/Users/Admin/Desktop/Talina/Servio.AI/[39mnode_modules/[4m@vitest/runne
r[24m/dist/index.js:915:26
    at [90mfile:///C:/Users/Admin/Desktop/Talina/Servio.AI/[39mnode_modules/[4m@vitest/runne
r[24m/dist/index.js:1243:20
    at new Promise (<anonymous>)
    at runWithTimeout [90m(file:///C:/Users/Admin/Desktop/Talina/Servio.AI/[39mnode_modules/
[4m@vitest/runner[24m/dist/index.js:1209:10[90m)[39m
    at [90mfile:///C:/Users/Admin/Desktop/Talina/Servio.AI/[39mnode_modules/[4m@vitest/runne
r[24m/dist/index.js:1653:37
    at Traces.$ [90m(file:///C:/Users/Admin/Desktop/Talina/Servio.AI/[39mnode_modules/[4mvit
est[24m/dist/chunks/traces.U4xDYhzZ.js:115:27[90m)[39m
    at trace [90m(file:///C:/Users/Admin/Desktop/Talina/Servio.AI/[39mnode_modules/[4mvitest
[24m/dist/chunks/test.B8ej_ZHS.js:239:21[90m)[39m
    at runTest [90m(file:///C:/Users/Admin/Desktop/Talina/Servio.AI/[39mnode_modules/[4m@vit
est/runner[24m/dist/index.js:1653:12[90m)[39m

[90mstderr[2m | tests/prospecting.enhanced.test.ts[2m > [22m[2mEnhanced Prospecting 
Service[2m > [22m[2msendMultiChannelInvite[2m > [22m[2mshould handle channel failures 
gracefully
[22m[39m[ProspectingService] SMS failed: Error: SMS service down
    at C:/Users/Admin/Desktop/Talina/Servio.AI/tests/prospecting.enhanced.test.ts:282:32
    at [90mfile:///C:/Users/Admin/Desktop/Talina/Servio.AI/[39mnode_modules/[4m@vitest/runne
r[24m/dist/index.js:145:11
    at [90mfile:///C:/Users/Admin/Desktop/Talina/Servio.AI/[39mnode_modules/[4m@vitest/runne
r[24m/dist/index.js:915:26
    at [90mfile:///C:/Users/Admin/Desktop/Talina/Servio.AI/[39mnode_modules/[4m@vitest/runne
r[24m/dist/index.js:1243:20
    at new Promise (<anonymous>)
    at runWithTimeout [90m(file:///C:/Users/Admin/Desktop/Talina/Servio.AI/[39mnode_modules/
[4m@vitest/runner[24m/dist/index.js:1209:10[90m)[39m
    at [90mfile:///C:/Users/Admin/Desktop/Talina/Servio.AI/[39mnode_modules/[4m@vitest/runne
r[24m/dist/index.js:1653:37
    at Traces.$ [90m(file:///C:/Users/Admin/Desktop/Talina/Servio.AI/[39mnode_modules/[4mvit
est[24m/dist/chunks/traces.U4xDYhzZ.js:115:27[90m)[39m
    at trace [90m(file:///C:/Users/Admin/Desktop/Talina/Servio.AI/[39mnode_modules/[4mvitest
[24m/dist/chunks/test.B8ej_ZHS.js:239:21[90m)[39m
    at runTest [90m(file:///C:/Users/Admin/Desktop/Talina/Servio.AI/[39mnode_modules/[4m@vit
est/runner[24m/dist/index.js:1653:12[90m)[39m

 [32mΓ£ô[39m tests/prospecting.enhanced.test.ts [2m([22m[2m13 tests[22m[2m)[22m[32m 49[2mms[22m[39m
 [32mΓ£ô[39m tests/week3/ServiceIntegration.stripe.test.tsx [2m([22m[2m27 tests[22m[2m)[22m[32m 44[2mms[22m[39m
 [32mΓ£ô[39m tests/services/whatsappService.test.ts [2m([22m[2m39 tests[22m[2m)[22m[32m 37[2mms[22m[39m
 [32mΓ£ô[39m tests/messageTemplates.test.ts [2m([22m[2m29 tests[22m[2m)[22m[32m 45[2mms[22m[39m
 [32mΓ£ô[39m tests/services/geminiService.test.ts [2m([22m[2m26 tests[22m[2m)[22m[32m 35[2mms[22m[39m
 [32mΓ£ô[39m tests/services/landingPageService.test.js [2m([22m[2m11 tests[22m[2m)[22m[32m 37[2mms[22m[39m
 [32mΓ£ô[39m tests/services/twilioService.test.js [2m([22m[2m16 tests[22m[2m)[22m[32m 36[2mms[22m[39m
 [32mΓ£ô[39m tests/services/crmService.test.js [2m([22m[2m14 tests[22m[2m)[22m[32m 42[2mms[22m[39m
[90mstderr[2m | tests/errorMessages.test.ts[2m > [22m[2merrorMessages[2m > 
[22m[2mcreateErrorHandler[2m > [22m[2mcria handler que retorna mensagem e a├º├úo
[22m[39m[Error] {
  timestamp: [32m'2026-02-19T20:01:38.076Z'[39m,
  context: [32m'payment'[39m,
  code: [32m'E_NETWORK'[39m,
  message: [32m'Network error'[39m,
  status: [90mundefined[39m,
  details: [90mundefined[39m,
  stack: [90mundefined[39m
}

[90mstderr[2m | tests/errorMessages.test.ts[2m > [22m[2merrorMessages[2m > 
[22m[2mcreateErrorHandler[2m > [22m[2mchama callback de retry quando a├º├úo ├⌐ executada
[22m[39m[Error] {
  timestamp: [32m'2026-02-19T20:01:38.081Z'[39m,
  context: [32m'unknown'[39m,
  code: [32m'E_NETWORK'[39m,
  message: [32m'Network error'[39m,
  status: [90mundefined[39m,
  details: [90mundefined[39m,
  stack: [90mundefined[39m
}

[90mstderr[2m | tests/errorMessages.test.ts[2m > [22m[2merrorMessages[2m > 
[22m[2mcreateErrorHandler[2m > [22m[2mchama callback de auth quando a├º├úo ├⌐ login
[22m[39m[Error] {
  timestamp: [32m'2026-02-19T20:01:38.083Z'[39m,
  context: [32m'unknown'[39m,
  code: [32m'E_AUTH'[39m,
  message: [32m'Unauthorized'[39m,
  status: [90mundefined[39m,
  details: [90mundefined[39m,
  stack: [90mundefined[39m
}

 [32mΓ£ô[39m tests/errorMessages.test.ts [2m([22m[2m22 tests[22m[2m)[22m[32m 31[2mms[22m[39m
 [32mΓ£ô[39m tests/errorTranslator.test.ts [2m([22m[2m31 tests[22m[2m)[22m[32m 31[2mms[22m[39m
[90mstderr[2m | tests/ClientDashboard.matching.test.tsx
[22m[39mΓòÉΓòÉΓòÉΓòÉΓòÉΓòÉΓòÉΓòÉΓòÉΓòÉΓòÉΓòÉΓòÉΓòÉΓòÉΓòÉΓòÉΓòÉΓòÉΓòÉΓòÉΓòÉΓòÉΓòÉΓòÉΓòÉΓòÉΓòÉΓ
òÉΓòÉΓòÉΓòÉΓòÉΓòÉΓòÉΓòÉΓòÉΓòÉΓòÉΓòÉΓòÉΓòÉΓòÉΓòÉΓòÉΓòÉΓòÉΓòÉΓòÉΓòÉΓòÉΓòÉΓòÉΓòÉΓòÉ
≡ƒöº API SERVICE INICIADO - VERS├âO 2026-01-09
ΓòÉΓòÉΓòÉΓòÉΓòÉΓòÉΓòÉΓòÉΓòÉΓòÉΓòÉΓòÉΓòÉΓòÉΓòÉΓòÉΓòÉΓòÉΓòÉΓòÉΓòÉΓòÉΓòÉΓòÉΓòÉΓòÉΓòÉΓòÉΓòÉΓòÉΓòÉΓò
ÉΓòÉΓòÉΓòÉΓòÉΓòÉΓòÉΓòÉΓòÉΓòÉΓòÉΓòÉΓòÉΓòÉΓòÉΓòÉΓòÉΓòÉΓòÉΓòÉΓòÉΓòÉΓòÉΓòÉ
≡ƒôï STAGING_MODE: true
≡ƒôï Project ID: servioai-staging
≡ƒôï Backend URL: https://us-central1-servioai-staging.cloudfunctions.net
≡ƒôï Use Mock: false
ΓòÉΓòÉΓòÉΓòÉΓòÉΓòÉΓòÉΓòÉΓòÉΓòÉΓòÉΓòÉΓòÉΓòÉΓòÉΓòÉΓòÉΓòÉΓòÉΓòÉΓòÉΓòÉΓòÉΓòÉΓòÉΓòÉΓòÉΓòÉΓòÉΓòÉΓòÉΓò
ÉΓòÉΓòÉΓòÉΓòÉΓòÉΓòÉΓòÉΓòÉΓòÉΓòÉΓòÉΓòÉΓòÉΓòÉΓòÉΓòÉΓòÉΓòÉΓòÉΓòÉΓòÉΓòÉΓòÉ
Γ£à STAGING MODE ATIVO - Backend DESABILITADO!
Γ£à Todas as opera├º├╡es de usu├írio usam Firestore direto!

 [32mΓ£ô[39m tests/ClientDashboard.matching.test.tsx [2m([22m[2m12 tests[22m[2m)[22m[32m 27[2mms[22m[39m
 [32mΓ£ô[39m tests/prospector/templates.test.ts [2m([22m[2m26 tests[22m[2m)[22m[32m 25[2mms[22m[39m
 [32mΓ£ô[39m tests/lib/firebaseLazy.comprehensive.test.ts [2m([22m[2m34 tests[22m[2m)[22m[32m 35[2mms[22m[39m
 [32mΓ£ô[39m tests/fcmService.test.ts [2m([22m[2m13 tests[22m[2m)[22m[32m 20[2mms[22m[39m
 [32mΓ£ô[39m tests/AIJobRequestWizard.coverage.test.tsx [2m([22m[2m15 tests[22m[2m)[22m[32m 19[2mms[22m[39m
 [32mΓ£ô[39m tests/utils/prospectorHelpers.coverage.test.ts [2m([22m[2m16 tests[22m[2m)[22m[32m 20[2mms[22m[39m
 [32mΓ£ô[39m tests/utils/logger.coverage.test.ts [2m([22m[2m4 tests[22m[2m)[22m[32m 15[2mms[22m[39m
 [32mΓ£ô[39m tests/ClientDashboard.coverage.test.tsx [2m([22m[2m8 tests[22m[2m)[22m[32m 16[2mms[22m[39m
 [32mΓ£ô[39m tests/geminiService.resolveEndpoint.test.ts [2m([22m[2m2 tests[22m[2m)[22m[32m 12[2mms[22m[39m
 [32mΓ£ô[39m tests/a11yHelpers.test.ts [2m([22m[2m4 tests[22m[2m)[22m[32m 12[2mms[22m[39m
[90mstderr[2m | tests/badgeUtils.test.ts
[22m[39mΓòÉΓòÉΓòÉΓòÉΓòÉΓòÉΓòÉΓòÉΓòÉΓòÉΓòÉΓòÉΓòÉΓòÉΓòÉΓòÉΓòÉΓòÉΓòÉΓòÉΓòÉΓòÉΓòÉΓòÉΓòÉΓòÉΓòÉΓòÉΓ
òÉΓòÉΓòÉΓòÉΓòÉΓòÉΓòÉΓòÉΓòÉΓòÉΓòÉΓòÉΓòÉΓòÉΓòÉΓòÉΓòÉΓòÉΓòÉΓòÉΓòÉΓòÉΓòÉΓòÉΓòÉΓòÉΓòÉ
≡ƒöº API SERVICE INICIADO - VERS├âO 2026-01-09
ΓòÉΓòÉΓòÉΓòÉΓòÉΓòÉΓòÉΓòÉΓòÉΓòÉΓòÉΓòÉΓòÉΓòÉΓòÉΓòÉΓòÉΓòÉΓòÉΓòÉΓòÉΓòÉΓòÉΓòÉΓòÉΓòÉΓòÉΓòÉΓòÉΓòÉΓòÉΓò
ÉΓòÉΓòÉΓòÉΓòÉΓòÉΓòÉΓòÉΓòÉΓòÉΓòÉΓòÉΓòÉΓòÉΓòÉΓòÉΓòÉΓòÉΓòÉΓòÉΓòÉΓòÉΓòÉΓòÉ
≡ƒôï STAGING_MODE: true
≡ƒôï Project ID: servioai-staging
≡ƒôï Backend URL: https://us-central1-servioai-staging.cloudfunctions.net
≡ƒôï Use Mock: false
ΓòÉΓòÉΓòÉΓòÉΓòÉΓòÉΓòÉΓòÉΓòÉΓòÉΓòÉΓòÉΓòÉΓòÉΓòÉΓòÉΓòÉΓòÉΓòÉΓòÉΓòÉΓòÉΓòÉΓòÉΓòÉΓòÉΓòÉΓòÉΓòÉΓòÉΓòÉΓò
ÉΓòÉΓòÉΓòÉΓòÉΓòÉΓòÉΓòÉΓòÉΓòÉΓòÉΓòÉΓòÉΓòÉΓòÉΓòÉΓòÉΓòÉΓòÉΓòÉΓòÉΓòÉΓòÉΓòÉ
Γ£à STAGING MODE ATIVO - Backend DESABILITADO!
Γ£à Todas as opera├º├╡es de usu├írio usam Firestore direto!

 [32mΓ£ô[39m tests/badgeUtils.test.ts [2m([22m[2m4 tests[22m[2m)[22m[32m 8[2mms[22m[39m
 [32mΓ£ô[39m tests/analytics.test.ts [2m([22m[2m3 tests[22m[2m)[22m[32m 11[2mms[22m[39m
 [32mΓ£ô[39m tests/firestoreRoleFunction.test.ts [2m([22m[2m4 tests[22m[2m)[22m[32m 9[2mms[22m[39m
 [32mΓ£ô[39m tests/smoke.test.ts [2m([22m[2m1 test[22m[2m)[22m[32m 4[2mms[22m[39m
[90mstdout[2m | tests/firebaseConfig.test.ts
[22m[39mXXX DEBUG: firebaseConfig loading
XXX DEBUG: import.meta.env.MODE: test

[90mstderr[2m | tests/firebaseConfig.test.ts
[22m[39m[firebase] Usando mocks porque a configura├º├úo est├í ausente ou desativada.

 [32mΓ£ô[39m tests/simple.test.ts [2m([22m[2m1 test[22m[2m)[22m[32m 6[2mms[22m[39m
 [32mΓ£ô[39m tests/firebaseConfig.test.ts [2m([22m[2m2 tests[22m[2m)[22m[32m 7[2mms[22m[39m
 [32mΓ£ô[39m tests/debug.test.ts [2m([22m[2m1 test[22m[2m)[22m[32m 5[2mms[22m[39m
 [2m[90mΓåô[39m[22m tests/guardrails.test.mjs [2m([22m[2m7 tests[22m[2m | [22m[33m7 skipped[39m[2m)[22m
[90mstderr[2m | tests/services/api.comprehensive.test.ts
[22m[39mΓòÉΓòÉΓòÉΓòÉΓòÉΓòÉΓòÉΓòÉΓòÉΓòÉΓòÉΓòÉΓòÉΓòÉΓòÉΓòÉΓòÉΓòÉΓòÉΓòÉΓòÉΓòÉΓòÉΓòÉΓòÉΓòÉΓòÉΓòÉΓ
òÉΓòÉΓòÉΓòÉΓòÉΓòÉΓòÉΓòÉΓòÉΓòÉΓòÉΓòÉΓòÉΓòÉΓòÉΓòÉΓòÉΓòÉΓòÉΓòÉΓòÉΓòÉΓòÉΓòÉΓòÉΓòÉΓòÉ
≡ƒöº API SERVICE INICIADO - VERS├âO 2026-01-09
ΓòÉΓòÉΓòÉΓòÉΓòÉΓòÉΓòÉΓòÉΓòÉΓòÉΓòÉΓòÉΓòÉΓòÉΓòÉΓòÉΓòÉΓòÉΓòÉΓòÉΓòÉΓòÉΓòÉΓòÉΓòÉΓòÉΓòÉΓòÉΓòÉΓòÉΓòÉΓò
ÉΓòÉΓòÉΓòÉΓòÉΓòÉΓòÉΓòÉΓòÉΓòÉΓòÉΓòÉΓòÉΓòÉΓòÉΓòÉΓòÉΓòÉΓòÉΓòÉΓòÉΓòÉΓòÉΓòÉ
≡ƒôï STAGING_MODE: true
≡ƒôï Project ID: servioai-staging
≡ƒôï Backend URL: https://us-central1-servioai-staging.cloudfunctions.net
≡ƒôï Use Mock: false
ΓòÉΓòÉΓòÉΓòÉΓòÉΓòÉΓòÉΓòÉΓòÉΓòÉΓòÉΓòÉΓòÉΓòÉΓòÉΓòÉΓòÉΓòÉΓòÉΓòÉΓòÉΓòÉΓòÉΓòÉΓòÉΓòÉΓòÉΓòÉΓòÉΓòÉΓòÉΓò
ÉΓòÉΓòÉΓòÉΓòÉΓòÉΓòÉΓòÉΓòÉΓòÉΓòÉΓòÉΓòÉΓòÉΓòÉΓòÉΓòÉΓòÉΓòÉΓòÉΓòÉΓòÉΓòÉΓòÉ
Γ£à STAGING MODE ATIVO - Backend DESABILITADO!
Γ£à Todas as opera├º├╡es de usu├írio usam Firestore direto!

 [2m[90mΓåô[39m[22m tests/services/api.comprehensive.test.ts [2m([22m[2m31 tests[22m[2m | [22m[33m31 skipped[39m[2m)[22m
 [2m[90mΓåô[39m[22m tests/ProspectorDashboardUnified.test.tsx [2m([22m[2m2 tests[22m[2m | [22m[33m2 skipped[39m[2m)[22m
 [2m[90mΓåô[39m[22m tests/components/admin/InternalChat.comprehensive.test.tsx [2m([22m[2m24 tests[22m[2m | [22m[33m24 skipped[39m[2m)[22m
[90mstdout[2m | tests/week3/ProspectorDashboard.expansion.test.tsx
[22m[39mXXX DEBUG: firebaseConfig loading
XXX DEBUG: import.meta.env.MODE: test

[90mstderr[2m | tests/week3/ProspectorDashboard.expansion.test.tsx
[22m[39m[firebase] Usando mocks porque a configura├º├úo est├í ausente ou desativada.

 [2m[90mΓåô[39m[22m tests/week3/ProspectorDashboard.expansion.test.tsx [2m([22m[2m56 tests[22m[2m | [22m[33m56 skipped[39m[2m)[22m

[31mΓÄ»ΓÄ»ΓÄ»ΓÄ»ΓÄ»ΓÄ»[39m[1m[41m Failed Suites 4 [49m[22m[31mΓÄ»ΓÄ»ΓÄ»ΓÄ»ΓÄ»ΓÄ»ΓÄ»[39m

[41m[1m FAIL [22m[49m tests/components/HeroSection.comprehensive.test.tsx[2m [ 
tests/components/HeroSection.comprehensive.test.tsx ][22m
[31m[1mTypeError[22m: Cannot redefine property: clipboard[39m
[90m [2mΓ¥»[22m attachClipboardStubToView node_modules/@testing-library/user-event/dist/esm/
utils/dataTransfer/Clipboard.js:[2m108:12[22m[39m
[90m [2mΓ¥»[22m Object.setupMain [as setup] 
node_modules/@testing-library/user-event/dist/esm/setup/setup.js:[2m56:5[22m[39m
[36m [2mΓ¥»[22m tests/components/HeroSection.comprehensive.test.tsx:[2m36:26[22m[39m
    [90m 34| [39m
    [90m 35| [39m[34mdescribe[39m([32m'HeroSection - Comprehensive Quality 
Tests'[39m[33m,[39m () [33m=>[39m {
    [90m 36| [39m  [35mconst[39m user [33m=[39m 
userEvent[33m.[39m[34msetup[39m()[33m;[39m
    [90m   | [39m                         [31m^[39m
    [90m 37| [39m
    [90m 38| [39m  [34mbeforeEach[39m(() [33m=>[39m {

[31m[2mΓÄ»ΓÄ»ΓÄ»ΓÄ»ΓÄ»ΓÄ»ΓÄ»ΓÄ»ΓÄ»ΓÄ»ΓÄ»ΓÄ»ΓÄ»ΓÄ»ΓÄ»ΓÄ»ΓÄ»ΓÄ»ΓÄ»ΓÄ»ΓÄ»ΓÄ»[1/100]ΓÄ»[22m[39m

[41m[1m FAIL [22m[49m tests/components/ProviderCard.comprehensive.test.tsx[2m [ 
tests/components/ProviderCard.comprehensive.test.tsx ][22m
[31m[1mTypeError[22m: Cannot redefine property: clipboard[39m
[90m [2mΓ¥»[22m attachClipboardStubToView node_modules/@testing-library/user-event/dist/esm/
utils/dataTransfer/Clipboard.js:[2m108:12[22m[39m
[90m [2mΓ¥»[22m Object.setupMain [as setup] 
node_modules/@testing-library/user-event/dist/esm/setup/setup.js:[2m56:5[22m[39m
[36m [2mΓ¥»[22m tests/components/ProviderCard.comprehensive.test.tsx:[2m51:26[22m[39m
    [90m 49| [39m
    [90m 50| [39m[34mdescribe[39m([32m'ProviderCard - Comprehensive Quality 
Tests'[39m[33m,[39m () [33m=>[39m {
    [90m 51| [39m  [35mconst[39m user [33m=[39m 
userEvent[33m.[39m[34msetup[39m()[33m;[39m
    [90m   | [39m                         [31m^[39m
    [90m 52| [39m  [35mconst[39m mockProvider [33m=[39m {
    [90m 53| [39m    id[33m:[39m [32m'provider-1'[39m[33m,[39m

[31m[2mΓÄ»ΓÄ»ΓÄ»ΓÄ»ΓÄ»ΓÄ»ΓÄ»ΓÄ»ΓÄ»ΓÄ»ΓÄ»ΓÄ»ΓÄ»ΓÄ»ΓÄ»ΓÄ»ΓÄ»ΓÄ»ΓÄ»ΓÄ»ΓÄ»ΓÄ»[2/100]ΓÄ»[22m[39m

[41m[1m FAIL [22m[49m tests/components/ResultsModal_AccessPage.comprehensive.test.tsx[2m 
[ tests/components/ResultsModal_AccessPage.comprehensive.test.tsx ][22m
[31m[1mTypeError[22m: Cannot redefine property: clipboard[39m
[90m [2mΓ¥»[22m attachClipboardStubToView node_modules/@testing-library/user-event/dist/esm/
utils/dataTransfer/Clipboard.js:[2m108:12[22m[39m
[90m [2mΓ¥»[22m Object.setupMain [as setup] 
node_modules/@testing-library/user-event/dist/esm/setup/setup.js:[2m56:5[22m[39m
[36m [2mΓ¥»[22m 
tests/components/ResultsModal_AccessPage.comprehensive.test.tsx:[2m139:26[22m[39m
    [90m137| [39m
    [90m138| [39m[34mdescribe[39m([32m'ResultsModal - Comprehensive Quality 
Tests'[39m[33m,[39m () [33m=>[39m {
    [90m139| [39m  [35mconst[39m user [33m=[39m 
userEvent[33m.[39m[34msetup[39m()[33m;[39m
    [90m   | [39m                         [31m^[39m
    [90m140| [39m  [35mconst[39m mockClose [33m=[39m 
vi[33m.[39m[34mfn[39m()[33m;[39m
    [90m141| [39m  [35mconst[39m mockResults [33m=[39m [

[31m[2mΓÄ»ΓÄ»ΓÄ»ΓÄ»ΓÄ»ΓÄ»ΓÄ»ΓÄ»ΓÄ»ΓÄ»ΓÄ»ΓÄ»ΓÄ»ΓÄ»ΓÄ»ΓÄ»ΓÄ»ΓÄ»ΓÄ»ΓÄ»ΓÄ»ΓÄ»[3/100]ΓÄ»[22m[39m

[41m[1m FAIL [22m[49m tests/components/SearchLandingPage.comprehensive.test.tsx[2m [ 
tests/components/SearchLandingPage.comprehensive.test.tsx ][22m
[31m[1mTypeError[22m: Cannot redefine property: clipboard[39m
[90m [2mΓ¥»[22m attachClipboardStubToView node_modules/@testing-library/user-event/dist/esm/
utils/dataTransfer/Clipboard.js:[2m108:12[22m[39m
[90m [2mΓ¥»[22m Object.setupMain [as setup] 
node_modules/@testing-library/user-event/dist/esm/setup/setup.js:[2m56:5[22m[39m
[36m [2mΓ¥»[22m 
tests/components/SearchLandingPage.comprehensive.test.tsx:[2m99:26[22m[39m
    [90m 97| [39m
    [90m 98| [39m[34mdescribe[39m([32m'SearchLandingPage - Comprehensive Quality 
Tests'[39m[33m,[39m () [33m=>[39m {
    [90m 99| [39m  [35mconst[39m user [33m=[39m 
userEvent[33m.[39m[34msetup[39m()[33m;[39m
    [90m   | [39m                         [31m^[39m
    [90m100| [39m
    [90m101| [39m  [34mbeforeEach[39m(() [33m=>[39m {

[31m[2mΓÄ»ΓÄ»ΓÄ»ΓÄ»ΓÄ»ΓÄ»ΓÄ»ΓÄ»ΓÄ»ΓÄ»ΓÄ»ΓÄ»ΓÄ»ΓÄ»ΓÄ»ΓÄ»ΓÄ»ΓÄ»ΓÄ»ΓÄ»ΓÄ»ΓÄ»[4/100]ΓÄ»[22m[39m


[31mΓÄ»ΓÄ»ΓÄ»ΓÄ»ΓÄ»ΓÄ»[39m[1m[41m Failed Tests 96 [49m[22m[31mΓÄ»ΓÄ»ΓÄ»ΓÄ»ΓÄ»ΓÄ»ΓÄ»[39m

[41m[1m FAIL [22m[49m tests/AdminDashboard.navigation.test.tsx[2m > [22mAdminDashboard 
Tab Navigation[2m > [22mdeve navegar para a aba "Jobs" e exibir seu conte├║do ao ser clicada
[31m[1mTypeError[22m: Cannot redefine property: clipboard[39m
[90m [2mΓ¥»[22m attachClipboardStubToView node_modules/@testing-library/user-event/dist/esm/
utils/dataTransfer/Clipboard.js:[2m108:12[22m[39m
[90m [2mΓ¥»[22m Object.setupMain [as setup] 
node_modules/@testing-library/user-event/dist/esm/setup/setup.js:[2m56:5[22m[39m
[36m [2mΓ¥»[22m tests/AdminDashboard.navigation.test.tsx:[2m66:28[22m[39m
    [90m 64| [39m
    [90m 65| [39m  it('deve navegar para a aba "Jobs" e exibir seu conte├║do ao ser clicΓÇª
    [90m 66| [39m    [35mconst[39m user [33m=[39m 
userEvent[33m.[39m[34msetup[39m()[33m;[39m
    [90m   | [39m                           [31m^[39m
    [90m 67| [39m    [35mconst[39m jobsTab [33m=[39m 
screen[33m.[39m[34mgetByTestId[39m([32m'admin-tab-jobs'[39m)[33m;[39m
    [90m 68| [39m

[31m[2mΓÄ»ΓÄ»ΓÄ»ΓÄ»ΓÄ»ΓÄ»ΓÄ»ΓÄ»ΓÄ»ΓÄ»ΓÄ»ΓÄ»ΓÄ»ΓÄ»ΓÄ»ΓÄ»ΓÄ»ΓÄ»ΓÄ»ΓÄ»ΓÄ»ΓÄ»[5/100]ΓÄ»[22m[39m

[41m[1m FAIL [22m[49m tests/AdminDashboard.navigation.test.tsx[2m > [22mAdminDashboard 
Tab Navigation[2m > [22mdeve navegar entre m├║ltiplas abas corretamente
[31m[1mTypeError[22m: Cannot redefine property: clipboard[39m
[90m [2mΓ¥»[22m attachClipboardStubToView node_modules/@testing-library/user-event/dist/esm/
utils/dataTransfer/Clipboard.js:[2m108:12[22m[39m
[90m [2mΓ¥»[22m Object.setupMain [as setup] 
node_modules/@testing-library/user-event/dist/esm/setup/setup.js:[2m56:5[22m[39m
[36m [2mΓ¥»[22m tests/AdminDashboard.navigation.test.tsx:[2m79:28[22m[39m
    [90m 77| [39m
    [90m 78| [39m  [34mit[39m([32m'deve navegar entre m├║ltiplas abas 
corretamente'[39m[33m,[39m [35masync[39m () [33m=>[39m {
    [90m 79| [39m    [35mconst[39m user [33m=[39m 
userEvent[33m.[39m[34msetup[39m()[33m;[39m
    [90m   | [39m                           [31m^[39m
    [90m 80| [39m
    [90m 81| [39m    [90m// Vai para Providers[39m

[31m[2mΓÄ»ΓÄ»ΓÄ»ΓÄ»ΓÄ»ΓÄ»ΓÄ»ΓÄ»ΓÄ»ΓÄ»ΓÄ»ΓÄ»ΓÄ»ΓÄ»ΓÄ»ΓÄ»ΓÄ»ΓÄ»ΓÄ»ΓÄ»ΓÄ»ΓÄ»[6/100]ΓÄ»[22m[39m

[41m[1m FAIL [22m[49m tests/App.test.tsx[2m > [22mApp Component[2m > [22mshould parse 
URL parameters for profile view
[41m[1m FAIL [22m[49m tests/App.test.tsx[2m > [22mApp Component[2m > [22mshould parse 
URL parameters for service landing
[41m[1m FAIL [22m[49m tests/App.test.tsx[2m > [22mApp Component[2m > [22mshould handle 
chunk loading errors gracefully
[41m[1m FAIL [22m[49m tests/App.test.tsx[2m > [22mApp Component[2m > [22mshould handle 
error events from chunk loading
[41m[1m FAIL [22m[49m tests/App.test.tsx[2m > [22mApp Component[2m > [22mshould 
prevent multiple reloads for chunk errors
[41m[1m FAIL [22m[49m tests/App.test.tsx[2m > [22mApp Component[2m > [22mshould clean 
up error listeners on unmount
[41m[1m FAIL [22m[49m tests/App.test.tsx[2m > [22mApp Component[2m > [22mshould fetch 
all users and jobs for find-providers view
[41m[1m FAIL [22m[49m tests/App.test.tsx[2m > [22mApp Component[2m > [22mshould handle 
view navigation
[41m[1m FAIL [22m[49m tests/App.test.tsx[2m > [22mApp Component[2m > [22mshould render 
Header with proper props
[41m[1m FAIL [22m[49m tests/App.test.tsx[2m > [22mApp Component[2m > [22mshould 
initialize with no current user
[41m[1m FAIL [22m[49m tests/App.test.tsx[2m > [22mApp Component[2m > [22mshould 
maintain maintained items state
[41m[1m FAIL [22m[49m tests/App.test.tsx[2m > [22mApp Component[2m > [22mshould 
maintain all notifications state
[41m[1m FAIL [22m[49m tests/App.test.tsx[2m > [22mApp Component[2m > [22mshould manage 
job data to create state
[41m[1m FAIL [22m[49m tests/App.test.tsx[2m > [22mApp Component[2m > [22mshould manage 
contact provider after login state
[41m[1m FAIL [22m[49m tests/App.test.tsx[2m > [22mApp Component[2m > [22mshould 
cleanup on component unmount
[31m[1mError[22m: No window.location.(origin|href) available to create URL for href: /[39m
[90m [2mΓ¥»[22m invariant 
node_modules/@remix-run/router/dist/router.cjs.js:[2m315:11[22m[39m
[90m [2mΓ¥»[22m createURL 
node_modules/@remix-run/router/dist/router.cjs.js:[2m503:5[22m[39m
[90m [2mΓ¥»[22m Object.encodeLocation 
node_modules/@remix-run/router/dist/router.cjs.js:[2m530:17[22m[39m
[90m [2mΓ¥»[22m 
node_modules/react-router/dist/umd/react-router.development.js:[2m428:44[22m[39m
[90m [2mΓ¥»[22m useRoutesImpl 
node_modules/react-router/dist/umd/react-router.development.js:[2m424:61[22m[39m
[90m [2mΓ¥»[22m useRoutes 
node_modules/react-router/dist/umd/react-router.development.js:[2m343:12[22m[39m
[90m [2mΓ¥»[22m Routes 
node_modules/react-router/dist/umd/react-router.development.js:[2m1276:12[22m[39m
[90m [2mΓ¥»[22m renderWithHooks 
node_modules/react-dom/cjs/react-dom.development.js:[2m15486:18[22m[39m
[90m [2mΓ¥»[22m mountIndeterminateComponent 
node_modules/react-dom/cjs/react-dom.development.js:[2m20103:13[22m[39m

[31m[2mΓÄ»ΓÄ»ΓÄ»ΓÄ»ΓÄ»ΓÄ»ΓÄ»ΓÄ»ΓÄ»ΓÄ»ΓÄ»ΓÄ»ΓÄ»ΓÄ»ΓÄ»ΓÄ»ΓÄ»ΓÄ»ΓÄ»ΓÄ»ΓÄ»ΓÄ»[7/100]ΓÄ»[22m[39m

[41m[1m FAIL [22m[49m tests/AuctionRoomModal.test.tsx[2m > [22mAuctionRoomModal[2m > 
[22mvalida e envia lance menor que o menor existente
[31m[1mTypeError[22m: Cannot redefine property: clipboard[39m
[90m [2mΓ¥»[22m attachClipboardStubToView node_modules/@testing-library/user-event/dist/esm/
utils/dataTransfer/Clipboard.js:[2m108:12[22m[39m
[90m [2mΓ¥»[22m Object.setupMain [as setup] 
node_modules/@testing-library/user-event/dist/esm/setup/setup.js:[2m56:5[22m[39m
[36m [2mΓ¥»[22m tests/AuctionRoomModal.test.tsx:[2m120:28[22m[39m
    [90m118| [39m
    [90m119| [39m  test('valida e envia lance menor que o menor existente', async () =>ΓÇª
    [90m120| [39m    const user = userEvent.setup({ delay: null }); // Remove delay parΓÇª
    [90m   | [39m                           [31m^[39m
    [90m121| [39m    const onPlaceBid = vi.fn().mockResolvedValue(undefined); // Mock cΓÇª
    [90m122| [39m    [35mconst[39m bids [33m=[39m 
[[34mmakeBid[39m([32m'b1'[39m[33m,[39m [32m'provA'[39m[33m,[39m 
[34m500[39m)][33m;[39m

[31m[2mΓÄ»ΓÄ»ΓÄ»ΓÄ»ΓÄ»ΓÄ»ΓÄ»ΓÄ»ΓÄ»ΓÄ»ΓÄ»ΓÄ»ΓÄ»ΓÄ»ΓÄ»ΓÄ»ΓÄ»ΓÄ»ΓÄ»ΓÄ»ΓÄ»ΓÄ»[8/100]ΓÄ»[22m[39m

[41m[1m FAIL [22m[49m tests/ChatModal.test.tsx[2m > [22mChatModal[2m > [22mbloqueia 
envio quando outra parte n├úo existe
[31m[1mTypeError[22m: Cannot redefine property: clipboard[39m
[90m [2mΓ¥»[22m attachClipboardStubToView node_modules/@testing-library/user-event/dist/esm/
utils/dataTransfer/Clipboard.js:[2m108:12[22m[39m
[90m [2mΓ¥»[22m Object.setupMain [as setup] 
node_modules/@testing-library/user-event/dist/esm/setup/setup.js:[2m56:5[22m[39m
[36m [2mΓ¥»[22m tests/ChatModal.test.tsx:[2m91:28[22m[39m
    [90m 89| [39m
    [90m 90| [39m  [34mit[39m([32m'bloqueia envio quando outra parte n├úo 
existe'[39m[33m,[39m [35masync[39m () [33m=>[39m {
    [90m 91| [39m    [35mconst[39m user [33m=[39m userEvent[33m.[39m[34msetup[39m({ 
delay[33m:[39m [35mnull[39m })[33m;[39m
    [90m   | [39m                           [31m^[39m
    [90m 92| [39m    [35mconst[39m { onSendMessage } [33m=[39m [34msetup[39m({ 
otherParty[33m:[39m undefined })[33m;[39m
    [90m 93| [39m    const input = screen.getByPlaceholderText('Digite sua mensagem...'ΓÇª

[31m[2mΓÄ»ΓÄ»ΓÄ»ΓÄ»ΓÄ»ΓÄ»ΓÄ»ΓÄ»ΓÄ»ΓÄ»ΓÄ»ΓÄ»ΓÄ»ΓÄ»ΓÄ»ΓÄ»ΓÄ»ΓÄ»ΓÄ»ΓÄ»ΓÄ»ΓÄ»[9/100]ΓÄ»[22m[39m

[41m[1m FAIL [22m[49m tests/ChatModal.test.tsx[2m > [22mChatModal[2m > [22menvia 
mensagem de texto e limpa input
[31m[1mTypeError[22m: Cannot redefine property: clipboard[39m
[90m [2mΓ¥»[22m attachClipboardStubToView node_modules/@testing-library/user-event/dist/esm/
utils/dataTransfer/Clipboard.js:[2m108:12[22m[39m
[90m [2mΓ¥»[22m Object.setupMain [as setup] 
node_modules/@testing-library/user-event/dist/esm/setup/setup.js:[2m56:5[22m[39m
[36m [2mΓ¥»[22m tests/ChatModal.test.tsx:[2m104:28[22m[39m
    [90m102| [39m
    [90m103| [39m  [34mit[39m([32m'envia mensagem de texto e limpa input'[39m[33m,[39m 
[35masync[39m () [33m=>[39m {
    [90m104| [39m    [35mconst[39m user [33m=[39m 
userEvent[33m.[39m[34msetup[39m()[33m;[39m
    [90m   | [39m                           [31m^[39m
    [90m105| [39m    [35mconst[39m { onSendMessage } [33m=[39m 
[34msetup[39m()[33m;[39m
    [90m106| [39m    const input = screen.getByPlaceholderText('Digite sua mensagem...'ΓÇª

[31m[2mΓÄ»ΓÄ»ΓÄ»ΓÄ»ΓÄ»ΓÄ»ΓÄ»ΓÄ»ΓÄ»ΓÄ»ΓÄ»ΓÄ»ΓÄ»ΓÄ»ΓÄ»ΓÄ»ΓÄ»ΓÄ»ΓÄ»ΓÄ»ΓÄ»[10/100]ΓÄ»[22m[39m

[41m[1m FAIL [22m[49m tests/ChatModal.test.tsx[2m > [22mChatModal[2m > [22mmostra 
sugest├úo da IA e envia resumo como notifica├º├úo de sistema
[31m[1mTypeError[22m: Cannot redefine property: clipboard[39m
[90m [2mΓ¥»[22m attachClipboardStubToView node_modules/@testing-library/user-event/dist/esm/
utils/dataTransfer/Clipboard.js:[2m108:12[22m[39m
[90m [2mΓ¥»[22m Object.setupMain [as setup] 
node_modules/@testing-library/user-event/dist/esm/setup/setup.js:[2m56:5[22m[39m
[36m [2mΓ¥»[22m tests/ChatModal.test.tsx:[2m121:28[22m[39m
    [90m119| [39m
    [90m120| [39m  it('mostra sugest├úo da IA e envia resumo como notifica├º├úo de sistemaΓÇª
    [90m121| [39m    [35mconst[39m user [33m=[39m 
userEvent[33m.[39m[34msetup[39m()[33m;[39m
    [90m   | [39m                           [31m^[39m
    [90m122| [39m    [35mconst[39m suggestion[33m:[39m [33mChatSuggestion[39m 
[33m=[39m {
    [90m123| [39m      name[33m:[39m [32m'summarize_agreement'[39m[33m,[39m

[31m[2mΓÄ»ΓÄ»ΓÄ»ΓÄ»ΓÄ»ΓÄ»ΓÄ»ΓÄ»ΓÄ»ΓÄ»ΓÄ»ΓÄ»ΓÄ»ΓÄ»ΓÄ»ΓÄ»ΓÄ»ΓÄ»ΓÄ»ΓÄ»ΓÄ»[11/100]ΓÄ»[22m[39m

[41m[1m FAIL [22m[49m tests/ChatModal.test.tsx[2m > [22mChatModal[2m > [22mexibe 
sugest├úo de agendamento via IA (proposeScheduleFromChat) e confirma
[31m[1mTypeError[22m: Cannot redefine property: clipboard[39m
[90m [2mΓ¥»[22m attachClipboardStubToView node_modules/@testing-library/user-event/dist/esm/
utils/dataTransfer/Clipboard.js:[2m108:12[22m[39m
[90m [2mΓ¥»[22m Object.setupMain [as setup] 
node_modules/@testing-library/user-event/dist/esm/setup/setup.js:[2m56:5[22m[39m
[36m [2mΓ¥»[22m tests/ChatModal.test.tsx:[2m147:28[22m[39m
    [90m145| [39m
    [90m146| [39m  it('exibe sugest├úo de agendamento via IA (proposeScheduleFromChat) eΓÇª
    [90m147| [39m    [35mconst[39m user [33m=[39m 
userEvent[33m.[39m[34msetup[39m()[33m;[39m
    [90m   | [39m                           [31m^[39m
    [90m148| [39m
    [90m149| [39m    const schedule: ScheduledDateTime = { date: '2025-12-25', time: '1ΓÇª

[31m[2mΓÄ»ΓÄ»ΓÄ»ΓÄ»ΓÄ»ΓÄ»ΓÄ»ΓÄ»ΓÄ»ΓÄ»ΓÄ»ΓÄ»ΓÄ»ΓÄ»ΓÄ»ΓÄ»ΓÄ»ΓÄ»ΓÄ»ΓÄ»ΓÄ»[12/100]ΓÄ»[22m[39m

[41m[1m FAIL [22m[49m tests/ChatModal.test.tsx[2m > [22mChatModal[2m > [22mpermite 
sugerir agendamento manual e envia schedule_proposal
[31m[1mTypeError[22m: Cannot redefine property: clipboard[39m
[90m [2mΓ¥»[22m attachClipboardStubToView node_modules/@testing-library/user-event/dist/esm/
utils/dataTransfer/Clipboard.js:[2m108:12[22m[39m
[90m [2mΓ¥»[22m Object.setupMain [as setup] 
node_modules/@testing-library/user-event/dist/esm/setup/setup.js:[2m56:5[22m[39m
[36m [2mΓ¥»[22m tests/ChatModal.test.tsx:[2m170:28[22m[39m
    [90m168| [39m
    [90m169| [39m  it('permite sugerir agendamento manual e envia schedule_proposal', aΓÇª
    [90m170| [39m    [35mconst[39m user [33m=[39m 
userEvent[33m.[39m[34msetup[39m()[33m;[39m
    [90m   | [39m                           [31m^[39m
    [90m171| [39m    [35mconst[39m { onSendMessage } [33m=[39m 
[34msetup[39m()[33m;[39m
    [90m172| [39m

[31m[2mΓÄ»ΓÄ»ΓÄ»ΓÄ»ΓÄ»ΓÄ»ΓÄ»ΓÄ»ΓÄ»ΓÄ»ΓÄ»ΓÄ»ΓÄ»ΓÄ»ΓÄ»ΓÄ»ΓÄ»ΓÄ»ΓÄ»ΓÄ»ΓÄ»[13/100]ΓÄ»[22m[39m

[41m[1m FAIL [22m[49m tests/ChatModal.test.tsx[2m > [22mChatModal[2m > [22mmostra 
proposta de agendamento recebida e permite confirmar
[31m[1mTypeError[22m: Cannot redefine property: clipboard[39m
[90m [2mΓ¥»[22m attachClipboardStubToView node_modules/@testing-library/user-event/dist/esm/
utils/dataTransfer/Clipboard.js:[2m108:12[22m[39m
[90m [2mΓ¥»[22m Object.setupMain [as setup] 
node_modules/@testing-library/user-event/dist/esm/setup/setup.js:[2m56:5[22m[39m
[36m [2mΓ¥»[22m tests/ChatModal.test.tsx:[2m201:28[22m[39m
    [90m199| [39m
    [90m200| [39m  it('mostra proposta de agendamento recebida e permite confirmar', asΓÇª
    [90m201| [39m    [35mconst[39m user [33m=[39m 
userEvent[33m.[39m[34msetup[39m()[33m;[39m
    [90m   | [39m                           [31m^[39m
    [90m202| [39m    const schedule: ScheduledDateTime = { date: '2025-12-20', time: '1ΓÇª
    [90m203| [39m    [35mconst[39m scheduleMsg[33m:[39m [33mMessage[39m [33m=[39m {

[31m[2mΓÄ»ΓÄ»ΓÄ»ΓÄ»ΓÄ»ΓÄ»ΓÄ»ΓÄ»ΓÄ»ΓÄ»ΓÄ»ΓÄ»ΓÄ»ΓÄ»ΓÄ»ΓÄ»ΓÄ»ΓÄ»ΓÄ»ΓÄ»ΓÄ»[14/100]ΓÄ»[22m[39m

[41m[1m FAIL [22m[49m tests/ClientDashboard.test.tsx[2m > [22mClientDashboard[2m > 
[22mFluxo de Pagamento[2m > [22mdeve chamar a API de checkout e redirecionar ao confirmar o 
pagamento
[31m[1mTypeError[22m: Cannot redefine property: clipboard[39m
[90m [2mΓ¥»[22m attachClipboardStubToView node_modules/@testing-library/user-event/dist/esm/
utils/dataTransfer/Clipboard.js:[2m108:12[22m[39m
[90m [2mΓ¥»[22m Object.setupMain [as setup] 
node_modules/@testing-library/user-event/dist/esm/setup/setup.js:[2m56:5[22m[39m
[36m [2mΓ¥»[22m tests/ClientDashboard.test.tsx:[2m187:30[22m[39m
    [90m185| [39m    it('deve chamar a API de checkout e redirecionar ao confirmar o paΓÇª
    [90m186| [39m      [35mconst[39m { props } [33m=[39m [34mrenderDashboard[39m({ 
initialUserJobs[33m:[39m [] })[33m;[39m
    [90m187| [39m      [35mconst[39m user [33m=[39m 
userEvent[33m.[39m[34msetup[39m()[33m;[39m
    [90m   | [39m                             [31m^[39m
    [90m188| [39m
    [90m189| [39m      [90m// Mock da API e do redirecionamento[39m

[31m[2mΓÄ»ΓÄ»ΓÄ»ΓÄ»ΓÄ»ΓÄ»ΓÄ»ΓÄ»ΓÄ»ΓÄ»ΓÄ»ΓÄ»ΓÄ»ΓÄ»ΓÄ»ΓÄ»ΓÄ»ΓÄ»ΓÄ»ΓÄ»ΓÄ»[15/100]ΓÄ»[22m[39m

[41m[1m FAIL [22m[49m tests/DisputeModal.unit.test.tsx[2m > [22mDisputeModal (unit)[2m 
> [22menvia mensagem ao submeter quando h├í texto e outra parte
[31m[1mTypeError[22m: Cannot redefine property: clipboard[39m
[90m [2mΓ¥»[22m attachClipboardStubToView node_modules/@testing-library/user-event/dist/esm/
utils/dataTransfer/Clipboard.js:[2m108:12[22m[39m
[90m [2mΓ¥»[22m Object.setupMain [as setup] 
node_modules/@testing-library/user-event/dist/esm/setup/setup.js:[2m56:5[22m[39m
[36m [2mΓ¥»[22m tests/DisputeModal.unit.test.tsx:[2m78:28[22m[39m
    [90m 76| [39m
    [90m 77| [39m  it('envia mensagem ao submeter quando h├í texto e outra parte', asyncΓÇª
    [90m 78| [39m    [35mconst[39m user [33m=[39m userEvent[33m.[39m[34msetup[39m({ 
delay[33m:[39m [35mnull[39m })[33m;[39m
    [90m   | [39m                           [31m^[39m
    [90m 79| [39m    [34mrender[39m(
    [90m 80| [39m      [33m<[39m[33mDisputeModal[39m

[31m[2mΓÄ»ΓÄ»ΓÄ»ΓÄ»ΓÄ»ΓÄ»ΓÄ»ΓÄ»ΓÄ»ΓÄ»ΓÄ»ΓÄ»ΓÄ»ΓÄ»ΓÄ»ΓÄ»ΓÄ»ΓÄ»ΓÄ»ΓÄ»ΓÄ»[16/100]ΓÄ»[22m[39m

[41m[1m FAIL [22m[49m tests/DisputeModal.unit.test.tsx[2m > [22mDisputeModal (unit)[2m 
> [22mn├úo envia quando mensagem vazia ou s├│ espa├ºos
[31m[1mTypeError[22m: Cannot redefine property: clipboard[39m
[90m [2mΓ¥»[22m attachClipboardStubToView node_modules/@testing-library/user-event/dist/esm/
utils/dataTransfer/Clipboard.js:[2m108:12[22m[39m
[90m [2mΓ¥»[22m Object.setupMain [as setup] 
node_modules/@testing-library/user-event/dist/esm/setup/setup.js:[2m56:5[22m[39m
[36m [2mΓ¥»[22m tests/DisputeModal.unit.test.tsx:[2m102:28[22m[39m
    [90m100| [39m
    [90m101| [39m  [34mit[39m([32m'n├úo envia quando mensagem vazia ou s├│ 
espa├ºos'[39m[33m,[39m [35masync[39m () [33m=>[39m {
    [90m102| [39m    [35mconst[39m user [33m=[39m userEvent[33m.[39m[34msetup[39m({ 
delay[33m:[39m [35mnull[39m })[33m;[39m
    [90m   | [39m                           [31m^[39m
    [90m103| [39m    [34mrender[39m(
    [90m104| [39m      [33m<[39m[33mDisputeModal[39m

[31m[2mΓÄ»ΓÄ»ΓÄ»ΓÄ»ΓÄ»ΓÄ»ΓÄ»ΓÄ»ΓÄ»ΓÄ»ΓÄ»ΓÄ»ΓÄ»ΓÄ»ΓÄ»ΓÄ»ΓÄ»ΓÄ»ΓÄ»ΓÄ»ΓÄ»[17/100]ΓÄ»[22m[39m

[41m[1m FAIL [22m[49m tests/DisputeModal.unit.test.tsx[2m > [22mDisputeModal (unit)[2m 
> [22mn├úo envia se otherParty estiver ausente
[31m[1mTypeError[22m: Cannot redefine property: clipboard[39m
[90m [2mΓ¥»[22m attachClipboardStubToView node_modules/@testing-library/user-event/dist/esm/
utils/dataTransfer/Clipboard.js:[2m108:12[22m[39m
[90m [2mΓ¥»[22m Object.setupMain [as setup] 
node_modules/@testing-library/user-event/dist/esm/setup/setup.js:[2m56:5[22m[39m
[36m [2mΓ¥»[22m tests/DisputeModal.unit.test.tsx:[2m123:28[22m[39m
    [90m121| [39m
    [90m122| [39m  [34mit[39m([32m'n├úo envia se otherParty estiver 
ausente'[39m[33m,[39m [35masync[39m () [33m=>[39m {
    [90m123| [39m    [35mconst[39m user [33m=[39m userEvent[33m.[39m[34msetup[39m({ 
delay[33m:[39m [35mnull[39m })[33m;[39m
    [90m   | [39m                           [31m^[39m
    [90m124| [39m    [34mrender[39m(
    [90m125| [39m      [33m<[39m[33mDisputeModal[39m

[31m[2mΓÄ»ΓÄ»ΓÄ»ΓÄ»ΓÄ»ΓÄ»ΓÄ»ΓÄ»ΓÄ»ΓÄ»ΓÄ»ΓÄ»ΓÄ»ΓÄ»ΓÄ»ΓÄ»ΓÄ»ΓÄ»ΓÄ»ΓÄ»ΓÄ»[18/100]ΓÄ»[22m[39m

[41m[1m FAIL [22m[49m tests/DisputeModal.unit.test.tsx[2m > [22mDisputeModal (unit)[2m 
> [22mfecha ao clicar no bot├úo de fechar
[31m[1mTypeError[22m: Cannot redefine property: clipboard[39m
[90m [2mΓ¥»[22m attachClipboardStubToView node_modules/@testing-library/user-event/dist/esm/
utils/dataTransfer/Clipboard.js:[2m108:12[22m[39m
[90m [2mΓ¥»[22m Object.setupMain [as setup] 
node_modules/@testing-library/user-event/dist/esm/setup/setup.js:[2m56:5[22m[39m
[36m [2mΓ¥»[22m tests/DisputeModal.unit.test.tsx:[2m143:28[22m[39m
    [90m141| [39m
    [90m142| [39m  [34mit[39m([32m'fecha ao clicar no bot├úo de fechar'[39m[33m,[39m 
[35masync[39m () [33m=>[39m {
    [90m143| [39m    [35mconst[39m user [33m=[39m userEvent[33m.[39m[34msetup[39m({ 
delay[33m:[39m [35mnull[39m })[33m;[39m
    [90m   | [39m                           [31m^[39m
    [90m144| [39m    [34mrender[39m(
    [90m145| [39m      [33m<[39m[33mDisputeModal[39m

[31m[2mΓÄ»ΓÄ»ΓÄ»ΓÄ»ΓÄ»ΓÄ»ΓÄ»ΓÄ»ΓÄ»ΓÄ»ΓÄ»ΓÄ»ΓÄ»ΓÄ»ΓÄ»ΓÄ»ΓÄ»ΓÄ»ΓÄ»ΓÄ»ΓÄ»[19/100]ΓÄ»[22m[39m

[41m[1m FAIL [22m[49m tests/DisputeModal.unit.test.tsx[2m > [22mDisputeModal (unit)[2m 
> [22mfecha ao clicar no overlay
[31m[1mTypeError[22m: Cannot redefine property: clipboard[39m
[90m [2mΓ¥»[22m attachClipboardStubToView node_modules/@testing-library/user-event/dist/esm/
utils/dataTransfer/Clipboard.js:[2m108:12[22m[39m
[90m [2mΓ¥»[22m Object.setupMain [as setup] 
node_modules/@testing-library/user-event/dist/esm/setup/setup.js:[2m56:5[22m[39m
[36m [2mΓ¥»[22m tests/DisputeModal.unit.test.tsx:[2m200:28[22m[39m
    [90m198| [39m
    [90m199| [39m  [34mit[39m([32m'fecha ao clicar no overlay'[39m[33m,[39m 
[35masync[39m () [33m=>[39m {
    [90m200| [39m    [35mconst[39m user [33m=[39m userEvent[33m.[39m[34msetup[39m({ 
delay[33m:[39m [35mnull[39m })[33m;[39m
    [90m   | [39m                           [31m^[39m
    [90m201| [39m    [34mrender[39m(
    [90m202| [39m      [33m<[39m[33mDisputeModal[39m

[31m[2mΓÄ»ΓÄ»ΓÄ»ΓÄ»ΓÄ»ΓÄ»ΓÄ»ΓÄ»ΓÄ»ΓÄ»ΓÄ»ΓÄ»ΓÄ»ΓÄ»ΓÄ»ΓÄ»ΓÄ»ΓÄ»ΓÄ»ΓÄ»ΓÄ»[20/100]ΓÄ»[22m[39m

[41m[1m FAIL [22m[49m tests/DisputeModal.unit.test.tsx[2m > [22mDisputeModal (unit)[2m 
> [22menvia mensagem ao pressionar Enter
[31m[1mTypeError[22m: Cannot redefine property: clipboard[39m
[90m [2mΓ¥»[22m attachClipboardStubToView node_modules/@testing-library/user-event/dist/esm/
utils/dataTransfer/Clipboard.js:[2m108:12[22m[39m
[90m [2mΓ¥»[22m Object.setupMain [as setup] 
node_modules/@testing-library/user-event/dist/esm/setup/setup.js:[2m56:5[22m[39m
[36m [2mΓ¥»[22m tests/DisputeModal.unit.test.tsx:[2m232:28[22m[39m
    [90m230| [39m
    [90m231| [39m  [34mit[39m([32m'envia mensagem ao pressionar Enter'[39m[33m,[39m 
[35masync[39m () [33m=>[39m {
    [90m232| [39m    [35mconst[39m user [33m=[39m userEvent[33m.[39m[34msetup[39m({ 
delay[33m:[39m [35mnull[39m })[33m;[39m
    [90m   | [39m                           [31m^[39m
    [90m233| [39m    [34mrender[39m(
    [90m234| [39m      [33m<[39m[33mDisputeModal[39m

[31m[2mΓÄ»ΓÄ»ΓÄ»ΓÄ»ΓÄ»ΓÄ»ΓÄ»ΓÄ»ΓÄ»ΓÄ»ΓÄ»ΓÄ»ΓÄ»ΓÄ»ΓÄ»ΓÄ»ΓÄ»ΓÄ»ΓÄ»ΓÄ»ΓÄ»[21/100]ΓÄ»[22m[39m

[41m[1m FAIL [22m[49m tests/Header.test.tsx[2m > [22mHeader[2m > [22mchama 
onLoginClick ao clicar em "Entrar"
[31m[1mTypeError[22m: Cannot redefine property: clipboard[39m
[90m [2mΓ¥»[22m attachClipboardStubToView node_modules/@testing-library/user-event/dist/esm/
utils/dataTransfer/Clipboard.js:[2m108:12[22m[39m
[90m [2mΓ¥»[22m Object.setupMain [as setup] 
node_modules/@testing-library/user-event/dist/esm/setup/setup.js:[2m56:5[22m[39m
[36m [2mΓ¥»[22m tests/Header.test.tsx:[2m53:28[22m[39m
    [90m 51| [39m
    [90m 52| [39m  [34mit[39m([32m'chama onLoginClick ao clicar em 
"Entrar"'[39m[33m,[39m [35masync[39m () [33m=>[39m {
    [90m 53| [39m    [35mconst[39m user [33m=[39m userEvent[33m.[39m[34msetup[39m({ 
delay[33m:[39m [35mnull[39m })[33m;[39m
    [90m   | [39m                           [31m^[39m
    [90m 54| [39m    [34mrender[39m([33m<[39m[33mHeader[39m 
[33m{[39m[33m...[39mdefaultProps[33m}[39m [33m/[39m[33m>[39m)[33m;[39m
    [90m 55| [39m

[31m[2mΓÄ»ΓÄ»ΓÄ»ΓÄ»ΓÄ»ΓÄ»ΓÄ»ΓÄ»ΓÄ»ΓÄ»ΓÄ»ΓÄ»ΓÄ»ΓÄ»ΓÄ»ΓÄ»ΓÄ»ΓÄ»ΓÄ»ΓÄ»ΓÄ»[22/100]ΓÄ»[22m[39m

[41m[1m FAIL [22m[49m tests/Header.test.tsx[2m > [22mHeader[2m > [22mchama 
onRegisterClick ao clicar em "Cadastre-se"
[31m[1mTypeError[22m: Cannot redefine property: clipboard[39m
[90m [2mΓ¥»[22m attachClipboardStubToView node_modules/@testing-library/user-event/dist/esm/
utils/dataTransfer/Clipboard.js:[2m108:12[22m[39m
[90m [2mΓ¥»[22m Object.setupMain [as setup] 
node_modules/@testing-library/user-event/dist/esm/setup/setup.js:[2m56:5[22m[39m
[36m [2mΓ¥»[22m tests/Header.test.tsx:[2m61:28[22m[39m
    [90m 59| [39m
    [90m 60| [39m  [34mit[39m([32m'chama onRegisterClick ao clicar em 
"Cadastre-se"'[39m[33m,[39m [35masync[39m () [33m=>[39m {
    [90m 61| [39m    [35mconst[39m user [33m=[39m userEvent[33m.[39m[34msetup[39m({ 
delay[33m:[39m [35mnull[39m })[33m;[39m
    [90m   | [39m                           [31m^[39m
    [90m 62| [39m    [34mrender[39m([33m<[39m[33mHeader[39m 
[33m{[39m[33m...[39mdefaultProps[33m}[39m [33m/[39m[33m>[39m)[33m;[39m
    [90m 63| [39m

[31m[2mΓÄ»ΓÄ»ΓÄ»ΓÄ»ΓÄ»ΓÄ»ΓÄ»ΓÄ»ΓÄ»ΓÄ»ΓÄ»ΓÄ»ΓÄ»ΓÄ»ΓÄ»ΓÄ»ΓÄ»ΓÄ»ΓÄ»ΓÄ»ΓÄ»[23/100]ΓÄ»[22m[39m

[41m[1m FAIL [22m[49m tests/Header.test.tsx[2m > [22mHeader[2m > [22mchama 
onLogoutClick ao clicar em "Sair"
[31m[1mTypeError[22m: Cannot redefine property: clipboard[39m
[90m [2mΓ¥»[22m attachClipboardStubToView node_modules/@testing-library/user-event/dist/esm/
utils/dataTransfer/Clipboard.js:[2m108:12[22m[39m
[90m [2mΓ¥»[22m Object.setupMain [as setup] 
node_modules/@testing-library/user-event/dist/esm/setup/setup.js:[2m56:5[22m[39m
[36m [2mΓ¥»[22m tests/Header.test.tsx:[2m77:28[22m[39m
    [90m 75| [39m
    [90m 76| [39m  [34mit[39m([32m'chama onLogoutClick ao clicar em 
"Sair"'[39m[33m,[39m [35masync[39m () [33m=>[39m {
    [90m 77| [39m    [35mconst[39m user [33m=[39m userEvent[33m.[39m[34msetup[39m({ 
delay[33m:[39m [35mnull[39m })[33m;[39m
    [90m   | [39m                           [31m^[39m
    [90m 78| [39m    [34mrender[39m([33m<[39m[33mHeader[39m 
[33m{[39m[33m...[39mdefaultProps[33m}[39m 
[33muser[39m[33m=[39m[33m{[39mmockUser[33m}[39m [33m/[39m[33m>[39m)[33m;[39m
    [90m 79| [39m

[31m[2mΓÄ»ΓÄ»ΓÄ»ΓÄ»ΓÄ»ΓÄ»ΓÄ»ΓÄ»ΓÄ»ΓÄ»ΓÄ»ΓÄ»ΓÄ»ΓÄ»ΓÄ»ΓÄ»ΓÄ»ΓÄ»ΓÄ»ΓÄ»ΓÄ»[24/100]ΓÄ»[22m[39m

[41m[1m FAIL [22m[49m tests/Header.test.tsx[2m > [22mHeader[2m > [22mchama onSetView 
ao clicar no logo
[31m[1mTypeError[22m: Cannot redefine property: clipboard[39m
[90m [2mΓ¥»[22m attachClipboardStubToView node_modules/@testing-library/user-event/dist/esm/
utils/dataTransfer/Clipboard.js:[2m108:12[22m[39m
[90m [2mΓ¥»[22m Object.setupMain [as setup] 
node_modules/@testing-library/user-event/dist/esm/setup/setup.js:[2m56:5[22m[39m
[36m [2mΓ¥»[22m tests/Header.test.tsx:[2m85:28[22m[39m
    [90m 83| [39m
    [90m 84| [39m  [34mit[39m([32m'chama onSetView ao clicar no logo'[39m[33m,[39m 
[35masync[39m () [33m=>[39m {
    [90m 85| [39m    [35mconst[39m user [33m=[39m userEvent[33m.[39m[34msetup[39m({ 
delay[33m:[39m [35mnull[39m })[33m;[39m
    [90m   | [39m                           [31m^[39m
    [90m 86| [39m    [34mrender[39m([33m<[39m[33mHeader[39m 
[33m{[39m[33m...[39mdefaultProps[33m}[39m [33m/[39m[33m>[39m)[33m;[39m
    [90m 87| [39m

[31m[2mΓÄ»ΓÄ»ΓÄ»ΓÄ»ΓÄ»ΓÄ»ΓÄ»ΓÄ»ΓÄ»ΓÄ»ΓÄ»ΓÄ»ΓÄ»ΓÄ»ΓÄ»ΓÄ»ΓÄ»ΓÄ»ΓÄ»ΓÄ»ΓÄ»[25/100]ΓÄ»[22m[39m

[41m[1m FAIL [22m[49m tests/Header.test.tsx[2m > [22mHeader[2m > [22mrenderiza link 
"Encontrar Profissionais"
[31m[1mTypeError[22m: Cannot redefine property: clipboard[39m
[90m [2mΓ¥»[22m attachClipboardStubToView node_modules/@testing-library/user-event/dist/esm/
utils/dataTransfer/Clipboard.js:[2m108:12[22m[39m
[90m [2mΓ¥»[22m Object.setupMain [as setup] 
node_modules/@testing-library/user-event/dist/esm/setup/setup.js:[2m56:5[22m[39m
[36m [2mΓ¥»[22m tests/Header.test.tsx:[2m102:28[22m[39m
    [90m100| [39m
    [90m101| [39m  [34mit[39m([32m'renderiza link "Encontrar 
Profissionais"'[39m[33m,[39m [35masync[39m () [33m=>[39m {
    [90m102| [39m    [35mconst[39m user [33m=[39m userEvent[33m.[39m[34msetup[39m({ 
delay[33m:[39m [35mnull[39m })[33m;[39m
    [90m   | [39m                           [31m^[39m
    [90m103| [39m    [34mrender[39m([33m<[39m[33mHeader[39m 
[33m{[39m[33m...[39mdefaultProps[33m}[39m [33m/[39m[33m>[39m)[33m;[39m
    [90m104| [39m

[31m[2mΓÄ»ΓÄ»ΓÄ»ΓÄ»ΓÄ»ΓÄ»ΓÄ»ΓÄ»ΓÄ»ΓÄ»ΓÄ»ΓÄ»ΓÄ»ΓÄ»ΓÄ»ΓÄ»ΓÄ»ΓÄ»ΓÄ»ΓÄ»ΓÄ»[26/100]ΓÄ»[22m[39m

[41m[1m FAIL [22m[49m tests/Header.test.tsx[2m > [22mHeader[2m > [22mrenderiza link 
"Seja um Prestador" quando n├úo logado
[31m[1mTypeError[22m: Cannot redefine property: clipboard[39m
[90m [2mΓ¥»[22m attachClipboardStubToView node_modules/@testing-library/user-event/dist/esm/
utils/dataTransfer/Clipboard.js:[2m108:12[22m[39m
[90m [2mΓ¥»[22m Object.setupMain [as setup] 
node_modules/@testing-library/user-event/dist/esm/setup/setup.js:[2m56:5[22m[39m
[36m [2mΓ¥»[22m tests/Header.test.tsx:[2m112:28[22m[39m
    [90m110| [39m
    [90m111| [39m  it('renderiza link "Seja um Prestador" quando n├úo logado', async () ΓÇª
    [90m112| [39m    [35mconst[39m user [33m=[39m userEvent[33m.[39m[34msetup[39m({ 
delay[33m:[39m [35mnull[39m })[33m;[39m
    [90m   | [39m                           [31m^[39m
    [90m113| [39m    [34mrender[39m([33m<[39m[33mHeader[39m 
[33m{[39m[33m...[39mdefaultProps[33m}[39m [33m/[39m[33m>[39m)[33m;[39m
    [90m114| [39m

[31m[2mΓÄ»ΓÄ»ΓÄ»ΓÄ»ΓÄ»ΓÄ»ΓÄ»ΓÄ»ΓÄ»ΓÄ»ΓÄ»ΓÄ»ΓÄ»ΓÄ»ΓÄ»ΓÄ»ΓÄ»ΓÄ»ΓÄ»ΓÄ»ΓÄ»[27/100]ΓÄ»[22m[39m

[41m[1m FAIL [22m[49m tests/ItemCard.test.tsx[2m > [22mItemCard[2m > [22maciona 
onClick ao clicar
[31m[1mTypeError[22m: Cannot redefine property: clipboard[39m
[90m [2mΓ¥»[22m attachClipboardStubToView node_modules/@testing-library/user-event/dist/esm/
utils/dataTransfer/Clipboard.js:[2m108:12[22m[39m
[90m [2mΓ¥»[22m Object.setupMain [as setup] 
node_modules/@testing-library/user-event/dist/esm/setup/setup.js:[2m56:5[22m[39m
[36m [2mΓ¥»[22m tests/ItemCard.test.tsx:[2m39:28[22m[39m
    [90m 37| [39m  [34mit[39m([32m'aciona onClick ao clicar'[39m[33m,[39m 
[35masync[39m () [33m=>[39m {
    [90m 38| [39m    [35mconst[39m onClick [33m=[39m 
vi[33m.[39m[34mfn[39m()[33m;[39m
    [90m 39| [39m    [35mconst[39m user [33m=[39m userEvent[33m.[39m[34msetup[39m({ 
delay[33m:[39m [35mnull[39m })[33m;[39m
    [90m   | [39m                           [31m^[39m
    [90m 40| [39m
    [90m 41| [39m    [34mrender[39m([33m<[39m[33mItemCard[39m 
[33mitem[39m[33m=[39m[33m{[39mbaseItem [35mas[39m any[33m}[39m 
[33monClick[39m[33m=[39m[33m{[39monClick[33m}[39m [33m/[39m[33m>[39m)[33m;[39m

[31m[2mΓÄ»ΓÄ»ΓÄ»ΓÄ»ΓÄ»ΓÄ»ΓÄ»ΓÄ»ΓÄ»ΓÄ»ΓÄ»ΓÄ»ΓÄ»ΓÄ»ΓÄ»ΓÄ»ΓÄ»ΓÄ»ΓÄ»ΓÄ»ΓÄ»[28/100]ΓÄ»[22m[39m

[41m[1m FAIL [22m[49m tests/JobCard.test.tsx[2m > [22mJobCard[2m > [22mmostra bot├úo 
de FAQ e abre modal com FAQ gerada
[31m[1mTypeError[22m: Cannot redefine property: clipboard[39m
[90m [2mΓ¥»[22m attachClipboardStubToView node_modules/@testing-library/user-event/dist/esm/
utils/dataTransfer/Clipboard.js:[2m108:12[22m[39m
[90m [2mΓ¥»[22m Object.setupMain [as setup] 
node_modules/@testing-library/user-event/dist/esm/setup/setup.js:[2m56:5[22m[39m
[36m [2mΓ¥»[22m tests/JobCard.test.tsx:[2m54:28[22m[39m
    [90m 52| [39m
    [90m 53| [39m  [34mit[39m([32m'mostra bot├úo de FAQ e abre modal com FAQ 
gerada'[39m[33m,[39m [35masync[39m () [33m=>[39m {
    [90m 54| [39m    [35mconst[39m user [33m=[39m userEvent[33m.[39m[34msetup[39m({ 
delay[33m:[39m [35mnull[39m })[33m;[39m
    [90m   | [39m                           [31m^[39m
    [90m 55| [39m    const job = baseJob({ serviceType: 'personalizado', fixedPrice: unΓÇª
    [90m 56| [39m    render(<JobCard job={job} bids={[]} onProposeClick={vi.fn()} hasPrΓÇª

[31m[2mΓÄ»ΓÄ»ΓÄ»ΓÄ»ΓÄ»ΓÄ»ΓÄ»ΓÄ»ΓÄ»ΓÄ»ΓÄ»ΓÄ»ΓÄ»ΓÄ»ΓÄ»ΓÄ»ΓÄ»ΓÄ»ΓÄ»ΓÄ»ΓÄ»[29/100]ΓÄ»[22m[39m

[41m[1m FAIL [22m[49m tests/MatchingResults.test.tsx[2m > [22mMatchingResults 
Component[2m > [22mUser Interactions[2m > [22mshould call contact handler when contact 
button clicked
[31m[1mTypeError[22m: Cannot redefine property: clipboard[39m
[90m [2mΓ¥»[22m attachClipboardStubToView node_modules/@testing-library/user-event/dist/esm/
utils/dataTransfer/Clipboard.js:[2m108:12[22m[39m
[90m [2mΓ¥»[22m Object.setupMain [as setup] 
node_modules/@testing-library/user-event/dist/esm/setup/setup.js:[2m56:5[22m[39m
[36m [2mΓ¥»[22m tests/MatchingResults.test.tsx:[2m355:30[22m[39m
    [90m353| [39m  [34mdescribe[39m([32m'User Interactions'[39m[33m,[39m () 
[33m=>[39m {
    [90m354| [39m    it('should call contact handler when contact button clicked', asynΓÇª
    [90m355| [39m      [35mconst[39m user [33m=[39m 
userEvent[33m.[39m[34msetup[39m()[33m;[39m
    [90m   | [39m                             [31m^[39m
    [90m356| [39m      (global[33m.[39mfetch [35mas[39m 
any)[33m.[39m[34mmockResolvedValueOnce[39m({
    [90m357| [39m        ok[33m:[39m [35mtrue[39m[33m,[39m

[31m[2mΓÄ»ΓÄ»ΓÄ»ΓÄ»ΓÄ»ΓÄ»ΓÄ»ΓÄ»ΓÄ»ΓÄ»ΓÄ»ΓÄ»ΓÄ»ΓÄ»ΓÄ»ΓÄ»ΓÄ»ΓÄ»ΓÄ»ΓÄ»ΓÄ»[30/100]ΓÄ»[22m[39m

[41m[1m FAIL [22m[49m tests/NotificationsBell.test.tsx[2m > [22mNotificationsBell[2m > 
[22mexibe badge com contador de n├úo lidas e abre o popover ao clicar
[31m[1mTypeError[22m: Cannot redefine property: clipboard[39m
[90m [2mΓ¥»[22m attachClipboardStubToView node_modules/@testing-library/user-event/dist/esm/
utils/dataTransfer/Clipboard.js:[2m108:12[22m[39m
[90m [2mΓ¥»[22m Object.setupMain [as setup] 
node_modules/@testing-library/user-event/dist/esm/setup/setup.js:[2m56:5[22m[39m
[36m [2mΓ¥»[22m tests/NotificationsBell.test.tsx:[2m38:28[22m[39m
    [90m 36| [39m    [35mconst[39m onMarkAsRead [33m=[39m 
vi[33m.[39m[34mfn[39m()[33m;[39m
    [90m 37| [39m    [35mconst[39m onMarkAllAsRead [33m=[39m 
vi[33m.[39m[34mfn[39m()[33m;[39m
    [90m 38| [39m    [35mconst[39m user [33m=[39m userEvent[33m.[39m[34msetup[39m({ 
delay[33m:[39m [35mnull[39m })[33m;[39m
    [90m   | [39m                           [31m^[39m
    [90m 39| [39m
    [90m 40| [39m    [34mrender[39m(

[31m[2mΓÄ»ΓÄ»ΓÄ»ΓÄ»ΓÄ»ΓÄ»ΓÄ»ΓÄ»ΓÄ»ΓÄ»ΓÄ»ΓÄ»ΓÄ»ΓÄ»ΓÄ»ΓÄ»ΓÄ»ΓÄ»ΓÄ»ΓÄ»ΓÄ»[31/100]ΓÄ»[22m[39m

[41m[1m FAIL [22m[49m tests/NotificationsBell.test.tsx[2m > [22mNotificationsBell[2m > 
[22mmarca todas como lidas e fecha o popover
[31m[1mTypeError[22m: Cannot redefine property: clipboard[39m
[90m [2mΓ¥»[22m attachClipboardStubToView node_modules/@testing-library/user-event/dist/esm/
utils/dataTransfer/Clipboard.js:[2m108:12[22m[39m
[90m [2mΓ¥»[22m Object.setupMain [as setup] 
node_modules/@testing-library/user-event/dist/esm/setup/setup.js:[2m56:5[22m[39m
[36m [2mΓ¥»[22m tests/NotificationsBell.test.tsx:[2m67:28[22m[39m
    [90m 65| [39m    [35mconst[39m onMarkAsRead [33m=[39m 
vi[33m.[39m[34mfn[39m()[33m;[39m
    [90m 66| [39m    [35mconst[39m onMarkAllAsRead [33m=[39m 
vi[33m.[39m[34mfn[39m()[33m;[39m
    [90m 67| [39m    [35mconst[39m user [33m=[39m userEvent[33m.[39m[34msetup[39m({ 
delay[33m:[39m [35mnull[39m })[33m;[39m
    [90m   | [39m                           [31m^[39m
    [90m 68| [39m
    [90m 69| [39m    [34mrender[39m(

[31m[2mΓÄ»ΓÄ»ΓÄ»ΓÄ»ΓÄ»ΓÄ»ΓÄ»ΓÄ»ΓÄ»ΓÄ»ΓÄ»ΓÄ»ΓÄ»ΓÄ»ΓÄ»ΓÄ»ΓÄ»ΓÄ»ΓÄ»ΓÄ»ΓÄ»[32/100]ΓÄ»[22m[39m

[41m[1m FAIL [22m[49m tests/NotificationsBell.test.tsx[2m > [22mNotificationsBell[2m > 
[22mfecha o popover ao clicar fora
[31m[1mTypeError[22m: Cannot redefine property: clipboard[39m
[90m [2mΓ¥»[22m attachClipboardStubToView node_modules/@testing-library/user-event/dist/esm/
utils/dataTransfer/Clipboard.js:[2m108:12[22m[39m
[90m [2mΓ¥»[22m Object.setupMain [as setup] 
node_modules/@testing-library/user-event/dist/esm/setup/setup.js:[2m56:5[22m[39m
[36m [2mΓ¥»[22m tests/NotificationsBell.test.tsx:[2m92:28[22m[39m
    [90m 90| [39m
    [90m 91| [39m  [34mit[39m([32m'fecha o popover ao clicar fora'[39m[33m,[39m 
[35masync[39m () [33m=>[39m {
    [90m 92| [39m    [35mconst[39m user [33m=[39m userEvent[33m.[39m[34msetup[39m({ 
delay[33m:[39m [35mnull[39m })[33m;[39m
    [90m   | [39m                           [31m^[39m
    [90m 93| [39m
    [90m 94| [39m    [34mrender[39m(

[31m[2mΓÄ»ΓÄ»ΓÄ»ΓÄ»ΓÄ»ΓÄ»ΓÄ»ΓÄ»ΓÄ»ΓÄ»ΓÄ»ΓÄ»ΓÄ»ΓÄ»ΓÄ»ΓÄ»ΓÄ»ΓÄ»ΓÄ»ΓÄ»ΓÄ»[33/100]ΓÄ»[22m[39m

[41m[1m FAIL [22m[49m tests/NotificationsPopover.test.tsx[2m > 
[22mNotificationsPopover[2m > [22maciona onMarkAsRead ao clicar em item
[31m[1mTypeError[22m: Cannot redefine property: clipboard[39m
[90m [2mΓ¥»[22m attachClipboardStubToView node_modules/@testing-library/user-event/dist/esm/
utils/dataTransfer/Clipboard.js:[2m108:12[22m[39m
[90m [2mΓ¥»[22m Object.setupMain [as setup] 
node_modules/@testing-library/user-event/dist/esm/setup/setup.js:[2m56:5[22m[39m
[36m [2mΓ¥»[22m tests/NotificationsPopover.test.tsx:[2m71:28[22m[39m
    [90m 69| [39m  [34mit[39m([32m'aciona onMarkAsRead ao clicar em item'[39m[33m,[39m 
[35masync[39m () [33m=>[39m {
    [90m 70| [39m    [35mconst[39m onMark [33m=[39m 
vi[33m.[39m[34mfn[39m()[33m;[39m
    [90m 71| [39m    [35mconst[39m user [33m=[39m userEvent[33m.[39m[34msetup[39m({ 
delay[33m:[39m [35mnull[39m })[33m;[39m
    [90m   | [39m                           [31m^[39m
    [90m 72| [39m
    [90m 73| [39m    [34mrender[39m(

[31m[2mΓÄ»ΓÄ»ΓÄ»ΓÄ»ΓÄ»ΓÄ»ΓÄ»ΓÄ»ΓÄ»ΓÄ»ΓÄ»ΓÄ»ΓÄ»ΓÄ»ΓÄ»ΓÄ»ΓÄ»ΓÄ»ΓÄ»ΓÄ»ΓÄ»[34/100]ΓÄ»[22m[39m

[41m[1m FAIL [22m[49m tests/PaymentModal.test.tsx[2m > [22mPaymentModal[2m > [22mchama 
onClose quando clicar no bot├úo Cancelar
[31m[1mTypeError[22m: Cannot redefine property: clipboard[39m
[90m [2mΓ¥»[22m attachClipboardStubToView node_modules/@testing-library/user-event/dist/esm/
utils/dataTransfer/Clipboard.js:[2m108:12[22m[39m
[90m [2mΓ¥»[22m Object.setupMain [as setup] 
node_modules/@testing-library/user-event/dist/esm/setup/setup.js:[2m56:5[22m[39m
[36m [2mΓ¥»[22m tests/PaymentModal.test.tsx:[2m76:28[22m[39m
    [90m 74| [39m
    [90m 75| [39m  [34mit[39m([32m'chama onClose quando clicar no bot├úo 
Cancelar'[39m[33m,[39m [35masync[39m () [33m=>[39m {
    [90m 76| [39m    [35mconst[39m user [33m=[39m userEvent[33m.[39m[34msetup[39m({ 
delay[33m:[39m [35mnull[39m })[33m;[39m
    [90m   | [39m                           [31m^[39m
    [90m 77| [39m    [34mrender[39m(
    [90m 78| [39m      [33m<[39m[33mPaymentModal[39m

[31m[2mΓÄ»ΓÄ»ΓÄ»ΓÄ»ΓÄ»ΓÄ»ΓÄ»ΓÄ»ΓÄ»ΓÄ»ΓÄ»ΓÄ»ΓÄ»ΓÄ»ΓÄ»ΓÄ»ΓÄ»ΓÄ»ΓÄ»ΓÄ»ΓÄ»[35/100]ΓÄ»[22m[39m

[41m[1m FAIL [22m[49m tests/PaymentModal.test.tsx[2m > [22mPaymentModal[2m > [22mchama 
onClose quando clicar no bot├úo X
[31m[1mTypeError[22m: Cannot redefine property: clipboard[39m
[90m [2mΓ¥»[22m attachClipboardStubToView node_modules/@testing-library/user-event/dist/esm/
utils/dataTransfer/Clipboard.js:[2m108:12[22m[39m
[90m [2mΓ¥»[22m Object.setupMain [as setup] 
node_modules/@testing-library/user-event/dist/esm/setup/setup.js:[2m56:5[22m[39m
[36m [2mΓ¥»[22m tests/PaymentModal.test.tsx:[2m94:28[22m[39m
    [90m 92| [39m
    [90m 93| [39m  [34mit[39m([32m'chama onClose quando clicar no bot├úo 
X'[39m[33m,[39m [35masync[39m () [33m=>[39m {
    [90m 94| [39m    [35mconst[39m user [33m=[39m userEvent[33m.[39m[34msetup[39m({ 
delay[33m:[39m [35mnull[39m })[33m;[39m
    [90m   | [39m                           [31m^[39m
    [90m 95| [39m    [34mrender[39m(
    [90m 96| [39m      [33m<[39m[33mPaymentModal[39m

[31m[2mΓÄ»ΓÄ»ΓÄ»ΓÄ»ΓÄ»ΓÄ»ΓÄ»ΓÄ»ΓÄ»ΓÄ»ΓÄ»ΓÄ»ΓÄ»ΓÄ»ΓÄ»ΓÄ»ΓÄ»ΓÄ»ΓÄ»ΓÄ»ΓÄ»[36/100]ΓÄ»[22m[39m

[41m[1m FAIL [22m[49m tests/PaymentModal.test.tsx[2m > [22mPaymentModal[2m > [22mchama 
onConfirmPayment e exibe loading ao clicar em Pagar
[31m[1mTypeError[22m: Cannot redefine property: clipboard[39m
[90m [2mΓ¥»[22m attachClipboardStubToView node_modules/@testing-library/user-event/dist/esm/
utils/dataTransfer/Clipboard.js:[2m108:12[22m[39m
[90m [2mΓ¥»[22m Object.setupMain [as setup] 
node_modules/@testing-library/user-event/dist/esm/setup/setup.js:[2m56:5[22m[39m
[36m [2mΓ¥»[22m tests/PaymentModal.test.tsx:[2m111:28[22m[39m
    [90m109| [39m
    [90m110| [39m  it('chama onConfirmPayment e exibe loading ao clicar em Pagar', asynΓÇª
    [90m111| [39m    [35mconst[39m user [33m=[39m userEvent[33m.[39m[34msetup[39m({ 
delay[33m:[39m [35mnull[39m })[33m;[39m
    [90m   | [39m                           [31m^[39m
    [90m112| [39m    
onConfirmPayment[33m.[39m[34mmockResolvedValue[39m(undefined)[33m;[39m
    [90m113| [39m

[31m[2mΓÄ»ΓÄ»ΓÄ»ΓÄ»ΓÄ»ΓÄ»ΓÄ»ΓÄ»ΓÄ»ΓÄ»ΓÄ»ΓÄ»ΓÄ»ΓÄ»ΓÄ»ΓÄ»ΓÄ»ΓÄ»ΓÄ»ΓÄ»ΓÄ»[37/100]ΓÄ»[22m[39m

[41m[1m FAIL [22m[49m tests/PaymentModal.test.tsx[2m > [22mPaymentModal[2m > [22mexibe 
mensagem de erro quando onConfirmPayment falha
[31m[1mTypeError[22m: Cannot redefine property: clipboard[39m
[90m [2mΓ¥»[22m attachClipboardStubToView node_modules/@testing-library/user-event/dist/esm/
utils/dataTransfer/Clipboard.js:[2m108:12[22m[39m
[90m [2mΓ¥»[22m Object.setupMain [as setup] 
node_modules/@testing-library/user-event/dist/esm/setup/setup.js:[2m56:5[22m[39m
[36m [2mΓ¥»[22m tests/PaymentModal.test.tsx:[2m134:28[22m[39m
    [90m132| [39m
    [90m133| [39m  it('exibe mensagem de erro quando onConfirmPayment falha', async () ΓÇª
    [90m134| [39m    [35mconst[39m user [33m=[39m userEvent[33m.[39m[34msetup[39m({ 
delay[33m:[39m [35mnull[39m })[33m;[39m
    [90m   | [39m                           [31m^[39m
    [90m135| [39m    [35mconst[39m errorMsg [33m=[39m [32m'Falha no 
pagamento'[39m[33m;[39m
    [90m136| [39m    onConfirmPayment[33m.[39m[34mmockRejectedValue[39m([35mnew[39m 
[33mError[39m(errorMsg))[33m;[39m

[31m[2mΓÄ»ΓÄ»ΓÄ»ΓÄ»ΓÄ»ΓÄ»ΓÄ»ΓÄ»ΓÄ»ΓÄ»ΓÄ»ΓÄ»ΓÄ»ΓÄ»ΓÄ»ΓÄ»ΓÄ»ΓÄ»ΓÄ»ΓÄ»ΓÄ»[38/100]ΓÄ»[22m[39m

[41m[1m FAIL [22m[49m tests/PaymentModal.test.tsx[2m > [22mPaymentModal[2m > 
[22mdesabilita bot├╡es durante loading
[31m[1mTypeError[22m: Cannot redefine property: clipboard[39m
[90m [2mΓ¥»[22m attachClipboardStubToView node_modules/@testing-library/user-event/dist/esm/
utils/dataTransfer/Clipboard.js:[2m108:12[22m[39m
[90m [2mΓ¥»[22m Object.setupMain [as setup] 
node_modules/@testing-library/user-event/dist/esm/setup/setup.js:[2m56:5[22m[39m
[36m [2mΓ¥»[22m tests/PaymentModal.test.tsx:[2m161:28[22m[39m
    [90m159| [39m
    [90m160| [39m  [34mit[39m([32m'desabilita bot├╡es durante loading'[39m[33m,[39m 
[35masync[39m () [33m=>[39m {
    [90m161| [39m    [35mconst[39m user [33m=[39m userEvent[33m.[39m[34msetup[39m({ 
delay[33m:[39m [35mnull[39m })[33m;[39m
    [90m   | [39m                           [31m^[39m
    [90m162| [39m
    [90m163| [39m    [90m// Cria uma promise que controlamos manualmente[39m

[31m[2mΓÄ»ΓÄ»ΓÄ»ΓÄ»ΓÄ»ΓÄ»ΓÄ»ΓÄ»ΓÄ»ΓÄ»ΓÄ»ΓÄ»ΓÄ»ΓÄ»ΓÄ»ΓÄ»ΓÄ»ΓÄ»ΓÄ»ΓÄ»ΓÄ»[39/100]ΓÄ»[22m[39m

[41m[1m FAIL [22m[49m tests/PaymentModal.test.tsx[2m > [22mPaymentModal[2m > 
[22mmostra a├º├úo de Tentar novamente quando erro for E_TIMEOUT e permite retry
[31m[1mTypeError[22m: Cannot redefine property: clipboard[39m
[90m [2mΓ¥»[22m attachClipboardStubToView node_modules/@testing-library/user-event/dist/esm/
utils/dataTransfer/Clipboard.js:[2m108:12[22m[39m
[90m [2mΓ¥»[22m Object.setupMain [as setup] 
node_modules/@testing-library/user-event/dist/esm/setup/setup.js:[2m56:5[22m[39m
[36m [2mΓ¥»[22m tests/PaymentModal.test.tsx:[2m203:28[22m[39m
    [90m201| [39m
    [90m202| [39m  it('mostra a├º├úo de Tentar novamente quando erro for E_TIMEOUT e permΓÇª
    [90m203| [39m    [35mconst[39m user [33m=[39m userEvent[33m.[39m[34msetup[39m({ 
delay[33m:[39m [35mnull[39m })[33m;[39m
    [90m   | [39m                           [31m^[39m
    [90m204| [39m    [35mconst[39m timeoutErr [33m=[39m [35mnew[39m 
[33mError[39m([32m'Tempo de resposta excedido'[39m)[33m;[39m
    [90m205| [39m    (timeoutErr [35mas[39m any)[33m.[39mcode [33m=[39m 
[32m'E_TIMEOUT'[39m[33m;[39m

[31m[2mΓÄ»ΓÄ»ΓÄ»ΓÄ»ΓÄ»ΓÄ»ΓÄ»ΓÄ»ΓÄ»ΓÄ»ΓÄ»ΓÄ»ΓÄ»ΓÄ»ΓÄ»ΓÄ»ΓÄ»ΓÄ»ΓÄ»ΓÄ»ΓÄ»[40/100]ΓÄ»[22m[39m

[41m[1m FAIL [22m[49m tests/PaymentModal.test.tsx[2m > [22mPaymentModal[2m > 
[22mmostra a├º├úo de Tentar novamente quando erro for E_NETWORK
[31m[1mTypeError[22m: Cannot redefine property: clipboard[39m
[90m [2mΓ¥»[22m attachClipboardStubToView node_modules/@testing-library/user-event/dist/esm/
utils/dataTransfer/Clipboard.js:[2m108:12[22m[39m
[90m [2mΓ¥»[22m Object.setupMain [as setup] 
node_modules/@testing-library/user-event/dist/esm/setup/setup.js:[2m56:5[22m[39m
[36m [2mΓ¥»[22m tests/PaymentModal.test.tsx:[2m233:28[22m[39m
    [90m231| [39m
    [90m232| [39m  it('mostra a├º├úo de Tentar novamente quando erro for E_NETWORK', asynΓÇª
    [90m233| [39m    [35mconst[39m user [33m=[39m userEvent[33m.[39m[34msetup[39m({ 
delay[33m:[39m [35mnull[39m })[33m;[39m
    [90m   | [39m                           [31m^[39m
    [90m234| [39m    [35mconst[39m netErr [33m=[39m [35mnew[39m 
[33mError[39m([32m'Falha de rede. Verifique sua conex├úo.'[39m)[33m;[39m
    [90m235| [39m    (netErr [35mas[39m any)[33m.[39mcode [33m=[39m 
[32m'E_NETWORK'[39m[33m;[39m

[31m[2mΓÄ»ΓÄ»ΓÄ»ΓÄ»ΓÄ»ΓÄ»ΓÄ»ΓÄ»ΓÄ»ΓÄ»ΓÄ»ΓÄ»ΓÄ»ΓÄ»ΓÄ»ΓÄ»ΓÄ»ΓÄ»ΓÄ»ΓÄ»ΓÄ»[41/100]ΓÄ»[22m[39m

[41m[1m FAIL [22m[49m tests/ProfileStrength.test.tsx[2m > [22mProfileStrength[2m > 
[22mmostra bot├úo para completar perfil quando incompleto
[31m[1mTypeError[22m: Cannot redefine property: clipboard[39m
[90m [2mΓ¥»[22m attachClipboardStubToView node_modules/@testing-library/user-event/dist/esm/
utils/dataTransfer/Clipboard.js:[2m108:12[22m[39m
[90m [2mΓ¥»[22m Object.setupMain [as setup] 
node_modules/@testing-library/user-event/dist/esm/setup/setup.js:[2m56:5[22m[39m
[36m [2mΓ¥»[22m tests/ProfileStrength.test.tsx:[2m32:28[22m[39m
    [90m 30| [39m    render(<ProfileStrength user={incomplete as any} onEditProfile={onΓÇª
    [90m 31| [39m
    [90m 32| [39m    [35mconst[39m user [33m=[39m userEvent[33m.[39m[34msetup[39m({ 
delay[33m:[39m [35mnull[39m })[33m;[39m
    [90m   | [39m                           [31m^[39m
    [90m 33| [39m    const btn = screen.getByRole('button', { name: /Completar Perfil AΓÇª
    [90m 34| [39m    [35mawait[39m user[33m.[39m[34mclick[39m(btn)[33m;[39m

[31m[2mΓÄ»ΓÄ»ΓÄ»ΓÄ»ΓÄ»ΓÄ»ΓÄ»ΓÄ»ΓÄ»ΓÄ»ΓÄ»ΓÄ»ΓÄ»ΓÄ»ΓÄ»ΓÄ»ΓÄ»ΓÄ»ΓÄ»ΓÄ»ΓÄ»[42/100]ΓÄ»[22m[39m

[41m[1m FAIL [22m[49m tests/ProfileTips.test.tsx[2m > [22mProfileTips[2m > [22mdispara 
onEditProfile ao clicar em Editar Perfil
[31m[1mTypeError[22m: Cannot redefine property: clipboard[39m
[90m [2mΓ¥»[22m attachClipboardStubToView node_modules/@testing-library/user-event/dist/esm/
utils/dataTransfer/Clipboard.js:[2m108:12[22m[39m
[90m [2mΓ¥»[22m Object.setupMain [as setup] 
node_modules/@testing-library/user-event/dist/esm/setup/setup.js:[2m56:5[22m[39m
[36m [2mΓ¥»[22m tests/ProfileTips.test.tsx:[2m54:28[22m[39m
    [90m 52| [39m    render(<ProfileTips user={mockUser as any} onEditProfile={onEdit} ΓÇª
    [90m 53| [39m
    [90m 54| [39m    [35mconst[39m user [33m=[39m userEvent[33m.[39m[34msetup[39m({ 
delay[33m:[39m [35mnull[39m })[33m;[39m
    [90m   | [39m                           [31m^[39m
    [90m 55| [39m    const btn = await screen.findByRole('button', { name: /Editar PerfΓÇª
    [90m 56| [39m    [35mawait[39m user[33m.[39m[34mclick[39m(btn)[33m;[39m

[31m[2mΓÄ»ΓÄ»ΓÄ»ΓÄ»ΓÄ»ΓÄ»ΓÄ»ΓÄ»ΓÄ»ΓÄ»ΓÄ»ΓÄ»ΓÄ»ΓÄ»ΓÄ»ΓÄ»ΓÄ»ΓÄ»ΓÄ»ΓÄ»ΓÄ»[43/100]ΓÄ»[22m[39m

[41m[1m FAIL [22m[49m tests/ProposalModal.test.tsx[2m > [22mProposalModal[2m > 
[22mfecha modal ao clicar no X
[31m[1mTypeError[22m: Cannot redefine property: clipboard[39m
[90m [2mΓ¥»[22m attachClipboardStubToView node_modules/@testing-library/user-event/dist/esm/
utils/dataTransfer/Clipboard.js:[2m108:12[22m[39m
[90m [2mΓ¥»[22m Object.setupMain [as setup] 
node_modules/@testing-library/user-event/dist/esm/setup/setup.js:[2m56:5[22m[39m
[36m [2mΓ¥»[22m tests/ProposalModal.test.tsx:[2m55:28[22m[39m
    [90m 53| [39m
    [90m 54| [39m  [34mit[39m([32m'fecha modal ao clicar no X'[39m[33m,[39m 
[35masync[39m () [33m=>[39m {
    [90m 55| [39m    [35mconst[39m user [33m=[39m userEvent[33m.[39m[34msetup[39m({ 
delay[33m:[39m [35mnull[39m })[33m;[39m
    [90m   | [39m                           [31m^[39m
    [90m 56| [39m    [34mrender[39m(
    [90m 57| [39m      <ProposalModal job={mockJob} provider={mockProvider} onClose={onΓÇª

[31m[2mΓÄ»ΓÄ»ΓÄ»ΓÄ»ΓÄ»ΓÄ»ΓÄ»ΓÄ»ΓÄ»ΓÄ»ΓÄ»ΓÄ»ΓÄ»ΓÄ»ΓÄ»ΓÄ»ΓÄ»ΓÄ»ΓÄ»ΓÄ»ΓÄ»[44/100]ΓÄ»[22m[39m

[41m[1m FAIL [22m[49m tests/ProposalModal.test.tsx[2m > [22mProposalModal[2m > 
[22mpermite enviar proposta com pre├ºo e mensagem
[31m[1mTypeError[22m: Cannot redefine property: clipboard[39m
[90m [2mΓ¥»[22m attachClipboardStubToView node_modules/@testing-library/user-event/dist/esm/
utils/dataTransfer/Clipboard.js:[2m108:12[22m[39m
[90m [2mΓ¥»[22m Object.setupMain [as setup] 
node_modules/@testing-library/user-event/dist/esm/setup/setup.js:[2m56:5[22m[39m
[36m [2mΓ¥»[22m tests/ProposalModal.test.tsx:[2m67:28[22m[39m
    [90m 65| [39m
    [90m 66| [39m  [34mit[39m([32m'permite enviar proposta com pre├ºo e 
mensagem'[39m[33m,[39m [35masync[39m () [33m=>[39m {
    [90m 67| [39m    [35mconst[39m user [33m=[39m userEvent[33m.[39m[34msetup[39m({ 
delay[33m:[39m [35mnull[39m })[33m;[39m
    [90m   | [39m                           [31m^[39m
    [90m 68| [39m    [34mrender[39m(
    [90m 69| [39m      <ProposalModal job={mockJob} provider={mockProvider} onClose={onΓÇª

[31m[2mΓÄ»ΓÄ»ΓÄ»ΓÄ»ΓÄ»ΓÄ»ΓÄ»ΓÄ»ΓÄ»ΓÄ»ΓÄ»ΓÄ»ΓÄ»ΓÄ»ΓÄ»ΓÄ»ΓÄ»ΓÄ»ΓÄ»ΓÄ»ΓÄ»[45/100]ΓÄ»[22m[39m

[41m[1m FAIL [22m[49m tests/ProposalModal.test.tsx[2m > [22mProposalModal[2m > 
[22mexibe erro quando pre├ºo ├⌐ inv├ílido
[31m[1mTypeError[22m: Cannot redefine property: clipboard[39m
[90m [2mΓ¥»[22m attachClipboardStubToView node_modules/@testing-library/user-event/dist/esm/
utils/dataTransfer/Clipboard.js:[2m108:12[22m[39m
[90m [2mΓ¥»[22m Object.setupMain [as setup] 
node_modules/@testing-library/user-event/dist/esm/setup/setup.js:[2m56:5[22m[39m
[36m [2mΓ¥»[22m tests/ProposalModal.test.tsx:[2m92:28[22m[39m
    [90m 90| [39m
    [90m 91| [39m  [34mit[39m([32m'exibe erro quando pre├ºo ├⌐ inv├ílido'[39m[33m,[39m 
[35masync[39m () [33m=>[39m {
    [90m 92| [39m    [35mconst[39m user [33m=[39m userEvent[33m.[39m[34msetup[39m({ 
delay[33m:[39m [35mnull[39m })[33m;[39m
    [90m   | [39m                           [31m^[39m
    [90m 93| [39m    [34mrender[39m(
    [90m 94| [39m      <ProposalModal job={mockJob} provider={mockProvider} onClose={onΓÇª

[31m[2mΓÄ»ΓÄ»ΓÄ»ΓÄ»ΓÄ»ΓÄ»ΓÄ»ΓÄ»ΓÄ»ΓÄ»ΓÄ»ΓÄ»ΓÄ»ΓÄ»ΓÄ»ΓÄ»ΓÄ»ΓÄ»ΓÄ»ΓÄ»ΓÄ»[46/100]ΓÄ»[22m[39m

[41m[1m FAIL [22m[49m tests/ProposalModal.test.tsx[2m > [22mProposalModal[2m > 
[22mgera mensagem com IA quando bot├úo ├⌐ clicado
[31m[1mTypeError[22m: Cannot redefine property: clipboard[39m
[90m [2mΓ¥»[22m attachClipboardStubToView node_modules/@testing-library/user-event/dist/esm/
utils/dataTransfer/Clipboard.js:[2m108:12[22m[39m
[90m [2mΓ¥»[22m Object.setupMain [as setup] 
node_modules/@testing-library/user-event/dist/esm/setup/setup.js:[2m56:5[22m[39m
[36m [2mΓ¥»[22m tests/ProposalModal.test.tsx:[2m127:28[22m[39m
    [90m125| [39m
    [90m126| [39m  [34mit[39m([32m'gera mensagem com IA quando bot├úo ├⌐ 
clicado'[39m[33m,[39m [35masync[39m () [33m=>[39m {
    [90m127| [39m    [35mconst[39m user [33m=[39m userEvent[33m.[39m[34msetup[39m({ 
delay[33m:[39m [35mnull[39m })[33m;[39m
    [90m   | [39m                           [31m^[39m
    [90m128| [39m    [35mconst[39m mockGeneratedMessage [33m=[39m
    [90m129| [39m      'Ol├í! Sou especialista em pintura residencial com 15 anos de expΓÇª

[31m[2mΓÄ»ΓÄ»ΓÄ»ΓÄ»ΓÄ»ΓÄ»ΓÄ»ΓÄ»ΓÄ»ΓÄ»ΓÄ»ΓÄ»ΓÄ»ΓÄ»ΓÄ»ΓÄ»ΓÄ»ΓÄ»ΓÄ»ΓÄ»ΓÄ»[47/100]ΓÄ»[22m[39m

[41m[1m FAIL [22m[49m tests/ProposalModal.test.tsx[2m > [22mProposalModal[2m > 
[22mexibe erro quando IA falha ao gerar mensagem
[31m[1mTypeError[22m: Cannot redefine property: clipboard[39m
[90m [2mΓ¥»[22m attachClipboardStubToView node_modules/@testing-library/user-event/dist/esm/
utils/dataTransfer/Clipboard.js:[2m108:12[22m[39m
[90m [2mΓ¥»[22m Object.setupMain [as setup] 
node_modules/@testing-library/user-event/dist/esm/setup/setup.js:[2m56:5[22m[39m
[36m [2mΓ¥»[22m tests/ProposalModal.test.tsx:[2m150:28[22m[39m
    [90m148| [39m
    [90m149| [39m  [34mit[39m([32m'exibe erro quando IA falha ao gerar 
mensagem'[39m[33m,[39m [35masync[39m () [33m=>[39m {
    [90m150| [39m    [35mconst[39m user [33m=[39m userEvent[33m.[39m[34msetup[39m({ 
delay[33m:[39m [35mnull[39m })[33m;[39m
    [90m   | [39m                           [31m^[39m
    [90m151| [39m    vi.mocked(geminiService.generateProposalMessage).mockRejectedValueΓÇª
    [90m152| [39m

[31m[2mΓÄ»ΓÄ»ΓÄ»ΓÄ»ΓÄ»ΓÄ»ΓÄ»ΓÄ»ΓÄ»ΓÄ»ΓÄ»ΓÄ»ΓÄ»ΓÄ»ΓÄ»ΓÄ»ΓÄ»ΓÄ»ΓÄ»ΓÄ»ΓÄ»[48/100]ΓÄ»[22m[39m

[41m[1m FAIL [22m[49m tests/ProposalModal.test.tsx[2m > [22mProposalModal[2m > 
[22mpermite submeter proposta sem mensagem
[31m[1mTypeError[22m: Cannot redefine property: clipboard[39m
[90m [2mΓ¥»[22m attachClipboardStubToView node_modules/@testing-library/user-event/dist/esm/
utils/dataTransfer/Clipboard.js:[2m108:12[22m[39m
[90m [2mΓ¥»[22m Object.setupMain [as setup] 
node_modules/@testing-library/user-event/dist/esm/setup/setup.js:[2m56:5[22m[39m
[36m [2mΓ¥»[22m tests/ProposalModal.test.tsx:[2m166:28[22m[39m
    [90m164| [39m
    [90m165| [39m  [34mit[39m([32m'permite submeter proposta sem 
mensagem'[39m[33m,[39m [35masync[39m () [33m=>[39m {
    [90m166| [39m    [35mconst[39m user [33m=[39m userEvent[33m.[39m[34msetup[39m({ 
delay[33m:[39m [35mnull[39m })[33m;[39m
    [90m   | [39m                           [31m^[39m
    [90m167| [39m    [34mrender[39m(
    [90m168| [39m      <ProposalModal job={mockJob} provider={mockProvider} onClose={onΓÇª

[31m[2mΓÄ»ΓÄ»ΓÄ»ΓÄ»ΓÄ»ΓÄ»ΓÄ»ΓÄ»ΓÄ»ΓÄ»ΓÄ»ΓÄ»ΓÄ»ΓÄ»ΓÄ»ΓÄ»ΓÄ»ΓÄ»ΓÄ»ΓÄ»ΓÄ»[49/100]ΓÄ»[22m[39m

[41m[1m FAIL [22m[49m tests/ProviderJobCard.test.tsx[2m > [22mProviderJobCard[2m > 
[22mchama onUpdateStatus para a_caminho quando status agendado
[31m[1mTypeError[22m: Cannot redefine property: clipboard[39m
[90m [2mΓ¥»[22m attachClipboardStubToView node_modules/@testing-library/user-event/dist/esm/
utils/dataTransfer/Clipboard.js:[2m108:12[22m[39m
[90m [2mΓ¥»[22m Object.setupMain [as setup] 
node_modules/@testing-library/user-event/dist/esm/setup/setup.js:[2m56:5[22m[39m
[36m [2mΓ¥»[22m tests/ProviderJobCard.test.tsx:[2m39:28[22m[39m
    [90m 37| [39m
    [90m 38| [39m  it('chama onUpdateStatus para a_caminho quando status agendado', asyΓÇª
    [90m 39| [39m    [35mconst[39m user [33m=[39m userEvent[33m.[39m[34msetup[39m({ 
delay[33m:[39m [35mnull[39m })[33m;[39m
    [90m   | [39m                           [31m^[39m
    [90m 40| [39m    [35mconst[39m onUpdateStatus [33m=[39m 
vi[33m.[39m[34mfn[39m()[33m;[39m
    [90m 41| [39m    [35mconst[39m job [33m=[39m [34mbaseJob[39m({ status[33m:[39m 
[32m'agendado'[39m [35mas[39m any })[33m;[39m

[31m[2mΓÄ»ΓÄ»ΓÄ»ΓÄ»ΓÄ»ΓÄ»ΓÄ»ΓÄ»ΓÄ»ΓÄ»ΓÄ»ΓÄ»ΓÄ»ΓÄ»ΓÄ»ΓÄ»ΓÄ»ΓÄ»ΓÄ»ΓÄ»ΓÄ»[50/100]ΓÄ»[22m[39m

[41m[1m FAIL [22m[49m tests/ProviderJobCard.test.tsx[2m > [22mProviderJobCard[2m > 
[22mchama onUpdateStatus para em_progresso quando status a_caminho
[31m[1mTypeError[22m: Cannot redefine property: clipboard[39m
[90m [2mΓ¥»[22m attachClipboardStubToView node_modules/@testing-library/user-event/dist/esm/
utils/dataTransfer/Clipboard.js:[2m108:12[22m[39m
[90m [2mΓ¥»[22m Object.setupMain [as setup] 
node_modules/@testing-library/user-event/dist/esm/setup/setup.js:[2m56:5[22m[39m
[36m [2mΓ¥»[22m tests/ProviderJobCard.test.tsx:[2m53:28[22m[39m
    [90m 51| [39m
    [90m 52| [39m  it('chama onUpdateStatus para em_progresso quando status a_caminho',ΓÇª
    [90m 53| [39m    [35mconst[39m user [33m=[39m userEvent[33m.[39m[34msetup[39m({ 
delay[33m:[39m [35mnull[39m })[33m;[39m
    [90m   | [39m                           [31m^[39m
    [90m 54| [39m    [35mconst[39m onUpdateStatus [33m=[39m 
vi[33m.[39m[34mfn[39m()[33m;[39m
    [90m 55| [39m    [35mconst[39m job [33m=[39m [34mbaseJob[39m({ status[33m:[39m 
[32m'a_caminho'[39m [35mas[39m any })[33m;[39m

[31m[2mΓÄ»ΓÄ»ΓÄ»ΓÄ»ΓÄ»ΓÄ»ΓÄ»ΓÄ»ΓÄ»ΓÄ»ΓÄ»ΓÄ»ΓÄ»ΓÄ»ΓÄ»ΓÄ»ΓÄ»ΓÄ»ΓÄ»ΓÄ»ΓÄ»[51/100]ΓÄ»[22m[39m

[41m[1m FAIL [22m[49m tests/ProviderJobCard.test.tsx[2m > [22mProviderJobCard[2m > 
[22mmostra "Ver Disputa" e chama onChat quando em_disputa
[31m[1mTypeError[22m: Cannot redefine property: clipboard[39m
[90m [2mΓ¥»[22m attachClipboardStubToView node_modules/@testing-library/user-event/dist/esm/
utils/dataTransfer/Clipboard.js:[2m108:12[22m[39m
[90m [2mΓ¥»[22m Object.setupMain [as setup] 
node_modules/@testing-library/user-event/dist/esm/setup/setup.js:[2m56:5[22m[39m
[36m [2mΓ¥»[22m tests/ProviderJobCard.test.tsx:[2m67:28[22m[39m
    [90m 65| [39m
    [90m 66| [39m  it('mostra "Ver Disputa" e chama onChat quando em_disputa', async ()ΓÇª
    [90m 67| [39m    [35mconst[39m user [33m=[39m userEvent[33m.[39m[34msetup[39m({ 
delay[33m:[39m [35mnull[39m })[33m;[39m
    [90m   | [39m                           [31m^[39m
    [90m 68| [39m    [35mconst[39m onChat [33m=[39m 
vi[33m.[39m[34mfn[39m()[33m;[39m
    [90m 69| [39m    [35mconst[39m job [33m=[39m [34mbaseJob[39m({ status[33m:[39m 
[32m'em_disputa'[39m [35mas[39m any })[33m;[39m

[31m[2mΓÄ»ΓÄ»ΓÄ»ΓÄ»ΓÄ»ΓÄ»ΓÄ»ΓÄ»ΓÄ»ΓÄ»ΓÄ»ΓÄ»ΓÄ»ΓÄ»ΓÄ»ΓÄ»ΓÄ»ΓÄ»ΓÄ»ΓÄ»ΓÄ»[52/100]ΓÄ»[22m[39m

[41m[1m FAIL [22m[49m tests/ProviderJobCard.test.tsx[2m > [22mProviderJobCard[2m > 
[22mmostra bot├úo para abrir chat com cliente e chama onChat
[31m[1mTypeError[22m: Cannot redefine property: clipboard[39m
[90m [2mΓ¥»[22m attachClipboardStubToView node_modules/@testing-library/user-event/dist/esm/
utils/dataTransfer/Clipboard.js:[2m108:12[22m[39m
[90m [2mΓ¥»[22m Object.setupMain [as setup] 
node_modules/@testing-library/user-event/dist/esm/setup/setup.js:[2m56:5[22m[39m
[36m [2mΓ¥»[22m tests/ProviderJobCard.test.tsx:[2m78:28[22m[39m
    [90m 76| [39m
    [90m 77| [39m  it('mostra bot├úo para abrir chat com cliente e chama onChat', async ΓÇª
    [90m 78| [39m    [35mconst[39m user [33m=[39m userEvent[33m.[39m[34msetup[39m({ 
delay[33m:[39m [35mnull[39m })[33m;[39m
    [90m   | [39m                           [31m^[39m
    [90m 79| [39m    [35mconst[39m onChat [33m=[39m 
vi[33m.[39m[34mfn[39m()[33m;[39m
    [90m 80| [39m    [35mconst[39m job [33m=[39m [34mbaseJob[39m({ status[33m:[39m 
[32m'agendado'[39m [35mas[39m any })[33m;[39m

[31m[2mΓÄ»ΓÄ»ΓÄ»ΓÄ»ΓÄ»ΓÄ»ΓÄ»ΓÄ»ΓÄ»ΓÄ»ΓÄ»ΓÄ»ΓÄ»ΓÄ»ΓÄ»ΓÄ»ΓÄ»ΓÄ»ΓÄ»ΓÄ»ΓÄ»[53/100]ΓÄ»[22m[39m

[41m[1m FAIL [22m[49m tests/ReviewModal.test.tsx[2m > [22mReviewModal[2m > [22mfecha 
modal ao clicar no bot├úo X
[31m[1mTypeError[22m: Cannot redefine property: clipboard[39m
[90m [2mΓ¥»[22m attachClipboardStubToView node_modules/@testing-library/user-event/dist/esm/
utils/dataTransfer/Clipboard.js:[2m108:12[22m[39m
[90m [2mΓ¥»[22m Object.setupMain [as setup] 
node_modules/@testing-library/user-event/dist/esm/setup/setup.js:[2m56:5[22m[39m
[36m [2mΓ¥»[22m tests/ReviewModal.test.tsx:[2m42:29[22m[39m
    [90m 40| [39m
    [90m 41| [39m  [34mit[39m([32m'fecha modal ao clicar no bot├úo X'[39m[33m,[39m 
[35masync[39m () [33m=>[39m {
    [90m 42| [39m    [35mconst[39m _user [33m=[39m userEvent[33m.[39m[34msetup[39m({ 
delay[33m:[39m [35mnull[39m })[33m;[39m
    [90m   | [39m                            [31m^[39m
    [90m 43| [39m    render(<ReviewModal job={mockJob} onClose={onClose} onSubmit={onSuΓÇª
    [90m 44| [39m

[31m[2mΓÄ»ΓÄ»ΓÄ»ΓÄ»ΓÄ»ΓÄ»ΓÄ»ΓÄ»ΓÄ»ΓÄ»ΓÄ»ΓÄ»ΓÄ»ΓÄ»ΓÄ»ΓÄ»ΓÄ»ΓÄ»ΓÄ»ΓÄ»ΓÄ»[54/100]ΓÄ»[22m[39m

[41m[1m FAIL [22m[49m tests/ReviewModal.test.tsx[2m > [22mReviewModal[2m > [22mpermite 
selecionar rating e submeter review
[31m[1mTypeError[22m: Cannot redefine property: clipboard[39m
[90m [2mΓ¥»[22m attachClipboardStubToView node_modules/@testing-library/user-event/dist/esm/
utils/dataTransfer/Clipboard.js:[2m108:12[22m[39m
[90m [2mΓ¥»[22m Object.setupMain [as setup] 
node_modules/@testing-library/user-event/dist/esm/setup/setup.js:[2m56:5[22m[39m
[36m [2mΓ¥»[22m tests/ReviewModal.test.tsx:[2m59:29[22m[39m
    [90m 57| [39m
    [90m 58| [39m  [34mit[39m([32m'permite selecionar rating e submeter 
review'[39m[33m,[39m [35masync[39m () [33m=>[39m {
    [90m 59| [39m    [35mconst[39m _user [33m=[39m userEvent[33m.[39m[34msetup[39m({ 
delay[33m:[39m [35mnull[39m })[33m;[39m
    [90m   | [39m                            [31m^[39m
    [90m 60| [39m    render(<ReviewModal job={mockJob} onClose={onClose} onSubmit={onSuΓÇª
    [90m 61| [39m

[31m[2mΓÄ»ΓÄ»ΓÄ»ΓÄ»ΓÄ»ΓÄ»ΓÄ»ΓÄ»ΓÄ»ΓÄ»ΓÄ»ΓÄ»ΓÄ»ΓÄ»ΓÄ»ΓÄ»ΓÄ»ΓÄ»ΓÄ»ΓÄ»ΓÄ»[55/100]ΓÄ»[22m[39m

[41m[1m FAIL [22m[49m tests/ReviewModal.test.tsx[2m > [22mReviewModal[2m > [22mpermite 
submeter review sem coment├írio
[31m[1mTypeError[22m: Cannot redefine property: clipboard[39m
[90m [2mΓ¥»[22m attachClipboardStubToView node_modules/@testing-library/user-event/dist/esm/
utils/dataTransfer/Clipboard.js:[2m108:12[22m[39m
[90m [2mΓ¥»[22m Object.setupMain [as setup] 
node_modules/@testing-library/user-event/dist/esm/setup/setup.js:[2m56:5[22m[39m
[36m [2mΓ¥»[22m tests/ReviewModal.test.tsx:[2m81:29[22m[39m
    [90m 79| [39m
    [90m 80| [39m  [34mit[39m([32m'permite submeter review sem 
coment├írio'[39m[33m,[39m [35masync[39m () [33m=>[39m {
    [90m 81| [39m    [35mconst[39m _user [33m=[39m userEvent[33m.[39m[34msetup[39m({ 
delay[33m:[39m [35mnull[39m })[33m;[39m
    [90m   | [39m                            [31m^[39m
    [90m 82| [39m    render(<ReviewModal job={mockJob} onClose={onClose} onSubmit={onSuΓÇª
    [90m 83| [39m

[31m[2mΓÄ»ΓÄ»ΓÄ»ΓÄ»ΓÄ»ΓÄ»ΓÄ»ΓÄ»ΓÄ»ΓÄ»ΓÄ»ΓÄ»ΓÄ»ΓÄ»ΓÄ»ΓÄ»ΓÄ»ΓÄ»ΓÄ»ΓÄ»ΓÄ»[56/100]ΓÄ»[22m[39m

[41m[1m FAIL [22m[49m tests/ReviewModal.test.tsx[2m > [22mReviewModal[2m > [22mgera 
coment├írio com IA quando bot├úo ├⌐ clicado
[31m[1mTypeError[22m: Cannot redefine property: clipboard[39m
[90m [2mΓ¥»[22m attachClipboardStubToView node_modules/@testing-library/user-event/dist/esm/
utils/dataTransfer/Clipboard.js:[2m108:12[22m[39m
[90m [2mΓ¥»[22m Object.setupMain [as setup] 
node_modules/@testing-library/user-event/dist/esm/setup/setup.js:[2m56:5[22m[39m
[36m [2mΓ¥»[22m tests/ReviewModal.test.tsx:[2m99:29[22m[39m
    [90m 97| [39m
    [90m 98| [39m  [34mit[39m([32m'gera coment├írio com IA quando bot├úo ├⌐ 
clicado'[39m[33m,[39m [35masync[39m () [33m=>[39m {
    [90m 99| [39m    [35mconst[39m _user [33m=[39m userEvent[33m.[39m[34msetup[39m({ 
delay[33m:[39m [35mnull[39m })[33m;[39m
    [90m   | [39m                            [31m^[39m
    [90m100| [39m    const mockGeneratedComment = 'Servi├ºo impec├ível, profissional muitΓÇª
    [90m101| [39m    vi.mocked(geminiService.generateReviewComment).mockResolvedValue(mΓÇª

[31m[2mΓÄ»ΓÄ»ΓÄ»ΓÄ»ΓÄ»ΓÄ»ΓÄ»ΓÄ»ΓÄ»ΓÄ»ΓÄ»ΓÄ»ΓÄ»ΓÄ»ΓÄ»ΓÄ»ΓÄ»ΓÄ»ΓÄ»ΓÄ»ΓÄ»[57/100]ΓÄ»[22m[39m

[41m[1m FAIL [22m[49m tests/ReviewModal.test.tsx[2m > [22mReviewModal[2m > [22mexibe 
erro quando IA falha ao gerar coment├írio
[31m[1mTypeError[22m: Cannot redefine property: clipboard[39m
[90m [2mΓ¥»[22m attachClipboardStubToView node_modules/@testing-library/user-event/dist/esm/
utils/dataTransfer/Clipboard.js:[2m108:12[22m[39m
[90m [2mΓ¥»[22m Object.setupMain [as setup] 
node_modules/@testing-library/user-event/dist/esm/setup/setup.js:[2m56:5[22m[39m
[36m [2mΓ¥»[22m tests/ReviewModal.test.tsx:[2m127:29[22m[39m
    [90m125| [39m
    [90m126| [39m  [34mit[39m([32m'exibe erro quando IA falha ao gerar 
coment├írio'[39m[33m,[39m [35masync[39m () [33m=>[39m {
    [90m127| [39m    [35mconst[39m _user [33m=[39m userEvent[33m.[39m[34msetup[39m({ 
delay[33m:[39m [35mnull[39m })[33m;[39m
    [90m   | [39m                            [31m^[39m
    [90m128| [39m    vi.mocked(geminiService.generateReviewComment).mockRejectedValue(nΓÇª
    [90m129| [39m

[31m[2mΓÄ»ΓÄ»ΓÄ»ΓÄ»ΓÄ»ΓÄ»ΓÄ»ΓÄ»ΓÄ»ΓÄ»ΓÄ»ΓÄ»ΓÄ»ΓÄ»ΓÄ»ΓÄ»ΓÄ»ΓÄ»ΓÄ»ΓÄ»ΓÄ»[58/100]ΓÄ»[22m[39m

[41m[1m FAIL [22m[49m tests/ReviewModal.test.tsx[2m > [22mReviewModal[2m > [22mexibe 
mensagem de erro ao tentar gerar IA sem rating
[31m[1mTypeError[22m: Cannot redefine property: clipboard[39m
[90m [2mΓ¥»[22m attachClipboardStubToView node_modules/@testing-library/user-event/dist/esm/
utils/dataTransfer/Clipboard.js:[2m108:12[22m[39m
[90m [2mΓ¥»[22m Object.setupMain [as setup] 
node_modules/@testing-library/user-event/dist/esm/setup/setup.js:[2m56:5[22m[39m
[36m [2mΓ¥»[22m tests/ReviewModal.test.tsx:[2m154:29[22m[39m
    [90m152| [39m
    [90m153| [39m  it('exibe mensagem de erro ao tentar gerar IA sem rating', async () ΓÇª
    [90m154| [39m    [35mconst[39m _user [33m=[39m userEvent[33m.[39m[34msetup[39m({ 
delay[33m:[39m [35mnull[39m })[33m;[39m
    [90m   | [39m                            [31m^[39m
    [90m155| [39m    render(<ReviewModal job={mockJob} onClose={onClose} onSubmit={onSuΓÇª
    [90m156| [39m

[31m[2mΓÄ»ΓÄ»ΓÄ»ΓÄ»ΓÄ»ΓÄ»ΓÄ»ΓÄ»ΓÄ»ΓÄ»ΓÄ»ΓÄ»ΓÄ»ΓÄ»ΓÄ»ΓÄ»ΓÄ»ΓÄ»ΓÄ»ΓÄ»ΓÄ»[59/100]ΓÄ»[22m[39m

[41m[1m FAIL [22m[49m tests/components/AdminFraudAlerts.test.tsx[2m > 
[22mAdminFraudAlerts[2m > [22mshould update alert status to revisado when clicking button
[31m[1mTypeError[22m: Cannot redefine property: clipboard[39m
[90m [2mΓ¥»[22m attachClipboardStubToView node_modules/@testing-library/user-event/dist/esm/
utils/dataTransfer/Clipboard.js:[2m108:12[22m[39m
[90m [2mΓ¥»[22m Object.setupMain [as setup] 
node_modules/@testing-library/user-event/dist/esm/setup/setup.js:[2m56:5[22m[39m
[36m [2mΓ¥»[22m tests/components/AdminFraudAlerts.test.tsx:[2m202:28[22m[39m
    [90m200| [39m
    [90m201| [39m  it('should update alert status to revisado when clicking button', asΓÇª
    [90m202| [39m    [35mconst[39m user [33m=[39m 
userEvent[33m.[39m[34msetup[39m()[33m;[39m
    [90m   | [39m                           [31m^[39m
    [90m203| [39m    vi.mocked(API.fetchSentimentAlerts).mockResolvedValue([mockAlerts[ΓÇª
    [90m204| [39m    vi[33m.[39m[34mmocked[39m([33mAPI[39m[33m.[39mfetchAllUsers)[33
m.[39m[34mmockResolvedValue[39m(mockUsers)[33m;[39m

[31m[2mΓÄ»ΓÄ»ΓÄ»ΓÄ»ΓÄ»ΓÄ»ΓÄ»ΓÄ»ΓÄ»ΓÄ»ΓÄ»ΓÄ»ΓÄ»ΓÄ»ΓÄ»ΓÄ»ΓÄ»ΓÄ»ΓÄ»ΓÄ»ΓÄ»[60/100]ΓÄ»[22m[39m

[41m[1m FAIL [22m[49m tests/components/AdminFraudAlerts.test.tsx[2m > 
[22mAdminFraudAlerts[2m > [22mshould update alert status to resolvido when clicking button
[31m[1mTypeError[22m: Cannot redefine property: clipboard[39m
[90m [2mΓ¥»[22m attachClipboardStubToView node_modules/@testing-library/user-event/dist/esm/
utils/dataTransfer/Clipboard.js:[2m108:12[22m[39m
[90m [2mΓ¥»[22m Object.setupMain [as setup] 
node_modules/@testing-library/user-event/dist/esm/setup/setup.js:[2m56:5[22m[39m
[36m [2mΓ¥»[22m tests/components/AdminFraudAlerts.test.tsx:[2m222:28[22m[39m
    [90m220| [39m
    [90m221| [39m  it('should update alert status to resolvido when clicking button', aΓÇª
    [90m222| [39m    [35mconst[39m user [33m=[39m 
userEvent[33m.[39m[34msetup[39m()[33m;[39m
    [90m   | [39m                           [31m^[39m
    [90m223| [39m    vi.mocked(API.fetchSentimentAlerts).mockResolvedValue([mockAlerts[ΓÇª
    [90m224| [39m    vi[33m.[39m[34mmocked[39m([33mAPI[39m[33m.[39mfetchAllUsers)[33
m.[39m[34mmockResolvedValue[39m(mockUsers)[33m;[39m

[31m[2mΓÄ»ΓÄ»ΓÄ»ΓÄ»ΓÄ»ΓÄ»ΓÄ»ΓÄ»ΓÄ»ΓÄ»ΓÄ»ΓÄ»ΓÄ»ΓÄ»ΓÄ»ΓÄ»ΓÄ»ΓÄ»ΓÄ»ΓÄ»ΓÄ»[61/100]ΓÄ»[22m[39m

[41m[1m FAIL [22m[49m tests/components/AdminVerificationCard.test.tsx[2m > 
[22mAdminVerificationCard[2m > [22ma├º├╡es[2m > [22mdeve chamar onApprove ao clicar em 
Aprovar
[31m[1mTypeError[22m: Cannot redefine property: clipboard[39m
[90m [2mΓ¥»[22m attachClipboardStubToView node_modules/@testing-library/user-event/dist/esm/
utils/dataTransfer/Clipboard.js:[2m108:12[22m[39m
[90m [2mΓ¥»[22m Object.setupMain [as setup] 
node_modules/@testing-library/user-event/dist/esm/setup/setup.js:[2m56:5[22m[39m
[36m [2mΓ¥»[22m tests/components/AdminVerificationCard.test.tsx:[2m110:30[22m[39m
    [90m108| [39m
    [90m109| [39m    [34mit[39m([32m'deve chamar onApprove ao clicar em 
Aprovar'[39m[33m,[39m [35masync[39m () [33m=>[39m {
    [90m110| [39m      [35mconst[39m user [33m=[39m 
userEvent[33m.[39m[34msetup[39m()[33m;[39m
    [90m   | [39m                             [31m^[39m
    [90m111| [39m      
    [90m112| [39m      [34mrender[39m(

[31m[2mΓÄ»ΓÄ»ΓÄ»ΓÄ»ΓÄ»ΓÄ»ΓÄ»ΓÄ»ΓÄ»ΓÄ»ΓÄ»ΓÄ»ΓÄ»ΓÄ»ΓÄ»ΓÄ»ΓÄ»ΓÄ»ΓÄ»ΓÄ»ΓÄ»[62/100]ΓÄ»[22m[39m

[41m[1m FAIL [22m[49m tests/components/AdminVerificationCard.test.tsx[2m > 
[22mAdminVerificationCard[2m > [22ma├º├╡es[2m > [22mdeve chamar onReject ao clicar em 
Recusar
[31m[1mTypeError[22m: Cannot redefine property: clipboard[39m
[90m [2mΓ¥»[22m attachClipboardStubToView node_modules/@testing-library/user-event/dist/esm/
utils/dataTransfer/Clipboard.js:[2m108:12[22m[39m
[90m [2mΓ¥»[22m Object.setupMain [as setup] 
node_modules/@testing-library/user-event/dist/esm/setup/setup.js:[2m56:5[22m[39m
[36m [2mΓ¥»[22m tests/components/AdminVerificationCard.test.tsx:[2m126:30[22m[39m
    [90m124| [39m
    [90m125| [39m    [34mit[39m([32m'deve chamar onReject ao clicar em 
Recusar'[39m[33m,[39m [35masync[39m () [33m=>[39m {
    [90m126| [39m      [35mconst[39m user [33m=[39m 
userEvent[33m.[39m[34msetup[39m()[33m;[39m
    [90m   | [39m                             [31m^[39m
    [90m127| [39m      
    [90m128| [39m      [34mrender[39m(

[31m[2mΓÄ»ΓÄ»ΓÄ»ΓÄ»ΓÄ»ΓÄ»ΓÄ»ΓÄ»ΓÄ»ΓÄ»ΓÄ»ΓÄ»ΓÄ»ΓÄ»ΓÄ»ΓÄ»ΓÄ»ΓÄ»ΓÄ»ΓÄ»ΓÄ»[63/100]ΓÄ»[22m[39m

[41m[1m FAIL [22m[49m tests/components/FindProvidersPage.smoke.test.tsx[2m > 
[22mFindProvidersPage smoke[2m > [22mrenderiza e permite buscar com IA
[31m[1mTypeError[22m: Cannot read properties of undefined (reading 'toLowerCase')[39m
[36m [2mΓ¥»[22m components/FindProvidersPage.tsx:[2m169:44[22m[39m
    [90m167| [39m
    [90m168| [39m      [35mconst[39m locationMatch [33m=[39m
    [90m169| [39m        !filters.location || user.location.toLowerCase().includes(locaΓÇª
    [90m   | [39m                                           [31m^[39m
    [90m170| [39m      const certificatesMatch = !filters.hasCertificates || user.hasCeΓÇª
    [90m171| [39m      const verifiedMatch = !filters.isVerified || user.verificationStΓÇª
[90m [2mΓ¥»[22m components/FindProvidersPage.tsx:[2m159:40[22m[39m
[90m [2mΓ¥»[22m updateMemo 
node_modules/react-dom/cjs/react-dom.development.js:[2m16427:19[22m[39m
[90m [2mΓ¥»[22m Object.useMemo 
node_modules/react-dom/cjs/react-dom.development.js:[2m17067:16[22m[39m
[90m [2mΓ¥»[22m useMemo node_modules/react/cjs/react.development.js:[2m1650:21[22m[39m
[90m [2mΓ¥»[22m FindProvidersPage components/FindProvidersPage.tsx:[2m158:38[22m[39m
[90m [2mΓ¥»[22m renderWithHooks 
node_modules/react-dom/cjs/react-dom.development.js:[2m15486:18[22m[39m
[90m [2mΓ¥»[22m updateFunctionComponent 
node_modules/react-dom/cjs/react-dom.development.js:[2m19617:20[22m[39m
[90m [2mΓ¥»[22m beginWork 
node_modules/react-dom/cjs/react-dom.development.js:[2m21640:16[22m[39m

[31m[2mΓÄ»ΓÄ»ΓÄ»ΓÄ»ΓÄ»ΓÄ»ΓÄ»ΓÄ»ΓÄ»ΓÄ»ΓÄ»ΓÄ»ΓÄ»ΓÄ»ΓÄ»ΓÄ»ΓÄ»ΓÄ»ΓÄ»ΓÄ»ΓÄ»[64/100]ΓÄ»[22m[39m

[41m[1m FAIL [22m[49m tests/components/JobCard.test.tsx[2m > [22mJobCard Component[2m > 
[22mchama onProposeClick ao clicar no bot├úo
[31m[1mTypeError[22m: Cannot redefine property: clipboard[39m
[90m [2mΓ¥»[22m attachClipboardStubToView node_modules/@testing-library/user-event/dist/esm/
utils/dataTransfer/Clipboard.js:[2m108:12[22m[39m
[90m [2mΓ¥»[22m Object.setupMain [as setup] 
node_modules/@testing-library/user-event/dist/esm/setup/setup.js:[2m56:5[22m[39m
[36m [2mΓ¥»[22m tests/components/JobCard.test.tsx:[2m153:28[22m[39m
    [90m151| [39m
    [90m152| [39m  [34mit[39m([32m'chama onProposeClick ao clicar no 
bot├úo'[39m[33m,[39m [35masync[39m () [33m=>[39m {
    [90m153| [39m    [35mconst[39m user [33m=[39m 
userEvent[33m.[39m[34msetup[39m()[33m;[39m
    [90m   | [39m                           [31m^[39m
    [90m154| [39m    [35mconst[39m onProposeClick [33m=[39m 
vi[33m.[39m[34mfn[39m()[33m;[39m
    [90m155| [39m    render(<JobCard job={mockJob} bids={[]} onProposeClick={onProposeCΓÇª

[31m[2mΓÄ»ΓÄ»ΓÄ»ΓÄ»ΓÄ»ΓÄ»ΓÄ»ΓÄ»ΓÄ»ΓÄ»ΓÄ»ΓÄ»ΓÄ»ΓÄ»ΓÄ»ΓÄ»ΓÄ»ΓÄ»ΓÄ»ΓÄ»ΓÄ»[65/100]ΓÄ»[22m[39m

[41m[1m FAIL [22m[49m tests/components/JobCard.test.tsx[2m > [22mJobCard Component[2m > 
[22mabre modal FAQ ao clicar no bot├úo
[31m[1mTypeError[22m: Cannot redefine property: clipboard[39m
[90m [2mΓ¥»[22m attachClipboardStubToView node_modules/@testing-library/user-event/dist/esm/
utils/dataTransfer/Clipboard.js:[2m108:12[22m[39m
[90m [2mΓ¥»[22m Object.setupMain [as setup] 
node_modules/@testing-library/user-event/dist/esm/setup/setup.js:[2m56:5[22m[39m
[36m [2mΓ¥»[22m tests/components/JobCard.test.tsx:[2m176:28[22m[39m
    [90m174| [39m
    [90m175| [39m  [34mit[39m([32m'abre modal FAQ ao clicar no bot├úo'[39m[33m,[39m 
[35masync[39m () [33m=>[39m {
    [90m176| [39m    [35mconst[39m user [33m=[39m 
userEvent[33m.[39m[34msetup[39m()[33m;[39m
    [90m   | [39m                           [31m^[39m
    [90m177| [39m    render(<JobCard job={mockJob} bids={[]} onProposeClick={vi.fn()} hΓÇª
    [90m178| [39m    

[31m[2mΓÄ»ΓÄ»ΓÄ»ΓÄ»ΓÄ»ΓÄ»ΓÄ»ΓÄ»ΓÄ»ΓÄ»ΓÄ»ΓÄ»ΓÄ»ΓÄ»ΓÄ»ΓÄ»ΓÄ»ΓÄ»ΓÄ»ΓÄ»ΓÄ»[66/100]ΓÄ»[22m[39m

[41m[1m FAIL [22m[49m tests/components/MatchingResultsModal.test.tsx[2m > 
[22mMatchingResultsModal[2m > [22mfechar modal[2m > [22mdeve chamar onClose ao clicar no 
overlay
[31m[1mTypeError[22m: Cannot redefine property: clipboard[39m
[90m [2mΓ¥»[22m attachClipboardStubToView node_modules/@testing-library/user-event/dist/esm/
utils/dataTransfer/Clipboard.js:[2m108:12[22m[39m
[90m [2mΓ¥»[22m Object.setupMain [as setup] 
node_modules/@testing-library/user-event/dist/esm/setup/setup.js:[2m56:5[22m[39m
[36m [2mΓ¥»[22m tests/components/MatchingResultsModal.test.tsx:[2m92:30[22m[39m
    [90m 90| [39m
    [90m 91| [39m    [34mit[39m([32m'deve chamar onClose ao clicar no 
overlay'[39m[33m,[39m [35masync[39m () [33m=>[39m {
    [90m 92| [39m      [35mconst[39m user [33m=[39m 
userEvent[33m.[39m[34msetup[39m()[33m;[39m
    [90m   | [39m                             [31m^[39m
    [90m 93| [39m      
    [90m 94| [39m      [35mconst[39m { container } [33m=[39m [34mrender[39m(

[31m[2mΓÄ»ΓÄ»ΓÄ»ΓÄ»ΓÄ»ΓÄ»ΓÄ»ΓÄ»ΓÄ»ΓÄ»ΓÄ»ΓÄ»ΓÄ»ΓÄ»ΓÄ»ΓÄ»ΓÄ»ΓÄ»ΓÄ»ΓÄ»ΓÄ»[67/100]ΓÄ»[22m[39m

[41m[1m FAIL [22m[49m tests/components/PaymentSuccessPage.test.tsx[2m > 
[22mPaymentSuccessPage[2m > [22mnavega├º├úo[2m > [22mdeve redirecionar para home ao 
clicar em voltar
[31m[1mTypeError[22m: Cannot redefine property: clipboard[39m
[90m [2mΓ¥»[22m attachClipboardStubToView node_modules/@testing-library/user-event/dist/esm/
utils/dataTransfer/Clipboard.js:[2m108:12[22m[39m
[90m [2mΓ¥»[22m Object.setupMain [as setup] 
node_modules/@testing-library/user-event/dist/esm/setup/setup.js:[2m56:5[22m[39m
[36m [2mΓ¥»[22m tests/components/PaymentSuccessPage.test.tsx:[2m104:30[22m[39m
    [90m102| [39m  [34mdescribe[39m([32m'navega├º├úo'[39m[33m,[39m () [33m=>[39m {
    [90m103| [39m    [34mit[39m([32m'deve redirecionar para home ao clicar em 
voltar'[39m[33m,[39m [35masync[39m () [33m=>[39m {
    [90m104| [39m      [35mconst[39m user [33m=[39m 
userEvent[33m.[39m[34msetup[39m()[33m;[39m
    [90m   | [39m                             [31m^[39m
    [90m105| [39m      [34mrender[39m([33m<[39m[33mPaymentSuccessPage[39m 
[33m/[39m[33m>[39m)[33m;[39m
    [90m106| [39m      

[31m[2mΓÄ»ΓÄ»ΓÄ»ΓÄ»ΓÄ»ΓÄ»ΓÄ»ΓÄ»ΓÄ»ΓÄ»ΓÄ»ΓÄ»ΓÄ»ΓÄ»ΓÄ»ΓÄ»ΓÄ»ΓÄ»ΓÄ»ΓÄ»ΓÄ»[68/100]ΓÄ»[22m[39m

[41m[1m FAIL [22m[49m tests/components/ProfileStrength.test.tsx[2m > [22mProfileStrength 
Component[2m > [22mchama onEditProfile ao clicar no bot├úo
[31m[1mTypeError[22m: Cannot redefine property: clipboard[39m
[90m [2mΓ¥»[22m attachClipboardStubToView node_modules/@testing-library/user-event/dist/esm/
utils/dataTransfer/Clipboard.js:[2m108:12[22m[39m
[90m [2mΓ¥»[22m Object.setupMain [as setup] 
node_modules/@testing-library/user-event/dist/esm/setup/setup.js:[2m56:5[22m[39m
[36m [2mΓ¥»[22m tests/components/ProfileStrength.test.tsx:[2m141:28[22m[39m
    [90m139| [39m
    [90m140| [39m  [34mit[39m([32m'chama onEditProfile ao clicar no 
bot├úo'[39m[33m,[39m [35masync[39m () [33m=>[39m {
    [90m141| [39m    [35mconst[39m user [33m=[39m 
userEvent[33m.[39m[34msetup[39m()[33m;[39m
    [90m   | [39m                           [31m^[39m
    [90m142| [39m    [35mconst[39m onEditProfile [33m=[39m 
vi[33m.[39m[34mfn[39m()[33m;[39m
    [90m143| [39m    render(<ProfileStrength user={baseUser} onEditProfile={onEditProfiΓÇª

[31m[2mΓÄ»ΓÄ»ΓÄ»ΓÄ»ΓÄ»ΓÄ»ΓÄ»ΓÄ»ΓÄ»ΓÄ»ΓÄ»ΓÄ»ΓÄ»ΓÄ»ΓÄ»ΓÄ»ΓÄ»ΓÄ»ΓÄ»ΓÄ»ΓÄ»[69/100]ΓÄ»[22m[39m

[41m[1m FAIL [22m[49m tests/components/ProposalDetailCard.test.tsx[2m > 
[22mProposalDetailCard Component[2m > [22mchama onViewProfile ao clicar no nome do prestador
[31m[1mTypeError[22m: Cannot redefine property: clipboard[39m
[90m [2mΓ¥»[22m attachClipboardStubToView node_modules/@testing-library/user-event/dist/esm/
utils/dataTransfer/Clipboard.js:[2m108:12[22m[39m
[90m [2mΓ¥»[22m Object.setupMain [as setup] 
node_modules/@testing-library/user-event/dist/esm/setup/setup.js:[2m56:5[22m[39m
[36m [2mΓ¥»[22m tests/components/ProposalDetailCard.test.tsx:[2m139:28[22m[39m
    [90m137| [39m
    [90m138| [39m  it('chama onViewProfile ao clicar no nome do prestador', async () =>ΓÇª
    [90m139| [39m    [35mconst[39m user [33m=[39m 
userEvent[33m.[39m[34msetup[39m()[33m;[39m
    [90m   | [39m                           [31m^[39m
    [90m140| [39m    [35mconst[39m onViewProfile [33m=[39m 
vi[33m.[39m[34mfn[39m()[33m;[39m
    [90m141| [39m    [34mrender[39m(

[31m[2mΓÄ»ΓÄ»ΓÄ»ΓÄ»ΓÄ»ΓÄ»ΓÄ»ΓÄ»ΓÄ»ΓÄ»ΓÄ»ΓÄ»ΓÄ»ΓÄ»ΓÄ»ΓÄ»ΓÄ»ΓÄ»ΓÄ»ΓÄ»ΓÄ»[70/100]ΓÄ»[22m[39m

[41m[1m FAIL [22m[49m tests/components/ProposalDetailCard.test.tsx[2m > 
[22mProposalDetailCard Component[2m > [22mchama onAccept ao clicar em "Aceitar e Pagar com 
Seguran├ºa"
[31m[1mTypeError[22m: Cannot redefine property: clipboard[39m
[90m [2mΓ¥»[22m attachClipboardStubToView node_modules/@testing-library/user-event/dist/esm/
utils/dataTransfer/Clipboard.js:[2m108:12[22m[39m
[90m [2mΓ¥»[22m Object.setupMain [as setup] 
node_modules/@testing-library/user-event/dist/esm/setup/setup.js:[2m56:5[22m[39m
[36m [2mΓ¥»[22m tests/components/ProposalDetailCard.test.tsx:[2m171:28[22m[39m
    [90m169| [39m
    [90m170| [39m  it('chama onAccept ao clicar em "Aceitar e Pagar com Seguran├ºa"', asΓÇª
    [90m171| [39m    [35mconst[39m user [33m=[39m 
userEvent[33m.[39m[34msetup[39m()[33m;[39m
    [90m   | [39m                           [31m^[39m
    [90m172| [39m    [35mconst[39m onAccept [33m=[39m 
vi[33m.[39m[34mfn[39m()[33m;[39m
    [90m173| [39m    [34mrender[39m(

[31m[2mΓÄ»ΓÄ»ΓÄ»ΓÄ»ΓÄ»ΓÄ»ΓÄ»ΓÄ»ΓÄ»ΓÄ»ΓÄ»ΓÄ»ΓÄ»ΓÄ»ΓÄ»ΓÄ»ΓÄ»ΓÄ»ΓÄ»ΓÄ»ΓÄ»[71/100]ΓÄ»[22m[39m

[41m[1m FAIL [22m[49m tests/components/ProviderCard.test.tsx[2m > [22mProviderCard 
Component[2m > [22mchama onInvite com email do prestador ao clicar
[31m[1mTypeError[22m: Cannot redefine property: clipboard[39m
[90m [2mΓ¥»[22m attachClipboardStubToView node_modules/@testing-library/user-event/dist/esm/
utils/dataTransfer/Clipboard.js:[2m108:12[22m[39m
[90m [2mΓ¥»[22m Object.setupMain [as setup] 
node_modules/@testing-library/user-event/dist/esm/setup/setup.js:[2m56:5[22m[39m
[36m [2mΓ¥»[22m tests/components/ProviderCard.test.tsx:[2m94:28[22m[39m
    [90m 92| [39m
    [90m 93| [39m  [34mit[39m([32m'chama onInvite com email do prestador ao 
clicar'[39m[33m,[39m [35masync[39m () [33m=>[39m {
    [90m 94| [39m    [35mconst[39m user [33m=[39m 
userEvent[33m.[39m[34msetup[39m()[33m;[39m
    [90m   | [39m                           [31m^[39m
    [90m 95| [39m    [35mconst[39m onInvite [33m=[39m 
vi[33m.[39m[34mfn[39m()[33m;[39m
    [90m 96| [39m    [34mrender[39m([33m<[39m[33mProviderCard[39m 
[33mresult[39m[33m=[39m[33m{[39mmockResult[33m}[39m 
[33monInvite[39m[33m=[39m[33m{[39monInvite[33m}[39m [33m/[39m[33m>[39m)[33m;[39m

[31m[2mΓÄ»ΓÄ»ΓÄ»ΓÄ»ΓÄ»ΓÄ»ΓÄ»ΓÄ»ΓÄ»ΓÄ»ΓÄ»ΓÄ»ΓÄ»ΓÄ»ΓÄ»ΓÄ»ΓÄ»ΓÄ»ΓÄ»ΓÄ»ΓÄ»[72/100]ΓÄ»[22m[39m

[41m[1m FAIL [22m[49m tests/components/ProviderJobCard.test.tsx[2m > [22mProviderJobCard 
Component[2m > [22mchama onUpdateStatus com status "a_caminho" ao clicar
[31m[1mTypeError[22m: Cannot redefine property: clipboard[39m
[90m [2mΓ¥»[22m attachClipboardStubToView node_modules/@testing-library/user-event/dist/esm/
utils/dataTransfer/Clipboard.js:[2m108:12[22m[39m
[90m [2mΓ¥»[22m Object.setupMain [as setup] 
node_modules/@testing-library/user-event/dist/esm/setup/setup.js:[2m56:5[22m[39m
[36m [2mΓ¥»[22m tests/components/ProviderJobCard.test.tsx:[2m108:28[22m[39m
    [90m106| [39m
    [90m107| [39m  it('chama onUpdateStatus com status "a_caminho" ao clicar', async ()ΓÇª
    [90m108| [39m    [35mconst[39m user [33m=[39m 
userEvent[33m.[39m[34msetup[39m()[33m;[39m
    [90m   | [39m                           [31m^[39m
    [90m109| [39m    [35mconst[39m onUpdateStatus [33m=[39m 
vi[33m.[39m[34mfn[39m()[33m;[39m
    [90m110| [39m    [34mrender[39m(

[31m[2mΓÄ»ΓÄ»ΓÄ»ΓÄ»ΓÄ»ΓÄ»ΓÄ»ΓÄ»ΓÄ»ΓÄ»ΓÄ»ΓÄ»ΓÄ»ΓÄ»ΓÄ»ΓÄ»ΓÄ»ΓÄ»ΓÄ»ΓÄ»ΓÄ»[73/100]ΓÄ»[22m[39m

[41m[1m FAIL [22m[49m tests/components/ProviderJobCard.test.tsx[2m > [22mProviderJobCard 
Component[2m > [22mchama onUpdateStatus com status "em_progresso" ao clicar em Iniciar
[31m[1mTypeError[22m: Cannot redefine property: clipboard[39m
[90m [2mΓ¥»[22m attachClipboardStubToView node_modules/@testing-library/user-event/dist/esm/
utils/dataTransfer/Clipboard.js:[2m108:12[22m[39m
[90m [2mΓ¥»[22m Object.setupMain [as setup] 
node_modules/@testing-library/user-event/dist/esm/setup/setup.js:[2m56:5[22m[39m
[36m [2mΓ¥»[22m tests/components/ProviderJobCard.test.tsx:[2m139:28[22m[39m
    [90m137| [39m
    [90m138| [39m  it('chama onUpdateStatus com status "em_progresso" ao clicar em InicΓÇª
    [90m139| [39m    [35mconst[39m user [33m=[39m 
userEvent[33m.[39m[34msetup[39m()[33m;[39m
    [90m   | [39m                           [31m^[39m
    [90m140| [39m    [35mconst[39m onUpdateStatus [33m=[39m 
vi[33m.[39m[34mfn[39m()[33m;[39m
    [90m141| [39m    [35mconst[39m onTheWayJob [33m=[39m { 
[33m...[39mmockJob[33m,[39m status[33m:[39m [32m'a_caminho'[39m [35mas[39m 
[35mconst[39m }[33m;[39m

[31m[2mΓÄ»ΓÄ»ΓÄ»ΓÄ»ΓÄ»ΓÄ»ΓÄ»ΓÄ»ΓÄ»ΓÄ»ΓÄ»ΓÄ»ΓÄ»ΓÄ»ΓÄ»ΓÄ»ΓÄ»ΓÄ»ΓÄ»ΓÄ»ΓÄ»[74/100]ΓÄ»[22m[39m

[41m[1m FAIL [22m[49m tests/components/ProviderJobCard.test.tsx[2m > [22mProviderJobCard 
Component[2m > [22mchama onChat ao clicar em "Ver Disputa"
[31m[1mTypeError[22m: Cannot redefine property: clipboard[39m
[90m [2mΓ¥»[22m attachClipboardStubToView node_modules/@testing-library/user-event/dist/esm/
utils/dataTransfer/Clipboard.js:[2m108:12[22m[39m
[90m [2mΓ¥»[22m Object.setupMain [as setup] 
node_modules/@testing-library/user-event/dist/esm/setup/setup.js:[2m56:5[22m[39m
[36m [2mΓ¥»[22m tests/components/ProviderJobCard.test.tsx:[2m171:28[22m[39m
    [90m169| [39m
    [90m170| [39m  [34mit[39m([32m'chama onChat ao clicar em "Ver 
Disputa"'[39m[33m,[39m [35masync[39m () [33m=>[39m {
    [90m171| [39m    [35mconst[39m user [33m=[39m 
userEvent[33m.[39m[34msetup[39m()[33m;[39m
    [90m   | [39m                           [31m^[39m
    [90m172| [39m    [35mconst[39m onChat [33m=[39m 
vi[33m.[39m[34mfn[39m()[33m;[39m
    [90m173| [39m    [35mconst[39m disputeJob [33m=[39m { 
[33m...[39mmockJob[33m,[39m status[33m:[39m [32m'em_disputa'[39m [35mas[39m 
[35mconst[39m }[33m;[39m

[31m[2mΓÄ»ΓÄ»ΓÄ»ΓÄ»ΓÄ»ΓÄ»ΓÄ»ΓÄ»ΓÄ»ΓÄ»ΓÄ»ΓÄ»ΓÄ»ΓÄ»ΓÄ»ΓÄ»ΓÄ»ΓÄ»ΓÄ»ΓÄ»ΓÄ»[75/100]ΓÄ»[22m[39m

[41m[1m FAIL [22m[49m tests/components/ProviderJobCard.test.tsx[2m > [22mProviderJobCard 
Component[2m > [22mchama onChat ao clicar em "Abrir Chat com Cliente"
[31m[1mTypeError[22m: Cannot redefine property: clipboard[39m
[90m [2mΓ¥»[22m attachClipboardStubToView node_modules/@testing-library/user-event/dist/esm/
utils/dataTransfer/Clipboard.js:[2m108:12[22m[39m
[90m [2mΓ¥»[22m Object.setupMain [as setup] 
node_modules/@testing-library/user-event/dist/esm/setup/setup.js:[2m56:5[22m[39m
[36m [2mΓ¥»[22m tests/components/ProviderJobCard.test.tsx:[2m202:28[22m[39m
    [90m200| [39m
    [90m201| [39m  it('chama onChat ao clicar em "Abrir Chat com Cliente"', async () =>ΓÇª
    [90m202| [39m    [35mconst[39m user [33m=[39m 
userEvent[33m.[39m[34msetup[39m()[33m;[39m
    [90m   | [39m                           [31m^[39m
    [90m203| [39m    [35mconst[39m onChat [33m=[39m 
vi[33m.[39m[34mfn[39m()[33m;[39m
    [90m204| [39m    [34mrender[39m(

[31m[2mΓÄ»ΓÄ»ΓÄ»ΓÄ»ΓÄ»ΓÄ»ΓÄ»ΓÄ»ΓÄ»ΓÄ»ΓÄ»ΓÄ»ΓÄ»ΓÄ»ΓÄ»ΓÄ»ΓÄ»ΓÄ»ΓÄ»ΓÄ»ΓÄ»[76/100]ΓÄ»[22m[39m

[41m[1m FAIL [22m[49m tests/components/ProviderLandingPage.test.tsx[2m > 
[22mProviderLandingPage[2m > [22mbot├úo de registro[2m > [22mdeve chamar onRegisterClick 
ao clicar no bot├úo
[31m[1mTypeError[22m: Cannot redefine property: clipboard[39m
[90m [2mΓ¥»[22m attachClipboardStubToView node_modules/@testing-library/user-event/dist/esm/
utils/dataTransfer/Clipboard.js:[2m108:12[22m[39m
[90m [2mΓ¥»[22m Object.setupMain [as setup] 
node_modules/@testing-library/user-event/dist/esm/setup/setup.js:[2m56:5[22m[39m
[36m [2mΓ¥»[22m tests/components/ProviderLandingPage.test.tsx:[2m41:30[22m[39m
    [90m 39| [39m
    [90m 40| [39m    [34mit[39m([32m'deve chamar onRegisterClick ao clicar no 
bot├úo'[39m[33m,[39m [35masync[39m () [33m=>[39m {
    [90m 41| [39m      [35mconst[39m user [33m=[39m 
userEvent[33m.[39m[34msetup[39m()[33m;[39m
    [90m   | [39m                             [31m^[39m
    [90m 42| [39m      
    [90m 43| [39m      render(<ProviderLandingPage onRegisterClick={mockOnRegisterClickΓÇª

[31m[2mΓÄ»ΓÄ»ΓÄ»ΓÄ»ΓÄ»ΓÄ»ΓÄ»ΓÄ»ΓÄ»ΓÄ»ΓÄ»ΓÄ»ΓÄ»ΓÄ»ΓÄ»ΓÄ»ΓÄ»ΓÄ»ΓÄ»ΓÄ»ΓÄ»[77/100]ΓÄ»[22m[39m

[41m[1m FAIL [22m[49m tests/components/StarRatingInput.test.tsx[2m > [22mStarRatingInput 
Component[2m > [22mchama setRating ao clicar em uma estrela
[31m[1mTypeError[22m: Cannot redefine property: clipboard[39m
[90m [2mΓ¥»[22m attachClipboardStubToView node_modules/@testing-library/user-event/dist/esm/
utils/dataTransfer/Clipboard.js:[2m108:12[22m[39m
[90m [2mΓ¥»[22m Object.setupMain [as setup] 
node_modules/@testing-library/user-event/dist/esm/setup/setup.js:[2m56:5[22m[39m
[36m [2mΓ¥»[22m tests/components/StarRatingInput.test.tsx:[2m36:28[22m[39m
    [90m 34| [39m
    [90m 35| [39m  [34mit[39m([32m'chama setRating ao clicar em uma 
estrela'[39m[33m,[39m [35masync[39m () [33m=>[39m {
    [90m 36| [39m    [35mconst[39m user [33m=[39m 
userEvent[33m.[39m[34msetup[39m()[33m;[39m
    [90m   | [39m                           [31m^[39m
    [90m 37| [39m    [35mconst[39m setRating [33m=[39m 
vi[33m.[39m[34mfn[39m()[33m;[39m
    [90m 38| [39m    const { container } = render(<StarRatingInput rating={0} setRatingΓÇª

[31m[2mΓÄ»ΓÄ»ΓÄ»ΓÄ»ΓÄ»ΓÄ»ΓÄ»ΓÄ»ΓÄ»ΓÄ»ΓÄ»ΓÄ»ΓÄ»ΓÄ»ΓÄ»ΓÄ»ΓÄ»ΓÄ»ΓÄ»ΓÄ»ΓÄ»[78/100]ΓÄ»[22m[39m

[41m[1m FAIL [22m[49m tests/components/StarRatingInput.test.tsx[2m > [22mStarRatingInput 
Component[2m > [22mpermite mudar o rating clicando em estrela diferente
[31m[1mTypeError[22m: Cannot redefine property: clipboard[39m
[90m [2mΓ¥»[22m attachClipboardStubToView node_modules/@testing-library/user-event/dist/esm/
utils/dataTransfer/Clipboard.js:[2m108:12[22m[39m
[90m [2mΓ¥»[22m Object.setupMain [as setup] 
node_modules/@testing-library/user-event/dist/esm/setup/setup.js:[2m56:5[22m[39m
[36m [2mΓ¥»[22m tests/components/StarRatingInput.test.tsx:[2m47:28[22m[39m
    [90m 45| [39m
    [90m 46| [39m  it('permite mudar o rating clicando em estrela diferente', async () ΓÇª
    [90m 47| [39m    [35mconst[39m user [33m=[39m 
userEvent[33m.[39m[34msetup[39m()[33m;[39m
    [90m   | [39m                           [31m^[39m
    [90m 48| [39m    [35mconst[39m setRating [33m=[39m 
vi[33m.[39m[34mfn[39m()[33m;[39m
    [90m 49| [39m    const { container } = render(<StarRatingInput rating={3} setRatingΓÇª

[31m[2mΓÄ»ΓÄ»ΓÄ»ΓÄ»ΓÄ»ΓÄ»ΓÄ»ΓÄ»ΓÄ»ΓÄ»ΓÄ»ΓÄ»ΓÄ»ΓÄ»ΓÄ»ΓÄ»ΓÄ»ΓÄ»ΓÄ»ΓÄ»ΓÄ»[79/100]ΓÄ»[22m[39m

[41m[1m FAIL [22m[49m tests/components/StarRatingInput.test.tsx[2m > [22mStarRatingInput 
Component[2m > [22mpermite dar rating 1 clicando na primeira estrela
[31m[1mTypeError[22m: Cannot redefine property: clipboard[39m
[90m [2mΓ¥»[22m attachClipboardStubToView node_modules/@testing-library/user-event/dist/esm/
utils/dataTransfer/Clipboard.js:[2m108:12[22m[39m
[90m [2mΓ¥»[22m Object.setupMain [as setup] 
node_modules/@testing-library/user-event/dist/esm/setup/setup.js:[2m56:5[22m[39m
[36m [2mΓ¥»[22m tests/components/StarRatingInput.test.tsx:[2m58:28[22m[39m
    [90m 56| [39m
    [90m 57| [39m  [34mit[39m([32m'permite dar rating 1 clicando na primeira 
estrela'[39m[33m,[39m [35masync[39m () [33m=>[39m {
    [90m 58| [39m    [35mconst[39m user [33m=[39m 
userEvent[33m.[39m[34msetup[39m()[33m;[39m
    [90m   | [39m                           [31m^[39m
    [90m 59| [39m    [35mconst[39m setRating [33m=[39m 
vi[33m.[39m[34mfn[39m()[33m;[39m
    [90m 60| [39m    const { container } = render(<StarRatingInput rating={0} setRatingΓÇª

[31m[2mΓÄ»ΓÄ»ΓÄ»ΓÄ»ΓÄ»ΓÄ»ΓÄ»ΓÄ»ΓÄ»ΓÄ»ΓÄ»ΓÄ»ΓÄ»ΓÄ»ΓÄ»ΓÄ»ΓÄ»ΓÄ»ΓÄ»ΓÄ»ΓÄ»[80/100]ΓÄ»[22m[39m

[41m[1m FAIL [22m[49m tests/components/StarRatingInput.test.tsx[2m > [22mStarRatingInput 
Component[2m > [22mmostra preview ao passar mouse sobre estrelas
[31m[1mTypeError[22m: Cannot redefine property: clipboard[39m
[90m [2mΓ¥»[22m attachClipboardStubToView node_modules/@testing-library/user-event/dist/esm/
utils/dataTransfer/Clipboard.js:[2m108:12[22m[39m
[90m [2mΓ¥»[22m Object.setupMain [as setup] 
node_modules/@testing-library/user-event/dist/esm/setup/setup.js:[2m56:5[22m[39m
[36m [2mΓ¥»[22m tests/components/StarRatingInput.test.tsx:[2m87:28[22m[39m
    [90m 85| [39m
    [90m 86| [39m  [34mit[39m([32m'mostra preview ao passar mouse sobre 
estrelas'[39m[33m,[39m [35masync[39m () [33m=>[39m {
    [90m 87| [39m    [35mconst[39m user [33m=[39m 
userEvent[33m.[39m[34msetup[39m()[33m;[39m
    [90m   | [39m                           [31m^[39m
    [90m 88| [39m    const { container } = render(<StarRatingInput rating={0} setRatingΓÇª
    [90m 89| [39m    

[31m[2mΓÄ»ΓÄ»ΓÄ»ΓÄ»ΓÄ»ΓÄ»ΓÄ»ΓÄ»ΓÄ»ΓÄ»ΓÄ»ΓÄ»ΓÄ»ΓÄ»ΓÄ»ΓÄ»ΓÄ»ΓÄ»ΓÄ»ΓÄ»ΓÄ»[81/100]ΓÄ»[22m[39m

[41m[1m FAIL [22m[49m tests/components/StarRatingInput.test.tsx[2m > [22mStarRatingInput 
Component[2m > [22mremove preview ao tirar mouse
[31m[1mTypeError[22m: Cannot redefine property: clipboard[39m
[90m [2mΓ¥»[22m attachClipboardStubToView node_modules/@testing-library/user-event/dist/esm/
utils/dataTransfer/Clipboard.js:[2m108:12[22m[39m
[90m [2mΓ¥»[22m Object.setupMain [as setup] 
node_modules/@testing-library/user-event/dist/esm/setup/setup.js:[2m56:5[22m[39m
[36m [2mΓ¥»[22m tests/components/StarRatingInput.test.tsx:[2m99:28[22m[39m
    [90m 97| [39m
    [90m 98| [39m  [34mit[39m([32m'remove preview ao tirar mouse'[39m[33m,[39m 
[35masync[39m () [33m=>[39m {
    [90m 99| [39m    [35mconst[39m user [33m=[39m 
userEvent[33m.[39m[34msetup[39m()[33m;[39m
    [90m   | [39m                           [31m^[39m
    [90m100| [39m    const { container } = render(<StarRatingInput rating={2} setRatingΓÇª
    [90m101| [39m    

[31m[2mΓÄ»ΓÄ»ΓÄ»ΓÄ»ΓÄ»ΓÄ»ΓÄ»ΓÄ»ΓÄ»ΓÄ»ΓÄ»ΓÄ»ΓÄ»ΓÄ»ΓÄ»ΓÄ»ΓÄ»ΓÄ»ΓÄ»ΓÄ»ΓÄ»[82/100]ΓÄ»[22m[39m

[41m[1m FAIL [22m[49m tests/components/StarRatingInput.test.tsx[2m > [22mStarRatingInput 
Component[2m > [22mprioriza hover sobre rating atual
[31m[1mTypeError[22m: Cannot redefine property: clipboard[39m
[90m [2mΓ¥»[22m attachClipboardStubToView node_modules/@testing-library/user-event/dist/esm/
utils/dataTransfer/Clipboard.js:[2m108:12[22m[39m
[90m [2mΓ¥»[22m Object.setupMain [as setup] 
node_modules/@testing-library/user-event/dist/esm/setup/setup.js:[2m56:5[22m[39m
[36m [2mΓ¥»[22m tests/components/StarRatingInput.test.tsx:[2m117:28[22m[39m
    [90m115| [39m
    [90m116| [39m  [34mit[39m([32m'prioriza hover sobre rating atual'[39m[33m,[39m 
[35masync[39m () [33m=>[39m {
    [90m117| [39m    [35mconst[39m user [33m=[39m 
userEvent[33m.[39m[34msetup[39m()[33m;[39m
    [90m   | [39m                           [31m^[39m
    [90m118| [39m    const { container } = render(<StarRatingInput rating={4} setRatingΓÇª
    [90m119| [39m    

[31m[2mΓÄ»ΓÄ»ΓÄ»ΓÄ»ΓÄ»ΓÄ»ΓÄ»ΓÄ»ΓÄ»ΓÄ»ΓÄ»ΓÄ»ΓÄ»ΓÄ»ΓÄ»ΓÄ»ΓÄ»ΓÄ»ΓÄ»ΓÄ»ΓÄ»[83/100]ΓÄ»[22m[39m

[41m[1m FAIL [22m[49m tests/components/StarRatingInput.test.tsx[2m > [22mStarRatingInput 
Component[2m > [22mpermite rating reduzido
[31m[1mTypeError[22m: Cannot redefine property: clipboard[39m
[90m [2mΓ¥»[22m attachClipboardStubToView node_modules/@testing-library/user-event/dist/esm/
utils/dataTransfer/Clipboard.js:[2m108:12[22m[39m
[90m [2mΓ¥»[22m Object.setupMain [as setup] 
node_modules/@testing-library/user-event/dist/esm/setup/setup.js:[2m56:5[22m[39m
[36m [2mΓ¥»[22m tests/components/StarRatingInput.test.tsx:[2m129:28[22m[39m
    [90m127| [39m
    [90m128| [39m  [34mit[39m([32m'permite rating reduzido'[39m[33m,[39m 
[35masync[39m () [33m=>[39m {
    [90m129| [39m    [35mconst[39m user [33m=[39m 
userEvent[33m.[39m[34msetup[39m()[33m;[39m
    [90m   | [39m                           [31m^[39m
    [90m130| [39m    [35mconst[39m setRating [33m=[39m 
vi[33m.[39m[34mfn[39m()[33m;[39m
    [90m131| [39m    const { container } = render(<StarRatingInput rating={5} setRatingΓÇª

[31m[2mΓÄ»ΓÄ»ΓÄ»ΓÄ»ΓÄ»ΓÄ»ΓÄ»ΓÄ»ΓÄ»ΓÄ»ΓÄ»ΓÄ»ΓÄ»ΓÄ»ΓÄ»ΓÄ»ΓÄ»ΓÄ»ΓÄ»ΓÄ»ΓÄ»[84/100]ΓÄ»[22m[39m

[41m[1m FAIL [22m[49m tests/components/prospector/SmartFiltersBar.test.tsx[2m > 
[22mSmartFiltersBar[2m > [22mintera├º├╡es[2m > [22mdeve chamar onFilterApply ao clicar em 
filtro
[31m[1mTypeError[22m: Cannot redefine property: clipboard[39m
[90m [2mΓ¥»[22m attachClipboardStubToView node_modules/@testing-library/user-event/dist/esm/
utils/dataTransfer/Clipboard.js:[2m108:12[22m[39m
[90m [2mΓ¥»[22m Object.setupMain [as setup] 
node_modules/@testing-library/user-event/dist/esm/setup/setup.js:[2m56:5[22m[39m
[36m [2mΓ¥»[22m tests/components/prospector/SmartFiltersBar.test.tsx:[2m84:30[22m[39m
    [90m 82| [39m  [34mdescribe[39m([32m'intera├º├╡es'[39m[33m,[39m () [33m=>[39m {
    [90m 83| [39m    [34mit[39m([32m'deve chamar onFilterApply ao clicar em 
filtro'[39m[33m,[39m [35masync[39m () [33m=>[39m {
    [90m 84| [39m      [35mconst[39m user [33m=[39m 
userEvent[33m.[39m[34msetup[39m()[33m;[39m
    [90m   | [39m                             [31m^[39m
    [90m 85| [39m      
    [90m 86| [39m      [34mrender[39m(

[31m[2mΓÄ»ΓÄ»ΓÄ»ΓÄ»ΓÄ»ΓÄ»ΓÄ»ΓÄ»ΓÄ»ΓÄ»ΓÄ»ΓÄ»ΓÄ»ΓÄ»ΓÄ»ΓÄ»ΓÄ»ΓÄ»ΓÄ»ΓÄ»ΓÄ»[85/100]ΓÄ»[22m[39m

[41m[1m FAIL [22m[49m tests/components/prospector/SmartFiltersBar.test.tsx[2m > 
[22mSmartFiltersBar[2m > [22mintera├º├╡es[2m > [22mdeve chamar onClear ao clicar em limpar
[31m[1mTypeError[22m: Cannot redefine property: clipboard[39m
[90m [2mΓ¥»[22m attachClipboardStubToView node_modules/@testing-library/user-event/dist/esm/
utils/dataTransfer/Clipboard.js:[2m108:12[22m[39m
[90m [2mΓ¥»[22m Object.setupMain [as setup] 
node_modules/@testing-library/user-event/dist/esm/setup/setup.js:[2m56:5[22m[39m
[36m [2mΓ¥»[22m tests/components/prospector/SmartFiltersBar.test.tsx:[2m102:30[22m[39m
    [90m100| [39m
    [90m101| [39m    [34mit[39m([32m'deve chamar onClear ao clicar em 
limpar'[39m[33m,[39m [35masync[39m () [33m=>[39m {
    [90m102| [39m      [35mconst[39m user [33m=[39m 
userEvent[33m.[39m[34msetup[39m()[33m;[39m
    [90m   | [39m                             [31m^[39m
    [90m103| [39m      
    [90m104| [39m      [34mrender[39m(

[31m[2mΓÄ»ΓÄ»ΓÄ»ΓÄ»ΓÄ»ΓÄ»ΓÄ»ΓÄ»ΓÄ»ΓÄ»ΓÄ»ΓÄ»ΓÄ»ΓÄ»ΓÄ»ΓÄ»ΓÄ»ΓÄ»ΓÄ»ΓÄ»ΓÄ»[86/100]ΓÄ»[22m[39m


[2m Test Files [22m [1m[31m35 failed[39m[22m[2m | [22m[1m[32m166 passed[39m[22m[2m | [22m[33m5 skipped[39m[90m (206)[39m
[2m      Tests [22m [1m[31m96 failed[39m[22m[2m | [22m[1m[32m2623 passed[39m[22m[2m | [22m[33m120 skipped[39m[90m (2839)[39m
[2m   Start at [22m 17:00:47
[2m   Duration [22m 54.32s[2m (transform 19.97s, setup 161.75s, import 52.62s, tests 52.93s, environment 374.50s)[22m

