
> servio-ai-frontend@0.0.0 test
> vitest run --coverage


[1m[7m[36m RUN [39m[27m[22m [36mv2.1.9 [39m[90mC:/Users/JE/servio.ai[39m
      [2mCoverage enabled with [22m[33mv8[39m

 [31mÔØ»[39m tests/week3/ProspectorDashboard.expansion.test.tsx [2m([22m[2m0 test[22m[2m)[22m
 [32mÔ£ô[39m tests/week3/ServiceIntegration.gemini.test.tsx [2m([22m[2m25 tests[22m[2m)[22m[90m 17[2mms[22m[39m
 [32mÔ£ô[39m tests/week3/ProviderDashboard.expansion.test.tsx [2m([22m[2m68 tests[22m[2m)[22m[33m 546[2mms[22m[39m
 [32mÔ£ô[39m tests/services/geminiService.test.ts [2m([22m[2m26 tests[22m[2m)[22m[90m 21[2mms[22m[39m
 [32mÔ£ô[39m tests/components/ResultsModal_AccessPage.comprehensive.test.tsx [2m([22m[2m40 tests[22m[2m)[22m[33m 838[2mms[22m[39m
 [32mÔ£ô[39m tests/services/stripeService.test.ts [2m([22m[2m34 tests[22m[2m)[22m[90m 41[2mms[22m[39m
 [32mÔ£ô[39m tests/week3/ServiceIntegration.fcm.test.tsx [2m([22m[2m26 tests[22m[2m)[22m[90m 128[2mms[22m[39m
 [32mÔ£ô[39m tests/week3/ServiceIntegration.stripe.test.tsx [2m([22m[2m27 tests[22m[2m)[22m[90m 11[2mms[22m[39m
 [32mÔ£ô[39m tests/services/landingPageService.test.js [2m([22m[2m11 tests[22m[2m)[22m[90m 9[2mms[22m[39m
 [32mÔ£ô[39m tests/components/ProviderCard.comprehensive.test.tsx [2m([22m[2m35 tests[22m[2m)[22m[33m 419[2mms[22m[39m
 [32mÔ£ô[39m tests/services/prospectingService.comprehensive.test.ts [2m([22m[2m19 tests[22m[2m)[22m[90m 16[2mms[22m[39m
 [32mÔ£ô[39m tests/components/Chart_AnalyticsCard.comprehensive.test.tsx [2m([22m[2m53 tests[22m[2m)[22m[33m 314[2mms[22m[39m
 [32mÔ£ô[39m tests/critical-components-coverage.test.ts [2m([22m[2m28 tests[22m[2m)[22m[90m 91[2mms[22m[39m
 [32mÔ£ô[39m tests/components/SearchLandingPage.comprehensive.test.tsx [2m([22m[2m38 tests[22m[2m)[22m[33m 9468[2mms[22m[39m
   [33m[2mÔ£ô[22m[39m SearchLandingPage - Comprehensive Quality Tests[2m > [22mSearch Functionality[2m > [22mshould handle long search queries [33m7476[2mms[22m[39m
   [33m[2mÔ£ô[22m[39m SearchLandingPage - Comprehensive Quality Tests[2m > [22mSearch Functionality[2m > [22mshould handle special characters in search [33m449[2mms[22m[39m
   [33m[2mÔ£ô[22m[39m SearchLandingPage - Comprehensive Quality Tests[2m > [22mEdge Cases[2m > [22mshould handle rapid search interactions [33m648[2mms[22m[39m
 [31mÔØ»[39m tests/services/api.comprehensive.test.ts [2m([22m[2m0 test[22m[2m)[22m
 [32mÔ£ô[39m tests/prospectorHelpers.test.ts [2m([22m[2m40 tests[22m[2m)[22m[90m 9[2mms[22m[39m
 [32mÔ£ô[39m tests/week2/AdminDashboard.suite.test.tsx [2m([22m[2m32 tests[22m[2m)[22m[33m 379[2mms[22m[39m
stderr | tests/api.test.ts > API Service > Error Handling > deve lan├ºar erro em opera├º├Áes cr├¡ticas sem fallback
Failed to create job: Error: Falha de rede. Verifique sua conex├úo.
    at makeApiError (C:\Users\JE\servio.ai\services\api.ts:70:15)
    at apiCall (C:\Users\JE\servio.ai\services\api.ts:113:11)
    at Module.createJob (C:\Users\JE\servio.ai\services\api.ts:652:12) {
  code: 'E_NETWORK'
}

 [32mÔ£ô[39m tests/api.test.ts [2m([22m[2m19 tests[22m[2m)[22m[90m 33[2mms[22m[39m
 [32mÔ£ô[39m src/hooks/__tests__/useAdvancedFilters.test.ts [2m([22m[2m25 tests[22m[2m)[22m[90m 16[2mms[22m[39m
 [31mÔØ»[39m tests/components/admin/InternalChat.comprehensive.test.tsx [2m([22m[2m0 test[22m[2m)[22m
stderr | tests/prospecting.enhanced.test.ts > Enhanced Prospecting Service > analyzeProspectWithAI > should fallback to basic scoring if AI fails
[ProspectingService] AI analysis failed: Error: AI service down
    at C:\Users\JE\servio.ai\tests\prospecting.enhanced.test.ts:64:51
    at file:///C:/Users/JE/servio.ai/node_modules/@vitest/runner/dist/index.js:146:14
    at file:///C:/Users/JE/servio.ai/node_modules/@vitest/runner/dist/index.js:533:11
    at runWithTimeout (file:///C:/Users/JE/servio.ai/node_modules/@vitest/runner/dist/index.js:39:7)
    at runTest (file:///C:/Users/JE/servio.ai/node_modules/@vitest/runner/dist/index.js:1056:17)
    at runSuite (file:///C:/Users/JE/servio.ai/node_modules/@vitest/runner/dist/index.js:1205:15)
    at runSuite (file:///C:/Users/JE/servio.ai/node_modules/@vitest/runner/dist/index.js:1205:15)
    at runSuite (file:///C:/Users/JE/servio.ai/node_modules/@vitest/runner/dist/index.js:1205:15)
    at runFiles (file:///C:/Users/JE/servio.ai/node_modules/@vitest/runner/dist/index.js:1262:5)
    at startTests (file:///C:/Users/JE/servio.ai/node_modules/@vitest/runner/dist/index.js:1271:3)

stderr | tests/prospecting.enhanced.test.ts > Enhanced Prospecting Service > analyzeProspectWithAI > should handle prospect without rating
[ProspectingService] AI analysis failed: Error: No rating
    at C:\Users\JE\servio.ai\tests\prospecting.enhanced.test.ts:79:51
    at file:///C:/Users/JE/servio.ai/node_modules/@vitest/runner/dist/index.js:146:14
    at file:///C:/Users/JE/servio.ai/node_modules/@vitest/runner/dist/index.js:533:11
    at runWithTimeout (file:///C:/Users/JE/servio.ai/node_modules/@vitest/runner/dist/index.js:39:7)
    at runTest (file:///C:/Users/JE/servio.ai/node_modules/@vitest/runner/dist/index.js:1056:17)
    at runSuite (file:///C:/Users/JE/servio.ai/node_modules/@vitest/runner/dist/index.js:1205:15)
    at runSuite (file:///C:/Users/JE/servio.ai/node_modules/@vitest/runner/dist/index.js:1205:15)
    at runSuite (file:///C:/Users/JE/servio.ai/node_modules/@vitest/runner/dist/index.js:1205:15)
    at runFiles (file:///C:/Users/JE/servio.ai/node_modules/@vitest/runner/dist/index.js:1262:5)
    at startTests (file:///C:/Users/JE/servio.ai/node_modules/@vitest/runner/dist/index.js:1271:3)

stderr | tests/prospecting.enhanced.test.ts > Enhanced Prospecting Service > generatePersonalizedEmail > should fallback to basic template if AI fails
[ProspectingService] Email generation failed: Error: AI unavailable
    at C:\Users\JE\servio.ai\tests\prospecting.enhanced.test.ts:129:51
    at file:///C:/Users/JE/servio.ai/node_modules/@vitest/runner/dist/index.js:146:14
    at file:///C:/Users/JE/servio.ai/node_modules/@vitest/runner/dist/index.js:533:11
    at runWithTimeout (file:///C:/Users/JE/servio.ai/node_modules/@vitest/runner/dist/index.js:39:7)
    at runTest (file:///C:/Users/JE/servio.ai/node_modules/@vitest/runner/dist/index.js:1056:17)
    at runSuite (file:///C:/Users/JE/servio.ai/node_modules/@vitest/runner/dist/index.js:1205:15)
    at runSuite (file:///C:/Users/JE/servio.ai/node_modules/@vitest/runner/dist/index.js:1205:15)
    at runSuite (file:///C:/Users/JE/servio.ai/node_modules/@vitest/runner/dist/index.js:1205:15)
    at runFiles (file:///C:/Users/JE/servio.ai/node_modules/@vitest/runner/dist/index.js:1262:5)
    at startTests (file:///C:/Users/JE/servio.ai/node_modules/@vitest/runner/dist/index.js:1271:3)

stderr | tests/prospecting.enhanced.test.ts > Enhanced Prospecting Service > sendMultiChannelInvite > should handle channel failures gracefully
[ProspectingService] SMS failed: Error: SMS service down
    at C:\Users\JE\servio.ai\tests\prospecting.enhanced.test.ts:282:32
    at file:///C:/Users/JE/servio.ai/node_modules/@vitest/runner/dist/index.js:146:14
    at file:///C:/Users/JE/servio.ai/node_modules/@vitest/runner/dist/index.js:533:11
    at runWithTimeout (file:///C:/Users/JE/servio.ai/node_modules/@vitest/runner/dist/index.js:39:7)
    at runTest (file:///C:/Users/JE/servio.ai/node_modules/@vitest/runner/dist/index.js:1056:17)
    at runSuite (file:///C:/Users/JE/servio.ai/node_modules/@vitest/runner/dist/index.js:1205:15)
    at runSuite (file:///C:/Users/JE/servio.ai/node_modules/@vitest/runner/dist/index.js:1205:15)
    at runSuite (file:///C:/Users/JE/servio.ai/node_modules/@vitest/runner/dist/index.js:1205:15)
    at runFiles (file:///C:/Users/JE/servio.ai/node_modules/@vitest/runner/dist/index.js:1262:5)
    at startTests (file:///C:/Users/JE/servio.ai/node_modules/@vitest/runner/dist/index.js:1271:3)

 [32mÔ£ô[39m tests/prospecting.enhanced.test.ts [2m([22m[2m13 tests[22m[2m)[22m[90m 17[2mms[22m[39m
 [32mÔ£ô[39m tests/errorTranslator.test.ts [2m([22m[2m31 tests[22m[2m)[22m[90m 6[2mms[22m[39m
 [32mÔ£ô[39m tests/messageTemplates.test.ts [2m([22m[2m29 tests[22m[2m)[22m[90m 8[2mms[22m[39m
 [32mÔ£ô[39m tests/types.comprehensive.test.ts [2m([22m[2m33 tests[22m[2m)[22m[90m 33[2mms[22m[39m
 [32mÔ£ô[39m tests/analyticsService.test.ts [2m([22m[2m20 tests[22m[2m)[22m[90m 44[2mms[22m[39m
 [32mÔ£ô[39m tests/services/crmService.test.js [2m([22m[2m14 tests[22m[2m)[22m[90m 44[2mms[22m[39m
 [32mÔ£ô[39m tests/AIJobRequestWizard.test.tsx [2m([22m[2m13 tests[22m[2m)[22m[33m 317[2mms[22m[39m
 [31mÔØ»[39m tests/ProspectorCRM.test.tsx [2m([22m[2m0 test[22m[2m)[22m
 [31mÔØ»[39m tests/App.test.tsx [2m([22m[2m22 tests[22m[2m | [22m[31m2 failed[39m[2m)[22m[90m 206[2mms[22m[39m
[31m   [31m├ù[31m App Component[2m > [22mshould handle chunk loading errors gracefully[90m 9[2mms[22m[31m[39m
[31m     ÔåÆ PromiseRejectionEvent is not defined[39m
[31m   [31m├ù[31m App Component[2m > [22mshould prevent multiple reloads for chunk errors[90m 4[2mms[22m[31m[39m
[31m     ÔåÆ PromiseRejectionEvent is not defined[39m
 [31mÔØ»[39m tests/lib/firebaseLazy.integration.test.ts [2m([22m[2m29 tests[22m[2m | [22m[31m4 failed[39m[2m)[22m[90m 91[2mms[22m[39m
[31m   [31m├ù[31m firebaseLazy - Integration Tests[2m > [22mType safety[2m > [22minitFirebase should return object with auth and db properties[90m 8[2mms[22m[31m[39m
[31m     ÔåÆ Firebase: Error (auth/invalid-api-key).[39m
[31m   [31m├ù[31m firebaseLazy - Integration Tests[2m > [22mType safety[2m > [22mgetAuth should return Auth instance[90m 3[2mms[22m[31m[39m
[31m     ÔåÆ Firebase: Error (auth/invalid-api-key).[39m
[31m   [31m├ù[31m firebaseLazy - Integration Tests[2m > [22mType safety[2m > [22mgetDb should return Firestore instance[90m 3[2mms[22m[31m[39m
[31m     ÔåÆ Firebase: Error (auth/invalid-api-key).[39m
[31m   [31m├ù[31m firebaseLazy - Integration Tests[2m > [22mType safety[2m > [22mgetStorage should return FirebaseStorage instance[90m 3[2mms[22m[31m[39m
[31m     ÔåÆ Firebase: Error (auth/invalid-api-key).[39m
 [32mÔ£ô[39m tests/coverage-boost.test.ts [2m([22m[2m21 tests[22m[2m)[22m[90m 10[2mms[22m[39m
 [31mÔØ»[39m tests/components/HeroSection.comprehensive.test.tsx [2m([22m[2m0 test[22m[2m)[22m
 [32mÔ£ô[39m tests/services/geminiService.comprehensive.test.ts [2m([22m[2m15 tests[22m[2m)[22m[33m 1555[2mms[22m[39m
   [33m[2mÔ£ô[22m[39m Gemini Service[2m > [22menhanceJobRequest[2m > [22mshould use fallback heuristic when the first API call fails [33m307[2mms[22m[39m
   [33m[2mÔ£ô[22m[39m Gemini Service[2m > [22menhanceJobRequest[2m > [22mshould use fallback and infer 'pintura' category [33m307[2mms[22m[39m
   [33m[2mÔ£ô[22m[39m Gemini Service[2m > [22menhanceJobRequest[2m > [22mshould use fallback and infer 'diagnostico' service type [33m310[2mms[22m[39m
   [33m[2mÔ£ô[22m[39m Gemini Service[2m > [22mgetMatchingProviders[2m > [22mshould return an empty array on API failure [33m312[2mms[22m[39m
   [33m[2mÔ£ô[22m[39m Gemini Service[2m > [22mgenerateProposalMessage[2m > [22mshould throw an error on API failure [33m310[2mms[22m[39m
 [32mÔ£ô[39m tests/services/twilioService.test.js [2m([22m[2m16 tests[22m[2m)[22m[90m 10[2mms[22m[39m
 [32mÔ£ô[39m tests/adminMetrics.test.ts [2m([22m[2m16 tests[22m[2m)[22m[90m 8[2mms[22m[39m
 [32mÔ£ô[39m tests/ProviderDashboard.actions.test.tsx [2m([22m[2m6 tests[22m[2m)[22m[90m 142[2mms[22m[39m
stderr | tests/api.errorHandling.test.ts > apiCall - Error Handling > E_TIMEOUT - AbortController > deve lan├ºar E_TIMEOUT quando AbortError ocorre
[api] Timeout on /api/stripe/create-connect-account Error: Tempo de resposta excedido. Tente novamente.
    at makeApiError (C:\Users\JE\servio.ai\services\api.ts:70:15)
    at apiCall (C:\Users\JE\servio.ai\services\api.ts:106:22) {
  code: 'E_TIMEOUT'
}

 [32mÔ£ô[39m tests/api.errorHandling.test.ts [2m([22m[2m14 tests[22m[2m)[22m[90m 19[2mms[22m[39m
 [31mÔØ»[39m tests/ClientDashboard.test.tsx [2m([22m[2m0 test[22m[2m)[22m
 [32mÔ£ô[39m tests/prospectorMaterialKit.test.ts [2m([22m[2m35 tests[22m[2m)[22m[90m 20[2mms[22m[39m
 [32mÔ£ô[39m tests/PaymentModal.test.tsx [2m([22m[2m9 tests[22m[2m)[22m[90m 286[2mms[22m[39m
 [31mÔØ»[39m tests/ChatModal.test.tsx [2m([22m[2m0 test[22m[2m)[22m
 [31mÔØ»[39m tests/hooks/useAIRecommendations.test.ts [2m([22m[2m0 test[22m[2m)[22m
 [32mÔ£ô[39m tests/api.edgecases.test.ts [2m([22m[2m17 tests[22m[2m)[22m[90m 117[2mms[22m[39m
 [32mÔ£ô[39m tests/DisputeModal.unit.test.tsx [2m([22m[2m10 tests[22m[2m)[22m[33m 370[2mms[22m[39m
 [31mÔØ»[39m tests/components/LeadScoreCard.test.tsx [2m([22m[2m0 test[22m[2m)[22m
 [32mÔ£ô[39m tests/components/ReviewModal.test.tsx [2m([22m[2m11 tests[22m[2m)[22m[90m 151[2mms[22m[39m
stderr | tests/errorMessages.test.ts > errorMessages > createErrorHandler > cria handler que retorna mensagem e a├º├úo
[Error] {
  timestamp: '2025-12-10T14:56:54.725Z',
  context: 'payment',
  code: 'E_NETWORK',
  message: 'Network error',
  status: undefined,
  details: undefined,
  stack: undefined
}

stderr | tests/errorMessages.test.ts > errorMessages > createErrorHandler > chama callback de retry quando a├º├úo ├® executada
[Error] {
  timestamp: '2025-12-10T14:56:54.726Z',
  context: 'unknown',
  code: 'E_NETWORK',
  message: 'Network error',
  status: undefined,
  details: undefined,
  stack: undefined
}

stderr | tests/errorMessages.test.ts > errorMessages > createErrorHandler > chama callback de auth quando a├º├úo ├® login
[Error] {
  timestamp: '2025-12-10T14:56:54.726Z',
  context: 'unknown',
  code: 'E_AUTH',
  message: 'Unauthorized',
  status: undefined,
  details: undefined,
  stack: undefined
}

 [32mÔ£ô[39m tests/errorMessages.test.ts [2m([22m[2m22 tests[22m[2m)[22m[90m 5[2mms[22m[39m
 [31mÔØ»[39m tests/ClientDashboard.scheduleAndChat.test.tsx [2m([22m[2m0 test[22m[2m)[22m
 [32mÔ£ô[39m tests/AdminDashboard.test.tsx [2m([22m[2m7 tests[22m[2m)[22m[90m 214[2mms[22m[39m
 [32mÔ£ô[39m tests/ProposalModal.test.tsx [2m([22m[2m9 tests[22m[2m)[22m[33m 481[2mms[22m[39m
 [32mÔ£ô[39m tests/ReviewModal.test.tsx [2m([22m[2m10 tests[22m[2m)[22m[33m 387[2mms[22m[39m
 [32mÔ£ô[39m tests/components/DisputeDetailsModal.test.tsx [2m([22m[2m7 tests[22m[2m)[22m[90m 51[2mms[22m[39m
stderr | tests/AuctionRoomModal.test.tsx > AuctionRoomModal > contador encerra ap├│s expirar (fake timers)
Warning: The current testing environment is not configured to support act(...)

 [32mÔ£ô[39m tests/AuctionRoomModal.test.tsx [2m([22m[2m7 tests[22m[2m)[22m[90m 198[2mms[22m[39m
 [32mÔ£ô[39m tests/api.usersAndMessages.test.ts [2m([22m[2m9 tests[22m[2m)[22m[90m 29[2mms[22m[39m
 [31mÔØ»[39m tests/AuthModal.test.tsx [2m([22m[2m0 test[22m[2m)[22m
 [32mÔ£ô[39m tests/components/AddItemModal.test.tsx [2m([22m[2m7 tests[22m[2m)[22m[33m 479[2mms[22m[39m
   [33m[2mÔ£ô[22m[39m AddItemModal[2m > [22mexibe erro quando arquivo ├® maior que 4MB [33m347[2mms[22m[39m
 [32mÔ£ô[39m tests/components/ProposalListModal.test.tsx [2m([22m[2m8 tests[22m[2m)[22m[90m 66[2mms[22m[39m
 [32mÔ£ô[39m tests/lib/firebaseLazy.comprehensive.test.ts [2m([22m[2m34 tests[22m[2m)[22m[90m 19[2mms[22m[39m
stderr | tests/ProspectorDashboardUnified.test.tsx > ProspectorDashboard - Unified Layout > should display loading state initially dentro da aba Estat├¡sticas
Error: Uncaught [FirebaseError: Firebase: Error (auth/invalid-api-key).]
    at reportException (C:\Users\JE\servio.ai\node_modules\jsdom\lib\jsdom\living\helpers\runtime-script-errors.js:66:24)
    at innerInvokeEventListeners (C:\Users\JE\servio.ai\node_modules\jsdom\lib\jsdom\living\events\EventTarget-impl.js:353:9)
    at invokeEventListeners (C:\Users\JE\servio.ai\node_modules\jsdom\lib\jsdom\living\events\EventTarget-impl.js:286:3)
    at HTMLUnknownElementImpl._dispatch (C:\Users\JE\servio.ai\node_modules\jsdom\lib\jsdom\living\events\EventTarget-impl.js:233:9)
    at HTMLUnknownElementImpl.dispatchEvent (C:\Users\JE\servio.ai\node_modules\jsdom\lib\jsdom\living\events\EventTarget-impl.js:104:17)
    at HTMLUnknownElement.dispatchEvent (C:\Users\JE\servio.ai\node_modules\jsdom\lib\jsdom\living\generated\EventTarget.js:241:34)
    at Object.invokeGuardedCallbackDev (C:\Users\JE\servio.ai\node_modules\react-dom\cjs\react-dom.development.js:4213:16)
    at invokeGuardedCallback (C:\Users\JE\servio.ai\node_modules\react-dom\cjs\react-dom.development.js:4277:31)
    at beginWork$1 (C:\Users\JE\servio.ai\node_modules\react-dom\cjs\react-dom.development.js:27490:7)
    at performUnitOfWork (C:\Users\JE\servio.ai\node_modules\react-dom\cjs\react-dom.development.js:26599:12) FirebaseError: Firebase: Error (auth/invalid-api-key).
    at createErrorInternal (file:///C:/Users/JE/servio.ai/node_modules/firebase/node_modules/@firebase/auth/src/core/util/assert.ts:152:38)
    at _assert (file:///C:/Users/JE/servio.ai/node_modules/firebase/node_modules/@firebase/auth/src/core/util/assert.ts:177:11)
    at Component.instanceFactory (file:///C:/Users/JE/servio.ai/node_modules/firebase/node_modules/@firebase/auth/src/core/auth/register.ts:72:9)
    at Provider.getOrInitializeService (file:///C:/Users/JE/servio.ai/node_modules/@firebase/component/src/provider.ts:318:33)
    at Provider.initialize (file:///C:/Users/JE/servio.ai/node_modules/@firebase/component/src/provider.ts:242:27)
    at initializeAuth (file:///C:/Users/JE/servio.ai/node_modules/firebase/node_modules/@firebase/auth/src/core/auth/initialize.ts:66:25)
    at Module.getAuth (file:///C:/Users/JE/servio.ai/node_modules/firebase/node_modules/@firebase/auth/src/platform_node/index.ts:45:16)
    at QuickAddPanel (C:\Users\JE\servio.ai\src\components\prospector\QuickAddPanel.tsx:34:16)
    at renderWithHooks (C:\Users\JE\servio.ai\node_modules\react-dom\cjs\react-dom.development.js:15486:18)
    at mountIndeterminateComponent (C:\Users\JE\servio.ai\node_modules\react-dom\cjs\react-dom.development.js:20103:13) {
  code: 'auth/invalid-api-key',
  customData: { appName: '[DEFAULT]' }
}
Error: Uncaught [FirebaseError: Firebase: Error (auth/invalid-api-key).]
    at reportException (C:\Users\JE\servio.ai\node_modules\jsdom\lib\jsdom\living\helpers\runtime-script-errors.js:66:24)
    at innerInvokeEventListeners (C:\Users\JE\servio.ai\node_modules\jsdom\lib\jsdom\living\events\EventTarget-impl.js:353:9)
    at invokeEventListeners (C:\Users\JE\servio.ai\node_modules\jsdom\lib\jsdom\living\events\EventTarget-impl.js:286:3)
    at HTMLUnknownElementImpl._dispatch (C:\Users\JE\servio.ai\node_modules\jsdom\lib\jsdom\living\events\EventTarget-impl.js:233:9)
    at HTMLUnknownElementImpl.dispatchEvent (C:\Users\JE\servio.ai\node_modules\jsdom\lib\jsdom\living\events\EventTarget-impl.js:104:17)
    at HTMLUnknownElement.dispatchEvent (C:\Users\JE\servio.ai\node_modules\jsdom\lib\jsdom\living\generated\EventTarget.js:241:34)
    at Object.invokeGuardedCallbackDev (C:\Users\JE\servio.ai\node_modules\react-dom\cjs\react-dom.development.js:4213:16)
    at invokeGuardedCallback (C:\Users\JE\servio.ai\node_modules\react-dom\cjs\react-dom.development.js:4277:31)
    at beginWork$1 (C:\Users\JE\servio.ai\node_modules\react-dom\cjs\react-dom.development.js:27490:7)
    at performUnitOfWork (C:\Users\JE\servio.ai\node_modules\react-dom\cjs\react-dom.development.js:26599:12) FirebaseError: Firebase: Error (auth/invalid-api-key).
    at createErrorInternal (file:///C:/Users/JE/servio.ai/node_modules/firebase/node_modules/@firebase/auth/src/core/util/assert.ts:152:38)
    at _assert (file:///C:/Users/JE/servio.ai/node_modules/firebase/node_modules/@firebase/auth/src/core/util/assert.ts:177:11)
    at Component.instanceFactory (file:///C:/Users/JE/servio.ai/node_modules/firebase/node_modules/@firebase/auth/src/core/auth/register.ts:72:9)
    at Provider.getOrInitializeService (file:///C:/Users/JE/servio.ai/node_modules/@firebase/component/src/provider.ts:318:33)
    at Provider.initialize (file:///C:/Users/JE/servio.ai/node_modules/@firebase/component/src/provider.ts:242:27)
    at initializeAuth (file:///C:/Users/JE/servio.ai/node_modules/firebase/node_modules/@firebase/auth/src/core/auth/initialize.ts:66:25)
    at Module.getAuth (file:///C:/Users/JE/servio.ai/node_modules/firebase/node_modules/@firebase/auth/src/platform_node/index.ts:45:16)
    at QuickAddPanel (C:\Users\JE\servio.ai\src\components\prospector\QuickAddPanel.tsx:34:16)
    at renderWithHooks (C:\Users\JE\servio.ai\node_modules\react-dom\cjs\react-dom.development.js:15486:18)
    at mountIndeterminateComponent (C:\Users\JE\servio.ai\node_modules\react-dom\cjs\react-dom.development.js:20103:13) {
  code: 'auth/invalid-api-key',
  customData: { appName: '[DEFAULT]' }
}
The above error occurred in the <QuickAddPanel> component:

    at QuickAddPanel (C:\Users\JE\servio.ai\src\components\prospector\QuickAddPanel.tsx:7:26)
    at div
    at div
    at ProspectorDashboard (C:\Users\JE\servio.ai\components\ProspectorDashboard.tsx:31:32)

Consider adding an error boundary to your tree to customize error handling behavior.
Visit https://reactjs.org/link/error-boundaries to learn more about error boundaries.

stderr | tests/ProspectorDashboardUnified.test.tsx > ProspectorDashboard - Unified Layout > should display error message when API fails
Error: Uncaught [FirebaseError: Firebase: Error (auth/invalid-api-key).]
    at reportException (C:\Users\JE\servio.ai\node_modules\jsdom\lib\jsdom\living\helpers\runtime-script-errors.js:66:24)
    at innerInvokeEventListeners (C:\Users\JE\servio.ai\node_modules\jsdom\lib\jsdom\living\events\EventTarget-impl.js:353:9)
    at invokeEventListeners (C:\Users\JE\servio.ai\node_modules\jsdom\lib\jsdom\living\events\EventTarget-impl.js:286:3)
    at HTMLUnknownElementImpl._dispatch (C:\Users\JE\servio.ai\node_modules\jsdom\lib\jsdom\living\events\EventTarget-impl.js:233:9)
    at HTMLUnknownElementImpl.dispatchEvent (C:\Users\JE\servio.ai\node_modules\jsdom\lib\jsdom\living\events\EventTarget-impl.js:104:17)
    at HTMLUnknownElement.dispatchEvent (C:\Users\JE\servio.ai\node_modules\jsdom\lib\jsdom\living\generated\EventTarget.js:241:34)
    at Object.invokeGuardedCallbackDev (C:\Users\JE\servio.ai\node_modules\react-dom\cjs\react-dom.development.js:4213:16)
    at invokeGuardedCallback (C:\Users\JE\servio.ai\node_modules\react-dom\cjs\react-dom.development.js:4277:31)
    at beginWork$1 (C:\Users\JE\servio.ai\node_modules\react-dom\cjs\react-dom.development.js:27490:7)
    at performUnitOfWork (C:\Users\JE\servio.ai\node_modules\react-dom\cjs\react-dom.development.js:26599:12) FirebaseError: Firebase: Error (auth/invalid-api-key).
    at createErrorInternal (file:///C:/Users/JE/servio.ai/node_modules/firebase/node_modules/@firebase/auth/src/core/util/assert.ts:152:38)
    at _assert (file:///C:/Users/JE/servio.ai/node_modules/firebase/node_modules/@firebase/auth/src/core/util/assert.ts:177:11)
    at Component.instanceFactory (file:///C:/Users/JE/servio.ai/node_modules/firebase/node_modules/@firebase/auth/src/core/auth/register.ts:72:9)
    at Provider.getOrInitializeService (file:///C:/Users/JE/servio.ai/node_modules/@firebase/component/src/provider.ts:318:33)
    at Provider.initialize (file:///C:/Users/JE/servio.ai/node_modules/@firebase/component/src/provider.ts:242:27)
    at initializeAuth (file:///C:/Users/JE/servio.ai/node_modules/firebase/node_modules/@firebase/auth/src/core/auth/initialize.ts:66:25)
    at Module.getAuth (file:///C:/Users/JE/servio.ai/node_modules/firebase/node_modules/@firebase/auth/src/platform_node/index.ts:45:16)
    at QuickAddPanel (C:\Users\JE\servio.ai\src\components\prospector\QuickAddPanel.tsx:34:16)
    at renderWithHooks (C:\Users\JE\servio.ai\node_modules\react-dom\cjs\react-dom.development.js:15486:18)
    at mountIndeterminateComponent (C:\Users\JE\servio.ai\node_modules\react-dom\cjs\react-dom.development.js:20103:13) {
  code: 'auth/invalid-api-key',
  customData: { appName: '[DEFAULT]' }
}
Error: Uncaught [FirebaseError: Firebase: Error (auth/invalid-api-key).]
    at reportException (C:\Users\JE\servio.ai\node_modules\jsdom\lib\jsdom\living\helpers\runtime-script-errors.js:66:24)
    at innerInvokeEventListeners (C:\Users\JE\servio.ai\node_modules\jsdom\lib\jsdom\living\events\EventTarget-impl.js:353:9)
    at invokeEventListeners (C:\Users\JE\servio.ai\node_modules\jsdom\lib\jsdom\living\events\EventTarget-impl.js:286:3)
    at HTMLUnknownElementImpl._dispatch (C:\Users\JE\servio.ai\node_modules\jsdom\lib\jsdom\living\events\EventTarget-impl.js:233:9)
    at HTMLUnknownElementImpl.dispatchEvent (C:\Users\JE\servio.ai\node_modules\jsdom\lib\jsdom\living\events\EventTarget-impl.js:104:17)
    at HTMLUnknownElement.dispatchEvent (C:\Users\JE\servio.ai\node_modules\jsdom\lib\jsdom\living\generated\EventTarget.js:241:34)
    at Object.invokeGuardedCallbackDev (C:\Users\JE\servio.ai\node_modules\react-dom\cjs\react-dom.development.js:4213:16)
    at invokeGuardedCallback (C:\Users\JE\servio.ai\node_modules\react-dom\cjs\react-dom.development.js:4277:31)
    at beginWork$1 (C:\Users\JE\servio.ai\node_modules\react-dom\cjs\react-dom.development.js:27490:7)
    at performUnitOfWork (C:\Users\JE\servio.ai\node_modules\react-dom\cjs\react-dom.development.js:26599:12) FirebaseError: Firebase: Error (auth/invalid-api-key).
    at createErrorInternal (file:///C:/Users/JE/servio.ai/node_modules/firebase/node_modules/@firebase/auth/src/core/util/assert.ts:152:38)
    at _assert (file:///C:/Users/JE/servio.ai/node_modules/firebase/node_modules/@firebase/auth/src/core/util/assert.ts:177:11)
    at Component.instanceFactory (file:///C:/Users/JE/servio.ai/node_modules/firebase/node_modules/@firebase/auth/src/core/auth/register.ts:72:9)
    at Provider.getOrInitializeService (file:///C:/Users/JE/servio.ai/node_modules/@firebase/component/src/provider.ts:318:33)
    at Provider.initialize (file:///C:/Users/JE/servio.ai/node_modules/@firebase/component/src/provider.ts:242:27)
    at initializeAuth (file:///C:/Users/JE/servio.ai/node_modules/firebase/node_modules/@firebase/auth/src/core/auth/initialize.ts:66:25)
    at Module.getAuth (file:///C:/Users/JE/servio.ai/node_modules/firebase/node_modules/@firebase/auth/src/platform_node/index.ts:45:16)
    at QuickAddPanel (C:\Users\JE\servio.ai\src\components\prospector\QuickAddPanel.tsx:34:16)
    at renderWithHooks (C:\Users\JE\servio.ai\node_modules\react-dom\cjs\react-dom.development.js:15486:18)
    at mountIndeterminateComponent (C:\Users\JE\servio.ai\node_modules\react-dom\cjs\react-dom.development.js:20103:13) {
  code: 'auth/invalid-api-key',
  customData: { appName: '[DEFAULT]' }
}
The above error occurred in the <QuickAddPanel> component:

    at QuickAddPanel (C:\Users\JE\servio.ai\src\components\prospector\QuickAddPanel.tsx:7:26)
    at div
    at div
    at ProspectorDashboard (C:\Users\JE\servio.ai\components\ProspectorDashboard.tsx:31:32)

Consider adding an error boundary to your tree to customize error handling behavior.
Visit https://reactjs.org/link/error-boundaries to learn more about error boundaries.

 [31mÔØ»[39m tests/ProspectorDashboardUnified.test.tsx [2m([22m[2m2 tests[22m[2m | [22m[31m2 failed[39m[2m)[22m[90m 60[2mms[22m[39m
[31m   [31m├ù[31m ProspectorDashboard - Unified Layout[2m > [22mshould display loading state initially dentro da aba Estat├¡sticas[90m 42[2mms[22m[31m[39m
[31m     ÔåÆ Firebase: Error (auth/invalid-api-key).[39m
[31m   [31m├ù[31m ProspectorDashboard - Unified Layout[2m > [22mshould display error message when API fails[90m 18[2mms[22m[31m[39m
[31m     ÔåÆ Firebase: Error (auth/invalid-api-key).[39m
 [32mÔ£ô[39m tests/modals.test.tsx [2m([22m[2m5 tests[22m[2m)[22m[90m 94[2mms[22m[39m
 [32mÔ£ô[39m tests/JobCard.test.tsx [2m([22m[2m9 tests[22m[2m)[22m[90m 175[2mms[22m[39m
 [32mÔ£ô[39m tests/components/ClientJobCard.test.tsx [2m([22m[2m9 tests[22m[2m)[22m[90m 120[2mms[22m[39m
 [32mÔ£ô[39m tests/api.payments.test.ts [2m([22m[2m9 tests[22m[2m)[22m[90m 28[2mms[22m[39m
 [32mÔ£ô[39m tests/api.more.test.ts [2m([22m[2m9 tests[22m[2m)[22m[90m 24[2mms[22m[39m
 [32mÔ£ô[39m tests/components/DisputeModal.test.tsx [2m([22m[2m7 tests[22m[2m)[22m[90m 96[2mms[22m[39m
 [31mÔØ»[39m tests/fcmService.test.ts [2m([22m[2m13 tests[22m[2m | [22m[31m1 failed[39m[2m)[22m[90m 4[2mms[22m[39m
[31m   [31m├ù[31m fcmService pure functions[2m > [22mgetNotificationPermission[2m > [22mshould return denied when notifications not supported[90m 1[2mms[22m[31m[39m
[31m     ÔåÆ Cannot read properties of undefined (reading 'permission')[39m
stderr | tests/api.proposals.test.ts > Proposal Management > createProposal > valida pre├ºo m├¡nimo na proposta
Failed to create proposal: Error: Erro interno do servidor. Tente mais tarde.
    at makeApiError (C:\Users\JE\servio.ai\services\api.ts:70:15)
    at apiCall (C:\Users\JE\servio.ai\services\api.ts:100:13)
    at Module.createProposal (C:\Users\JE\servio.ai\services\api.ts:728:12)
    at C:\Users\JE\servio.ai\tests\api.proposals.test.ts:50:7
    at file:///C:/Users/JE/servio.ai/node_modules/@vitest/runner/dist/index.js:533:5
    at runTest (file:///C:/Users/JE/servio.ai/node_modules/@vitest/runner/dist/index.js:1056:11)
    at runSuite (file:///C:/Users/JE/servio.ai/node_modules/@vitest/runner/dist/index.js:1205:15)
    at runSuite (file:///C:/Users/JE/servio.ai/node_modules/@vitest/runner/dist/index.js:1205:15)
    at runSuite (file:///C:/Users/JE/servio.ai/node_modules/@vitest/runner/dist/index.js:1205:15)
    at runFiles (file:///C:/Users/JE/servio.ai/node_modules/@vitest/runner/dist/index.js:1262:5) {
  code: 'E_SERVER',
  details: { error: 'Pre├ºo m├¡nimo ├® R$ 50' }
}

stderr | tests/api.proposals.test.ts > Proposal Management > createProposal > valida descri├º├úo obrigat├│ria
Failed to create proposal: Error: Falha de rede. Verifique sua conex├úo.
    at makeApiError (C:\Users\JE\servio.ai\services\api.ts:70:15)
    at apiCall (C:\Users\JE\servio.ai\services\api.ts:113:11)
    at Module.createProposal (C:\Users\JE\servio.ai\services\api.ts:728:12) {
  code: 'E_NETWORK'
}

stderr | tests/api.proposals.test.ts > Proposal Management > createProposal > previne duplicata de proposta do mesmo provider
Failed to create proposal: Error: Erro interno do servidor. Tente mais tarde.
    at makeApiError (C:\Users\JE\servio.ai\services\api.ts:70:15)
    at apiCall (C:\Users\JE\servio.ai\services\api.ts:100:13)
    at Module.createProposal (C:\Users\JE\servio.ai\services\api.ts:728:12)
    at C:\Users\JE\servio.ai\tests\api.proposals.test.ts:71:7
    at file:///C:/Users/JE/servio.ai/node_modules/@vitest/runner/dist/index.js:533:5
    at runTest (file:///C:/Users/JE/servio.ai/node_modules/@vitest/runner/dist/index.js:1056:11)
    at runSuite (file:///C:/Users/JE/servio.ai/node_modules/@vitest/runner/dist/index.js:1205:15)
    at runSuite (file:///C:/Users/JE/servio.ai/node_modules/@vitest/runner/dist/index.js:1205:15)
    at runSuite (file:///C:/Users/JE/servio.ai/node_modules/@vitest/runner/dist/index.js:1205:15)
    at runFiles (file:///C:/Users/JE/servio.ai/node_modules/@vitest/runner/dist/index.js:1262:5) {
  code: 'E_SERVER',
  details: { error: 'Proposta j├í existe para este job' }
}

 [32mÔ£ô[39m tests/api.proposals.test.ts [2m([22m[2m7 tests[22m[2m)[22m[90m 19[2mms[22m[39m
 [32mÔ£ô[39m tests/components/ConfirmDialog.test.tsx [2m([22m[2m10 tests[22m[2m)[22m[90m 39[2mms[22m[39m
 [32mÔ£ô[39m tests/api.matchProviders.test.ts [2m([22m[2m6 tests[22m[2m)[22m[90m 16[2mms[22m[39m
 [32mÔ£ô[39m tests/components/Pagination.test.tsx [2m([22m[2m13 tests[22m[2m)[22m[90m 77[2mms[22m[39m
 [32mÔ£ô[39m tests/Header.test.tsx [2m([22m[2m10 tests[22m[2m)[22m[90m 150[2mms[22m[39m
 [32mÔ£ô[39m tests/AIJobRequestWizard.coverage.test.tsx [2m([22m[2m15 tests[22m[2m)[22m[90m 2[2mms[22m[39m
stderr | tests/components/PaymentSetupCard.test.tsx > PaymentSetupCard > shows toast on API error
Failed to start Stripe onboarding: Error: network
    at C:\Users\JE\servio.ai\tests\components\PaymentSetupCard.test.tsx:122:64
    at file:///C:/Users/JE/servio.ai/node_modules/@vitest/runner/dist/index.js:146:14
    at file:///C:/Users/JE/servio.ai/node_modules/@vitest/runner/dist/index.js:533:11
    at runWithTimeout (file:///C:/Users/JE/servio.ai/node_modules/@vitest/runner/dist/index.js:39:7)
    at runTest (file:///C:/Users/JE/servio.ai/node_modules/@vitest/runner/dist/index.js:1056:17)
    at runSuite (file:///C:/Users/JE/servio.ai/node_modules/@vitest/runner/dist/index.js:1205:15)
    at runSuite (file:///C:/Users/JE/servio.ai/node_modules/@vitest/runner/dist/index.js:1205:15)
    at runFiles (file:///C:/Users/JE/servio.ai/node_modules/@vitest/runner/dist/index.js:1262:5)
    at startTests (file:///C:/Users/JE/servio.ai/node_modules/@vitest/runner/dist/index.js:1271:3)
    at file:///C:/Users/JE/servio.ai/node_modules/vitest/dist/chunks/runBaseTests.3qpJUEJM.js:126:11

 [32mÔ£ô[39m tests/components/PaymentSetupCard.test.tsx [2m([22m[2m3 tests[22m[2m)[22m[90m 139[2mms[22m[39m
 [32mÔ£ô[39m tests/components/ProgressBar.test.tsx [2m([22m[2m17 tests[22m[2m)[22m[90m 38[2mms[22m[39m
 [32mÔ£ô[39m tests/analytics.test.ts [2m([22m[2m3 tests[22m[2m)[22m[90m 1[2mms[22m[39m
 [32mÔ£ô[39m tests/FindProvidersPage.test.tsx [2m([22m[2m2 tests[22m[2m)[22m[90m 73[2mms[22m[39m
 [32mÔ£ô[39m tests/ProviderDashboard.profileStrength.test.tsx [2m([22m[2m1 test[22m[2m)[22m[90m 16[2mms[22m[39m
 [32mÔ£ô[39m tests/components/Avatar.test.tsx [2m([22m[2m16 tests[22m[2m)[22m[90m 45[2mms[22m[39m
 [31mÔØ»[39m tests/ProviderDashboard.test.tsx [2m([22m[2m0 test[22m[2m)[22m
stderr | tests/AdminDashboard.errors.test.tsx > AdminDashboard ÔÇô cen├írios de erro > exibe toast de erro ao falhar resolver disputa e fecha modal no finally
Falha ao resolver a disputa: Error: fail
    at C:\Users\JE\servio.ai\tests\AdminDashboard.errors.test.tsx:84:57
    at file:///C:/Users/JE/servio.ai/node_modules/@vitest/runner/dist/index.js:146:14
    at file:///C:/Users/JE/servio.ai/node_modules/@vitest/runner/dist/index.js:533:11
    at runWithTimeout (file:///C:/Users/JE/servio.ai/node_modules/@vitest/runner/dist/index.js:39:7)
    at runTest (file:///C:/Users/JE/servio.ai/node_modules/@vitest/runner/dist/index.js:1056:17)
    at runSuite (file:///C:/Users/JE/servio.ai/node_modules/@vitest/runner/dist/index.js:1205:15)
    at runSuite (file:///C:/Users/JE/servio.ai/node_modules/@vitest/runner/dist/index.js:1205:15)
    at runFiles (file:///C:/Users/JE/servio.ai/node_modules/@vitest/runner/dist/index.js:1262:5)
    at startTests (file:///C:/Users/JE/servio.ai/node_modules/@vitest/runner/dist/index.js:1271:3)
    at file:///C:/Users/JE/servio.ai/node_modules/vitest/dist/chunks/runBaseTests.3qpJUEJM.js:126:11

 [32mÔ£ô[39m tests/AdminDashboard.errors.test.tsx [2m([22m[2m2 tests[22m[2m)[22m[90m 88[2mms[22m[39m
 [32mÔ£ô[39m tests/ClientDashboard.coverage.test.tsx [2m([22m[2m8 tests[22m[2m)[22m[90m 2[2mms[22m[39m
 [32mÔ£ô[39m tests/components/ItemCard.complete.test.tsx [2m([22m[2m10 tests[22m[2m)[22m[90m 35[2mms[22m[39m
 [32mÔ£ô[39m tests/components/Tooltip.test.tsx [2m([22m[2m9 tests[22m[2m)[22m[90m 27[2mms[22m[39m
 [32mÔ£ô[39m tests/ProviderJobCard.test.tsx [2m([22m[2m5 tests[22m[2m)[22m[90m 85[2mms[22m[39m
 [32mÔ£ô[39m tests/AdminDashboard.actions.test.tsx [2m([22m[2m2 tests[22m[2m)[22m[90m 52[2mms[22m[39m
 [32mÔ£ô[39m tests/NotificationsBell.test.tsx [2m([22m[2m3 tests[22m[2m)[22m[90m 147[2mms[22m[39m
 [32mÔ£ô[39m tests/AdminDashboard.navigation.test.tsx [2m([22m[2m3 tests[22m[2m)[22m[90m 225[2mms[22m[39m
 [32mÔ£ô[39m tests/components/ServiceRequestForm.test.tsx [2m([22m[2m3 tests[22m[2m)[22m[90m 97[2mms[22m[39m
 [31mÔØ»[39m tests/ProviderDashboard.verify.test.tsx [2m([22m[2m0 test[22m[2m)[22m
 [32mÔ£ô[39m tests/geminiService.resolveEndpoint.test.ts [2m([22m[2m2 tests[22m[2m)[22m[90m 2[2mms[22m[39m
 [32mÔ£ô[39m tests/components/ItemCard.test.tsx [2m([22m[2m5 tests[22m[2m)[22m[90m 17[2mms[22m[39m
 [32mÔ£ô[39m tests/NotificationsPopover.test.tsx [2m([22m[2m4 tests[22m[2m)[22m[90m 37[2mms[22m[39m
 [31mÔØ»[39m tests/error-handling.test.ts [2m([22m[2m0 test[22m[2m)[22m
 [32mÔ£ô[39m tests/a11yHelpers.test.ts [2m([22m[2m4 tests[22m[2m)[22m[90m 1[2mms[22m[39m
 [32mÔ£ô[39m tests/components/EmptyState.test.tsx [2m([22m[2m7 tests[22m[2m)[22m[90m 13[2mms[22m[39m
 [32mÔ£ô[39m tests/components/StatusBadge.test.tsx [2m([22m[2m8 tests[22m[2m)[22m[90m 26[2mms[22m[39m
 [32mÔ£ô[39m tests/components/MaintenanceSuggestions.test.tsx [2m([22m[2m2 tests[22m[2m)[22m[90m 34[2mms[22m[39m
 [31mÔØ»[39m tests/components/ServiceLandingPage.test.tsx [2m([22m[2m3 tests[22m[2m | [22m[31m3 failed[39m[2m)[22m[33m 3049[2mms[22m[39m
[31m   [31m├ù[31m ServiceLandingPage[2m > [22mshows empty state when no providers match category[33m 1020[2mms[22m[31m[39m
[31m     ÔåÆ Unable to find an element with the text: /Nenhum prestador encontrado/i. This could be because the text is broken up by multiple elements. In this case, you can provide a function for your text matcher to make your matcher more flexible.

Ignored nodes: comments, script, style
[36m<body>[31m
  [36m<div>[31m
    [36m<div[31m
      [33mclass[31m=[32m"flex items-center justify-center min-h-screen bg-gray-50 text-red-500"[31m
    [36m>[31m
      [0mID de servi├ºo inv├ílido.[0m
    [36m</div>[31m
  [36m</div>[31m
[36m</body>[31m

Ignored nodes: comments, script, style
[36m<html>[31m
  [36m<head />[31m
  [36m<body>[31m
    [36m<div>[31m
      [36m<div[31m
        [33mclass[31m=[32m"flex items-center justify-center min-h-screen bg-gray-50 text-red-500"[31m
      [36m>[31m
        [0mID de servi├ºo inv├ílido.[0m
      [36m</div>[31m
    [36m</div>[31m
  [36m</body>[31m
[36m</html>[31m[39m
[31m   [31m├ù[31m ServiceLandingPage[2m > [22mlists providers that match the category[33m 1018[2mms[22m[31m[39m
[31m     ÔåÆ Unable to find an element with the text: /Prestadores de Servi├ºo/i. This could be because the text is broken up by multiple elements. In this case, you can provide a function for your text matcher to make your matcher more flexible.

Ignored nodes: comments, script, style
[36m<body>[31m
  [36m<div>[31m
    [36m<div[31m
      [33mclass[31m=[32m"flex items-center justify-center min-h-screen bg-gray-50 text-red-500"[31m
    [36m>[31m
      [0mID de servi├ºo inv├ílido.[0m
    [36m</div>[31m
  [36m</div>[31m
[36m</body>[31m

Ignored nodes: comments, script, style
[36m<html>[31m
  [36m<head />[31m
  [36m<body>[31m
    [36m<div>[31m
      [36m<div[31m
        [33mclass[31m=[32m"flex items-center justify-center min-h-screen bg-gray-50 text-red-500"[31m
      [36m>[31m
        [0mID de servi├ºo inv├ílido.[0m
      [36m</div>[31m
    [36m</div>[31m
  [36m</body>[31m
[36m</html>[31m[39m
[31m   [31m├ù[31m ServiceLandingPage[2m > [22mshows error on API failure[33m 1010[2mms[22m[31m[39m
[31m     ÔåÆ Unable to find an element with the text: /N├úo foi poss├¡vel carregar/i. This could be because the text is broken up by multiple elements. In this case, you can provide a function for your text matcher to make your matcher more flexible.

Ignored nodes: comments, script, style
[36m<body>[31m
  [36m<div>[31m
    [36m<div[31m
      [33mclass[31m=[32m"flex items-center justify-center min-h-screen bg-gray-50 text-red-500"[31m
    [36m>[31m
      [0mID de servi├ºo inv├ílido.[0m
    [36m</div>[31m
  [36m</div>[31m
[36m</body>[31m

Ignored nodes: comments, script, style
[36m<html>[31m
  [36m<head />[31m
  [36m<body>[31m
    [36m<div>[31m
      [36m<div[31m
        [33mclass[31m=[32m"flex items-center justify-center min-h-screen bg-gray-50 text-red-500"[31m
      [36m>[31m
        [0mID de servi├ºo inv├ílido.[0m
      [36m</div>[31m
    [36m</div>[31m
  [36m</body>[31m
[36m</html>[31m[39m
 [32mÔ£ô[39m tests/ErrorBoundary.test.tsx [2m([22m[2m4 tests[22m[2m)[22m[90m 22[2mms[22m[39m
 [32mÔ£ô[39m tests/firestoreRoleFunction.test.ts [2m([22m[2m4 tests[22m[2m)[22m[90m 2[2mms[22m[39m
 [32mÔ£ô[39m tests/ProfileTips.test.tsx [2m([22m[2m3 tests[22m[2m)[22m[90m 28[2mms[22m[39m
 [32mÔ£ô[39m tests/geminiService.test.ts [2m([22m[2m3 tests[22m[2m)[22m[33m 306[2mms[22m[39m
   [33m[2mÔ£ô[22m[39m geminiService[2m > [22menhanceJobRequest falls back to heuristic on backend failure [33m305[2mms[22m[39m
 [32mÔ£ô[39m tests/ProfileStrength.test.tsx [2m([22m[2m3 tests[22m[2m)[22m[90m 27[2mms[22m[39m
stderr | tests/geminiService.more.test.ts > geminiService ÔÇô resilience and URL resolution > getMatchingProviders falls back to [] on persistent failure
[match-providers] Fallback to empty list due to backend error: Error: first fail
    at fetchFromBackend (C:\Users\JE\servio.ai\services\geminiService.ts:146:13)
    at Module.getMatchingProviders (C:\Users\JE\servio.ai\services\geminiService.ts:219:12)
    at C:\Users\JE\servio.ai\tests\geminiService.more.test.ts:35:17
    at file:///C:/Users/JE/servio.ai/node_modules/@vitest/runner/dist/index.js:533:5
    at runTest (file:///C:/Users/JE/servio.ai/node_modules/@vitest/runner/dist/index.js:1056:11)
    at runSuite (file:///C:/Users/JE/servio.ai/node_modules/@vitest/runner/dist/index.js:1205:15)
    at runSuite (file:///C:/Users/JE/servio.ai/node_modules/@vitest/runner/dist/index.js:1205:15)
    at runFiles (file:///C:/Users/JE/servio.ai/node_modules/@vitest/runner/dist/index.js:1262:5)
    at startTests (file:///C:/Users/JE/servio.ai/node_modules/@vitest/runner/dist/index.js:1271:3)
    at file:///C:/Users/JE/servio.ai/node_modules/vitest/dist/chunks/runBaseTests.3qpJUEJM.js:126:11

 [32mÔ£ô[39m tests/geminiService.more.test.ts [2m([22m[2m3 tests[22m[2m)[22m[33m 635[2mms[22m[39m
   [33m[2mÔ£ô[22m[39m geminiService ÔÇô resilience and URL resolution[2m > [22mgenerateJobFAQ retries once after network error and succeeds [33m318[2mms[22m[39m
   [33m[2mÔ£ô[22m[39m geminiService ÔÇô resilience and URL resolution[2m > [22mgetMatchingProviders falls back to [] on persistent failure [33m315[2mms[22m[39m
 [32mÔ£ô[39m tests/api.coverage.bump.test.ts [2m([22m[2m3 tests[22m[2m)[22m[90m 9[2mms[22m[39m
 [32mÔ£ô[39m tests/api.positivePaths.test.ts [2m([22m[2m4 tests[22m[2m)[22m[90m 7[2mms[22m[39m
 [32mÔ£ô[39m tests/ItemCard.test.tsx [2m([22m[2m3 tests[22m[2m)[22m[90m 22[2mms[22m[39m
 [32mÔ£ô[39m tests/components/Spinner.test.tsx [2m([22m[2m9 tests[22m[2m)[22m[90m 16[2mms[22m[39m
 [31mÔØ»[39m tests/stripe-timeout-retry.test.ts [2m([22m[2m0 test[22m[2m)[22m
 [31mÔØ»[39m tests/firebaseConfig.test.ts [2m([22m[2m0 test[22m[2m)[22m
 [32mÔ£ô[39m tests/CompletedJobCard.test.tsx [2m([22m[2m2 tests[22m[2m)[22m[90m 9[2mms[22m[39m
 [32mÔ£ô[39m tests/api.admin.test.ts [2m([22m[2m3 tests[22m[2m)[22m[90m 9[2mms[22m[39m
 [32mÔ£ô[39m tests/components/PortfolioGallery.test.tsx [2m([22m[2m2 tests[22m[2m)[22m[90m 13[2mms[22m[39m
 [32mÔ£ô[39m tests/ProviderSearchResultCard.test.tsx [2m([22m[2m1 test[22m[2m)[22m[90m 15[2mms[22m[39m
 [31mÔØ»[39m tests/ai-fallback.test.ts [2m([22m[2m0 test[22m[2m)[22m
 [32mÔ£ô[39m tests/LocationMap.test.tsx [2m([22m[2m3 tests[22m[2m)[22m[90m 10[2mms[22m[39m
 [32mÔ£ô[39m tests/ProfileModal.save.test.tsx [2m([22m[2m1 test[22m[2m)[22m[90m 41[2mms[22m[39m
 [31mÔØ»[39m tests/payment-errors.test.ts [2m([22m[2m0 test[22m[2m)[22m
 [32mÔ£ô[39m tests/components/TimePeriodFilter.test.tsx [2m([22m[2m1 test[22m[2m)[22m[90m 20[2mms[22m[39m
 [32mÔ£ô[39m tests/badgeUtils.test.ts [2m([22m[2m4 tests[22m[2m)[22m[90m 2[2mms[22m[39m
 [32mÔ£ô[39m tests/components/StructuredDataSEO.test.tsx [2m([22m[2m1 test[22m[2m)[22m[90m 8[2mms[22m[39m
 [32mÔ£ô[39m tests/components/LocationMap.test.tsx [2m([22m[2m1 test[22m[2m)[22m[90m 4[2mms[22m[39m
 [32mÔ£ô[39m tests/components/AISchedulingAssistant.test.tsx [2m([22m[2m1 test[22m[2m)[22m[90m 5[2mms[22m[39m
 [32mÔ£ô[39m tests/components/PublicContactCTA.test.tsx [2m([22m[2m1 test[22m[2m)[22m[90m 7[2mms[22m[39m
 [32mÔ£ô[39m tests/smoke.test.ts [2m([22m[2m1 test[22m[2m)[22m[90m 0[2mms[22m[39m

ÔÄ»ÔÄ»ÔÄ»ÔÄ»ÔÄ»ÔÄ» Failed Suites 18 ÔÄ»ÔÄ»ÔÄ»ÔÄ»ÔÄ»ÔÄ»

 FAIL  tests/ai-fallback.test.ts [ tests/ai-fallback.test.ts ]
Error: Failed to resolve import "../../services/geminiService" from "tests/ai-fallback.test.ts". Does the file exist?
  Plugin: vite:import-analysis
  File: C:/Users/JE/servio.ai/tests/ai-fallback.test.ts:2:54
  1  |  import { describe, it, expect, vi } from "vitest";
  2  |  import { enhanceJobRequest, generateProfileTip } from "../../services/geminiService";
     |                                                         ^
  3  |  function forceGeminiFailure() {
  4  |    vi.spyOn(globalThis, "fetch").mockRejectedValueOnce(new Error("Gemini endpoint unreachable"));
 ÔØ» TransformPluginContext._formatError node_modules/vite/dist/node/chunks/dep-BK3b2jBa.js:49258:41
 ÔØ» TransformPluginContext.error node_modules/vite/dist/node/chunks/dep-BK3b2jBa.js:49253:16
 ÔØ» normalizeUrl node_modules/vite/dist/node/chunks/dep-BK3b2jBa.js:64307:23
 ÔØ» node_modules/vite/dist/node/chunks/dep-BK3b2jBa.js:64439:39
 ÔØ» TransformPluginContext.transform node_modules/vite/dist/node/chunks/dep-BK3b2jBa.js:64366:7
 ÔØ» PluginContainer.transform node_modules/vite/dist/node/chunks/dep-BK3b2jBa.js:49099:18
 ÔØ» loadAndTransform node_modules/vite/dist/node/chunks/dep-BK3b2jBa.js:51978:27

ÔÄ»ÔÄ»ÔÄ»ÔÄ»ÔÄ»ÔÄ»ÔÄ»ÔÄ»ÔÄ»ÔÄ»ÔÄ»ÔÄ»ÔÄ»ÔÄ»ÔÄ»ÔÄ»ÔÄ»ÔÄ»ÔÄ»ÔÄ»ÔÄ»ÔÄ»ÔÄ»[1/30]ÔÄ»

 FAIL  tests/AuthModal.test.tsx [ tests/AuthModal.test.tsx ]
 FAIL  tests/ChatModal.test.tsx [ tests/ChatModal.test.tsx ]
 FAIL  tests/ClientDashboard.scheduleAndChat.test.tsx [ tests/ClientDashboard.scheduleAndChat.test.tsx ]
 FAIL  tests/ClientDashboard.test.tsx [ tests/ClientDashboard.test.tsx ]
 FAIL  tests/ProspectorCRM.test.tsx [ tests/ProspectorCRM.test.tsx ]
 FAIL  tests/ProviderDashboard.test.tsx [ tests/ProviderDashboard.test.tsx ]
 FAIL  tests/ProviderDashboard.verify.test.tsx [ tests/ProviderDashboard.verify.test.tsx ]
 FAIL  tests/week3/ProspectorDashboard.expansion.test.tsx [ tests/week3/ProspectorDashboard.expansion.test.tsx ]
FirebaseError: Firebase: Error (auth/invalid-api-key).
 ÔØ» createErrorInternal node_modules/firebase/node_modules/@firebase/auth/src/core/util/assert.ts:152:38
 ÔØ» _assert node_modules/firebase/node_modules/@firebase/auth/src/core/util/assert.ts:177:11
 ÔØ» Component.instanceFactory node_modules/firebase/node_modules/@firebase/auth/src/core/auth/register.ts:72:9
 ÔØ» Provider.getOrInitializeService node_modules/@firebase/component/src/provider.ts:318:33
 ÔØ» Provider.initialize node_modules/@firebase/component/src/provider.ts:242:27
 ÔØ» initializeAuth node_modules/firebase/node_modules/@firebase/auth/src/core/auth/initialize.ts:66:25
 ÔØ» Module.getAuth node_modules/firebase/node_modules/@firebase/auth/src/platform_node/index.ts:45:16
 ÔØ» firebaseConfig.ts:20:21
     18| 
     19| // Critical path: Auth and Firestore loaded immediately
     20| export const auth = getAuth(app);
       |                     ^
     21| export const db = getFirestore(app);
     22| 

ÔÄ»ÔÄ»ÔÄ»ÔÄ»ÔÄ»ÔÄ»ÔÄ»ÔÄ»ÔÄ»ÔÄ»ÔÄ»ÔÄ»ÔÄ»ÔÄ»ÔÄ»ÔÄ»ÔÄ»ÔÄ»ÔÄ»ÔÄ»ÔÄ»ÔÄ»ÔÄ»[2/30]ÔÄ»

 FAIL  tests/error-handling.test.ts [ tests/error-handling.test.ts ]
Error: Failed to resolve import "../../services/api" from "tests/error-handling.test.ts". Does the file exist?
  Plugin: vite:import-analysis
  File: C:/Users/JE/servio.ai/tests/error-handling.test.ts:2:21
  1  |  import { describe, it, expect, vi, beforeEach } from "vitest";
  2  |  import * as API from "../../services/api";
     |                        ^
  3  |  function simulateResponse(status, body = { message: "x" }) {
  4  |    return new Response(JSON.stringify(body), {
 ÔØ» TransformPluginContext._formatError node_modules/vite/dist/node/chunks/dep-BK3b2jBa.js:49258:41
 ÔØ» TransformPluginContext.error node_modules/vite/dist/node/chunks/dep-BK3b2jBa.js:49253:16
 ÔØ» normalizeUrl node_modules/vite/dist/node/chunks/dep-BK3b2jBa.js:64307:23
 ÔØ» node_modules/vite/dist/node/chunks/dep-BK3b2jBa.js:64439:39
 ÔØ» TransformPluginContext.transform node_modules/vite/dist/node/chunks/dep-BK3b2jBa.js:64366:7
 ÔØ» PluginContainer.transform node_modules/vite/dist/node/chunks/dep-BK3b2jBa.js:49099:18
 ÔØ» loadAndTransform node_modules/vite/dist/node/chunks/dep-BK3b2jBa.js:51978:27

ÔÄ»ÔÄ»ÔÄ»ÔÄ»ÔÄ»ÔÄ»ÔÄ»ÔÄ»ÔÄ»ÔÄ»ÔÄ»ÔÄ»ÔÄ»ÔÄ»ÔÄ»ÔÄ»ÔÄ»ÔÄ»ÔÄ»ÔÄ»ÔÄ»ÔÄ»ÔÄ»[3/30]ÔÄ»

 FAIL  tests/firebaseConfig.test.ts [ tests/firebaseConfig.test.ts ]
Error: [vitest] No "GoogleAuthProvider" export is defined on the "firebase/auth" mock. Did you forget to return it from "vi.mock"?
If you need to partially mock a module, you can use "importOriginal" helper inside:

vi.mock(import("firebase/auth"), async (importOriginal) => {
  const actual = await importOriginal()
  return {
    ...actual,
    // your mocked methods
  }
})

 ÔØ» firebaseConfig.ts:24:35
     22| 
     23| // Google Auth provider helper
     24| export const googleProvider = new GoogleAuthProvider();
       |                                   ^
     25| 
     26| export const signInWithGoogle = () => signInWithPopup(auth, googleProvÔÇª
 ÔØ» tests/firebaseConfig.test.ts:18:25

ÔÄ»ÔÄ»ÔÄ»ÔÄ»ÔÄ»ÔÄ»ÔÄ»ÔÄ»ÔÄ»ÔÄ»ÔÄ»ÔÄ»ÔÄ»ÔÄ»ÔÄ»ÔÄ»ÔÄ»ÔÄ»ÔÄ»ÔÄ»ÔÄ»ÔÄ»ÔÄ»[4/30]ÔÄ»

 FAIL  tests/payment-errors.test.ts [ tests/payment-errors.test.ts ]
Error: Failed to resolve import "../../services/api" from "tests/payment-errors.test.ts". Does the file exist?
  Plugin: vite:import-analysis
  File: C:/Users/JE/servio.ai/tests/payment-errors.test.ts:2:21
  1  |  import { describe, it, expect, vi } from "vitest";
  2  |  import * as API from "../../services/api";
     |                        ^
  3  |  function simulateResponse(status, body = { message: "x" }) {
  4  |    return new Response(JSON.stringify(body), {
 ÔØ» TransformPluginContext._formatError node_modules/vite/dist/node/chunks/dep-BK3b2jBa.js:49258:41
 ÔØ» TransformPluginContext.error node_modules/vite/dist/node/chunks/dep-BK3b2jBa.js:49253:16
 ÔØ» normalizeUrl node_modules/vite/dist/node/chunks/dep-BK3b2jBa.js:64307:23
 ÔØ» node_modules/vite/dist/node/chunks/dep-BK3b2jBa.js:64439:39
 ÔØ» TransformPluginContext.transform node_modules/vite/dist/node/chunks/dep-BK3b2jBa.js:64366:7
 ÔØ» PluginContainer.transform node_modules/vite/dist/node/chunks/dep-BK3b2jBa.js:49099:18
 ÔØ» loadAndTransform node_modules/vite/dist/node/chunks/dep-BK3b2jBa.js:51978:27

ÔÄ»ÔÄ»ÔÄ»ÔÄ»ÔÄ»ÔÄ»ÔÄ»ÔÄ»ÔÄ»ÔÄ»ÔÄ»ÔÄ»ÔÄ»ÔÄ»ÔÄ»ÔÄ»ÔÄ»ÔÄ»ÔÄ»ÔÄ»ÔÄ»ÔÄ»ÔÄ»[5/30]ÔÄ»

 FAIL  tests/stripe-timeout-retry.test.ts [ tests/stripe-timeout-retry.test.ts ]
Error: Failed to resolve import "../../services/api" from "tests/stripe-timeout-retry.test.ts". Does the file exist?
  Plugin: vite:import-analysis
  File: C:/Users/JE/servio.ai/tests/stripe-timeout-retry.test.ts:2:21
  1  |  import { describe, it, expect, vi, afterEach } from "vitest";
  2  |  import * as API from "../../services/api";
     |                        ^
  3  |  describe("[E2E-SMOKE] Stripe Timeout + Retry", () => {
  4  |    afterEach(() => {
 ÔØ» TransformPluginContext._formatError node_modules/vite/dist/node/chunks/dep-BK3b2jBa.js:49258:41
 ÔØ» TransformPluginContext.error node_modules/vite/dist/node/chunks/dep-BK3b2jBa.js:49253:16
 ÔØ» normalizeUrl node_modules/vite/dist/node/chunks/dep-BK3b2jBa.js:64307:23
 ÔØ» node_modules/vite/dist/node/chunks/dep-BK3b2jBa.js:64439:39
 ÔØ» TransformPluginContext.transform node_modules/vite/dist/node/chunks/dep-BK3b2jBa.js:64366:7
 ÔØ» PluginContainer.transform node_modules/vite/dist/node/chunks/dep-BK3b2jBa.js:49099:18
 ÔØ» loadAndTransform node_modules/vite/dist/node/chunks/dep-BK3b2jBa.js:51978:27

ÔÄ»ÔÄ»ÔÄ»ÔÄ»ÔÄ»ÔÄ»ÔÄ»ÔÄ»ÔÄ»ÔÄ»ÔÄ»ÔÄ»ÔÄ»ÔÄ»ÔÄ»ÔÄ»ÔÄ»ÔÄ»ÔÄ»ÔÄ»ÔÄ»ÔÄ»ÔÄ»[6/30]ÔÄ»

 FAIL  tests/components/HeroSection.comprehensive.test.tsx [ tests/components/HeroSection.comprehensive.test.tsx ]
Error: Failed to resolve import "../../../components/HeroSection" from "tests/components/HeroSection.comprehensive.test.tsx". Does the file exist?
  Plugin: vite:import-analysis
  File: C:/Users/JE/servio.ai/tests/components/HeroSection.comprehensive.test.tsx:29:38
  27 |  const __vi_import_1__ = await import('@testing-library/react')
  28 |  const __vi_import_2__ = await import('@testing-library/user-event')
  29 |  const __vi_import_3__ = await import('../../../components/HeroSection')
     |                                       ^
  30 |  
  31 |  import { describe, it, expect, beforeEach, afterEach, vi } from "vitest";
 ÔØ» TransformPluginContext._formatError node_modules/vite/dist/node/chunks/dep-BK3b2jBa.js:49258:41
 ÔØ» TransformPluginContext.error node_modules/vite/dist/node/chunks/dep-BK3b2jBa.js:49253:16
 ÔØ» normalizeUrl node_modules/vite/dist/node/chunks/dep-BK3b2jBa.js:64307:23
 ÔØ» node_modules/vite/dist/node/chunks/dep-BK3b2jBa.js:64439:39
 ÔØ» TransformPluginContext.transform node_modules/vite/dist/node/chunks/dep-BK3b2jBa.js:64366:7
 ÔØ» PluginContainer.transform node_modules/vite/dist/node/chunks/dep-BK3b2jBa.js:49099:18
 ÔØ» loadAndTransform node_modules/vite/dist/node/chunks/dep-BK3b2jBa.js:51978:27

ÔÄ»ÔÄ»ÔÄ»ÔÄ»ÔÄ»ÔÄ»ÔÄ»ÔÄ»ÔÄ»ÔÄ»ÔÄ»ÔÄ»ÔÄ»ÔÄ»ÔÄ»ÔÄ»ÔÄ»ÔÄ»ÔÄ»ÔÄ»ÔÄ»ÔÄ»ÔÄ»[7/30]ÔÄ»

 FAIL  tests/components/LeadScoreCard.test.tsx [ tests/components/LeadScoreCard.test.tsx ]
Error: Failed to resolve import "../LeadScoreCard" from "tests/components/LeadScoreCard.test.tsx". Does the file exist?
  Plugin: vite:import-analysis
  File: C:/Users/JE/servio.ai/tests/components/LeadScoreCard.test.tsx:3:26
  2  |  import { describe, it, expect, vi } from "vitest";
  3  |  import { render, screen, fireEvent } from "@testing-library/react";
  4  |  import LeadScoreCard from "../LeadScoreCard";
     |                             ^
  5  |  const mockAnalysis = {
  6  |    categoryMatch: 85,
 ÔØ» TransformPluginContext._formatError node_modules/vite/dist/node/chunks/dep-BK3b2jBa.js:49258:41
 ÔØ» TransformPluginContext.error node_modules/vite/dist/node/chunks/dep-BK3b2jBa.js:49253:16
 ÔØ» normalizeUrl node_modules/vite/dist/node/chunks/dep-BK3b2jBa.js:64307:23
 ÔØ» node_modules/vite/dist/node/chunks/dep-BK3b2jBa.js:64439:39
 ÔØ» TransformPluginContext.transform node_modules/vite/dist/node/chunks/dep-BK3b2jBa.js:64366:7
 ÔØ» PluginContainer.transform node_modules/vite/dist/node/chunks/dep-BK3b2jBa.js:49099:18
 ÔØ» loadAndTransform node_modules/vite/dist/node/chunks/dep-BK3b2jBa.js:51978:27

ÔÄ»ÔÄ»ÔÄ»ÔÄ»ÔÄ»ÔÄ»ÔÄ»ÔÄ»ÔÄ»ÔÄ»ÔÄ»ÔÄ»ÔÄ»ÔÄ»ÔÄ»ÔÄ»ÔÄ»ÔÄ»ÔÄ»ÔÄ»ÔÄ»ÔÄ»ÔÄ»[8/30]ÔÄ»

 FAIL  tests/hooks/useAIRecommendations.test.ts [ tests/hooks/useAIRecommendations.test.ts ]
Error: Failed to resolve import "../useAIRecommendations" from "tests/hooks/useAIRecommendations.test.ts". Does the file exist?
  Plugin: vite:import-analysis
  File: C:/Users/JE/servio.ai/tests/hooks/useAIRecommendations.test.ts:8:7
  6  |    useConversionPrediction,
  7  |    useFollowUpSequence
  8  |  } from "../useAIRecommendations";
     |          ^
  9  |  const mockRecommendations = {
  10 |    nextAction: {
 ÔØ» TransformPluginContext._formatError node_modules/vite/dist/node/chunks/dep-BK3b2jBa.js:49258:41
 ÔØ» TransformPluginContext.error node_modules/vite/dist/node/chunks/dep-BK3b2jBa.js:49253:16
 ÔØ» normalizeUrl node_modules/vite/dist/node/chunks/dep-BK3b2jBa.js:64307:23
 ÔØ» node_modules/vite/dist/node/chunks/dep-BK3b2jBa.js:64439:39
 ÔØ» TransformPluginContext.transform node_modules/vite/dist/node/chunks/dep-BK3b2jBa.js:64366:7
 ÔØ» PluginContainer.transform node_modules/vite/dist/node/chunks/dep-BK3b2jBa.js:49099:18
 ÔØ» loadAndTransform node_modules/vite/dist/node/chunks/dep-BK3b2jBa.js:51978:27

ÔÄ»ÔÄ»ÔÄ»ÔÄ»ÔÄ»ÔÄ»ÔÄ»ÔÄ»ÔÄ»ÔÄ»ÔÄ»ÔÄ»ÔÄ»ÔÄ»ÔÄ»ÔÄ»ÔÄ»ÔÄ»ÔÄ»ÔÄ»ÔÄ»ÔÄ»ÔÄ»[9/30]ÔÄ»

 FAIL  tests/services/api.comprehensive.test.ts [ tests/services/api.comprehensive.test.ts ]
Error: apiCall does not exist
 ÔØ» tests/services/api.comprehensive.test.ts:41:25
     39| describe('API Service Comprehensive Tests', () => {
     40|   // Mock the generic apiCall to simulate backend failures
     41|   const apiCallSpy = vi.spyOn(api, 'apiCall');
       |                         ^
     42| 
     43|   beforeEach(() => {

ÔÄ»ÔÄ»ÔÄ»ÔÄ»ÔÄ»ÔÄ»ÔÄ»ÔÄ»ÔÄ»ÔÄ»ÔÄ»ÔÄ»ÔÄ»ÔÄ»ÔÄ»ÔÄ»ÔÄ»ÔÄ»ÔÄ»ÔÄ»ÔÄ»ÔÄ»[10/30]ÔÄ»

 FAIL  tests/components/admin/InternalChat.comprehensive.test.tsx [ tests/components/admin/InternalChat.comprehensive.test.tsx ]
Error: Failed to resolve import "../../../components/admin/InternalChat" from "tests/components/admin/InternalChat.comprehensive.test.tsx". Does the file exist?
  Plugin: vite:import-analysis
  File: C:/Users/JE/servio.ai/tests/components/admin/InternalChat.comprehensive.test.tsx:19:38
  17 |  const __vi_import_1__ = await import('@testing-library/react')
  18 |  const __vi_import_2__ = await import('@testing-library/user-event')
  19 |  const __vi_import_3__ = await import('../../../components/admin/InternalChat')
     |                                       ^
  20 |  const __vi_import_4__ = await import('../../../services/api')
  21 |  
 ÔØ» TransformPluginContext._formatError node_modules/vite/dist/node/chunks/dep-BK3b2jBa.js:49258:41
 ÔØ» TransformPluginContext.error node_modules/vite/dist/node/chunks/dep-BK3b2jBa.js:49253:16
 ÔØ» normalizeUrl node_modules/vite/dist/node/chunks/dep-BK3b2jBa.js:64307:23
 ÔØ» node_modules/vite/dist/node/chunks/dep-BK3b2jBa.js:64439:39
 ÔØ» TransformPluginContext.transform node_modules/vite/dist/node/chunks/dep-BK3b2jBa.js:64366:7
 ÔØ» PluginContainer.transform node_modules/vite/dist/node/chunks/dep-BK3b2jBa.js:49099:18
 ÔØ» loadAndTransform node_modules/vite/dist/node/chunks/dep-BK3b2jBa.js:51978:27

ÔÄ»ÔÄ»ÔÄ»ÔÄ»ÔÄ»ÔÄ»ÔÄ»ÔÄ»ÔÄ»ÔÄ»ÔÄ»ÔÄ»ÔÄ»ÔÄ»ÔÄ»ÔÄ»ÔÄ»ÔÄ»ÔÄ»ÔÄ»ÔÄ»ÔÄ»[11/30]ÔÄ»

ÔÄ»ÔÄ»ÔÄ»ÔÄ»ÔÄ»ÔÄ» Failed Tests 12 ÔÄ»ÔÄ»ÔÄ»ÔÄ»ÔÄ»ÔÄ»ÔÄ»

 FAIL  tests/App.test.tsx > App Component > should handle chunk loading errors gracefully
ReferenceError: PromiseRejectionEvent is not defined
 ÔØ» tests/App.test.tsx:224:19
    222| 
    223|     // Simulate an unhandled rejection from chunk loading
    224|     const event = new PromiseRejectionEvent('unhandledrejection', {
       |                   ^
    225|       reason: new Error('Failed to fetch dynamically imported module'),
    226|       promise: Promise.reject(new Error('test')),

ÔÄ»ÔÄ»ÔÄ»ÔÄ»ÔÄ»ÔÄ»ÔÄ»ÔÄ»ÔÄ»ÔÄ»ÔÄ»ÔÄ»ÔÄ»ÔÄ»ÔÄ»ÔÄ»ÔÄ»ÔÄ»ÔÄ»ÔÄ»ÔÄ»ÔÄ»[12/30]ÔÄ»

 FAIL  tests/App.test.tsx > App Component > should prevent multiple reloads for chunk errors
ReferenceError: PromiseRejectionEvent is not defined
 ÔØ» tests/App.test.tsx:261:19
    259|     render(<App />);
    260| 
    261|     const event = new PromiseRejectionEvent('unhandledrejection', {
       |                   ^
    262|       reason: new Error('Failed to fetch dynamically imported module'),
    263|       promise: Promise.reject(new Error('test')),

ÔÄ»ÔÄ»ÔÄ»ÔÄ»ÔÄ»ÔÄ»ÔÄ»ÔÄ»ÔÄ»ÔÄ»ÔÄ»ÔÄ»ÔÄ»ÔÄ»ÔÄ»ÔÄ»ÔÄ»ÔÄ»ÔÄ»ÔÄ»ÔÄ»ÔÄ»[13/30]ÔÄ»

 FAIL  tests/fcmService.test.ts > fcmService pure functions > getNotificationPermission > should return denied when notifications not supported
TypeError: Cannot read properties of undefined (reading 'permission')
 ÔØ» Module.getNotificationPermission src/services/fcmService.ts:57:23
     55| export function getNotificationPermission(): NotificationPermission {
     56|   if (!isNotificationSupported()) return 'denied';
     57|   return Notification.permission;
       |                       ^
     58| }
     59| 
 ÔØ» tests/fcmService.test.ts:94:22

ÔÄ»ÔÄ»ÔÄ»ÔÄ»ÔÄ»ÔÄ»ÔÄ»ÔÄ»ÔÄ»ÔÄ»ÔÄ»ÔÄ»ÔÄ»ÔÄ»ÔÄ»ÔÄ»ÔÄ»ÔÄ»ÔÄ»ÔÄ»ÔÄ»ÔÄ»[14/30]ÔÄ»

 FAIL  tests/ProspectorDashboardUnified.test.tsx > ProspectorDashboard - Unified Layout > should display loading state initially dentro da aba Estat├¡sticas
 FAIL  tests/ProspectorDashboardUnified.test.tsx > ProspectorDashboard - Unified Layout > should display error message when API fails
FirebaseError: Firebase: Error (auth/invalid-api-key).
 ÔØ» createErrorInternal node_modules/firebase/node_modules/@firebase/auth/src/core/util/assert.ts:152:38
 ÔØ» _assert node_modules/firebase/node_modules/@firebase/auth/src/core/util/assert.ts:177:11
 ÔØ» Component.instanceFactory node_modules/firebase/node_modules/@firebase/auth/src/core/auth/register.ts:72:9
 ÔØ» Provider.getOrInitializeService node_modules/@firebase/component/src/provider.ts:318:33
 ÔØ» Provider.initialize node_modules/@firebase/component/src/provider.ts:242:27
 ÔØ» initializeAuth node_modules/firebase/node_modules/@firebase/auth/src/core/auth/initialize.ts:66:25
 ÔØ» Module.getAuth node_modules/firebase/node_modules/@firebase/auth/src/platform_node/index.ts:45:16
 ÔØ» QuickAddPanel src/components/prospector/QuickAddPanel.tsx:34:16
     32|   });
     33| 
     34|   const auth = getAuth();
       |                ^
     35| 
     36|   /**
 ÔØ» renderWithHooks node_modules/react-dom/cjs/react-dom.development.js:15486:18
 ÔØ» mountIndeterminateComponent node_modules/react-dom/cjs/react-dom.development.js:20103:13

ÔÄ»ÔÄ»ÔÄ»ÔÄ»ÔÄ»ÔÄ»ÔÄ»ÔÄ»ÔÄ»ÔÄ»ÔÄ»ÔÄ»ÔÄ»ÔÄ»ÔÄ»ÔÄ»ÔÄ»ÔÄ»ÔÄ»ÔÄ»ÔÄ»ÔÄ»[15/30]ÔÄ»

 FAIL  tests/components/ServiceLandingPage.test.tsx > ServiceLandingPage > shows empty state when no providers match category
TestingLibraryElementError: Unable to find an element with the text: /Nenhum prestador encontrado/i. This could be because the text is broken up by multiple elements. In this case, you can provide a function for your text matcher to make your matcher more flexible.

Ignored nodes: comments, script, style
<body>
  <div>
    <div
      class="flex items-center justify-center min-h-screen bg-gray-50 text-red-500"
    >
      ID de servi├ºo inv├ílido.
    </div>
  </div>
</body>

Ignored nodes: comments, script, style
<html>
  <head />
  <body>
    <div>
      <div
        class="flex items-center justify-center min-h-screen bg-gray-50 text-red-500"
      >
        ID de servi├ºo inv├ílido.
      </div>
    </div>
  </body>
</html>
 ÔØ» Proxy.waitForWrapper node_modules/@testing-library/dom/dist/wait-for.js:163:27
 ÔØ» tests/components/ServiceLandingPage.test.tsx:29:11
     27|     );
     28| 
     29|     await waitFor(() => {
       |           ^
     30|       expect(screen.getByText(/Nenhum prestador encontrado/i)).toBeInTÔÇª
     31|     });

ÔÄ»ÔÄ»ÔÄ»ÔÄ»ÔÄ»ÔÄ»ÔÄ»ÔÄ»ÔÄ»ÔÄ»ÔÄ»ÔÄ»ÔÄ»ÔÄ»ÔÄ»ÔÄ»ÔÄ»ÔÄ»ÔÄ»ÔÄ»ÔÄ»ÔÄ»[16/30]ÔÄ»

 FAIL  tests/components/ServiceLandingPage.test.tsx > ServiceLandingPage > lists providers that match the category
TestingLibraryElementError: Unable to find an element with the text: /Prestadores de Servi├ºo/i. This could be because the text is broken up by multiple elements. In this case, you can provide a function for your text matcher to make your matcher more flexible.

Ignored nodes: comments, script, style
<body>
  <div>
    <div
      class="flex items-center justify-center min-h-screen bg-gray-50 text-red-500"
    >
      ID de servi├ºo inv├ílido.
    </div>
  </div>
</body>

Ignored nodes: comments, script, style
<html>
  <head />
  <body>
    <div>
      <div
        class="flex items-center justify-center min-h-screen bg-gray-50 text-red-500"
      >
        ID de servi├ºo inv├ílido.
      </div>
    </div>
  </body>
</html>
 ÔØ» Proxy.waitForWrapper node_modules/@testing-library/dom/dist/wait-for.js:163:27
 ÔØ» tests/components/ServiceLandingPage.test.tsx:60:11
     58|     render(<ServiceLandingPage category="encanador" />);
     59| 
     60|     await waitFor(() => {
       |           ^
     61|       // page header always visible
     62|       expect(screen.getByText(/Prestadores de Servi├ºo/i)).toBeInTheDocÔÇª

ÔÄ»ÔÄ»ÔÄ»ÔÄ»ÔÄ»ÔÄ»ÔÄ»ÔÄ»ÔÄ»ÔÄ»ÔÄ»ÔÄ»ÔÄ»ÔÄ»ÔÄ»ÔÄ»ÔÄ»ÔÄ»ÔÄ»ÔÄ»ÔÄ»ÔÄ»[17/30]ÔÄ»

 FAIL  tests/components/ServiceLandingPage.test.tsx > ServiceLandingPage > shows error on API failure
TestingLibraryElementError: Unable to find an element with the text: /N├úo foi poss├¡vel carregar/i. This could be because the text is broken up by multiple elements. In this case, you can provide a function for your text matcher to make your matcher more flexible.

Ignored nodes: comments, script, style
<body>
  <div>
    <div
      class="flex items-center justify-center min-h-screen bg-gray-50 text-red-500"
    >
      ID de servi├ºo inv├ílido.
    </div>
  </div>
</body>

Ignored nodes: comments, script, style
<html>
  <head />
  <body>
    <div>
      <div
        class="flex items-center justify-center min-h-screen bg-gray-50 text-red-500"
      >
        ID de servi├ºo inv├ílido.
      </div>
    </div>
  </body>
</html>
 ÔØ» Proxy.waitForWrapper node_modules/@testing-library/dom/dist/wait-for.js:163:27
 ÔØ» tests/components/ServiceLandingPage.test.tsx:71:11
     69|     render(<ServiceLandingPage category="encanador" />);
     70| 
     71|     await waitFor(() => {
       |           ^
     72|       expect(screen.getByText(/N├úo foi poss├¡vel carregar/i)).toBeInTheÔÇª
     73|     });

ÔÄ»ÔÄ»ÔÄ»ÔÄ»ÔÄ»ÔÄ»ÔÄ»ÔÄ»ÔÄ»ÔÄ»ÔÄ»ÔÄ»ÔÄ»ÔÄ»ÔÄ»ÔÄ»ÔÄ»ÔÄ»ÔÄ»ÔÄ»ÔÄ»ÔÄ»[18/30]ÔÄ»

 FAIL  tests/lib/firebaseLazy.integration.test.ts > firebaseLazy - Integration Tests > Type safety > initFirebase should return object with auth and db properties
FirebaseError: Firebase: Error (auth/invalid-api-key).
 ÔØ» createErrorInternal node_modules/firebase/node_modules/@firebase/auth/src/core/util/assert.ts:152:38
 ÔØ» _assert node_modules/firebase/node_modules/@firebase/auth/src/core/util/assert.ts:177:11
 ÔØ» Component.instanceFactory node_modules/firebase/node_modules/@firebase/auth/src/core/auth/register.ts:72:9
 ÔØ» Provider.getOrInitializeService node_modules/@firebase/component/src/provider.ts:318:33
 ÔØ» Provider.initialize node_modules/@firebase/component/src/provider.ts:242:27
 ÔØ» initializeAuth node_modules/firebase/node_modules/@firebase/auth/src/core/auth/initialize.ts:66:25
 ÔØ» getAuth node_modules/firebase/node_modules/@firebase/auth/src/platform_node/index.ts:45:16
 ÔØ» Module.initFirebase src/lib/firebaseLazy.ts:40:18
     38|   const app = initializeApp(firebaseConfig);
     39|   appInstance = app;
     40|   authInstance = getAuth(app);
       |                  ^
     41|   dbInstance = getFirestore(app);
     42|   firebaseInitialized = true;
 ÔØ» tests/lib/firebaseLazy.integration.test.ts:45:22

ÔÄ»ÔÄ»ÔÄ»ÔÄ»ÔÄ»ÔÄ»ÔÄ»ÔÄ»ÔÄ»ÔÄ»ÔÄ»ÔÄ»ÔÄ»ÔÄ»ÔÄ»ÔÄ»ÔÄ»ÔÄ»ÔÄ»ÔÄ»ÔÄ»ÔÄ»[19/30]ÔÄ»

 FAIL  tests/lib/firebaseLazy.integration.test.ts > firebaseLazy - Integration Tests > Type safety > getAuth should return Auth instance
FirebaseError: Firebase: Error (auth/invalid-api-key).
 ÔØ» createErrorInternal node_modules/firebase/node_modules/@firebase/auth/src/core/util/assert.ts:152:38
 ÔØ» _assert node_modules/firebase/node_modules/@firebase/auth/src/core/util/assert.ts:177:11
 ÔØ» Component.instanceFactory node_modules/firebase/node_modules/@firebase/auth/src/core/auth/register.ts:72:9
 ÔØ» Provider.getOrInitializeService node_modules/@firebase/component/src/provider.ts:318:33
 ÔØ» Provider.initialize node_modules/@firebase/component/src/provider.ts:242:27
 ÔØ» initializeAuth node_modules/firebase/node_modules/@firebase/auth/src/core/auth/initialize.ts:66:25
 ÔØ» getAuth node_modules/firebase/node_modules/@firebase/auth/src/platform_node/index.ts:45:16
 ÔØ» initFirebase src/lib/firebaseLazy.ts:40:18
     38|   const app = initializeApp(firebaseConfig);
     39|   appInstance = app;
     40|   authInstance = getAuth(app);
       |                  ^
     41|   dbInstance = getFirestore(app);
     42|   firebaseInitialized = true;
 ÔØ» Module.getAuth src/lib/firebaseLazy.ts:49:5
 ÔØ» tests/lib/firebaseLazy.integration.test.ts:51:20

ÔÄ»ÔÄ»ÔÄ»ÔÄ»ÔÄ»ÔÄ»ÔÄ»ÔÄ»ÔÄ»ÔÄ»ÔÄ»ÔÄ»ÔÄ»ÔÄ»ÔÄ»ÔÄ»ÔÄ»ÔÄ»ÔÄ»ÔÄ»ÔÄ»ÔÄ»[20/30]ÔÄ»

 FAIL  tests/lib/firebaseLazy.integration.test.ts > firebaseLazy - Integration Tests > Type safety > getDb should return Firestore instance
FirebaseError: Firebase: Error (auth/invalid-api-key).
 ÔØ» createErrorInternal node_modules/firebase/node_modules/@firebase/auth/src/core/util/assert.ts:152:38
 ÔØ» _assert node_modules/firebase/node_modules/@firebase/auth/src/core/util/assert.ts:177:11
 ÔØ» Component.instanceFactory node_modules/firebase/node_modules/@firebase/auth/src/core/auth/register.ts:72:9
 ÔØ» Provider.getOrInitializeService node_modules/@firebase/component/src/provider.ts:318:33
 ÔØ» Provider.initialize node_modules/@firebase/component/src/provider.ts:242:27
 ÔØ» initializeAuth node_modules/firebase/node_modules/@firebase/auth/src/core/auth/initialize.ts:66:25
 ÔØ» getAuth node_modules/firebase/node_modules/@firebase/auth/src/platform_node/index.ts:45:16
 ÔØ» initFirebase src/lib/firebaseLazy.ts:40:18
     38|   const app = initializeApp(firebaseConfig);
     39|   appInstance = app;
     40|   authInstance = getAuth(app);
       |                  ^
     41|   dbInstance = getFirestore(app);
     42|   firebaseInitialized = true;
 ÔØ» Module.getDb src/lib/firebaseLazy.ts:59:5
 ÔØ» tests/lib/firebaseLazy.integration.test.ts:56:18

ÔÄ»ÔÄ»ÔÄ»ÔÄ»ÔÄ»ÔÄ»ÔÄ»ÔÄ»ÔÄ»ÔÄ»ÔÄ»ÔÄ»ÔÄ»ÔÄ»ÔÄ»ÔÄ»ÔÄ»ÔÄ»ÔÄ»ÔÄ»ÔÄ»ÔÄ»[21/30]ÔÄ»

 FAIL  tests/lib/firebaseLazy.integration.test.ts > firebaseLazy - Integration Tests > Type safety > getStorage should return FirebaseStorage instance
FirebaseError: Firebase: Error (auth/invalid-api-key).
 ÔØ» createErrorInternal node_modules/firebase/node_modules/@firebase/auth/src/core/util/assert.ts:152:38
 ÔØ» _assert node_modules/firebase/node_modules/@firebase/auth/src/core/util/assert.ts:177:11
 ÔØ» Component.instanceFactory node_modules/firebase/node_modules/@firebase/auth/src/core/auth/register.ts:72:9
 ÔØ» Provider.getOrInitializeService node_modules/@firebase/component/src/provider.ts:318:33
 ÔØ» Provider.initialize node_modules/@firebase/component/src/provider.ts:242:27
 ÔØ» initializeAuth node_modules/firebase/node_modules/@firebase/auth/src/core/auth/initialize.ts:66:25
 ÔØ» getAuth node_modules/firebase/node_modules/@firebase/auth/src/platform_node/index.ts:45:16
 ÔØ» initFirebase src/lib/firebaseLazy.ts:40:18
     38|   const app = initializeApp(firebaseConfig);
     39|   appInstance = app;
     40|   authInstance = getAuth(app);
       |                  ^
     41|   dbInstance = getFirestore(app);
     42|   firebaseInitialized = true;
 ÔØ» Module.getStorage src/lib/firebaseLazy.ts:70:7
 ÔØ» tests/lib/firebaseLazy.integration.test.ts:61:23

ÔÄ»ÔÄ»ÔÄ»ÔÄ»ÔÄ»ÔÄ»ÔÄ»ÔÄ»ÔÄ»ÔÄ»ÔÄ»ÔÄ»ÔÄ»ÔÄ»ÔÄ»ÔÄ»ÔÄ»ÔÄ»ÔÄ»ÔÄ»ÔÄ»ÔÄ»[22/30]ÔÄ»

[31mÔÄ»ÔÄ»ÔÄ»ÔÄ»ÔÄ»ÔÄ»[1m[7m Unhandled Errors [27m[22mÔÄ»ÔÄ»ÔÄ»ÔÄ»ÔÄ»ÔÄ»[39m
[31m[1m
Vitest caught 12 unhandled errors during the test run.
This might cause false positive tests. Resolve unhandled errors to make sure your tests are not affected.[22m[39m

ÔÄ»ÔÄ»ÔÄ»ÔÄ» Unhandled Rejection ÔÄ»ÔÄ»ÔÄ»ÔÄ»ÔÄ»
FirebaseError: Firebase: Error (auth/invalid-api-key).
 ÔØ» createErrorInternal node_modules/firebase/node_modules/@firebase/auth/src/core/util/assert.ts:152:38
 ÔØ» _assert node_modules/firebase/node_modules/@firebase/auth/src/core/util/assert.ts:177:11
 ÔØ» Component.instanceFactory node_modules/firebase/node_modules/@firebase/auth/src/core/auth/register.ts:72:9
 ÔØ» Provider.getOrInitializeService node_modules/@firebase/component/src/provider.ts:318:33
 ÔØ» Provider.initialize node_modules/@firebase/component/src/provider.ts:242:27
 ÔØ» initializeAuth node_modules/firebase/node_modules/@firebase/auth/src/core/auth/initialize.ts:66:25
 ÔØ» getAuth node_modules/firebase/node_modules/@firebase/auth/src/platform_node/index.ts:45:16
 ÔØ» Module.initFirebase src/lib/firebaseLazy.ts:40:18
     38|   const app = initializeApp(firebaseConfig);
     39|   appInstance = app;
     40|   authInstance = getAuth(app);
       |                  ^
     41|   dbInstance = getFirestore(app);
     42|   firebaseInitialized = true;

ÔÄ»ÔÄ»ÔÄ»ÔÄ»ÔÄ»ÔÄ»ÔÄ»ÔÄ»ÔÄ»ÔÄ»ÔÄ»ÔÄ»ÔÄ»ÔÄ»ÔÄ»ÔÄ»ÔÄ»ÔÄ»ÔÄ»ÔÄ»ÔÄ»ÔÄ»ÔÄ»ÔÄ»ÔÄ»ÔÄ»ÔÄ»ÔÄ»ÔÄ»ÔÄ»
Serialized Error: { code: 'auth/invalid-api-key', customData: { appName: '[DEFAULT]' } }
This error originated in "tests/lib/firebaseLazy.integration.test.ts" test file. It doesn't mean the error was thrown inside the file itself, but while it was running.
The latest test that might've caused the error is "initFirebase should return object with auth and db properties". It might mean one of the following:
- The error was thrown, while Vitest was running this test.
- If the error occurred after the test had been completed, this was the last documented test before it was thrown.

ÔÄ»ÔÄ»ÔÄ»ÔÄ» Unhandled Rejection ÔÄ»ÔÄ»ÔÄ»ÔÄ»ÔÄ»
FirebaseError: Firebase: Error (auth/invalid-api-key).
 ÔØ» createErrorInternal node_modules/firebase/node_modules/@firebase/auth/src/core/util/assert.ts:152:38
 ÔØ» _assert node_modules/firebase/node_modules/@firebase/auth/src/core/util/assert.ts:177:11
 ÔØ» Component.instanceFactory node_modules/firebase/node_modules/@firebase/auth/src/core/auth/register.ts:72:9
 ÔØ» Provider.getOrInitializeService node_modules/@firebase/component/src/provider.ts:318:33
 ÔØ» Provider.initialize node_modules/@firebase/component/src/provider.ts:242:27
 ÔØ» initializeAuth node_modules/firebase/node_modules/@firebase/auth/src/core/auth/initialize.ts:66:25
 ÔØ» getAuth node_modules/firebase/node_modules/@firebase/auth/src/platform_node/index.ts:45:16
 ÔØ» initFirebase src/lib/firebaseLazy.ts:40:18
     38|   const app = initializeApp(firebaseConfig);
     39|   appInstance = app;
     40|   authInstance = getAuth(app);
       |                  ^
     41|   dbInstance = getFirestore(app);
     42|   firebaseInitialized = true;
 ÔØ» Module.getAuth src/lib/firebaseLazy.ts:49:5

ÔÄ»ÔÄ»ÔÄ»ÔÄ»ÔÄ»ÔÄ»ÔÄ»ÔÄ»ÔÄ»ÔÄ»ÔÄ»ÔÄ»ÔÄ»ÔÄ»ÔÄ»ÔÄ»ÔÄ»ÔÄ»ÔÄ»ÔÄ»ÔÄ»ÔÄ»ÔÄ»ÔÄ»ÔÄ»ÔÄ»ÔÄ»ÔÄ»ÔÄ»ÔÄ»
Serialized Error: { code: 'auth/invalid-api-key', customData: { appName: '[DEFAULT]' } }
This error originated in "tests/lib/firebaseLazy.integration.test.ts" test file. It doesn't mean the error was thrown inside the file itself, but while it was running.
The latest test that might've caused the error is "initFirebase should return object with auth and db properties". It might mean one of the following:
- The error was thrown, while Vitest was running this test.
- If the error occurred after the test had been completed, this was the last documented test before it was thrown.

ÔÄ»ÔÄ»ÔÄ»ÔÄ» Unhandled Rejection ÔÄ»ÔÄ»ÔÄ»ÔÄ»ÔÄ»
FirebaseError: Firebase: Error (auth/invalid-api-key).
 ÔØ» createErrorInternal node_modules/firebase/node_modules/@firebase/auth/src/core/util/assert.ts:152:38
 ÔØ» _assert node_modules/firebase/node_modules/@firebase/auth/src/core/util/assert.ts:177:11
 ÔØ» Component.instanceFactory node_modules/firebase/node_modules/@firebase/auth/src/core/auth/register.ts:72:9
 ÔØ» Provider.getOrInitializeService node_modules/@firebase/component/src/provider.ts:318:33
 ÔØ» Provider.initialize node_modules/@firebase/component/src/provider.ts:242:27
 ÔØ» initializeAuth node_modules/firebase/node_modules/@firebase/auth/src/core/auth/initialize.ts:66:25
 ÔØ» getAuth node_modules/firebase/node_modules/@firebase/auth/src/platform_node/index.ts:45:16
 ÔØ» initFirebase src/lib/firebaseLazy.ts:40:18
     38|   const app = initializeApp(firebaseConfig);
     39|   appInstance = app;
     40|   authInstance = getAuth(app);
       |                  ^
     41|   dbInstance = getFirestore(app);
     42|   firebaseInitialized = true;
 ÔØ» Module.getDb src/lib/firebaseLazy.ts:59:5

ÔÄ»ÔÄ»ÔÄ»ÔÄ»ÔÄ»ÔÄ»ÔÄ»ÔÄ»ÔÄ»ÔÄ»ÔÄ»ÔÄ»ÔÄ»ÔÄ»ÔÄ»ÔÄ»ÔÄ»ÔÄ»ÔÄ»ÔÄ»ÔÄ»ÔÄ»ÔÄ»ÔÄ»ÔÄ»ÔÄ»ÔÄ»ÔÄ»ÔÄ»ÔÄ»
Serialized Error: { code: 'auth/invalid-api-key', customData: { appName: '[DEFAULT]' } }
This error originated in "tests/lib/firebaseLazy.integration.test.ts" test file. It doesn't mean the error was thrown inside the file itself, but while it was running.
The latest test that might've caused the error is "initFirebase should return object with auth and db properties". It might mean one of the following:
- The error was thrown, while Vitest was running this test.
- If the error occurred after the test had been completed, this was the last documented test before it was thrown.

ÔÄ»ÔÄ»ÔÄ»ÔÄ» Unhandled Rejection ÔÄ»ÔÄ»ÔÄ»ÔÄ»ÔÄ»
FirebaseError: Firebase: Error (auth/invalid-api-key).
 ÔØ» createErrorInternal node_modules/firebase/node_modules/@firebase/auth/src/core/util/assert.ts:152:38
 ÔØ» _assert node_modules/firebase/node_modules/@firebase/auth/src/core/util/assert.ts:177:11
 ÔØ» Component.instanceFactory node_modules/firebase/node_modules/@firebase/auth/src/core/auth/register.ts:72:9
 ÔØ» Provider.getOrInitializeService node_modules/@firebase/component/src/provider.ts:318:33
 ÔØ» Provider.initialize node_modules/@firebase/component/src/provider.ts:242:27
 ÔØ» initializeAuth node_modules/firebase/node_modules/@firebase/auth/src/core/auth/initialize.ts:66:25
 ÔØ» getAuth node_modules/firebase/node_modules/@firebase/auth/src/platform_node/index.ts:45:16
 ÔØ» initFirebase src/lib/firebaseLazy.ts:40:18
     38|   const app = initializeApp(firebaseConfig);
     39|   appInstance = app;
     40|   authInstance = getAuth(app);
       |                  ^
     41|   dbInstance = getFirestore(app);
     42|   firebaseInitialized = true;
 ÔØ» Module.getStorage src/lib/firebaseLazy.ts:70:7

ÔÄ»ÔÄ»ÔÄ»ÔÄ»ÔÄ»ÔÄ»ÔÄ»ÔÄ»ÔÄ»ÔÄ»ÔÄ»ÔÄ»ÔÄ»ÔÄ»ÔÄ»ÔÄ»ÔÄ»ÔÄ»ÔÄ»ÔÄ»ÔÄ»ÔÄ»ÔÄ»ÔÄ»ÔÄ»ÔÄ»ÔÄ»ÔÄ»ÔÄ»ÔÄ»
Serialized Error: { code: 'auth/invalid-api-key', customData: { appName: '[DEFAULT]' } }
This error originated in "tests/lib/firebaseLazy.integration.test.ts" test file. It doesn't mean the error was thrown inside the file itself, but while it was running.
The latest test that might've caused the error is "initFirebase should return object with auth and db properties". It might mean one of the following:
- The error was thrown, while Vitest was running this test.
- If the error occurred after the test had been completed, this was the last documented test before it was thrown.

ÔÄ»ÔÄ»ÔÄ»ÔÄ» Unhandled Rejection ÔÄ»ÔÄ»ÔÄ»ÔÄ»ÔÄ»
FirebaseError: Firebase: Error (auth/invalid-api-key).
 ÔØ» createErrorInternal node_modules/firebase/node_modules/@firebase/auth/src/core/util/assert.ts:152:38
 ÔØ» _assert node_modules/firebase/node_modules/@firebase/auth/src/core/util/assert.ts:177:11
 ÔØ» Component.instanceFactory node_modules/firebase/node_modules/@firebase/auth/src/core/auth/register.ts:72:9
 ÔØ» Provider.getOrInitializeService node_modules/@firebase/component/src/provider.ts:318:33
 ÔØ» Provider.initialize node_modules/@firebase/component/src/provider.ts:242:27
 ÔØ» initializeAuth node_modules/firebase/node_modules/@firebase/auth/src/core/auth/initialize.ts:66:25
 ÔØ» getAuth node_modules/firebase/node_modules/@firebase/auth/src/platform_node/index.ts:45:16
 ÔØ» initFirebase src/lib/firebaseLazy.ts:40:18
     38|   const app = initializeApp(firebaseConfig);
     39|   appInstance = app;
     40|   authInstance = getAuth(app);
       |                  ^
     41|   dbInstance = getFirestore(app);
     42|   firebaseInitialized = true;
 ÔØ» Module.getAuth src/lib/firebaseLazy.ts:49:5

ÔÄ»ÔÄ»ÔÄ»ÔÄ»ÔÄ»ÔÄ»ÔÄ»ÔÄ»ÔÄ»ÔÄ»ÔÄ»ÔÄ»ÔÄ»ÔÄ»ÔÄ»ÔÄ»ÔÄ»ÔÄ»ÔÄ»ÔÄ»ÔÄ»ÔÄ»ÔÄ»ÔÄ»ÔÄ»ÔÄ»ÔÄ»ÔÄ»ÔÄ»ÔÄ»
Serialized Error: { code: 'auth/invalid-api-key', customData: { appName: '[DEFAULT]' } }
This error originated in "tests/lib/firebaseLazy.integration.test.ts" test file. It doesn't mean the error was thrown inside the file itself, but while it was running.
The latest test that might've caused the error is "should support concurrent getAuth and getDb calls". It might mean one of the following:
- The error was thrown, while Vitest was running this test.
- If the error occurred after the test had been completed, this was the last documented test before it was thrown.

ÔÄ»ÔÄ»ÔÄ»ÔÄ» Unhandled Rejection ÔÄ»ÔÄ»ÔÄ»ÔÄ»ÔÄ»
FirebaseError: Firebase: Error (auth/invalid-api-key).
 ÔØ» createErrorInternal node_modules/firebase/node_modules/@firebase/auth/src/core/util/assert.ts:152:38
 ÔØ» _assert node_modules/firebase/node_modules/@firebase/auth/src/core/util/assert.ts:177:11
 ÔØ» Component.instanceFactory node_modules/firebase/node_modules/@firebase/auth/src/core/auth/register.ts:72:9
 ÔØ» Provider.getOrInitializeService node_modules/@firebase/component/src/provider.ts:318:33
 ÔØ» Provider.initialize node_modules/@firebase/component/src/provider.ts:242:27
 ÔØ» initializeAuth node_modules/firebase/node_modules/@firebase/auth/src/core/auth/initialize.ts:66:25
 ÔØ» getAuth node_modules/firebase/node_modules/@firebase/auth/src/platform_node/index.ts:45:16
 ÔØ» initFirebase src/lib/firebaseLazy.ts:40:18
     38|   const app = initializeApp(firebaseConfig);
     39|   appInstance = app;
     40|   authInstance = getAuth(app);
       |                  ^
     41|   dbInstance = getFirestore(app);
     42|   firebaseInitialized = true;
 ÔØ» Module.getDb src/lib/firebaseLazy.ts:59:5

ÔÄ»ÔÄ»ÔÄ»ÔÄ»ÔÄ»ÔÄ»ÔÄ»ÔÄ»ÔÄ»ÔÄ»ÔÄ»ÔÄ»ÔÄ»ÔÄ»ÔÄ»ÔÄ»ÔÄ»ÔÄ»ÔÄ»ÔÄ»ÔÄ»ÔÄ»ÔÄ»ÔÄ»ÔÄ»ÔÄ»ÔÄ»ÔÄ»ÔÄ»ÔÄ»
Serialized Error: { code: 'auth/invalid-api-key', customData: { appName: '[DEFAULT]' } }
This error originated in "tests/lib/firebaseLazy.integration.test.ts" test file. It doesn't mean the error was thrown inside the file itself, but while it was running.
The latest test that might've caused the error is "should support concurrent getAuth and getDb calls". It might mean one of the following:
- The error was thrown, while Vitest was running this test.
- If the error occurred after the test had been completed, this was the last documented test before it was thrown.

ÔÄ»ÔÄ»ÔÄ»ÔÄ» Unhandled Rejection ÔÄ»ÔÄ»ÔÄ»ÔÄ»ÔÄ»
FirebaseError: Firebase: Error (auth/invalid-api-key).
 ÔØ» createErrorInternal node_modules/firebase/node_modules/@firebase/auth/src/core/util/assert.ts:152:38
 ÔØ» _assert node_modules/firebase/node_modules/@firebase/auth/src/core/util/assert.ts:177:11
 ÔØ» Component.instanceFactory node_modules/firebase/node_modules/@firebase/auth/src/core/auth/register.ts:72:9
 ÔØ» Provider.getOrInitializeService node_modules/@firebase/component/src/provider.ts:318:33
 ÔØ» Provider.initialize node_modules/@firebase/component/src/provider.ts:242:27
 ÔØ» initializeAuth node_modules/firebase/node_modules/@firebase/auth/src/core/auth/initialize.ts:66:25
 ÔØ» getAuth node_modules/firebase/node_modules/@firebase/auth/src/platform_node/index.ts:45:16
 ÔØ» initFirebase src/lib/firebaseLazy.ts:40:18
     38|   const app = initializeApp(firebaseConfig);
     39|   appInstance = app;
     40|   authInstance = getAuth(app);
       |                  ^
     41|   dbInstance = getFirestore(app);
     42|   firebaseInitialized = true;
 ÔØ» Module.getStorage src/lib/firebaseLazy.ts:70:7

ÔÄ»ÔÄ»ÔÄ»ÔÄ»ÔÄ»ÔÄ»ÔÄ»ÔÄ»ÔÄ»ÔÄ»ÔÄ»ÔÄ»ÔÄ»ÔÄ»ÔÄ»ÔÄ»ÔÄ»ÔÄ»ÔÄ»ÔÄ»ÔÄ»ÔÄ»ÔÄ»ÔÄ»ÔÄ»ÔÄ»ÔÄ»ÔÄ»ÔÄ»ÔÄ»
Serialized Error: { code: 'auth/invalid-api-key', customData: { appName: '[DEFAULT]' } }
This error originated in "tests/lib/firebaseLazy.integration.test.ts" test file. It doesn't mean the error was thrown inside the file itself, but while it was running.
The latest test that might've caused the error is "should support concurrent getAuth and getDb calls". It might mean one of the following:
- The error was thrown, while Vitest was running this test.
- If the error occurred after the test had been completed, this was the last documented test before it was thrown.

ÔÄ»ÔÄ»ÔÄ»ÔÄ» Unhandled Rejection ÔÄ»ÔÄ»ÔÄ»ÔÄ»ÔÄ»
FirebaseError: Firebase: Error (auth/invalid-api-key).
 ÔØ» createErrorInternal node_modules/firebase/node_modules/@firebase/auth/src/core/util/assert.ts:152:38
 ÔØ» _assert node_modules/firebase/node_modules/@firebase/auth/src/core/util/assert.ts:177:11
 ÔØ» Component.instanceFactory node_modules/firebase/node_modules/@firebase/auth/src/core/auth/register.ts:72:9
 ÔØ» Provider.getOrInitializeService node_modules/@firebase/component/src/provider.ts:318:33
 ÔØ» Provider.initialize node_modules/@firebase/component/src/provider.ts:242:27
 ÔØ» initializeAuth node_modules/firebase/node_modules/@firebase/auth/src/core/auth/initialize.ts:66:25
 ÔØ» getAuth node_modules/firebase/node_modules/@firebase/auth/src/platform_node/index.ts:45:16
 ÔØ» initFirebase src/lib/firebaseLazy.ts:40:18
     38|   const app = initializeApp(firebaseConfig);
     39|   appInstance = app;
     40|   authInstance = getAuth(app);
       |                  ^
     41|   dbInstance = getFirestore(app);
     42|   firebaseInitialized = true;

ÔÄ»ÔÄ»ÔÄ»ÔÄ»ÔÄ»ÔÄ»ÔÄ»ÔÄ»ÔÄ»ÔÄ»ÔÄ»ÔÄ»ÔÄ»ÔÄ»ÔÄ»ÔÄ»ÔÄ»ÔÄ»ÔÄ»ÔÄ»ÔÄ»ÔÄ»ÔÄ»ÔÄ»ÔÄ»ÔÄ»ÔÄ»ÔÄ»ÔÄ»ÔÄ»
Serialized Error: { code: 'auth/invalid-api-key', customData: { appName: '[DEFAULT]' } }
This error originated in "tests/lib/firebaseLazy.integration.test.ts" test file. It doesn't mean the error was thrown inside the file itself, but while it was running.
The latest test that might've caused the error is "multiple calls to getAuth should return consistent references". It might mean one of the following:
- The error was thrown, while Vitest was running this test.
- If the error occurred after the test had been completed, this was the last documented test before it was thrown.

ÔÄ»ÔÄ»ÔÄ»ÔÄ» Unhandled Rejection ÔÄ»ÔÄ»ÔÄ»ÔÄ»ÔÄ»
FirebaseError: Firebase: Error (auth/invalid-api-key).
 ÔØ» createErrorInternal node_modules/firebase/node_modules/@firebase/auth/src/core/util/assert.ts:152:38
 ÔØ» _assert node_modules/firebase/node_modules/@firebase/auth/src/core/util/assert.ts:177:11
 ÔØ» Component.instanceFactory node_modules/firebase/node_modules/@firebase/auth/src/core/auth/register.ts:72:9
 ÔØ» Provider.getOrInitializeService node_modules/@firebase/component/src/provider.ts:318:33
 ÔØ» Provider.initialize node_modules/@firebase/component/src/provider.ts:242:27
 ÔØ» initializeAuth node_modules/firebase/node_modules/@firebase/auth/src/core/auth/initialize.ts:66:25
 ÔØ» getAuth node_modules/firebase/node_modules/@firebase/auth/src/platform_node/index.ts:45:16
 ÔØ» initFirebase src/lib/firebaseLazy.ts:40:18
     38|   const app = initializeApp(firebaseConfig);
     39|   appInstance = app;
     40|   authInstance = getAuth(app);
       |                  ^
     41|   dbInstance = getFirestore(app);
     42|   firebaseInitialized = true;
 ÔØ» getAuth src/lib/firebaseLazy.ts:49:5

ÔÄ»ÔÄ»ÔÄ»ÔÄ»ÔÄ»ÔÄ»ÔÄ»ÔÄ»ÔÄ»ÔÄ»ÔÄ»ÔÄ»ÔÄ»ÔÄ»ÔÄ»ÔÄ»ÔÄ»ÔÄ»ÔÄ»ÔÄ»ÔÄ»ÔÄ»ÔÄ»ÔÄ»ÔÄ»ÔÄ»ÔÄ»ÔÄ»ÔÄ»ÔÄ»
Serialized Error: { code: 'auth/invalid-api-key', customData: { appName: '[DEFAULT]' } }
This error originated in "tests/lib/firebaseLazy.integration.test.ts" test file. It doesn't mean the error was thrown inside the file itself, but while it was running.
The latest test that might've caused the error is "multiple calls to getAuth should return consistent references". It might mean one of the following:
- The error was thrown, while Vitest was running this test.
- If the error occurred after the test had been completed, this was the last documented test before it was thrown.

ÔÄ»ÔÄ»ÔÄ»ÔÄ» Unhandled Rejection ÔÄ»ÔÄ»ÔÄ»ÔÄ»ÔÄ»
FirebaseError: Firebase: Error (auth/invalid-api-key).
 ÔØ» createErrorInternal node_modules/firebase/node_modules/@firebase/auth/src/core/util/assert.ts:152:38
 ÔØ» _assert node_modules/firebase/node_modules/@firebase/auth/src/core/util/assert.ts:177:11
 ÔØ» Component.instanceFactory node_modules/firebase/node_modules/@firebase/auth/src/core/auth/register.ts:72:9
 ÔØ» Provider.getOrInitializeService node_modules/@firebase/component/src/provider.ts:318:33
 ÔØ» Provider.initialize node_modules/@firebase/component/src/provider.ts:242:27
 ÔØ» initializeAuth node_modules/firebase/node_modules/@firebase/auth/src/core/auth/initialize.ts:66:25
 ÔØ» getAuth node_modules/firebase/node_modules/@firebase/auth/src/platform_node/index.ts:45:16
 ÔØ» initFirebase src/lib/firebaseLazy.ts:40:18
     38|   const app = initializeApp(firebaseConfig);
     39|   appInstance = app;
     40|   authInstance = getAuth(app);
       |                  ^
     41|   dbInstance = getFirestore(app);
     42|   firebaseInitialized = true;
 ÔØ» getDb src/lib/firebaseLazy.ts:59:5

ÔÄ»ÔÄ»ÔÄ»ÔÄ»ÔÄ»ÔÄ»ÔÄ»ÔÄ»ÔÄ»ÔÄ»ÔÄ»ÔÄ»ÔÄ»ÔÄ»ÔÄ»ÔÄ»ÔÄ»ÔÄ»ÔÄ»ÔÄ»ÔÄ»ÔÄ»ÔÄ»ÔÄ»ÔÄ»ÔÄ»ÔÄ»ÔÄ»ÔÄ»ÔÄ»
Serialized Error: { code: 'auth/invalid-api-key', customData: { appName: '[DEFAULT]' } }
This error originated in "tests/lib/firebaseLazy.integration.test.ts" test file. It doesn't mean the error was thrown inside the file itself, but while it was running.
The latest test that might've caused the error is "multiple calls to getAuth should return consistent references". It might mean one of the following:
- The error was thrown, while Vitest was running this test.
- If the error occurred after the test had been completed, this was the last documented test before it was thrown.

ÔÄ»ÔÄ»ÔÄ»ÔÄ» Unhandled Rejection ÔÄ»ÔÄ»ÔÄ»ÔÄ»ÔÄ»
FirebaseError: Firebase: Error (auth/invalid-api-key).
 ÔØ» createErrorInternal node_modules/firebase/node_modules/@firebase/auth/src/core/util/assert.ts:152:38
 ÔØ» _assert node_modules/firebase/node_modules/@firebase/auth/src/core/util/assert.ts:177:11
 ÔØ» Component.instanceFactory node_modules/firebase/node_modules/@firebase/auth/src/core/auth/register.ts:72:9
 ÔØ» Provider.getOrInitializeService node_modules/@firebase/component/src/provider.ts:318:33
 ÔØ» Provider.initialize node_modules/@firebase/component/src/provider.ts:242:27
 ÔØ» initializeAuth node_modules/firebase/node_modules/@firebase/auth/src/core/auth/initialize.ts:66:25
 ÔØ» getAuth node_modules/firebase/node_modules/@firebase/auth/src/platform_node/index.ts:45:16
 ÔØ» initFirebase src/lib/firebaseLazy.ts:40:18
     38|   const app = initializeApp(firebaseConfig);
     39|   appInstance = app;
     40|   authInstance = getAuth(app);
       |                  ^
     41|   dbInstance = getFirestore(app);
     42|   firebaseInitialized = true;
 ÔØ» getStorage src/lib/firebaseLazy.ts:70:7

ÔÄ»ÔÄ»ÔÄ»ÔÄ»ÔÄ»ÔÄ»ÔÄ»ÔÄ»ÔÄ»ÔÄ»ÔÄ»ÔÄ»ÔÄ»ÔÄ»ÔÄ»ÔÄ»ÔÄ»ÔÄ»ÔÄ»ÔÄ»ÔÄ»ÔÄ»ÔÄ»ÔÄ»ÔÄ»ÔÄ»ÔÄ»ÔÄ»ÔÄ»ÔÄ»
Serialized Error: { code: 'auth/invalid-api-key', customData: { appName: '[DEFAULT]' } }
This error originated in "tests/lib/firebaseLazy.integration.test.ts" test file. It doesn't mean the error was thrown inside the file itself, but while it was running.
The latest test that might've caused the error is "multiple calls to getAuth should return consistent references". It might mean one of the following:
- The error was thrown, while Vitest was running this test.
- If the error occurred after the test had been completed, this was the last documented test before it was thrown.

ÔÄ»ÔÄ»ÔÄ»ÔÄ» Unhandled Rejection ÔÄ»ÔÄ»ÔÄ»ÔÄ»ÔÄ»
FirebaseError: Firebase: Error (auth/invalid-api-key).
 ÔØ» createErrorInternal node_modules/firebase/node_modules/@firebase/auth/src/core/util/assert.ts:152:38
 ÔØ» _assert node_modules/firebase/node_modules/@firebase/auth/src/core/util/assert.ts:177:11
 ÔØ» Component.instanceFactory node_modules/firebase/node_modules/@firebase/auth/src/core/auth/register.ts:72:9
 ÔØ» Provider.getOrInitializeService node_modules/@firebase/component/src/provider.ts:318:33
 ÔØ» Provider.initialize node_modules/@firebase/component/src/provider.ts:242:27
 ÔØ» initializeAuth node_modules/firebase/node_modules/@firebase/auth/src/core/auth/initialize.ts:66:25
 ÔØ» getAuth node_modules/firebase/node_modules/@firebase/auth/src/platform_node/index.ts:45:16
 ÔØ» initFirebase src/lib/firebaseLazy.ts:40:18
     38|   const app = initializeApp(firebaseConfig);
     39|   appInstance = app;
     40|   authInstance = getAuth(app);
       |                  ^
     41|   dbInstance = getFirestore(app);
     42|   firebaseInitialized = true;
 ÔØ» Module.getAuth src/lib/firebaseLazy.ts:49:5

ÔÄ»ÔÄ»ÔÄ»ÔÄ»ÔÄ»ÔÄ»ÔÄ»ÔÄ»ÔÄ»ÔÄ»ÔÄ»ÔÄ»ÔÄ»ÔÄ»ÔÄ»ÔÄ»ÔÄ»ÔÄ»ÔÄ»ÔÄ»ÔÄ»ÔÄ»ÔÄ»ÔÄ»ÔÄ»ÔÄ»ÔÄ»ÔÄ»ÔÄ»ÔÄ»
Serialized Error: { code: 'auth/invalid-api-key', customData: { appName: '[DEFAULT]' } }
This error originated in "tests/lib/firebaseLazy.integration.test.ts" test file. It doesn't mean the error was thrown inside the file itself, but while it was running.
The latest test that might've caused the error is "should be safe to call getStorage multiple times". It might mean one of the following:
- The error was thrown, while Vitest was running this test.
- If the error occurred after the test had been completed, this was the last documented test before it was thrown.

[31mÔÄ»ÔÄ»ÔÄ»ÔÄ»ÔÄ»ÔÄ»ÔÄ»ÔÄ»ÔÄ»ÔÄ»ÔÄ»ÔÄ»ÔÄ»ÔÄ»ÔÄ»ÔÄ»ÔÄ»ÔÄ»ÔÄ»ÔÄ»ÔÄ»ÔÄ»ÔÄ»ÔÄ»ÔÄ»ÔÄ»ÔÄ»ÔÄ»ÔÄ»ÔÄ»[39m
[2m Test Files [22m [1m[31m23 failed[39m[22m[2m | [22m[1m[32m102 passed[39m[22m[90m (125)[39m
[2m      Tests [22m [1m[31m12 failed[39m[22m[2m | [22m[1m[32m1335 passed[39m[22m[90m (1347)[39m
[2m     Errors [22m [1m[31m12 errors[39m[22m
[2m   Start at [22m 11:56:27
[2m   Duration [22m 40.79s[2m (transform 3.42s, setup 2.38s, collect 3.67s, tests 24.11s, environment 1.95s, prepare 192ms)[22m

[34m % [39m[2mCoverage report from [22m[33mv8[39m
-------------------|---------|----------|---------|---------|-------------------
File               | % Stmts | % Branch | % Funcs | % Lines | Uncovered Line #s 
-------------------|---------|----------|---------|---------|-------------------
All files          |   29.25 |    76.02 |   50.25 |   29.25 |                   
 servio.ai         |   40.77 |    51.92 |   17.07 |   40.77 |                   
  App.tsx          |   39.56 |    50.98 |   16.66 |   39.56 | ...38-640,650-667 
  ...baseConfig.ts |    57.5 |      100 |       0 |    57.5 | 33-38,41-49,55-58 
  types.ts         |       0 |        0 |       0 |       0 |                   
 ....ai/components |   45.38 |    81.16 |   55.13 |   45.38 |                   
  ...ernalChat.tsx |       0 |        0 |       0 |       0 | 1-317             
  ...estWizard.tsx |   92.13 |    79.51 |   68.75 |   92.13 | ...64-280,345-348 
  ...Assistant.tsx |     100 |      100 |     100 |     100 |                   
  AddItemModal.tsx |   97.04 |    85.71 |    87.5 |   97.04 | 77-82,87-88       
  ...Analytics.tsx |       0 |        0 |       0 |       0 | 1-51              
  ...Dashboard.tsx |     100 |    77.77 |     100 |     100 | 12-14             
  ...Dashboard.tsx |   93.65 |    75.75 |      75 |   93.65 | ...08,110,112,158 
  ...puteModal.tsx |       0 |        0 |       0 |       0 | 1-179             
  ...inancials.tsx |    8.66 |      100 |       0 |    8.66 | 14-147            
  ...audAlerts.tsx |    7.03 |      100 |       0 |    7.03 | 12-149            
  ...anagement.tsx |   82.42 |    58.82 |   33.33 |   82.42 | ...50-155,169-193 
  ...Marketing.tsx |    1.62 |      100 |       0 |    1.62 | 23-447            
  ...ospecting.tsx |    2.62 |      100 |       0 |    2.62 | 8-271             
  ...anagement.tsx |     1.6 |      100 |       0 |     1.6 | 8-439             
  ...anagement.tsx |    4.89 |      100 |       0 |    4.89 | 15-293            
  ...anagement.tsx |   47.36 |    68.42 |       5 |   47.36 | ...03-328,334-460 
  ...ationCard.tsx |    5.26 |      100 |       0 |    5.26 | 11-71             
  ...RoomModal.tsx |   90.86 |       90 |     100 |   90.86 | 88-105,121-123    
  AuthModal.tsx    |    2.85 |      100 |       0 |    2.85 | 16-252            
  Avatar.tsx       |     100 |      100 |     100 |     100 |                   
  Chart.tsx        |       0 |        0 |       0 |       0 | 1-38              
  ChatModal.tsx    |    2.12 |      100 |       0 |    2.12 | 21-459            
  ...Dashboard.tsx |    2.09 |      100 |       0 |    2.09 | 62-1137           
  ...ntJobCard.tsx |      90 |    93.75 |     100 |      90 | 154-168           
  ...leSidebar.tsx |       0 |        0 |       0 |       0 | 1-70              
  ...edJobCard.tsx |     100 |    66.66 |     100 |     100 | 31-32,50-53       
  ...irmDialog.tsx |     100 |      100 |     100 |     100 |                   
  Dashboard.tsx    |       0 |        0 |       0 |       0 | 1-124             
  ...ailsModal.tsx |   78.33 |    83.33 |   71.42 |   78.33 | 50,123-151        
  DisputeModal.tsx |     100 |      100 |     100 |     100 |                   
  EmptyState.tsx   |     100 |      100 |     100 |     100 |                   
  ...rBoundary.tsx |   78.43 |       60 |      75 |   78.43 | 37,39-46,50-51    
  ...idersPage.tsx |   96.69 |    67.39 |      75 |   96.69 | ...16-117,310-315 
  Header.tsx       |   94.05 |       90 |   54.54 |   94.05 | 106-112           
  HeroSection.tsx  |       0 |        0 |       0 |       0 | 1-117             
  ItemCard.tsx     |     100 |      100 |     100 |     100 |                   
  ...tailModal.tsx |    7.14 |      100 |       0 |    7.14 | 12-15,19-90       
  JobCard.tsx      |   96.36 |    87.87 |      75 |   96.36 | 43-45,53          
  JobFAQModal.tsx  |   98.66 |    77.77 |     100 |   98.66 | 24                
  ...tionModal.tsx |    9.25 |      100 |       0 |    9.25 | 14-72             
  JobTimeline.tsx  |   96.96 |    95.65 |     100 |   96.96 | 22-23             
  ...ngSpinner.tsx |   89.79 |      100 |     100 |   89.79 | 16-20             
  LocationMap.tsx  |     100 |    85.71 |     100 |     100 | 34                
  ...ggestions.tsx |   97.33 |    91.66 |     100 |   97.33 | 60-61             
  ...ultsModal.tsx |       0 |        0 |       0 |       0 | 1-86              
  ...tionsBell.tsx |     100 |      100 |     100 |     100 |                   
  ...nsPopover.tsx |     100 |      100 |     100 |     100 |                   
  OmniInbox.tsx    |     0.6 |      100 |       0 |     0.6 | 39-595            
  Pagination.tsx   |     100 |      100 |     100 |     100 |                   
  PaymentModal.tsx |     100 |    93.75 |     100 |     100 | 39                
  ...SetupCard.tsx |     100 |     90.9 |     100 |     100 | 33                
  ...ccessPage.tsx |       0 |        0 |       0 |       0 | 1-65              
  ...ioGallery.tsx |     100 |      100 |   66.66 |     100 |                   
  ProfileModal.tsx |      75 |       60 |   23.52 |      75 | ...94,295-320,360 
  ProfilePage.tsx  |    4.18 |      100 |       0 |    4.18 | 19-29,33-316      
  ...eStrength.tsx |   98.88 |     92.3 |     100 |   98.88 | 29                
  ProfileTips.tsx  |     100 |      100 |     100 |     100 |                   
  ProgressBar.tsx  |     100 |      100 |     100 |     100 |                   
  ...etailCard.tsx |   37.03 |      100 |       0 |   37.03 | 42-102            
  ...ListModal.tsx |     100 |      100 |     100 |     100 |                   
  ...osalModal.tsx |     100 |    93.75 |     100 |     100 | 41                
  ...tionModal.tsx |       0 |        0 |       0 |       0 | 1-75              
  ...Dashboard.tsx |   36.33 |     42.1 |    4.34 |   36.33 | ...60-361,365-380 
  ...torLayout.tsx |       0 |        0 |       0 |       0 | 1-43              
  ...tatistics.tsx |    7.04 |      100 |       0 |    7.04 | 9-17,21-37,40-162 
  ProviderCard.tsx |       0 |        0 |       0 |       0 | 1-93              
  ...Dashboard.tsx |   79.15 |    76.82 |   60.86 |   79.15 | ...06-307,350-380 
  ...ningsCard.tsx |       0 |        0 |       0 |       0 | 1-156             
  ...erJobCard.tsx |     100 |     87.5 |     100 |     100 | 18                
  ...ndingPage.tsx |       0 |        0 |       0 |       0 | 1-156             
  ...nboarding.tsx |     3.5 |      100 |       0 |     3.5 | 13-18,21-241      
  ...esultCard.tsx |     100 |    85.71 |     100 |     100 | 77                
  ...ontactCTA.tsx |     100 |      100 |     100 |     100 |                   
  ...tionModal.tsx |   11.11 |      100 |       0 |   11.11 | 10-49             
  ...alProgram.tsx |    8.33 |      100 |       0 |    8.33 | 8-47              
  ReviewModal.tsx  |    97.7 |    84.61 |     100 |    97.7 | 30-32             
  ...ndingPage.tsx |   52.88 |       50 |     100 |   52.88 | ...66-100,103-109 
  ...questForm.tsx |     100 |      100 |     100 |     100 |                   
  ...Generator.tsx |       0 |        0 |       0 |       0 | 1-107             
  Spinner.tsx      |     100 |      100 |     100 |     100 |                   
  ...tingInput.tsx |     100 |      100 |     100 |     100 |                   
  StatCard.tsx     |      12 |      100 |       0 |      12 | 12-36             
  StatusBadge.tsx  |     100 |      100 |     100 |     100 |                   
  ...edDataSEO.tsx |     100 |      100 |     100 |     100 |                   
  ...iodFilter.tsx |     100 |      100 |     100 |     100 |                   
  Toast.tsx        |   46.59 |      100 |       0 |   46.59 | 53-106            
  ...Container.tsx |   36.36 |      100 |       0 |   36.36 | 11-18             
  Tooltip.tsx      |     100 |      100 |     100 |     100 |                   
  ...lyticsData.ts |    90.9 |    63.63 |     100 |    90.9 | 30-35             
  ...hboardData.ts |       0 |        0 |       0 |       0 | 1-64              
 ...mponents/admin |     100 |    71.42 |     100 |     100 |                   
  ...riesChart.tsx |     100 |    71.42 |     100 |     100 | 19,33             
 ...ents/skeletons |   10.22 |       25 |   14.28 |   10.22 |                   
  ...dSkeleton.tsx |       0 |        0 |       0 |       0 | 1-43              
  ...dSkeleton.tsx |       0 |        0 |       0 |       0 | 1-50              
  ...dSkeleton.tsx |       0 |        0 |       0 |       0 | 1-33              
  ...dSkeleton.tsx |   10.86 |      100 |       0 |   10.86 | 5-8,12-54         
  ...dSkeleton.tsx |   14.28 |      100 |       0 |   14.28 | 5-34              
  ...etonBlock.tsx |     100 |      100 |     100 |     100 |                   
 ...mponents/utils |     100 |      100 |     100 |     100 |                   
  a11yHelpers.ts   |     100 |      100 |     100 |     100 |                   
 ...io.ai/services |   65.67 |    73.46 |   76.34 |   65.67 |                   
  api.ts           |   54.68 |    67.78 |   76.47 |   54.68 | ...49-951,982-992 
  ...Translator.ts |   90.58 |    76.47 |     100 |   90.58 | ...77,181-182,198 
  geminiService.ts |   65.83 |    75.92 |   60.86 |   65.83 | ...39-347,353-382 
  ...ingService.ts |       0 |        0 |       0 |       0 | 1-57              
  ...ingService.ts |   99.23 |    89.47 |     100 |   99.23 | 261-262           
  ...appService.ts |       0 |      100 |     100 |       0 | 15-32             
 .../src/analytics |     100 |    95.83 |     100 |     100 |                   
  adminMetrics.ts  |     100 |    95.83 |     100 |     100 | 103-104           
 ...src/components |    1.49 |        0 |       0 |    1.49 |                   
  ...Dashboard.tsx |       0 |        0 |       0 |       0 | 1-489             
  CheckoutFlow.tsx |       0 |        0 |       0 |       0 | 1-567             
  ...eSelector.tsx |       0 |        0 |       0 |       0 | 1-273             
  ...Dashboard.tsx |       0 |        0 |       0 |       0 | 1-297             
  ...nSettings.tsx |       0 |        0 |       0 |       0 | 1-92              
  ...rTracking.tsx |       0 |        0 |       0 |       0 | 1-422             
  ...ctListing.tsx |       0 |        0 |       0 |       0 | 1-451             
  ...pectorCRM.tsx |    0.78 |      100 |       0 |    0.78 | 82-1362           
  ...Materials.tsx |   33.65 |      100 |       0 |   33.65 | 148-318           
  ...nboarding.tsx |       0 |        0 |       0 |       0 | 1-266             
  ...ckActions.tsx |       0 |        0 |       0 |       0 | 1-219             
  ...ingWizard.tsx |       0 |        0 |       0 |       0 | 1-1379            
  ...Generator.tsx |       0 |        0 |       0 |       0 | 1-294             
  ShoppingCart.tsx |       0 |        0 |       0 |       0 | 1-432             
 ...ts/omnichannel |       0 |        0 |       0 |       0 |                   
  ...nelStatus.tsx |       0 |        0 |       0 |       0 | 1-171             
  OmniInbox.tsx    |       0 |        0 |       0 |       0 | 1-361             
 ...nts/prospector |    8.92 |    12.06 |    8.19 |    8.92 |                   
  AIActionCard.tsx |       0 |        0 |       0 |       0 | 1-222             
  ...Generator.tsx |       0 |        0 |       0 |       0 | 1-323             
  ...ctionsBar.tsx |       0 |        0 |       0 |       0 | 1-236             
  ...aignModal.tsx |   24.36 |     9.09 |   11.11 |   24.36 | 27-236,239-249    
  ...Dashboard.tsx |       0 |        0 |       0 |       0 | 1-224             
  ...Sequences.tsx |       0 |        0 |       0 |       0 | 1-299             
  ...tionPanel.tsx |       0 |        0 |       0 |       0 | 1-145             
  ...Container.tsx |       0 |        0 |       0 |       0 | 1-30              
  ...mentModal.tsx |       0 |        0 |       0 |       0 | 1-202             
  ...ScoreCard.tsx |       0 |        0 |       0 |       0 | 1-302             
  ...rdingTour.tsx |   49.43 |    16.66 |   16.66 |   49.43 | ...38-443,454-479 
  ...ectCardV2.tsx |       0 |        0 |       0 |       0 | 1-341             
  ...MEnhanced.tsx |       0 |        0 |       0 |       0 | 1-2210            
  ...fessional.tsx |   37.23 |    42.85 |    7.14 |   37.23 | ...04-312,321-430 
  ...ctionsBar.tsx |   36.19 |    16.66 |      20 |   36.19 | ...88-290,299-302 
  ...kAddPanel.tsx |   19.29 |     6.66 |    8.33 |   19.29 | ...38-360,366-375 
  QuickPanel.tsx   |    8.77 |      100 |       0 |    8.77 | 13-19,27-78       
  ...dViewsBar.tsx |       0 |        0 |       0 |       0 | 1-398             
  ...iltersBar.tsx |       0 |        0 |       0 |       0 | 1-124             
 ...i/src/contexts |       0 |        0 |       0 |       0 |                   
  ...onContext.tsx |       0 |        0 |       0 |       0 | 1-39              
 ...io.ai/src/data |     100 |      100 |     100 |     100 |                   
  ...eTemplates.ts |     100 |      100 |     100 |     100 |                   
 ...o.ai/src/hooks |   29.36 |    78.75 |      40 |   29.36 |                   
  ...mendations.ts |       0 |        0 |       0 |       0 | 1-276             
  ...cedFilters.ts |   99.06 |    81.81 |     100 |   99.06 | 85                
  ...dShortcuts.ts |       0 |        0 |       0 |       0 | 1-39              
  ...onSettings.ts |       0 |        0 |       0 |       0 | 1-68              
 servio.ai/src/lib |   53.52 |       50 |     100 |   53.52 |                   
  firebaseLazy.ts  |   53.52 |       50 |     100 |   53.52 | ...55,60-65,71-89 
 ...src/prospector |       0 |       80 |      80 |       0 |                   
  analytics.ts     |       0 |        0 |       0 |       0 | 1-33              
  dedupe.ts        |       0 |      100 |     100 |       0 | 9-77              
  leadScoring.ts   |       0 |      100 |     100 |       0 | 32-90             
  sequencer.ts     |       0 |      100 |     100 |       0 | 15-48             
  templates.ts     |       0 |      100 |     100 |       0 | 3-20              
 ...i/src/services |   22.45 |    88.88 |   70.83 |   22.45 |                   
  ...icsService.ts |     100 |      100 |     100 |     100 |                   
  fcmService.ts    |   16.27 |       50 |   28.57 |   16.27 | ...18-149,157-199 
  ...ionService.ts |       0 |        0 |       0 |       0 | 1-319             
  ...inkService.ts |       0 |        0 |       0 |       0 | 1-328             
  ...onsService.ts |       0 |      100 |     100 |       0 | 36-181            
 ...o.ai/src/utils |   53.06 |      100 |     100 |   53.06 |                   
  logger.ts        |       0 |      100 |     100 |       0 | 13-37             
  ...torHelpers.ts |     100 |      100 |     100 |     100 |                   
-------------------|---------|----------|---------|---------|-------------------
ERROR: Coverage for lines (29.25%) does not meet global threshold (80%)
ERROR: Coverage for functions (50.25%) does not meet global threshold (80%)
ERROR: Coverage for statements (29.25%) does not meet global threshold (80%)
